13:04:04.110 [main] INFO  Main - main started
13:04:04.125 [main] INFO  s.ManageAccounts - Started method deleteAccounts, folder was cleared
13:04:04.211 [main] INFO  s.ManageAccounts - Total sum of all accounts: 35729012
13:04:04.225 [pool-1-thread-1] WARN  s.MoneyTransfer - pool-1-thread-1 Account ID: 8996 Name: Arnold not enough sum trunsaction 6315302 have sum 539649
13:04:04.251 [pool-1-thread-3] WARN  s.MoneyTransfer - pool-1-thread-3 Account ID: 4406 Name: Vova not enough sum trunsaction 3396399 have sum 2393469
13:04:04.251 [pool-1-thread-3] WARN  s.MoneyTransfer - pool-1-thread-3 Account ID: 4406 Name: Vova not enough sum trunsaction 8517899 have sum 2393469
13:04:04.260 [pool-1-thread-4] WARN  s.MoneyTransfer - pool-1-thread-4 Account ID: 9385 Name: Arnold not enough sum trunsaction 7619099 have sum 124910
13:04:04.260 [pool-1-thread-4] WARN  s.MoneyTransfer - pool-1-thread-4 Account ID: 6397 Name: John not enough sum trunsaction 8061368 have sum 5361389
13:04:04.260 [pool-1-thread-4] WARN  s.MoneyTransfer - pool-1-thread-4 Account ID: 8231 Name: John not enough sum trunsaction 9599385 have sum 3946451
13:04:04.270 [pool-1-thread-5] WARN  s.MoneyTransfer - pool-1-thread-5 Account ID: 8996 Name: Arnold not enough sum trunsaction 6859747 have sum 539649
13:04:04.270 [pool-1-thread-5] WARN  s.MoneyTransfer - pool-1-thread-5 Account ID: 8231 Name: John not enough sum trunsaction 8892270 have sum 3946451
13:04:04.270 [pool-1-thread-5] WARN  s.MoneyTransfer - pool-1-thread-5 Account ID: 4406 Name: Vova not enough sum trunsaction 9647819 have sum 2393469
13:04:04.270 [pool-1-thread-5] WARN  s.MoneyTransfer - pool-1-thread-5 Account ID: 4026 Name: John not enough sum trunsaction 9411195 have sum 3050369
13:04:04.270 [pool-1-thread-5] WARN  s.MoneyTransfer - pool-1-thread-5 Account ID: 9385 Name: Arnold not enough sum trunsaction 8250004 have sum 124910
13:04:04.271 [pool-1-thread-5] WARN  s.MoneyTransfer - pool-1-thread-5 Account ID: 4406 Name: Vova not enough sum trunsaction 5478346 have sum 2393469
13:04:04.280 [pool-1-thread-6] WARN  s.MoneyTransfer - pool-1-thread-6 Account ID: 8231 Name: John not enough sum trunsaction 5124038 have sum 3946451
13:04:04.280 [pool-1-thread-6] WARN  s.MoneyTransfer - pool-1-thread-6 Account ID: 7665 Name: Vasya not enough sum trunsaction 9720971 have sum 8446312
13:04:04.290 [pool-1-thread-7] WARN  s.MoneyTransfer - pool-1-thread-7 Account ID: 8996 Name: Arnold not enough sum trunsaction 3959971 have sum 539649
13:04:04.290 [pool-1-thread-7] WARN  s.MoneyTransfer - pool-1-thread-7 Account ID: 6716 Name: John not enough sum trunsaction 5358789 have sum 1499697
13:04:04.290 [pool-1-thread-7] WARN  s.MoneyTransfer - pool-1-thread-7 Account ID: 4026 Name: John not enough sum trunsaction 5066905 have sum 3050369
13:04:04.291 [pool-1-thread-7] WARN  s.MoneyTransfer - pool-1-thread-7 Account ID: 9385 Name: Arnold not enough sum trunsaction 3309487 have sum 124910
13:04:04.300 [pool-1-thread-8] WARN  s.MoneyTransfer - pool-1-thread-8 Account ID: 3944 Name: Vasya not enough sum trunsaction 3420501 have sum 1304259
13:04:04.300 [pool-1-thread-8] WARN  s.MoneyTransfer - pool-1-thread-8 Account ID: 8996 Name: Arnold not enough sum trunsaction 3415719 have sum 539649
13:04:04.300 [pool-1-thread-8] WARN  s.MoneyTransfer - pool-1-thread-8 Account ID: 6397 Name: John not enough sum trunsaction 7822983 have sum 5361389
13:04:04.301 [pool-1-thread-8] WARN  s.MoneyTransfer - pool-1-thread-8 Account ID: 9385 Name: Arnold not enough sum trunsaction 3026361 have sum 124910
13:04:04.301 [pool-1-thread-8] WARN  s.MoneyTransfer - pool-1-thread-8 Account ID: 4406 Name: Vova not enough sum trunsaction 2977264 have sum 2393469
13:04:04.301 [pool-1-thread-8] WARN  s.MoneyTransfer - pool-1-thread-8 Account ID: 9385 Name: Arnold not enough sum trunsaction 6754064 have sum 124910
13:04:04.301 [pool-1-thread-8] WARN  s.MoneyTransfer - pool-1-thread-8 Account ID: 3944 Name: Vasya not enough sum trunsaction 1607681 have sum 1304259
13:04:04.312 [pool-1-thread-9] WARN  s.MoneyTransfer - pool-1-thread-9 Account ID: 6716 Name: John not enough sum trunsaction 7301708 have sum 1499697
13:04:04.312 [pool-1-thread-9] WARN  s.MoneyTransfer - pool-1-thread-9 Account ID: 9385 Name: Arnold not enough sum trunsaction 5419425 have sum 124910
13:04:04.328 [pool-1-thread-11] WARN  s.MoneyTransfer - pool-1-thread-11 Account ID: 9385 Name: Arnold not enough sum trunsaction 8309887 have sum 124910
13:04:04.328 [pool-1-thread-11] WARN  s.MoneyTransfer - pool-1-thread-11 Account ID: 4406 Name: Vova not enough sum trunsaction 3590768 have sum 2393469
13:04:04.337 [pool-1-thread-12] WARN  s.MoneyTransfer - pool-1-thread-12 Account ID: 4026 Name: John not enough sum trunsaction 8233601 have sum 3050369
13:04:04.337 [pool-1-thread-12] WARN  s.MoneyTransfer - pool-1-thread-12 Account ID: 4406 Name: Vova not enough sum trunsaction 4301643 have sum 2393469
13:04:04.338 [pool-1-thread-12] WARN  s.MoneyTransfer - pool-1-thread-12 Account ID: 4406 Name: Vova not enough sum trunsaction 4240955 have sum 2393469
13:04:04.338 [pool-1-thread-12] WARN  s.MoneyTransfer - pool-1-thread-12 Account ID: 9385 Name: Arnold not enough sum trunsaction 5861131 have sum 124910
13:04:04.346 [pool-1-thread-13] WARN  s.MoneyTransfer - pool-1-thread-13 Account ID: 8996 Name: Arnold not enough sum trunsaction 3285089 have sum 539649
13:04:04.357 [pool-1-thread-14] WARN  s.MoneyTransfer - pool-1-thread-14 Account ID: 6716 Name: John not enough sum trunsaction 8636213 have sum 1499697
13:04:04.357 [pool-1-thread-14] WARN  s.MoneyTransfer - pool-1-thread-14 Account ID: 6716 Name: John not enough sum trunsaction 5411332 have sum 1499697
13:04:04.357 [pool-1-thread-14] WARN  s.MoneyTransfer - pool-1-thread-14 Account ID: 4026 Name: John not enough sum trunsaction 9558855 have sum 3050369
13:04:04.365 [pool-1-thread-15] WARN  s.MoneyTransfer - pool-1-thread-15 Account ID: 3944 Name: Vasya not enough sum trunsaction 8365334 have sum 1304259
13:04:04.374 [pool-1-thread-16] WARN  s.MoneyTransfer - pool-1-thread-16 Account ID: 8996 Name: Arnold not enough sum trunsaction 4829252 have sum 539649
13:04:04.374 [pool-1-thread-16] WARN  s.MoneyTransfer - pool-1-thread-16 Account ID: 6397 Name: John not enough sum trunsaction 8917600 have sum 5361389
13:04:04.374 [pool-1-thread-16] WARN  s.MoneyTransfer - pool-1-thread-16 Account ID: 4406 Name: Vova not enough sum trunsaction 7441601 have sum 2393469
13:04:04.383 [pool-1-thread-17] WARN  s.MoneyTransfer - pool-1-thread-17 Account ID: 6716 Name: John not enough sum trunsaction 1555534 have sum 1499697
13:04:04.400 [pool-1-thread-19] WARN  s.MoneyTransfer - pool-1-thread-19 Account ID: 6397 Name: John not enough sum trunsaction 6076194 have sum 5361389
13:04:04.401 [pool-1-thread-19] WARN  s.MoneyTransfer - pool-1-thread-19 Account ID: 8996 Name: Arnold not enough sum trunsaction 5444953 have sum 539649
13:04:04.401 [pool-1-thread-19] WARN  s.MoneyTransfer - pool-1-thread-19 Account ID: 3944 Name: Vasya not enough sum trunsaction 5223151 have sum 1304259
13:04:04.798 [pool-1-thread-1] INFO  s.Transaction - Transaction complete with params: fromAccount Account{accountName='Vasya', id=4114, balance=3211021} toAccount Account{accountName='Arnold', id=8996, balance=6391135} sum 5851486
13:04:04.881 [pool-1-thread-9] INFO  s.Transaction - Transaction complete with params: fromAccount Account{accountName='Vasya', id=4114, balance=6309947} toAccount Account{accountName='Arnold', id=8996, balance=3292209} sum 2752560
13:04:04.881 [pool-1-thread-9] WARN  s.MoneyTransfer - pool-1-thread-9 Account ID: 4026 Name: John not enough sum trunsaction 6060308 have sum 3050369
13:04:04.881 [pool-1-thread-9] WARN  s.MoneyTransfer - pool-1-thread-9 Account ID: 8231 Name: John not enough sum trunsaction 9043389 have sum 3946451
13:04:04.936 [pool-1-thread-18] INFO  s.Transaction - Transaction complete with params: fromAccount Account{accountName='John', id=6397, balance=3727852} toAccount Account{accountName='Arnold', id=9385, balance=1758447} sum 1633537
13:04:04.945 [pool-1-thread-4] INFO  s.Transaction - Transaction complete with params: fromAccount Account{accountName='Vasya', id=7665, balance=6350304} toAccount Account{accountName='John', id=6716, balance=3595705} sum 2096008
13:04:04.945 [pool-1-thread-4] WARN  s.MoneyTransfer - pool-1-thread-4 Account ID: 4406 Name: Vova not enough sum trunsaction 9356219 have sum 2393469
13:04:04.979 [pool-1-thread-10] INFO  s.Transaction - Transaction complete with params: fromAccount Account{accountName='Vasya', id=7665, balance=4906045} toAccount Account{accountName='Arnold', id=8996, balance=4079916} sum 3540267
13:04:04.979 [pool-1-thread-10] WARN  s.MoneyTransfer - pool-1-thread-10 Account ID: 4406 Name: Vova not enough sum trunsaction 7256628 have sum 2393469
13:04:04.979 [pool-1-thread-10] WARN  s.MoneyTransfer - pool-1-thread-10 Account ID: 3944 Name: Vasya not enough sum trunsaction 6650591 have sum 1304259
13:04:04.979 [pool-1-thread-10] WARN  s.MoneyTransfer - pool-1-thread-10 Account ID: 4026 Name: John not enough sum trunsaction 3626352 have sum 3050369
13:04:05.012 [pool-1-thread-11] INFO  s.Transaction - Transaction complete with params: fromAccount Account{accountName='Vasya', id=7665, balance=3831271} toAccount Account{accountName='Vasya', id=4114, balance=13677548} sum 4615041
13:04:05.012 [pool-1-thread-11] WARN  s.MoneyTransfer - pool-1-thread-11 Account ID: 8996 Name: Arnold not enough sum trunsaction 3152705 have sum 539649
13:04:05.050 [pool-1-thread-7] INFO  s.Transaction - Transaction complete with params: fromAccount Account{accountName='Vasya', id=4114, balance=1526298} toAccount Account{accountName='Vasya', id=7665, balance=15982521} sum 7536209
13:04:05.061 [pool-1-thread-6] INFO  s.Transaction - Transaction complete with params: fromAccount Account{accountName='John', id=6397, balance=4575785} toAccount Account{accountName='John', id=6716, balance=2285301} sum 785604
13:04:05.064 [pool-1-thread-13] INFO  s.Transaction - Transaction complete with params: fromAccount Account{accountName='Vasya', id=4114, balance=3304276} toAccount Account{accountName='Vova', id=4406, balance=8151700} sum 5758231
13:04:05.064 [pool-1-thread-13] WARN  s.MoneyTransfer - pool-1-thread-13 Account ID: 8996 Name: Arnold not enough sum trunsaction 9214828 have sum 539649
13:04:05.070 [pool-1-thread-2] INFO  s.Transaction - Transaction complete with params: fromAccount Account{accountName='Vasya', id=7665, balance=4507875} toAccount Account{accountName='Arnold', id=9385, balance=4063347} sum 3938437
13:04:05.070 [pool-1-thread-2] WARN  s.MoneyTransfer - pool-1-thread-2 Account ID: 8996 Name: Arnold not enough sum trunsaction 8496345 have sum 539649
13:04:05.070 [pool-1-thread-2] WARN  s.MoneyTransfer - pool-1-thread-2 Account ID: 7665 Name: Vasya not enough sum trunsaction 5440142 have sum 4507875
13:04:05.070 [pool-1-thread-2] WARN  s.MoneyTransfer - pool-1-thread-2 Account ID: 7665 Name: Vasya not enough sum trunsaction 6556932 have sum 4507875
13:04:05.070 [pool-1-thread-2] WARN  s.MoneyTransfer - pool-1-thread-2 Accounts from & to are equals. Account ID: 8231
13:04:05.078 [pool-1-thread-3] INFO  s.Transaction - Transaction complete with params: fromAccount Account{accountName='Vasya', id=7665, balance=2718826} toAccount Account{accountName='John', id=4026, balance=8777855} sum 5727486
13:04:05.190 [pool-1-thread-14] INFO  s.Transaction - Transaction complete with params: fromAccount Account{accountName='John', id=6716, balance=998891} toAccount Account{accountName='Arnold', id=8996, balance=1040455} sum 500806
13:04:05.211 [pool-1-thread-16] INFO  s.Transaction - Transaction complete with params: fromAccount Account{accountName='John', id=4026, balance=517643} toAccount Account{accountName='Vasya', id=3944, balance=3836985} sum 2532726
13:04:05.215 [pool-1-thread-5] INFO  s.Transaction - Transaction complete with params: fromAccount Account{accountName='Vasya', id=4114, balance=4762243} toAccount Account{accountName='Arnold', id=9385, balance=4425174} sum 4300264
13:04:05.215 [pool-1-thread-5] WARN  s.MoneyTransfer - pool-1-thread-5 Account ID: 8996 Name: Arnold not enough sum trunsaction 9265859 have sum 539649
13:04:05.215 [pool-1-thread-5] WARN  s.MoneyTransfer - pool-1-thread-5 Account ID: 8996 Name: Arnold not enough sum trunsaction 4482847 have sum 539649
13:04:05.229 [pool-1-thread-12] INFO  s.Transaction - Transaction complete with params: fromAccount Account{accountName='John', id=6397, balance=1745237} toAccount Account{accountName='Vasya', id=4114, balance=12678659} sum 3616152
13:04:05.230 [pool-1-thread-15] INFO  s.Transaction - Transaction complete with params: fromAccount Account{accountName='Vasya', id=4114, balance=8727217} toAccount Account{accountName='John', id=4026, balance=3385659} sum 335290
13:04:05.233 [pool-1-thread-8] INFO  s.Transaction - Transaction complete with params: fromAccount Account{accountName='Vasya', id=7665, balance=8285966} toAccount Account{accountName='John', id=6716, balance=1660043} sum 160346
13:04:05.233 [pool-1-thread-8] WARN  s.MoneyTransfer - pool-1-thread-8 Account ID: 8231 Name: John not enough sum trunsaction 7733707 have sum 3946451
13:04:05.256 [pool-1-thread-19] INFO  s.Transaction - Transaction complete with params: fromAccount Account{accountName='John', id=8231, balance=1519389} toAccount Account{accountName='John', id=4026, balance=5477431} sum 2427062
13:04:05.256 [pool-1-thread-19] WARN  s.MoneyTransfer - pool-1-thread-19 Account ID: 3944 Name: Vasya not enough sum trunsaction 3268121 have sum 1304259
13:04:05.256 [pool-1-thread-19] WARN  s.MoneyTransfer - pool-1-thread-19 Account ID: 3944 Name: Vasya not enough sum trunsaction 4156726 have sum 1304259
13:04:05.256 [pool-1-thread-19] WARN  s.MoneyTransfer - pool-1-thread-19 Account ID: 8231 Name: John not enough sum trunsaction 1703724 have sum 1519389
13:04:05.256 [pool-1-thread-19] WARN  s.MoneyTransfer - pool-1-thread-19 Account ID: 8996 Name: Arnold not enough sum trunsaction 4116535 have sum 539649
13:04:05.348 [pool-1-thread-17] INFO  s.Transaction - Transaction complete with params: fromAccount Account{accountName='Vasya', id=4114, balance=7512557} toAccount Account{accountName='John', id=6397, balance=6911339} sum 1549950
13:04:05.348 [pool-1-thread-17] WARN  s.MoneyTransfer - pool-1-thread-17 Account ID: 6716 Name: John not enough sum trunsaction 9139640 have sum 1499697
13:04:05.348 [pool-1-thread-17] WARN  s.MoneyTransfer - pool-1-thread-17 Account ID: 9385 Name: Arnold not enough sum trunsaction 4553230 have sum 124910
13:04:05.389 [pool-1-thread-9] INFO  s.Transaction - Transaction complete with params: fromAccount Account{accountName='John', id=6716, balance=784722} toAccount Account{accountName='John', id=4026, balance=3765344} sum 714975
13:04:05.389 [pool-1-thread-9] WARN  s.MoneyTransfer - pool-1-thread-9 Account ID: 6716 Name: John not enough sum trunsaction 8874835 have sum 784722
13:04:05.389 [pool-1-thread-9] WARN  s.MoneyTransfer - pool-1-thread-9 Account ID: 8231 Name: John not enough sum trunsaction 6251960 have sum 3946451
13:04:05.469 [pool-1-thread-18] INFO  s.Transaction - Transaction complete with params: fromAccount Account{accountName='John', id=8231, balance=277558} toAccount Account{accountName='John', id=6716, balance=5168590} sum 3668893
13:04:05.536 [pool-1-thread-4] INFO  s.Transaction - Transaction complete with params: fromAccount Account{accountName='John', id=6397, balance=4926662} toAccount Account{accountName='Arnold', id=9385, balance=559637} sum 434727
13:04:05.536 [pool-1-thread-4] WARN  s.MoneyTransfer - pool-1-thread-4 Account ID: 4406 Name: Vova not enough sum trunsaction 2904616 have sum 2393469
13:04:05.552 [pool-1-thread-10] INFO  s.Transaction - Transaction complete with params: fromAccount Account{accountName='John', id=4026, balance=1667881} toAccount Account{accountName='Arnold', id=8996, balance=5462404} sum 1382488
13:04:05.552 [pool-1-thread-10] WARN  s.MoneyTransfer - pool-1-thread-10 Account ID: 4026 Name: John not enough sum trunsaction 7715626 have sum 1667881
13:04:05.552 [pool-1-thread-10] WARN  s.MoneyTransfer - pool-1-thread-10 Account ID: 7665 Name: Vasya not enough sum trunsaction 9765250 have sum 4906045
13:04:05.552 [pool-1-thread-10] WARN  s.MoneyTransfer - pool-1-thread-10 Accounts from & to are equals. Account ID: 4114
13:04:05.552 [pool-1-thread-10] WARN  s.MoneyTransfer - pool-1-thread-10 Account ID: 9385 Name: Arnold not enough sum trunsaction 6543788 have sum 124910
13:04:05.610 [pool-1-thread-11] INFO  s.Transaction - Transaction complete with params: fromAccount Account{accountName='John', id=8231, balance=1034334} toAccount Account{accountName='Arnold', id=8996, balance=3451766} sum 2912117
13:04:05.610 [pool-1-thread-11] WARN  s.MoneyTransfer - pool-1-thread-11 Account ID: 8996 Name: Arnold not enough sum trunsaction 4058539 have sum 3451766
13:04:05.610 [pool-1-thread-11] WARN  s.MoneyTransfer - pool-1-thread-11 Account ID: 7665 Name: Vasya not enough sum trunsaction 7419888 have sum 3831271
13:04:05.610 [pool-1-thread-7] INFO  s.Transaction - Transaction complete with params: fromAccount Account{accountName='John', id=8231, balance=3124083} toAccount Account{accountName='Vasya', id=7665, balance=16804889} sum 822368
13:04:05.610 [pool-1-thread-7] WARN  s.MoneyTransfer - pool-1-thread-7 Account ID: 6397 Name: John not enough sum trunsaction 9204781 have sum 5361389
13:04:05.610 [pool-1-thread-7] WARN  s.MoneyTransfer - pool-1-thread-7 Account ID: 8996 Name: Arnold not enough sum trunsaction 6001343 have sum 539649
13:04:05.610 [pool-1-thread-7] WARN  s.MoneyTransfer - pool-1-thread-7 Account ID: 4026 Name: John not enough sum trunsaction 5139979 have sum 3050369
13:04:05.610 [pool-1-thread-7] WARN  s.MoneyTransfer - pool-1-thread-7 Account ID: 3944 Name: Vasya not enough sum trunsaction 5146343 have sum 1304259
13:04:05.610 [pool-1-thread-7] WARN  s.MoneyTransfer - pool-1-thread-7 Account ID: 9385 Name: Arnold not enough sum trunsaction 5972839 have sum 124910
13:04:05.611 [pool-1-thread-7] WARN  s.MoneyTransfer - pool-1-thread-7 Account ID: 4406 Name: Vova not enough sum trunsaction 7816970 have sum 2393469
13:04:05.669 [pool-1-thread-1] INFO  s.Transaction - Transaction complete with params: fromAccount Account{accountName='Arnold', id=8996, balance=3189116} toAccount Account{accountName='John', id=8231, balance=7148470} sum 3202019
13:04:05.669 [pool-1-thread-1] WARN  s.MoneyTransfer - pool-1-thread-1 Account ID: 9385 Name: Arnold not enough sum trunsaction 4147829 have sum 124910
13:04:05.669 [pool-1-thread-1] WARN  s.MoneyTransfer - pool-1-thread-1 Account ID: 4026 Name: John not enough sum trunsaction 5957257 have sum 3050369
13:04:05.709 [pool-1-thread-13] INFO  s.Transaction - Transaction complete with params: fromAccount Account{accountName='Vasya', id=4114, balance=1635257} toAccount Account{accountName='Arnold', id=9385, balance=1793929} sum 1669019
13:04:05.731 [pool-1-thread-16] INFO  s.Transaction - Transaction complete with params: fromAccount Account{accountName='Vasya', id=7665, balance=548184} toAccount Account{accountName='Vova', id=4406, balance=10291597} sum 7898128
13:04:05.731 [pool-1-thread-16] WARN  s.MoneyTransfer - pool-1-thread-16 Account ID: 9385 Name: Arnold not enough sum trunsaction 3524612 have sum 124910
13:04:05.743 [pool-1-thread-3] INFO  s.Transaction - Transaction complete with params: fromAccount Account{accountName='Vasya', id=7665, balance=893866} toAccount Account{accountName='Arnold', id=8996, balance=2364609} sum 1824960
13:04:05.743 [pool-1-thread-3] WARN  s.MoneyTransfer - pool-1-thread-3 Account ID: 8996 Name: Arnold not enough sum trunsaction 8620732 have sum 2364609
13:04:05.793 [pool-1-thread-15] INFO  s.Transaction - Transaction complete with params: fromAccount Account{accountName='Vasya', id=7665, balance=4437717} toAccount Account{accountName='Vova', id=4406, balance=6402064} sum 4008595
13:04:05.841 [pool-1-thread-8] INFO  s.Transaction - Transaction complete with params: fromAccount Account{accountName='Vasya', id=7665, balance=1134663} toAccount Account{accountName='Arnold', id=9385, balance=7276213} sum 7151303
13:04:05.841 [pool-1-thread-8] WARN  s.MoneyTransfer - pool-1-thread-8 Account ID: 4406 Name: Vova not enough sum trunsaction 9674928 have sum 2393469
13:04:05.841 [pool-1-thread-8] WARN  s.MoneyTransfer - pool-1-thread-8 Account ID: 4406 Name: Vova not enough sum trunsaction 7446987 have sum 2393469
13:04:05.902 [pool-1-thread-5] INFO  s.Transaction - Transaction complete with params: fromAccount Account{accountName='Vasya', id=4114, balance=3846969} toAccount Account{accountName='Arnold', id=9385, balance=5340448} sum 915274
13:04:05.951 [pool-1-thread-17] INFO  s.Transaction - Transaction complete with params: fromAccount Account{accountName='Vasya', id=4114, balance=3574989} toAccount Account{accountName='Arnold', id=8996, balance=4477217} sum 3937568
13:04:05.951 [pool-1-thread-17] WARN  s.MoneyTransfer - pool-1-thread-17 Account ID: 8996 Name: Arnold not enough sum trunsaction 4708292 have sum 4477217
13:04:05.977 [pool-1-thread-2] INFO  s.Transaction - Transaction complete with params: fromAccount Account{accountName='John', id=8231, balance=224469} toAccount Account{accountName='Arnold', id=8996, balance=4261631} sum 3721982
13:04:06.048 [pool-1-thread-6] INFO  s.Transaction - Transaction complete with params: fromAccount Account{accountName='Vasya', id=3944, balance=1010784} toAccount Account{accountName='John', id=6716, balance=2578776} sum 293475
13:04:06.048 [pool-1-thread-6] WARN  s.MoneyTransfer - pool-1-thread-6 Account ID: 8996 Name: Arnold not enough sum trunsaction 7193656 have sum 539649
13:04:06.052 [pool-1-thread-12] INFO  s.Transaction - Transaction complete with params: fromAccount Account{accountName='Vasya', id=4114, balance=10834017} toAccount Account{accountName='John', id=6716, balance=3344339} sum 1844642
13:04:06.052 [pool-1-thread-12] WARN  s.MoneyTransfer - pool-1-thread-12 Account ID: 9385 Name: Arnold not enough sum trunsaction 4182571 have sum 124910
13:04:06.057 [pool-1-thread-19] INFO  s.Transaction - Transaction complete with params: fromAccount Account{accountName='John', id=6397, balance=3369681} toAccount Account{accountName='Vasya', id=4114, balance=11054215} sum 1991708
13:04:06.057 [pool-1-thread-19] WARN  s.MoneyTransfer - pool-1-thread-19 Account ID: 3944 Name: Vasya not enough sum trunsaction 8022243 have sum 1304259
13:04:06.057 [pool-1-thread-19] WARN  s.MoneyTransfer - pool-1-thread-19 Account ID: 8996 Name: Arnold not enough sum trunsaction 2365944 have sum 539649
13:04:06.057 [pool-1-thread-19] WARN  s.MoneyTransfer - pool-1-thread-19 Account ID: 8996 Name: Arnold not enough sum trunsaction 3911600 have sum 539649
13:04:06.057 [pool-1-thread-19] WARN  s.MoneyTransfer - pool-1-thread-19 Account ID: 8996 Name: Arnold not enough sum trunsaction 1000052 have sum 539649
13:04:06.057 [pool-1-thread-19] WARN  s.MoneyTransfer - pool-1-thread-19 Account ID: 3944 Name: Vasya not enough sum trunsaction 2448410 have sum 1304259
13:04:06.081 [pool-1-thread-14] INFO  s.Transaction - Transaction complete with params: fromAccount Account{accountName='John', id=8231, balance=1951288} toAccount Account{accountName='Vasya', id=3944, balance=3299422} sum 1995163
13:04:06.177 [pool-1-thread-7] INFO  s.Transaction - Transaction complete with params: fromAccount Account{accountName='John', id=6716, balance=1245089} toAccount Account{accountName='Vasya', id=4114, balance=1780906} sum 254608
13:04:06.212 [pool-1-thread-18] INFO  s.Transaction - Transaction complete with params: fromAccount Account{accountName='Arnold', id=9385, balance=93919} toAccount Account{accountName='John', id=4026, balance=4714897} sum 1664528
13:04:06.221 [pool-1-thread-10] INFO  s.Transaction - Transaction complete with params: fromAccount Account{accountName='John', id=8231, balance=2573415} toAccount Account{accountName='John', id=4026, balance=3040917} sum 1373036
13:04:06.221 [pool-1-thread-10] WARN  s.MoneyTransfer - pool-1-thread-10 Account ID: 3944 Name: Vasya not enough sum trunsaction 2872569 have sum 1304259
13:04:06.221 [pool-1-thread-10] WARN  s.MoneyTransfer - pool-1-thread-10 Accounts from & to are equals. Account ID: 4026
13:04:06.245 [pool-1-thread-1] INFO  s.Transaction - Transaction complete with params: fromAccount Account{accountName='John', id=8231, balance=812226} toAccount Account{accountName='John', id=6716, balance=7835941} sum 6336244
13:04:06.245 [pool-1-thread-1] WARN  s.MoneyTransfer - pool-1-thread-1 Account ID: 8996 Name: Arnold not enough sum trunsaction 8198410 have sum 3189116
13:04:06.245 [pool-1-thread-1] WARN  s.MoneyTransfer - pool-1-thread-1 Account ID: 4026 Name: John not enough sum trunsaction 3117796 have sum 3050369
13:04:06.245 [pool-1-thread-1] WARN  s.MoneyTransfer - pool-1-thread-1 Account ID: 4026 Name: John not enough sum trunsaction 7863200 have sum 3050369
13:04:06.245 [pool-1-thread-1] WARN  s.MoneyTransfer - pool-1-thread-1 Account ID: 6397 Name: John not enough sum trunsaction 5859780 have sum 5361389
13:04:06.245 [pool-1-thread-1] WARN  s.MoneyTransfer - pool-1-thread-1 Account ID: 4406 Name: Vova not enough sum trunsaction 6245974 have sum 2393469
13:04:06.264 [pool-1-thread-4] INFO  s.Transaction - Transaction complete with params: fromAccount Account{accountName='Vasya', id=7665, balance=5270078} toAccount Account{accountName='John', id=6716, balance=4675931} sum 1080226
13:04:06.274 [pool-1-thread-3] INFO  s.Transaction - Transaction complete with params: fromAccount Account{accountName='John', id=6397, balance=203613} toAccount Account{accountName='Vova', id=4406, balance=7551245} sum 5157776
13:04:06.274 [pool-1-thread-3] WARN  s.MoneyTransfer - pool-1-thread-3 Account ID: 6397 Name: John not enough sum trunsaction 1668313 have sum 203613
13:04:06.367 [pool-1-thread-9] INFO  s.Transaction - Transaction complete with params: fromAccount Account{accountName='Vasya', id=3944, balance=23681} toAccount Account{accountName='Arnold', id=8996, balance=4572787} sum 1280578
13:04:06.380 [pool-1-thread-8] INFO  s.Transaction - Transaction complete with params: fromAccount Account{accountName='Vova', id=4406, balance=1033110} toAccount Account{accountName='Arnold', id=8996, balance=1900008} sum 1360359
13:04:06.380 [pool-1-thread-8] WARN  s.MoneyTransfer - pool-1-thread-8 Account ID: 6716 Name: John not enough sum trunsaction 7374583 have sum 1660043
13:04:06.380 [pool-1-thread-8] WARN  s.MoneyTransfer - pool-1-thread-8 Account ID: 4026 Name: John not enough sum trunsaction 4094245 have sum 3050369
13:04:06.530 [pool-1-thread-11] INFO  s.Transaction - Transaction complete with params: fromAccount Account{accountName='John', id=6397, balance=3378076} toAccount Account{accountName='Arnold', id=9385, balance=2108223} sum 1983313
13:04:06.530 [pool-1-thread-11] WARN  s.MoneyTransfer - pool-1-thread-11 Account ID: 6397 Name: John not enough sum trunsaction 6475292 have sum 3378076
13:04:06.530 [pool-1-thread-11] WARN  s.MoneyTransfer - pool-1-thread-11 Account ID: 4026 Name: John not enough sum trunsaction 4508587 have sum 3050369
13:04:06.530 [pool-1-thread-11] WARN  s.MoneyTransfer - pool-1-thread-11 Account ID: 6716 Name: John not enough sum trunsaction 4243399 have sum 1499697
13:04:06.530 [pool-1-thread-11] WARN  s.MoneyTransfer - pool-1-thread-11 Account ID: 3944 Name: Vasya not enough sum trunsaction 2557084 have sum 1304259
13:04:06.530 [pool-1-thread-11] WARN  s.MoneyTransfer - pool-1-thread-11 Account ID: 8231 Name: John not enough sum trunsaction 5376662 have sum 1034334
13:04:06.548 [pool-1-thread-13] INFO  s.Transaction - Transaction complete with params: fromAccount Account{accountName='Vasya', id=7665, balance=3340569} toAccount Account{accountName='John', id=6716, balance=6605440} sum 5105743
13:04:06.548 [pool-1-thread-13] WARN  s.MoneyTransfer - pool-1-thread-13 Account ID: 9385 Name: Arnold not enough sum trunsaction 7369359 have sum 1793929
13:04:06.548 [pool-1-thread-13] WARN  s.MoneyTransfer - pool-1-thread-13 Account ID: 6397 Name: John not enough sum trunsaction 8460697 have sum 5361389
13:04:06.627 [pool-1-thread-16] INFO  s.Transaction - Transaction complete with params: fromAccount Account{accountName='John', id=6397, balance=340047} toAccount Account{accountName='Arnold', id=9385, balance=5146252} sum 5021342
13:04:06.627 [pool-1-thread-16] WARN  s.MoneyTransfer - pool-1-thread-16 Account ID: 8996 Name: Arnold not enough sum trunsaction 6401246 have sum 539649
13:04:06.627 [pool-1-thread-16] WARN  s.MoneyTransfer - pool-1-thread-16 Account ID: 8996 Name: Arnold not enough sum trunsaction 7550635 have sum 539649
13:04:06.634 [pool-1-thread-15] INFO  s.Transaction - Transaction complete with params: fromAccount Account{accountName='Vasya', id=4114, balance=370899} toAccount Account{accountName='Arnold', id=9385, balance=8481228} sum 8356318
13:04:06.667 [pool-1-thread-19] INFO  s.Transaction - Transaction complete with params: fromAccount Account{accountName='John', id=4026, balance=267048} toAccount Account{accountName='Vasya', id=7665, balance=13656695} sum 5210383
13:04:06.697 [pool-1-thread-5] INFO  s.Transaction - Transaction complete with params: fromAccount Account{accountName='John', id=6397, balance=2270226} toAccount Account{accountName='John', id=8231, balance=7037614} sum 3091163
13:04:06.697 [pool-1-thread-5] WARN  s.MoneyTransfer - pool-1-thread-5 Account ID: 4026 Name: John not enough sum trunsaction 9480797 have sum 3050369
13:04:06.699 [pool-1-thread-6] INFO  s.Transaction - Transaction complete with params: fromAccount Account{accountName='John', id=6397, balance=3362372} toAccount Account{accountName='Vasya', id=3944, balance=2224197} sum 1213413
13:04:06.710 [pool-1-thread-14] INFO  s.Transaction - Transaction complete with params: fromAccount Account{accountName='Vasya', id=4114, balance=5064565} toAccount Account{accountName='John', id=4026, balance=7048311} sum 3997942
13:04:06.710 [pool-1-thread-14] WARN  s.MoneyTransfer - pool-1-thread-14 Account ID: 8231 Name: John not enough sum trunsaction 7020839 have sum 1951288
13:04:06.710 [pool-1-thread-14] WARN  s.MoneyTransfer - pool-1-thread-14 Account ID: 3944 Name: Vasya not enough sum trunsaction 9456839 have sum 3299422
13:04:06.742 [pool-1-thread-12] INFO  s.Transaction - Transaction complete with params: fromAccount Account{accountName='Vasya', id=4114, balance=1328194} toAccount Account{accountName='John', id=8231, balance=13452274} sum 9505823
13:04:06.742 [pool-1-thread-12] WARN  s.MoneyTransfer - pool-1-thread-12 Account ID: 8996 Name: Arnold not enough sum trunsaction 9314050 have sum 539649
13:04:06.835 [pool-1-thread-17] INFO  s.Transaction - Transaction complete with params: fromAccount Account{accountName='Vasya', id=7665, balance=893350} toAccount Account{accountName='John', id=8231, balance=11499413} sum 7552962
13:04:06.882 [pool-1-thread-7] INFO  s.Transaction - Transaction complete with params: fromAccount Account{accountName='John', id=4026, balance=2115727} toAccount Account{accountName='John', id=6397, balance=6296031} sum 934642
13:04:06.882 [pool-1-thread-7] WARN  s.MoneyTransfer - pool-1-thread-7 Account ID: 3944 Name: Vasya not enough sum trunsaction 7295311 have sum 1304259
13:04:06.886 [pool-1-thread-18] INFO  s.Transaction - Transaction complete with params: fromAccount Account{accountName='John', id=6716, balance=2523792} toAccount Account{accountName='John', id=6397, balance=6372650} sum 2644798
13:04:06.886 [pool-1-thread-18] WARN  s.MoneyTransfer - pool-1-thread-18 Accounts from & to are equals. Account ID: 6397
13:04:06.962 [pool-1-thread-2] INFO  s.Transaction - Transaction complete with params: fromAccount Account{accountName='John', id=6397, balance=1624326} toAccount Account{accountName='Vova', id=4406, balance=6130532} sum 3737063
13:04:06.962 [pool-1-thread-2] WARN  s.MoneyTransfer - pool-1-thread-2 Account ID: 4026 Name: John not enough sum trunsaction 5829029 have sum 3050369
13:04:06.962 [pool-1-thread-2] WARN  s.MoneyTransfer - pool-1-thread-2 Account ID: 6397 Name: John not enough sum trunsaction 7658068 have sum 1624326
13:04:06.962 [pool-1-thread-2] WARN  s.MoneyTransfer - pool-1-thread-2 Account ID: 3944 Name: Vasya not enough sum trunsaction 4573523 have sum 1304259
13:04:06.962 [pool-1-thread-2] WARN  s.MoneyTransfer - pool-1-thread-2 Account ID: 6397 Name: John not enough sum trunsaction 4200149 have sum 1624326
13:04:06.998 [pool-1-thread-9] INFO  s.Transaction - Transaction complete with params: fromAccount Account{accountName='John', id=6397, balance=59259} toAccount Account{accountName='John', id=6716, balance=6086852} sum 5302130
13:04:06.998 [pool-1-thread-9] WARN  s.MoneyTransfer - pool-1-thread-9 Accounts from & to are equals. Account ID: 7665
13:04:06.998 [pool-1-thread-9] WARN  s.MoneyTransfer - pool-1-thread-9 Account ID: 7665 Name: Vasya not enough sum trunsaction 8531591 have sum 8446312
13:04:06.998 [pool-1-thread-9] WARN  s.MoneyTransfer - pool-1-thread-9 Account ID: 9385 Name: Arnold not enough sum trunsaction 8364112 have sum 124910
13:04:06.998 [pool-1-thread-9] WARN  s.MoneyTransfer - pool-1-thread-9 Account ID: 4114 Name: Vasya not enough sum trunsaction 9506018 have sum 6309947
13:04:06.998 [pool-1-thread-9] WARN  s.MoneyTransfer - pool-1-thread-9 Account ID: 3944 Name: Vasya not enough sum trunsaction 2768568 have sum 23681
13:04:06.998 [pool-1-thread-9] WARN  s.MoneyTransfer - pool-1-thread-9 Account ID: 3944 Name: Vasya not enough sum trunsaction 4945777 have sum 23681
13:04:06.998 [pool-1-thread-9] WARN  s.MoneyTransfer - pool-1-thread-9 Account ID: 9385 Name: Arnold not enough sum trunsaction 8905381 have sum 124910
13:04:06.998 [pool-1-thread-9] WARN  s.MoneyTransfer - pool-1-thread-9 Account ID: 4406 Name: Vova not enough sum trunsaction 8590199 have sum 2393469
13:04:07.031 [pool-1-thread-1] INFO  s.Transaction - Transaction complete with params: fromAccount Account{accountName='John', id=6716, balance=1856508} toAccount Account{accountName='Vova', id=4406, balance=8372902} sum 5979433
13:04:07.085 [pool-1-thread-13] INFO  s.Transaction - Transaction complete with params: fromAccount Account{accountName='John', id=6397, balance=3758904} toAccount Account{accountName='Vasya', id=3944, balance=2906744} sum 1602485
13:04:07.085 [pool-1-thread-13] WARN  s.MoneyTransfer - pool-1-thread-13 Account ID: 3944 Name: Vasya not enough sum trunsaction 6865482 have sum 2906744
13:04:07.085 [pool-1-thread-13] WARN  s.MoneyTransfer - pool-1-thread-13 Account ID: 7665 Name: Vasya not enough sum trunsaction 9114567 have sum 3340569
13:04:07.085 [pool-1-thread-13] WARN  s.MoneyTransfer - pool-1-thread-13 Account ID: 8231 Name: John not enough sum trunsaction 4083438 have sum 3946451
13:04:07.085 [pool-1-thread-13] WARN  s.MoneyTransfer - pool-1-thread-13 Account ID: 8996 Name: Arnold not enough sum trunsaction 9424095 have sum 539649
13:04:07.119 [pool-1-thread-3] INFO  s.Transaction - Transaction complete with params: fromAccount Account{accountName='Vasya', id=4114, balance=5380430} toAccount Account{accountName='Arnold', id=9385, balance=3806987} sum 3682077
13:04:07.126 [pool-1-thread-8] INFO  s.Transaction - Transaction complete with params: fromAccount Account{accountName='John', id=6397, balance=4704720} toAccount Account{accountName='Vasya', id=7665, balance=1791332} sum 656669
13:04:07.126 [pool-1-thread-8] WARN  s.MoneyTransfer - pool-1-thread-8 Account ID: 7665 Name: Vasya not enough sum trunsaction 3341490 have sum 1791332
13:04:07.207 [pool-1-thread-10] INFO  s.Transaction - Transaction complete with params: fromAccount Account{accountName='Vasya', id=4114, balance=3913487} toAccount Account{accountName='John', id=4026, balance=8189937} sum 5149020
13:04:07.207 [pool-1-thread-10] WARN  s.MoneyTransfer - pool-1-thread-10 Account ID: 3944 Name: Vasya not enough sum trunsaction 2859082 have sum 1304259
13:04:07.207 [pool-1-thread-10] WARN  s.MoneyTransfer - pool-1-thread-10 Account ID: 4114 Name: Vasya not enough sum trunsaction 8747059 have sum 3913487
13:04:07.207 [pool-1-thread-10] WARN  s.MoneyTransfer - pool-1-thread-10 Account ID: 8231 Name: John not enough sum trunsaction 9341746 have sum 2573415
13:04:07.225 [pool-1-thread-4] INFO  s.Transaction - Transaction complete with params: fromAccount Account{accountName='John', id=6397, balance=4554604} toAccount Account{accountName='John', id=8231, balance=4318509} sum 372058
13:04:07.225 [pool-1-thread-4] WARN  s.MoneyTransfer - pool-1-thread-4 Account ID: 4026 Name: John not enough sum trunsaction 5056795 have sum 3050369
13:04:07.225 [pool-1-thread-4] WARN  s.MoneyTransfer - pool-1-thread-4 Account ID: 6716 Name: John not enough sum trunsaction 9783759 have sum 4675931
13:04:07.225 [pool-1-thread-4] WARN  s.MoneyTransfer - pool-1-thread-4 Account ID: 8996 Name: Arnold not enough sum trunsaction 6869807 have sum 539649
13:04:07.230 [pool-1-thread-19] INFO  s.Transaction - Transaction complete with params: fromAccount Account{accountName='Vasya', id=7665, balance=4414413} toAccount Account{accountName='John', id=6397, balance=12611963} sum 9242282
13:04:07.230 [pool-1-thread-19] WARN  s.MoneyTransfer - pool-1-thread-19 Account ID: 7665 Name: Vasya not enough sum trunsaction 5234499 have sum 4414413
13:04:07.414 [pool-1-thread-7] INFO  s.Transaction - Transaction complete with params: fromAccount Account{accountName='John', id=6716, balance=1186852} toAccount Account{accountName='John', id=8231, balance=3182320} sum 58237
13:04:07.455 [pool-1-thread-16] INFO  s.Transaction - Transaction complete with params: fromAccount Account{accountName='Vova', id=4406, balance=2643686} toAccount Account{accountName='John', id=4026, balance=8165554} sum 7647911
13:04:07.455 [pool-1-thread-16] WARN  s.MoneyTransfer - pool-1-thread-16 Account ID: 6397 Name: John not enough sum trunsaction 8123329 have sum 340047
13:04:07.455 [pool-1-thread-16] WARN  s.MoneyTransfer - pool-1-thread-16 Account ID: 8996 Name: Arnold not enough sum trunsaction 2041818 have sum 539649
13:04:07.455 [pool-1-thread-16] WARN  s.MoneyTransfer - pool-1-thread-16 Account ID: 6397 Name: John not enough sum trunsaction 4732349 have sum 340047
13:04:07.455 [pool-1-thread-16] WARN  s.MoneyTransfer - pool-1-thread-16 Account ID: 4114 Name: Vasya not enough sum trunsaction 9507391 have sum 9062507
13:04:07.455 [pool-1-thread-16] WARN  s.MoneyTransfer - pool-1-thread-16 Account ID: 8996 Name: Arnold not enough sum trunsaction 5207164 have sum 539649
13:04:07.456 [pool-1-thread-16] WARN  s.MoneyTransfer - pool-1-thread-16 Account ID: 6397 Name: John not enough sum trunsaction 4062248 have sum 340047
13:04:07.460 [pool-1-thread-6] INFO  s.Transaction - Transaction complete with params: fromAccount Account{accountName='Vasya', id=4114, balance=6423845} toAccount Account{accountName='John', id=4026, balance=5689031} sum 2638662
13:04:07.468 [pool-1-thread-12] INFO  s.Transaction - Transaction complete with params: fromAccount Account{accountName='John', id=6716, balance=2567483} toAccount Account{accountName='John', id=8231, balance=14229130} sum 776856
13:04:07.516 [pool-1-thread-2] INFO  s.Transaction - Transaction complete with params: fromAccount Account{accountName='Vasya', id=4114, balance=4632162} toAccount Account{accountName='John', id=6397, balance=6054671} sum 4430345
13:04:07.516 [pool-1-thread-2] WARN  s.MoneyTransfer - pool-1-thread-2 Account ID: 8231 Name: John not enough sum trunsaction 3878051 have sum 224469
13:04:07.525 [pool-1-thread-11] INFO  s.Transaction - Transaction complete with params: fromAccount Account{accountName='Arnold', id=8996, balance=3157962} toAccount Account{accountName='John', id=8231, balance=1328138} sum 293804
13:04:07.534 [pool-1-thread-9] INFO  s.Transaction - Transaction complete with params: fromAccount Account{accountName='John', id=6716, balance=318642} toAccount Account{accountName='John', id=4026, balance=9533554} sum 5768210
13:04:07.534 [pool-1-thread-9] WARN  s.MoneyTransfer - pool-1-thread-9 Account ID: 6716 Name: John not enough sum trunsaction 1551627 have sum 318642
13:04:07.534 [pool-1-thread-9] WARN  s.MoneyTransfer - pool-1-thread-9 Account ID: 7665 Name: Vasya not enough sum trunsaction 9755625 have sum 8446312
13:04:07.534 [pool-1-thread-9] WARN  s.MoneyTransfer - pool-1-thread-9 Account ID: 6397 Name: John not enough sum trunsaction 9189884 have sum 59259
13:04:07.534 [pool-1-thread-9] WARN  s.MoneyTransfer - pool-1-thread-9 Account ID: 8231 Name: John not enough sum trunsaction 8720553 have sum 3946451
13:04:07.558 [pool-1-thread-15] INFO  s.Transaction - Transaction complete with params: fromAccount Account{accountName='Arnold', id=9385, balance=6051350} toAccount Account{accountName='Vasya', id=7665, balance=6867595} sum 2429878
13:04:07.571 [pool-1-thread-14] INFO  s.Transaction - Transaction complete with params: fromAccount Account{accountName='John', id=6397, balance=2577540} toAccount Account{accountName='Vasya', id=4114, balance=7848414} sum 2783849
13:04:07.571 [pool-1-thread-14] WARN  s.MoneyTransfer - pool-1-thread-14 Account ID: 6716 Name: John not enough sum trunsaction 4122193 have sum 998891
13:04:07.643 [pool-1-thread-5] INFO  s.Transaction - Transaction complete with params: fromAccount Account{accountName='Arnold', id=9385, balance=3159331} toAccount Account{accountName='John', id=6716, balance=3680814} sum 2181117
13:04:07.643 [pool-1-thread-5] WARN  s.MoneyTransfer - pool-1-thread-5 Account ID: 4026 Name: John not enough sum trunsaction 9072826 have sum 3050369
13:04:07.643 [pool-1-thread-5] WARN  s.MoneyTransfer - pool-1-thread-5 Account ID: 8996 Name: Arnold not enough sum trunsaction 1954831 have sum 539649
13:04:07.643 [pool-1-thread-5] WARN  s.MoneyTransfer - pool-1-thread-5 Account ID: 3944 Name: Vasya not enough sum trunsaction 3581989 have sum 1304259
13:04:07.696 [pool-1-thread-17] INFO  s.Transaction - Transaction complete with params: fromAccount Account{accountName='John', id=6397, balance=3859891} toAccount Account{accountName='Arnold', id=8996, balance=7528665} sum 3051448
13:04:07.696 [pool-1-thread-17] WARN  s.MoneyTransfer - pool-1-thread-17 Account ID: 3944 Name: Vasya not enough sum trunsaction 3287189 have sum 1304259
13:04:07.750 [pool-1-thread-18] INFO  s.Transaction - Transaction complete with params: fromAccount Account{accountName='John', id=6397, balance=3704950} toAccount Account{accountName='Vasya', id=7665, balance=11114012} sum 2667700
13:04:07.750 [pool-1-thread-18] WARN  s.MoneyTransfer - pool-1-thread-18 Account ID: 6716 Name: John not enough sum trunsaction 2703228 have sum 2523792
13:04:07.750 [pool-1-thread-18] WARN  s.MoneyTransfer - pool-1-thread-18 Account ID: 6716 Name: John not enough sum trunsaction 8292775 have sum 2523792
13:04:07.750 [pool-1-thread-18] WARN  s.MoneyTransfer - pool-1-thread-18 Account ID: 3944 Name: Vasya not enough sum trunsaction 2426821 have sum 1304259
13:04:07.750 [pool-1-thread-18] WARN  s.MoneyTransfer - pool-1-thread-18 Account ID: 6716 Name: John not enough sum trunsaction 8172468 have sum 2523792
13:04:07.750 [pool-1-thread-18] WARN  s.MoneyTransfer - pool-1-thread-18 Account ID: 8231 Name: John not enough sum trunsaction 9456285 have sum 277558
13:04:07.750 [pool-1-thread-18] WARN  s.MoneyTransfer - pool-1-thread-18 Account ID: 4406 Name: Vova not enough sum trunsaction 4237299 have sum 2393469
13:04:07.750 [pool-1-thread-18] WARN  s.MoneyTransfer - pool-1-thread-18 Account ID: 4026 Name: John not enough sum trunsaction 4792769 have sum 4714897
13:04:07.751 [pool-1-thread-18] WARN  s.MoneyTransfer - pool-1-thread-18 Account ID: 4114 Name: Vasya not enough sum trunsaction 9826602 have sum 9062507
13:04:07.751 [pool-1-thread-18] WARN  s.MoneyTransfer - pool-1-thread-18 Account ID: 8996 Name: Arnold not enough sum trunsaction 5090275 have sum 539649
13:04:07.751 [pool-1-thread-18] WARN  s.MoneyTransfer - pool-1-thread-18 Account ID: 9385 Name: Arnold not enough sum trunsaction 1912697 have sum 93919
13:04:07.751 [pool-1-thread-18] WARN  s.MoneyTransfer - pool-1-thread-18 Account ID: 8231 Name: John not enough sum trunsaction 9480883 have sum 277558
13:04:07.772 [pool-1-thread-4] INFO  s.Transaction - Transaction complete with params: fromAccount Account{accountName='Vasya', id=4114, balance=9061140} toAccount Account{accountName='John', id=6716, balance=4677298} sum 1367
13:04:07.772 [pool-1-thread-4] WARN  s.MoneyTransfer - pool-1-thread-4 Account ID: 9385 Name: Arnold not enough sum trunsaction 1797666 have sum 559637
13:04:07.777 [pool-1-thread-8] INFO  s.Transaction - Transaction complete with params: fromAccount Account{accountName='Vasya', id=4114, balance=8420269} toAccount Account{accountName='John', id=4026, balance=3692607} sum 642238
13:04:07.839 [pool-1-thread-10] INFO  s.Transaction - Transaction complete with params: fromAccount Account{accountName='Vasya', id=7665, balance=3282890} toAccount Account{accountName='Vasya', id=3944, balance=2927414} sum 1623155
13:04:07.839 [pool-1-thread-10] WARN  s.MoneyTransfer - pool-1-thread-10 Account ID: 6397 Name: John not enough sum trunsaction 5811640 have sum 5361389
13:04:07.839 [pool-1-thread-10] WARN  s.MoneyTransfer - pool-1-thread-10 Account ID: 9385 Name: Arnold not enough sum trunsaction 8321716 have sum 124910
13:04:07.839 [pool-1-thread-10] WARN  s.MoneyTransfer - pool-1-thread-10 Account ID: 7665 Name: Vasya not enough sum trunsaction 6947658 have sum 3282890
13:04:07.877 [pool-1-thread-19] INFO  s.Transaction - Transaction complete with params: fromAccount Account{accountName='Vasya', id=7665, balance=4312188} toAccount Account{accountName='Arnold', id=9385, balance=227135} sum 102225
13:04:07.877 [pool-1-thread-19] WARN  s.MoneyTransfer - pool-1-thread-19 Account ID: 7665 Name: Vasya not enough sum trunsaction 5090303 have sum 4312188
13:04:07.877 [pool-1-thread-19] WARN  s.MoneyTransfer - pool-1-thread-19 Account ID: 6716 Name: John not enough sum trunsaction 5330762 have sum 1499697
13:04:07.877 [pool-1-thread-19] WARN  s.MoneyTransfer - pool-1-thread-19 Account ID: 6716 Name: John not enough sum trunsaction 7417306 have sum 1499697
13:04:07.877 [pool-1-thread-19] WARN  s.MoneyTransfer - pool-1-thread-19 Account ID: 4026 Name: John not enough sum trunsaction 9298468 have sum 267048
13:04:07.877 [pool-1-thread-19] WARN  s.MoneyTransfer - pool-1-thread-19 Account ID: 4406 Name: Vova not enough sum trunsaction 5873587 have sum 2393469
13:04:07.884 [pool-1-thread-1] INFO  s.Transaction - Transaction complete with params: fromAccount Account{accountName='John', id=6397, balance=904696} toAccount Account{accountName='Arnold', id=8996, balance=7645809} sum 4456693
13:04:08.014 [pool-1-thread-13] INFO  s.Transaction - Transaction complete with params: fromAccount Account{accountName='Vova', id=4406, balance=798743} toAccount Account{accountName='John', id=8231, balance=11299408} sum 7352957
13:04:08.014 [pool-1-thread-13] WARN  s.MoneyTransfer - pool-1-thread-13 Account ID: 3944 Name: Vasya not enough sum trunsaction 5135398 have sum 2906744
13:04:08.061 [pool-1-thread-3] INFO  s.Transaction - Transaction complete with params: fromAccount Account{accountName='John', id=4026, balance=3011434} toAccount Account{accountName='John', id=6716, balance=7266118} sum 5766421
13:04:08.061 [pool-1-thread-3] WARN  s.MoneyTransfer - pool-1-thread-3 Account ID: 3944 Name: Vasya not enough sum trunsaction 6365270 have sum 1304259
13:04:08.061 [pool-1-thread-3] WARN  s.MoneyTransfer - pool-1-thread-3 Account ID: 3944 Name: Vasya not enough sum trunsaction 7992948 have sum 1304259
13:04:08.061 [pool-1-thread-3] WARN  s.MoneyTransfer - pool-1-thread-3 Account ID: 6397 Name: John not enough sum trunsaction 6331093 have sum 203613
13:04:08.061 [pool-1-thread-3] WARN  s.MoneyTransfer - pool-1-thread-3 Account ID: 6397 Name: John not enough sum trunsaction 1658001 have sum 203613
13:04:08.061 [pool-1-thread-3] WARN  s.MoneyTransfer - pool-1-thread-3 Account ID: 7665 Name: Vasya not enough sum trunsaction 1170543 have sum 893866
13:04:08.061 [pool-1-thread-3] WARN  s.MoneyTransfer - pool-1-thread-3 Account ID: 4406 Name: Vova not enough sum trunsaction 9107115 have sum 7551245
13:04:08.103 [pool-1-thread-6] INFO  s.Transaction - Transaction complete with params: fromAccount Account{accountName='Vasya', id=7665, balance=5448359} toAccount Account{accountName='Vova', id=4406, balance=5391422} sum 2997953
13:04:08.103 [pool-1-thread-6] WARN  s.MoneyTransfer - pool-1-thread-6 Account ID: 9385 Name: Arnold not enough sum trunsaction 301578 have sum 124910
13:04:08.120 [pool-1-thread-9] INFO  s.Transaction - Transaction complete with params: fromAccount Account{accountName='Vasya', id=4114, balance=1431532} toAccount Account{accountName='Vasya', id=3944, balance=4902096} sum 4878415
13:04:08.120 [pool-1-thread-9] WARN  s.MoneyTransfer - pool-1-thread-9 Account ID: 4114 Name: Vasya not enough sum trunsaction 8037071 have sum 1431532
13:04:08.120 [pool-1-thread-9] WARN  s.MoneyTransfer - pool-1-thread-9 Account ID: 6397 Name: John not enough sum trunsaction 1002750 have sum 59259
13:04:08.120 [pool-1-thread-9] WARN  s.MoneyTransfer - pool-1-thread-9 Account ID: 6397 Name: John not enough sum trunsaction 2708972 have sum 59259
13:04:08.141 [pool-1-thread-16] INFO  s.Transaction - Transaction complete with params: fromAccount Account{accountName='Vova', id=4406, balance=2145002} toAccount Account{accountName='John', id=4026, balance=8664238} sum 498684
13:04:08.230 [pool-1-thread-7] INFO  s.Transaction - Transaction complete with params: fromAccount Account{accountName='John', id=6397, balance=3161866} toAccount Account{accountName='John', id=8231, balance=6316485} sum 3134165
13:04:08.273 [pool-1-thread-11] INFO  s.Transaction - Transaction complete with params: fromAccount Account{accountName='John', id=4026, balance=1115004} toAccount Account{accountName='Vasya', id=7665, balance=5766636} sum 1935365
13:04:08.303 [pool-1-thread-2] INFO  s.Transaction - Transaction complete with params: fromAccount Account{accountName='John', id=6397, balance=5216666} toAccount Account{accountName='John', id=6716, balance=2337702} sum 838005
13:04:08.303 [pool-1-thread-2] WARN  s.MoneyTransfer - pool-1-thread-2 Account ID: 4114 Name: Vasya not enough sum trunsaction 9651551 have sum 4632162
13:04:08.303 [pool-1-thread-2] WARN  s.MoneyTransfer - pool-1-thread-2 Account ID: 3944 Name: Vasya not enough sum trunsaction 7566211 have sum 1304259
13:04:08.317 [pool-1-thread-5] INFO  s.Transaction - Transaction complete with params: fromAccount Account{accountName='John', id=6716, balance=664942} toAccount Account{accountName='Vasya', id=7665, balance=11462184} sum 3015872
13:04:08.317 [pool-1-thread-5] WARN  s.MoneyTransfer - pool-1-thread-5 Account ID: 3944 Name: Vasya not enough sum trunsaction 8719042 have sum 1304259
13:04:08.317 [pool-1-thread-5] WARN  s.MoneyTransfer - pool-1-thread-5 Account ID: 4114 Name: Vasya not enough sum trunsaction 6343418 have sum 3846969
13:04:08.317 [pool-1-thread-5] WARN  s.MoneyTransfer - pool-1-thread-5 Account ID: 8996 Name: Arnold not enough sum trunsaction 9305024 have sum 539649
13:04:08.317 [pool-1-thread-5] WARN  s.MoneyTransfer - pool-1-thread-5 Account ID: 9385 Name: Arnold not enough sum trunsaction 4379401 have sum 3159331
13:04:08.317 [pool-1-thread-5] WARN  s.MoneyTransfer - pool-1-thread-5 Account ID: 3944 Name: Vasya not enough sum trunsaction 9337974 have sum 1304259
13:04:08.326 [pool-1-thread-8] INFO  s.Transaction - Transaction complete with params: fromAccount Account{accountName='John', id=6716, balance=1274381} toAccount Account{accountName='John', id=4026, balance=4078269} sum 385662
13:04:08.345 [pool-1-thread-17] INFO  s.Transaction - Transaction complete with params: fromAccount Account{accountName='John', id=8231, balance=7414190} toAccount Account{accountName='Arnold', id=8996, balance=11613888} sum 4085223
13:04:08.454 [pool-1-thread-12] INFO  s.Transaction - Transaction complete with params: fromAccount Account{accountName='Vasya', id=7665, balance=6853291} toAccount Account{accountName='John', id=8231, balance=15822151} sum 1593021
13:04:08.508 [pool-1-thread-15] INFO  s.Transaction - Transaction complete with params: fromAccount Account{accountName='Vasya', id=7665, balance=6012616} toAccount Account{accountName='Vasya', id=3944, balance=2159238} sum 854979
13:04:08.539 [pool-1-thread-14] INFO  s.Transaction - Transaction complete with params: fromAccount Account{accountName='Vasya', id=7665, balance=2271377} toAccount Account{accountName='John', id=6716, balance=7173826} sum 6174935
13:04:08.669 [pool-1-thread-3] INFO  s.Transaction - Transaction complete with params: fromAccount Account{accountName='John', id=4026, balance=1016311} toAccount Account{accountName='Vova', id=4406, balance=9546368} sum 1995123
13:04:08.676 [pool-1-thread-4] INFO  s.Transaction - Transaction complete with params: fromAccount Account{accountName='Vasya', id=7665, balance=978539} toAccount Account{accountName='John', id=4026, balance=7341908} sum 4291539
13:04:08.676 [pool-1-thread-4] WARN  s.MoneyTransfer - pool-1-thread-4 Account ID: 8231 Name: John not enough sum trunsaction 6709614 have sum 4318509
13:04:08.676 [pool-1-thread-4] WARN  s.MoneyTransfer - pool-1-thread-4 Account ID: 9385 Name: Arnold not enough sum trunsaction 5187851 have sum 559637
13:04:08.676 [pool-1-thread-4] WARN  s.MoneyTransfer - pool-1-thread-4 Account ID: 6397 Name: John not enough sum trunsaction 5093290 have sum 4554604
13:04:08.693 [pool-1-thread-19] INFO  s.Transaction - Transaction complete with params: fromAccount Account{accountName='Vasya', id=4114, balance=4754790} toAccount Account{accountName='Arnold', id=9385, balance=6526560} sum 6299425
13:04:08.693 [pool-1-thread-19] WARN  s.MoneyTransfer - pool-1-thread-19 Account ID: 7665 Name: Vasya not enough sum trunsaction 6586778 have sum 4312188
13:04:08.693 [pool-1-thread-19] WARN  s.MoneyTransfer - pool-1-thread-19 Account ID: 8231 Name: John not enough sum trunsaction 9171589 have sum 1519389
13:04:08.725 [pool-1-thread-10] INFO  s.Transaction - Transaction complete with params: fromAccount Account{accountName='Vova', id=4406, balance=288874} toAccount Account{accountName='Vasya', id=3944, balance=5032009} sum 2104595
13:04:08.725 [pool-1-thread-10] WARN  s.MoneyTransfer - pool-1-thread-10 Account ID: 4026 Name: John not enough sum trunsaction 9511599 have sum 8189937
13:04:08.725 [pool-1-thread-10] WARN  s.MoneyTransfer - pool-1-thread-10 Account ID: 4406 Name: Vova not enough sum trunsaction 1249029 have sum 288874
13:04:08.725 [pool-1-thread-10] WARN  s.MoneyTransfer - pool-1-thread-10 Account ID: 4406 Name: Vova not enough sum trunsaction 9313208 have sum 288874
13:04:08.725 [pool-1-thread-10] WARN  s.MoneyTransfer - pool-1-thread-10 Account ID: 8996 Name: Arnold not enough sum trunsaction 7113067 have sum 5462404
13:04:08.725 [pool-1-thread-10] WARN  s.MoneyTransfer - pool-1-thread-10 Account ID: 3944 Name: Vasya not enough sum trunsaction 7289208 have sum 5032009
13:04:08.733 [pool-1-thread-18] INFO  s.Transaction - Transaction complete with params: fromAccount Account{accountName='Vasya', id=7665, balance=6374580} toAccount Account{accountName='John', id=6716, balance=7263224} sum 4739432
13:04:08.733 [pool-1-thread-18] WARN  s.MoneyTransfer - pool-1-thread-18 Account ID: 9385 Name: Arnold not enough sum trunsaction 3836300 have sum 93919
13:04:08.760 [pool-1-thread-1] INFO  s.Transaction - Transaction complete with params: fromAccount Account{accountName='John', id=8231, balance=346066} toAccount Account{accountName='Vasya', id=7665, balance=8912472} sum 466160
13:04:08.760 [pool-1-thread-1] WARN  s.MoneyTransfer - pool-1-thread-1 Account ID: 6716 Name: John not enough sum trunsaction 3559357 have sum 1856508
13:04:08.767 [pool-1-thread-9] INFO  s.Transaction - Transaction complete with params: fromAccount Account{accountName='Arnold', id=8996, balance=1464491} toAccount Account{accountName='Vova', id=4406, balance=5501765} sum 3108296
13:04:08.793 [pool-1-thread-6] INFO  s.Transaction - Transaction complete with params: fromAccount Account{accountName='Vova', id=4406, balance=5339373} toAccount Account{accountName='John', id=8231, balance=3998500} sum 52049
13:04:08.868 [pool-1-thread-11] INFO  s.Transaction - Transaction complete with params: fromAccount Account{accountName='Arnold', id=8996, balance=6085} toAccount Account{accountName='John', id=4026, balance=4266881} sum 3151877
13:04:08.868 [pool-1-thread-11] WARN  s.MoneyTransfer - pool-1-thread-11 Account ID: 3944 Name: Vasya not enough sum trunsaction 6512961 have sum 1304259
13:04:08.868 [pool-1-thread-11] WARN  s.MoneyTransfer - pool-1-thread-11 Account ID: 6397 Name: John not enough sum trunsaction 6330292 have sum 3378076
13:04:08.868 [pool-1-thread-11] WARN  s.MoneyTransfer - pool-1-thread-11 Account ID: 4406 Name: Vova not enough sum trunsaction 6383825 have sum 2393469
13:04:08.914 [pool-1-thread-2] INFO  s.Transaction - Transaction complete with params: fromAccount Account{accountName='John', id=6716, balance=1580389} toAccount Account{accountName='John', id=6397, balance=5973979} sum 757313
13:04:08.914 [pool-1-thread-2] WARN  s.MoneyTransfer - pool-1-thread-2 Account ID: 6716 Name: John not enough sum trunsaction 5885487 have sum 1580389
13:04:08.914 [pool-1-thread-2] WARN  s.MoneyTransfer - pool-1-thread-2 Account ID: 7665 Name: Vasya not enough sum trunsaction 8607332 have sum 4507875
13:04:08.914 [pool-1-thread-2] WARN  s.MoneyTransfer - pool-1-thread-2 Account ID: 4026 Name: John not enough sum trunsaction 4553619 have sum 3050369
13:04:08.914 [pool-1-thread-2] WARN  s.MoneyTransfer - pool-1-thread-2 Account ID: 3944 Name: Vasya not enough sum trunsaction 4610582 have sum 1304259
13:04:08.914 [pool-1-thread-2] WARN  s.MoneyTransfer - pool-1-thread-2 Account ID: 9385 Name: Arnold not enough sum trunsaction 8376991 have sum 4063347
13:04:08.914 [pool-1-thread-2] WARN  s.MoneyTransfer - pool-1-thread-2 Account ID: 3944 Name: Vasya not enough sum trunsaction 8542852 have sum 1304259
13:04:09.003 [pool-1-thread-13] INFO  s.Transaction - Transaction complete with params: fromAccount Account{accountName='John', id=6397, balance=831651} toAccount Account{accountName='John', id=4026, balance=5977622} sum 2927253
13:04:09.003 [pool-1-thread-13] WARN  s.MoneyTransfer - pool-1-thread-13 Account ID: 9385 Name: Arnold not enough sum trunsaction 8955576 have sum 1793929
13:04:09.017 [pool-1-thread-16] INFO  s.Transaction - Transaction complete with params: fromAccount Account{accountName='John', id=4026, balance=3707000} toAccount Account{accountName='Vasya', id=7665, balance=5505422} sum 4957238
13:04:09.017 [pool-1-thread-16] WARN  s.MoneyTransfer - pool-1-thread-16 Account ID: 7665 Name: Vasya not enough sum trunsaction 6651294 have sum 5505422
13:04:09.017 [pool-1-thread-16] WARN  s.MoneyTransfer - pool-1-thread-16 Account ID: 6397 Name: John not enough sum trunsaction 7086645 have sum 340047
13:04:09.017 [pool-1-thread-16] WARN  s.MoneyTransfer - pool-1-thread-16 Account ID: 6397 Name: John not enough sum trunsaction 6123273 have sum 340047
13:04:09.017 [pool-1-thread-16] WARN  s.MoneyTransfer - pool-1-thread-16 Account ID: 4406 Name: Vova not enough sum trunsaction 2719579 have sum 2145002
13:04:09.017 [pool-1-thread-16] WARN  s.MoneyTransfer - pool-1-thread-16 Account ID: 3944 Name: Vasya not enough sum trunsaction 5452103 have sum 3836985
13:04:09.017 [pool-1-thread-16] WARN  s.MoneyTransfer - pool-1-thread-16 Account ID: 3944 Name: Vasya not enough sum trunsaction 4805446 have sum 3836985
13:04:09.017 [pool-1-thread-16] WARN  s.MoneyTransfer - pool-1-thread-16 Account ID: 4026 Name: John not enough sum trunsaction 3845131 have sum 3707000
13:04:09.017 [pool-1-thread-16] WARN  s.MoneyTransfer - pool-1-thread-16 Account ID: 8231 Name: John not enough sum trunsaction 8664911 have sum 3946451
13:04:09.017 [pool-1-thread-16] WARN  s.MoneyTransfer - pool-1-thread-16 Account ID: 6716 Name: John not enough sum trunsaction 4740265 have sum 1499697
13:04:09.017 [pool-1-thread-16] WARN  s.MoneyTransfer - pool-1-thread-16 Account ID: 6397 Name: John not enough sum trunsaction 6482953 have sum 340047
13:04:09.051 [pool-1-thread-7] INFO  s.Transaction - Transaction complete with params: fromAccount Account{accountName='Vasya', id=7665, balance=8870785} toAccount Account{accountName='John', id=6397, balance=11095970} sum 7934104
13:04:09.051 [pool-1-thread-7] WARN  s.MoneyTransfer - pool-1-thread-7 Account ID: 8996 Name: Arnold not enough sum trunsaction 5265997 have sum 539649
13:04:09.052 [pool-1-thread-15] INFO  s.Transaction - Transaction complete with params: fromAccount Account{accountName='John', id=6397, balance=3563637} toAccount Account{accountName='John', id=8231, balance=5744203} sum 1797752
13:04:09.147 [pool-1-thread-17] INFO  s.Transaction - Transaction complete with params: fromAccount Account{accountName='John', id=4026, balance=101803} toAccount Account{accountName='Vasya', id=4114, balance=6523555} sum 2948566
13:04:09.159 [pool-1-thread-5] INFO  s.Transaction - Transaction complete with params: fromAccount Account{accountName='Vasya', id=7665, balance=4546047} toAccount Account{accountName='John', id=8231, balance=13953751} sum 6916137
13:04:09.190 [pool-1-thread-8] INFO  s.Transaction - Transaction complete with params: fromAccount Account{accountName='John', id=8231, balance=472820} toAccount Account{accountName='John', id=6716, balance=4748012} sum 3473631
13:04:09.190 [pool-1-thread-8] WARN  s.MoneyTransfer - pool-1-thread-8 Account ID: 4406 Name: Vova not enough sum trunsaction 1976459 have sum 1033110
13:04:09.190 [pool-1-thread-8] WARN  s.MoneyTransfer - pool-1-thread-8 Account ID: 3944 Name: Vasya not enough sum trunsaction 4538209 have sum 1304259
13:04:09.190 [pool-1-thread-8] WARN  s.MoneyTransfer - pool-1-thread-8 Account ID: 4026 Name: John not enough sum trunsaction 9110756 have sum 4078269
13:04:09.190 [pool-1-thread-8] WARN  s.MoneyTransfer - pool-1-thread-8 Accounts from & to are equals. Account ID: 9385
13:04:09.190 [pool-1-thread-8] WARN  s.MoneyTransfer - pool-1-thread-8 Account ID: 8996 Name: Arnold not enough sum trunsaction 3821082 have sum 1900008
13:04:09.191 [pool-1-thread-8] WARN  s.MoneyTransfer - pool-1-thread-8 Account ID: 8231 Name: John not enough sum trunsaction 2596421 have sum 472820
13:04:09.191 [pool-1-thread-8] WARN  s.MoneyTransfer - pool-1-thread-8 Account ID: 3944 Name: Vasya not enough sum trunsaction 7144441 have sum 1304259
13:04:09.191 [pool-1-thread-8] WARN  s.MoneyTransfer - pool-1-thread-8 Account ID: 8231 Name: John not enough sum trunsaction 1278335 have sum 472820
13:04:09.191 [pool-1-thread-8] WARN  s.MoneyTransfer - pool-1-thread-8 Account ID: 8996 Name: Arnold not enough sum trunsaction 3188323 have sum 1900008
13:04:09.265 [pool-1-thread-3] INFO  s.Transaction - Transaction complete with params: fromAccount Account{accountName='John', id=6716, balance=6902395} toAccount Account{accountName='Arnold', id=9385, balance=4170710} sum 363723
13:04:09.265 [pool-1-thread-3] WARN  s.MoneyTransfer - pool-1-thread-3 Account ID: 7665 Name: Vasya not enough sum trunsaction 7667600 have sum 893866
13:04:09.265 [pool-1-thread-3] WARN  s.MoneyTransfer - pool-1-thread-3 Account ID: 6716 Name: John not enough sum trunsaction 8628891 have sum 6902395
13:04:09.265 [pool-1-thread-3] WARN  s.MoneyTransfer - pool-1-thread-3 Account ID: 4026 Name: John not enough sum trunsaction 9562908 have sum 1016311
13:04:09.265 [pool-1-thread-3] WARN  s.MoneyTransfer - pool-1-thread-3 Account ID: 4026 Name: John not enough sum trunsaction 3214320 have sum 1016311
13:04:09.265 [pool-1-thread-3] WARN  s.MoneyTransfer - pool-1-thread-3 Account ID: 6397 Name: John not enough sum trunsaction 2562370 have sum 203613
13:04:09.265 [pool-1-thread-3] WARN  s.MoneyTransfer - pool-1-thread-3 Account ID: 4114 Name: Vasya not enough sum trunsaction 6659933 have sum 5380430
13:04:09.265 [pool-1-thread-3] WARN  s.MoneyTransfer - pool-1-thread-3 Account ID: 8996 Name: Arnold not enough sum trunsaction 8683805 have sum 2364609
13:04:09.309 [pool-1-thread-9] INFO  s.Transaction - Transaction complete with params: fromAccount Account{accountName='John', id=4026, balance=556991} toAccount Account{accountName='Vasya', id=4114, balance=10408095} sum 8976563
13:04:09.317 [pool-1-thread-10] INFO  s.Transaction - Transaction complete with params: fromAccount Account{accountName='John', id=6397, balance=2967352} toAccount Account{accountName='John', id=6716, balance=3893734} sum 2394037
13:04:09.371 [pool-1-thread-12] INFO  s.Transaction - Transaction complete with params: fromAccount Account{accountName='Vasya', id=3944, balance=1072379} toAccount Account{accountName='Vasya', id=4114, balance=1560074} sum 231880
13:04:09.525 [pool-1-thread-14] INFO  s.Transaction - Transaction complete with params: fromAccount Account{accountName='Vasya', id=3944, balance=2114053} toAccount Account{accountName='John', id=8231, balance=3136657} sum 1185369
13:04:09.525 [pool-1-thread-14] WARN  s.MoneyTransfer - pool-1-thread-14 Account ID: 8996 Name: Arnold not enough sum trunsaction 8028532 have sum 1040455
13:04:09.549 [pool-1-thread-13] INFO  s.Transaction - Transaction complete with params: fromAccount Account{accountName='Vasya', id=4114, balance=607320} toAccount Account{accountName='Vasya', id=7665, balance=4368506} sum 1027937
13:04:09.549 [pool-1-thread-13] WARN  s.MoneyTransfer - pool-1-thread-13 Account ID: 6397 Name: John not enough sum trunsaction 5177452 have sum 831651
13:04:09.549 [pool-1-thread-13] WARN  s.MoneyTransfer - pool-1-thread-13 Accounts from & to are equals. Account ID: 4026
13:04:09.549 [pool-1-thread-13] WARN  s.MoneyTransfer - pool-1-thread-13 Account ID: 6397 Name: John not enough sum trunsaction 5680609 have sum 831651
13:04:09.549 [pool-1-thread-13] WARN  s.MoneyTransfer - pool-1-thread-13 Account ID: 8996 Name: Arnold not enough sum trunsaction 2145607 have sum 539649
13:04:09.549 [pool-1-thread-13] WARN  s.MoneyTransfer - pool-1-thread-13 Account ID: 6716 Name: John not enough sum trunsaction 7087782 have sum 6605440
13:04:09.561 [pool-1-thread-6] INFO  s.Transaction - Transaction complete with params: fromAccount Account{accountName='John', id=8231, balance=997218} toAccount Account{accountName='John', id=4026, balance=8690313} sum 3001282
13:04:09.561 [pool-1-thread-6] WARN  s.MoneyTransfer - pool-1-thread-6 Account ID: 8996 Name: Arnold not enough sum trunsaction 8565233 have sum 539649
13:04:09.571 [pool-1-thread-4] INFO  s.Transaction - Transaction complete with params: fromAccount Account{accountName='John', id=4026, balance=4509981} toAccount Account{accountName='Vasya', id=7665, balance=3810466} sum 2831927
13:04:09.571 [pool-1-thread-4] WARN  s.MoneyTransfer - pool-1-thread-4 Account ID: 3944 Name: Vasya not enough sum trunsaction 6504274 have sum 1304259
13:04:09.571 [pool-1-thread-4] WARN  s.MoneyTransfer - pool-1-thread-4 Account ID: 6397 Name: John not enough sum trunsaction 4918122 have sum 4554604
13:04:09.571 [pool-1-thread-4] WARN  s.MoneyTransfer - pool-1-thread-4 Account ID: 7665 Name: Vasya not enough sum trunsaction 4632920 have sum 3810466
13:04:09.571 [pool-1-thread-4] WARN  s.MoneyTransfer - pool-1-thread-4 Account ID: 4406 Name: Vova not enough sum trunsaction 4315600 have sum 2393469
13:04:09.571 [pool-1-thread-4] WARN  s.MoneyTransfer - pool-1-thread-4 Account ID: 8996 Name: Arnold not enough sum trunsaction 9280424 have sum 539649
13:04:09.571 [pool-1-thread-4] WARN  s.MoneyTransfer - pool-1-thread-4 Account ID: 8996 Name: Arnold not enough sum trunsaction 2041272 have sum 539649
13:04:09.571 [pool-1-thread-4] WARN  s.MoneyTransfer - pool-1-thread-4 Account ID: 8996 Name: Arnold not enough sum trunsaction 801595 have sum 539649
13:04:09.571 [pool-1-thread-4] WARN  s.MoneyTransfer - pool-1-thread-4 Account ID: 9385 Name: Arnold not enough sum trunsaction 9870389 have sum 559637
13:04:09.571 [pool-1-thread-4] WARN  s.MoneyTransfer - pool-1-thread-4 Account ID: 9385 Name: Arnold not enough sum trunsaction 2759849 have sum 559637
13:04:09.571 [pool-1-thread-4] WARN  s.MoneyTransfer - pool-1-thread-4 Account ID: 6397 Name: John not enough sum trunsaction 4593160 have sum 4554604
13:04:09.571 [pool-1-thread-4] WARN  s.MoneyTransfer - pool-1-thread-4 Account ID: 9385 Name: Arnold not enough sum trunsaction 9898572 have sum 559637
13:04:09.571 [pool-1-thread-4] WARN  s.MoneyTransfer - pool-1-thread-4 Account ID: 8996 Name: Arnold not enough sum trunsaction 5799777 have sum 539649
13:04:09.571 [pool-1-thread-4] WARN  s.MoneyTransfer - pool-1-thread-4 Account ID: 4026 Name: John not enough sum trunsaction 7959168 have sum 4509981
13:04:09.571 [pool-1-thread-4] WARN  s.MoneyTransfer - pool-1-thread-4 Account ID: 8231 Name: John not enough sum trunsaction 6045376 have sum 4318509
13:04:09.602 [pool-1-thread-18] INFO  s.Transaction - Transaction complete with params: fromAccount Account{accountName='Vasya', id=4114, balance=4032354} toAccount Account{accountName='John', id=8231, balance=5307711} sum 5030153
13:04:09.618 [pool-1-thread-19] INFO  s.Transaction - Transaction complete with params: fromAccount Account{accountName='Vova', id=4406, balance=2264556} toAccount Account{accountName='Vasya', id=7665, balance=4441101} sum 128913
13:04:09.674 [pool-1-thread-7] INFO  s.Transaction - Transaction complete with params: fromAccount Account{accountName='John', id=6397, balance=7854914} toAccount Account{accountName='John', id=8231, balance=9557541} sum 3241056
13:04:09.674 [pool-1-thread-7] WARN  s.MoneyTransfer - pool-1-thread-7 Account ID: 6716 Name: John not enough sum trunsaction 3986803 have sum 1186852
13:04:09.732 [pool-1-thread-11] INFO  s.Transaction - Transaction complete with params: fromAccount Account{accountName='Vasya', id=4114, balance=10129159} toAccount Account{accountName='Arnold', id=9385, balance=5656612} sum 3548389
13:04:09.732 [pool-1-thread-11] WARN  s.MoneyTransfer - pool-1-thread-11 Account ID: 4026 Name: John not enough sum trunsaction 6561568 have sum 4266881
13:04:09.732 [pool-1-thread-11] WARN  s.MoneyTransfer - pool-1-thread-11 Account ID: 8231 Name: John not enough sum trunsaction 7166322 have sum 1328138
13:04:09.742 [pool-1-thread-16] INFO  s.Transaction - Transaction complete with params: fromAccount Account{accountName='John', id=4026, balance=704873} toAccount Account{accountName='Vasya', id=7665, balance=8507549} sum 3002127
13:04:09.743 [pool-1-thread-1] INFO  s.Transaction - Transaction complete with params: fromAccount Account{accountName='Vasya', id=7665, balance=1086067} toAccount Account{accountName='Vasya', id=3944, balance=9130664} sum 7826405
13:04:09.743 [pool-1-thread-1] WARN  s.MoneyTransfer - pool-1-thread-1 Account ID: 7665 Name: Vasya not enough sum trunsaction 8971639 have sum 1086067
13:04:09.743 [pool-1-thread-1] WARN  s.MoneyTransfer - pool-1-thread-1 Account ID: 8996 Name: Arnold not enough sum trunsaction 8455736 have sum 7645809
13:04:09.743 [pool-1-thread-1] WARN  s.MoneyTransfer - pool-1-thread-1 Account ID: 8231 Name: John not enough sum trunsaction 1993172 have sum 346066
13:04:09.743 [pool-1-thread-1] WARN  s.MoneyTransfer - pool-1-thread-1 Account ID: 6397 Name: John not enough sum trunsaction 1458280 have sum 904696
13:04:09.743 [pool-1-thread-1] WARN  s.MoneyTransfer - pool-1-thread-1 Account ID: 8231 Name: John not enough sum trunsaction 4336649 have sum 346066
13:04:09.831 [pool-1-thread-2] INFO  s.Transaction - Transaction complete with params: fromAccount Account{accountName='Vova', id=4406, balance=945932} toAccount Account{accountName='Vasya', id=3944, balance=6488859} sum 5184600
13:04:09.831 [pool-1-thread-2] WARN  s.MoneyTransfer - pool-1-thread-2 Account ID: 8231 Name: John not enough sum trunsaction 3249850 have sum 224469
13:04:09.831 [pool-1-thread-2] WARN  s.MoneyTransfer - pool-1-thread-2 Account ID: 7665 Name: Vasya not enough sum trunsaction 5216790 have sum 4507875
13:04:09.831 [pool-1-thread-2] WARN  s.MoneyTransfer - pool-1-thread-2 Account ID: 7665 Name: Vasya not enough sum trunsaction 7797001 have sum 4507875
13:04:09.831 [pool-1-thread-2] WARN  s.MoneyTransfer - pool-1-thread-2 Account ID: 6716 Name: John not enough sum trunsaction 9843366 have sum 1580389
13:04:09.870 [pool-1-thread-5] INFO  s.Transaction - Transaction complete with params: fromAccount Account{accountName='Vasya', id=4114, balance=811236} toAccount Account{accountName='John', id=8231, balance=16989484} sum 3035733
13:04:09.870 [pool-1-thread-5] WARN  s.MoneyTransfer - pool-1-thread-5 Account ID: 6716 Name: John not enough sum trunsaction 7269686 have sum 664942
13:04:09.949 [pool-1-thread-12] INFO  s.Transaction - Transaction complete with params: fromAccount Account{accountName='John', id=8231, balance=10240213} toAccount Account{accountName='Vasya', id=3944, balance=6654317} sum 5581938
13:04:09.949 [pool-1-thread-12] WARN  s.MoneyTransfer - pool-1-thread-12 Account ID: 4114 Name: Vasya not enough sum trunsaction 6550111 have sum 1560074
13:04:09.949 [pool-1-thread-12] WARN  s.MoneyTransfer - pool-1-thread-12 Account ID: 4406 Name: Vova not enough sum trunsaction 4243413 have sum 2393469
13:04:09.949 [pool-1-thread-12] WARN  s.MoneyTransfer - pool-1-thread-12 Account ID: 4114 Name: Vasya not enough sum trunsaction 9980785 have sum 1560074
13:04:09.955 [pool-1-thread-15] INFO  s.Transaction - Transaction complete with params: fromAccount Account{accountName='Vova', id=4406, balance=763033} toAccount Account{accountName='Vasya', id=4114, balance=6009930} sum 5639031
13:04:09.992 [pool-1-thread-8] INFO  s.Transaction - Transaction complete with params: fromAccount Account{accountName='John', id=6716, balance=2861876} toAccount Account{accountName='Vasya', id=3944, balance=3190395} sum 1886136
13:04:09.992 [pool-1-thread-8] WARN  s.MoneyTransfer - pool-1-thread-8 Account ID: 4406 Name: Vova not enough sum trunsaction 5097338 have sum 1033110
13:04:09.993 [pool-1-thread-17] INFO  s.Transaction - Transaction complete with params: fromAccount Account{accountName='John', id=8231, balance=4798417} toAccount Account{accountName='Vasya', id=7665, balance=3509123} sum 2615773
13:04:09.993 [pool-1-thread-17] WARN  s.MoneyTransfer - pool-1-thread-17 Account ID: 6716 Name: John not enough sum trunsaction 8175118 have sum 1499697
13:04:09.993 [pool-1-thread-17] WARN  s.MoneyTransfer - pool-1-thread-17 Account ID: 3944 Name: Vasya not enough sum trunsaction 5045372 have sum 1304259
13:04:10.012 [pool-1-thread-9] INFO  s.Transaction - Transaction complete with params: fromAccount Account{accountName='Vova', id=4406, balance=1304164} toAccount Account{accountName='Vasya', id=4114, balance=14605696} sum 4197601
13:04:10.012 [pool-1-thread-9] WARN  s.MoneyTransfer - pool-1-thread-9 Account ID: 4406 Name: Vova not enough sum trunsaction 1369268 have sum 1304164
13:04:10.012 [pool-1-thread-9] WARN  s.MoneyTransfer - pool-1-thread-9 Account ID: 9385 Name: Arnold not enough sum trunsaction 5799545 have sum 124910
13:04:10.018 [pool-1-thread-3] INFO  s.Transaction - Transaction complete with params: fromAccount Account{accountName='John', id=8231, balance=3470287} toAccount Account{accountName='Arnold', id=9385, balance=4646874} sum 476164
13:04:10.018 [pool-1-thread-3] WARN  s.MoneyTransfer - pool-1-thread-3 Account ID: 8996 Name: Arnold not enough sum trunsaction 4154108 have sum 2364609
13:04:10.018 [pool-1-thread-3] WARN  s.MoneyTransfer - pool-1-thread-3 Account ID: 8996 Name: Arnold not enough sum trunsaction 4363281 have sum 2364609
13:04:10.018 [pool-1-thread-3] WARN  s.MoneyTransfer - pool-1-thread-3 Account ID: 6397 Name: John not enough sum trunsaction 9913327 have sum 203613
13:04:10.018 [pool-1-thread-3] WARN  s.MoneyTransfer - pool-1-thread-3 Account ID: 4026 Name: John not enough sum trunsaction 2890306 have sum 1016311
13:04:10.018 [pool-1-thread-3] WARN  s.MoneyTransfer - pool-1-thread-3 Account ID: 3944 Name: Vasya not enough sum trunsaction 8055150 have sum 1304259
13:04:10.054 [pool-1-thread-10] INFO  s.Transaction - Transaction complete with params: fromAccount Account{accountName='Arnold', id=8996, balance=2847760} toAccount Account{accountName='John', id=6716, balance=6508378} sum 2614644
13:04:10.054 [pool-1-thread-10] WARN  s.MoneyTransfer - pool-1-thread-10 Account ID: 4114 Name: Vasya not enough sum trunsaction 9423121 have sum 3913487
13:04:10.054 [pool-1-thread-10] WARN  s.MoneyTransfer - pool-1-thread-10 Account ID: 9385 Name: Arnold not enough sum trunsaction 5740786 have sum 124910
13:04:10.054 [pool-1-thread-10] WARN  s.MoneyTransfer - pool-1-thread-10 Account ID: 4114 Name: Vasya not enough sum trunsaction 8316089 have sum 3913487
13:04:10.054 [pool-1-thread-10] WARN  s.MoneyTransfer - pool-1-thread-10 Account ID: 6397 Name: John not enough sum trunsaction 6857487 have sum 2967352
13:04:10.123 [pool-1-thread-13] INFO  s.Transaction - Transaction complete with params: fromAccount Account{accountName='Vasya', id=7665, balance=3501549} toAccount Account{accountName='John', id=6397, balance=1698608} sum 866957
13:04:10.124 [pool-1-thread-4] INFO  s.Transaction - Transaction complete with params: fromAccount Account{accountName='John', id=4026, balance=62649} toAccount Account{accountName='Vova', id=4406, balance=6840801} sum 4447332
13:04:10.124 [pool-1-thread-4] WARN  s.MoneyTransfer - pool-1-thread-4 Accounts from & to are equals. Account ID: 6397
13:04:10.178 [pool-1-thread-14] INFO  s.Transaction - Transaction complete with params: fromAccount Account{accountName='Vasya', id=4114, balance=5300044} toAccount Account{accountName='John', id=6397, balance=5125910} sum 2548370
13:04:10.178 [pool-1-thread-14] WARN  s.MoneyTransfer - pool-1-thread-14 Account ID: 4406 Name: Vova not enough sum trunsaction 3175122 have sum 2393469
13:04:10.178 [pool-1-thread-14] WARN  s.MoneyTransfer - pool-1-thread-14 Account ID: 8231 Name: John not enough sum trunsaction 9444127 have sum 3136657
13:04:10.368 [pool-1-thread-6] INFO  s.Transaction - Transaction complete with params: fromAccount Account{accountName='Vasya', id=4114, balance=370460} toAccount Account{accountName='Arnold', id=9385, balance=6178295} sum 6053385
13:04:10.368 [pool-1-thread-6] WARN  s.MoneyTransfer - pool-1-thread-6 Account ID: 7665 Name: Vasya not enough sum trunsaction 8851702 have sum 5448359
13:04:10.368 [pool-1-thread-6] WARN  s.MoneyTransfer - pool-1-thread-6 Account ID: 4114 Name: Vasya not enough sum trunsaction 2163653 have sum 370460
13:04:10.368 [pool-1-thread-6] WARN  s.MoneyTransfer - pool-1-thread-6 Account ID: 6716 Name: John not enough sum trunsaction 7395318 have sum 2578776
13:04:10.368 [pool-1-thread-6] WARN  s.MoneyTransfer - pool-1-thread-6 Account ID: 6397 Name: John not enough sum trunsaction 5311256 have sum 3362372
13:04:10.389 [pool-1-thread-11] INFO  s.Transaction - Transaction complete with params: fromAccount Account{accountName='Vasya', id=3944, balance=774084} toAccount Account{accountName='Vasya', id=4114, balance=10659334} sum 530175
13:04:10.389 [pool-1-thread-11] WARN  s.MoneyTransfer - pool-1-thread-11 Account ID: 9385 Name: Arnold not enough sum trunsaction 7182026 have sum 5656612
13:04:10.440 [pool-1-thread-18] INFO  s.Transaction - Transaction complete with params: fromAccount Account{accountName='Vasya', id=4114, balance=68672} toAccount Account{accountName='Vasya', id=7665, balance=10338262} sum 3963682
13:04:10.440 [pool-1-thread-18] WARN  s.MoneyTransfer - pool-1-thread-18 Account ID: 8231 Name: John not enough sum trunsaction 9780652 have sum 5307711
13:04:10.440 [pool-1-thread-18] WARN  s.MoneyTransfer - pool-1-thread-18 Account ID: 3944 Name: Vasya not enough sum trunsaction 1952371 have sum 1304259
13:04:10.440 [pool-1-thread-18] WARN  s.MoneyTransfer - pool-1-thread-18 Accounts from & to are equals. Account ID: 7665
13:04:10.440 [pool-1-thread-18] WARN  s.MoneyTransfer - pool-1-thread-18 Account ID: 6716 Name: John not enough sum trunsaction 8700586 have sum 7263224
13:04:10.472 [pool-1-thread-19] INFO  s.Transaction - Transaction complete with params: fromAccount Account{accountName='Vova', id=4406, balance=1185806} toAccount Account{accountName='Vasya', id=3944, balance=2383009} sum 1078750
13:04:10.539 [pool-1-thread-15] INFO  s.Transaction - Transaction complete with params: fromAccount Account{accountName='John', id=4026, balance=406912} toAccount Account{accountName='John', id=6397, balance=6542384} sum 2978747
13:04:10.550 [pool-1-thread-5] INFO  s.Transaction - Transaction complete with params: fromAccount Account{accountName='John', id=4026, balance=2034364} toAccount Account{accountName='Vasya', id=4114, balance=1827241} sum 1016005
13:04:10.550 [pool-1-thread-5] WARN  s.MoneyTransfer - pool-1-thread-5 Account ID: 4406 Name: Vova not enough sum trunsaction 6641092 have sum 2393469
13:04:10.550 [pool-1-thread-5] WARN  s.MoneyTransfer - pool-1-thread-5 Account ID: 4026 Name: John not enough sum trunsaction 8859715 have sum 2034364
13:04:10.550 [pool-1-thread-5] WARN  s.MoneyTransfer - pool-1-thread-5 Account ID: 3944 Name: Vasya not enough sum trunsaction 5462680 have sum 1304259
13:04:10.550 [pool-1-thread-5] WARN  s.MoneyTransfer - pool-1-thread-5 Account ID: 4406 Name: Vova not enough sum trunsaction 8226156 have sum 2393469
13:04:10.550 [pool-1-thread-5] WARN  s.MoneyTransfer - pool-1-thread-5 Account ID: 4026 Name: John not enough sum trunsaction 4506671 have sum 2034364
13:04:10.589 [pool-1-thread-7] INFO  s.Transaction - Transaction complete with params: fromAccount Account{accountName='Vasya', id=3944, balance=1224096} toAccount Account{accountName='Arnold', id=8996, balance=619812} sum 80163
13:04:10.599 [pool-1-thread-9] INFO  s.Transaction - Transaction complete with params: fromAccount Account{accountName='Vasya', id=4114, balance=8689728} toAccount Account{accountName='John', id=8231, balance=9862419} sum 5915968
13:04:10.599 [pool-1-thread-9] WARN  s.MoneyTransfer - pool-1-thread-9 Account ID: 7665 Name: Vasya not enough sum trunsaction 9420934 have sum 8446312
13:04:10.599 [pool-1-thread-9] WARN  s.MoneyTransfer - pool-1-thread-9 Account ID: 6716 Name: John not enough sum trunsaction 8758528 have sum 318642
13:04:10.620 [pool-1-thread-16] INFO  s.Transaction - Transaction complete with params: fromAccount Account{accountName='John', id=8231, balance=3047707} toAccount Account{accountName='John', id=6716, balance=2398441} sum 898744
13:04:10.620 [pool-1-thread-16] WARN  s.MoneyTransfer - pool-1-thread-16 Accounts from & to are equals. Account ID: 4114
13:04:10.662 [pool-1-thread-17] INFO  s.Transaction - Transaction complete with params: fromAccount Account{accountName='Arnold', id=8996, balance=4519860} toAccount Account{accountName='Vasya', id=7665, balance=10603151} sum 7094028
13:04:10.662 [pool-1-thread-17] WARN  s.MoneyTransfer - pool-1-thread-17 Account ID: 4026 Name: John not enough sum trunsaction 4002593 have sum 101803
13:04:10.685 [pool-1-thread-1] INFO  s.Transaction - Transaction complete with params: fromAccount Account{accountName='Arnold', id=8996, balance=232883} toAccount Account{accountName='Arnold', id=9385, balance=7537836} sum 7412926
13:04:10.751 [pool-1-thread-10] INFO  s.Transaction - Transaction complete with params: fromAccount Account{accountName='Vasya', id=3944, balance=1364567} toAccount Account{accountName='Arnold', id=9385, balance=3792352} sum 3667442
13:04:10.764 [pool-1-thread-2] INFO  s.Transaction - Transaction complete with params: fromAccount Account{accountName='Vasya', id=3944, balance=502730} toAccount Account{accountName='John', id=6716, balance=7566518} sum 5986129
13:04:10.764 [pool-1-thread-2] WARN  s.MoneyTransfer - pool-1-thread-2 Account ID: 7665 Name: Vasya not enough sum trunsaction 9485801 have sum 4507875
13:04:10.788 [pool-1-thread-14] INFO  s.Transaction - Transaction complete with params: fromAccount Account{accountName='Vasya', id=3944, balance=1164167} toAccount Account{accountName='Arnold', id=9385, balance=1074796} sum 949886
13:04:10.788 [pool-1-thread-14] WARN  s.MoneyTransfer - pool-1-thread-14 Account ID: 3944 Name: Vasya not enough sum trunsaction 5358008 have sum 1164167
13:04:10.814 [pool-1-thread-8] INFO  s.Transaction - Transaction complete with params: fromAccount Account{accountName='Arnold', id=9385, balance=3551803} toAccount Account{accountName='John', id=8231, balance=4197230} sum 3724410
13:04:10.843 [pool-1-thread-3] INFO  s.Transaction - Transaction complete with params: fromAccount Account{accountName='Vasya', id=7665, balance=574267} toAccount Account{accountName='John', id=4026, balance=1335910} sum 319599
13:04:10.896 [pool-1-thread-12] INFO  s.Transaction - Transaction complete with params: fromAccount Account{accountName='John', id=8231, balance=4541480} toAccount Account{accountName='John', id=6397, balance=7443970} sum 5698733
13:04:10.896 [pool-1-thread-12] WARN  s.MoneyTransfer - pool-1-thread-12 Account ID: 8231 Name: John not enough sum trunsaction 9457060 have sum 4541480
13:04:10.896 [pool-1-thread-12] WARN  s.MoneyTransfer - pool-1-thread-12 Account ID: 8996 Name: Arnold not enough sum trunsaction 2337646 have sum 539649
13:04:10.896 [pool-1-thread-12] WARN  s.MoneyTransfer - pool-1-thread-12 Account ID: 4026 Name: John not enough sum trunsaction 7359998 have sum 3050369
13:04:11.055 [pool-1-thread-4] INFO  s.Transaction - Transaction complete with params: fromAccount Account{accountName='Vasya', id=4114, balance=4943278} toAccount Account{accountName='Arnold', id=9385, balance=4677499} sum 4117862
13:04:11.055 [pool-1-thread-4] WARN  s.MoneyTransfer - pool-1-thread-4 Account ID: 7665 Name: Vasya not enough sum trunsaction 8433054 have sum 3810466
13:04:11.055 [pool-1-thread-4] WARN  s.MoneyTransfer - pool-1-thread-4 Account ID: 6716 Name: John not enough sum trunsaction 8075503 have sum 4677298
13:04:11.055 [pool-1-thread-4] WARN  s.MoneyTransfer - pool-1-thread-4 Account ID: 8996 Name: Arnold not enough sum trunsaction 6086322 have sum 539649
13:04:11.067 [pool-1-thread-13] INFO  s.Transaction - Transaction complete with params: fromAccount Account{accountName='John', id=8231, balance=3433024} toAccount Account{accountName='Arnold', id=8996, balance=8406033} sum 7866384
13:04:11.075 [pool-1-thread-11] INFO  s.Transaction - Transaction complete with params: fromAccount Account{accountName='John', id=4026, balance=3835926} toAccount Account{accountName='Vova', id=4406, balance=2824424} sum 430955
13:04:11.075 [pool-1-thread-11] WARN  s.MoneyTransfer - pool-1-thread-11 Account ID: 6716 Name: John not enough sum trunsaction 7304191 have sum 1499697
13:04:11.075 [pool-1-thread-11] WARN  s.MoneyTransfer - pool-1-thread-11 Account ID: 3944 Name: Vasya not enough sum trunsaction 1086951 have sum 774084
13:04:11.075 [pool-1-thread-11] WARN  s.MoneyTransfer - pool-1-thread-11 Account ID: 7665 Name: Vasya not enough sum trunsaction 6023814 have sum 5766636
13:04:11.075 [pool-1-thread-11] WARN  s.MoneyTransfer - pool-1-thread-11 Account ID: 3944 Name: Vasya not enough sum trunsaction 1619685 have sum 774084
13:04:11.075 [pool-1-thread-11] WARN  s.MoneyTransfer - pool-1-thread-11 Accounts from & to are equals. Account ID: 4026
13:04:11.075 [pool-1-thread-11] WARN  s.MoneyTransfer - pool-1-thread-11 Account ID: 6716 Name: John not enough sum trunsaction 3777769 have sum 1499697
13:04:11.075 [pool-1-thread-11] WARN  s.MoneyTransfer - pool-1-thread-11 Account ID: 6397 Name: John not enough sum trunsaction 8261975 have sum 3378076
13:04:11.075 [pool-1-thread-11] WARN  s.MoneyTransfer - pool-1-thread-11 Account ID: 8231 Name: John not enough sum trunsaction 4620240 have sum 1328138
13:04:11.130 [pool-1-thread-6] INFO  s.Transaction - Transaction complete with params: fromAccount Account{accountName='John', id=4026, balance=2419692} toAccount Account{accountName='Arnold', id=9385, balance=12448916} sum 6270621
13:04:11.130 [pool-1-thread-6] WARN  s.MoneyTransfer - pool-1-thread-6 Account ID: 4026 Name: John not enough sum trunsaction 2870180 have sum 2419692
13:04:11.130 [pool-1-thread-6] WARN  s.MoneyTransfer - pool-1-thread-6 Account ID: 4406 Name: Vova not enough sum trunsaction 7288736 have sum 5339373
13:04:11.130 [pool-1-thread-6] WARN  s.MoneyTransfer - pool-1-thread-6 Account ID: 6397 Name: John not enough sum trunsaction 6973529 have sum 3362372
13:04:11.130 [pool-1-thread-6] WARN  s.MoneyTransfer - pool-1-thread-6 Account ID: 8231 Name: John not enough sum trunsaction 4795888 have sum 997218
13:04:11.130 [pool-1-thread-6] WARN  s.MoneyTransfer - pool-1-thread-6 Account ID: 8231 Name: John not enough sum trunsaction 4768362 have sum 997218
13:04:11.130 [pool-1-thread-6] WARN  s.MoneyTransfer - pool-1-thread-6 Account ID: 4026 Name: John not enough sum trunsaction 7313161 have sum 2419692
13:04:11.146 [pool-1-thread-15] INFO  s.Transaction - Transaction complete with params: fromAccount Account{accountName='John', id=8231, balance=4342337} toAccount Account{accountName='John', id=4026, balance=1808778} sum 1401866
13:04:11.181 [pool-1-thread-17] INFO  s.Transaction - Transaction complete with params: fromAccount Account{accountName='Vasya', id=4114, balance=6397492} toAccount Account{accountName='Vova', id=4406, balance=2519532} sum 126063
13:04:11.189 [pool-1-thread-19] INFO  s.Transaction - Transaction complete with params: fromAccount Account{accountName='John', id=6397, balance=7601859} toAccount Account{accountName='Arnold', id=9385, balance=11536664} sum 5010104
13:04:11.189 [pool-1-thread-19] WARN  s.MoneyTransfer - pool-1-thread-19 Account ID: 6716 Name: John not enough sum trunsaction 3811714 have sum 1499697
13:04:11.189 [pool-1-thread-19] WARN  s.MoneyTransfer - pool-1-thread-19 Account ID: 7665 Name: Vasya not enough sum trunsaction 6025125 have sum 4441101
13:04:11.189 [pool-1-thread-19] WARN  s.MoneyTransfer - pool-1-thread-19 Account ID: 3944 Name: Vasya not enough sum trunsaction 9298452 have sum 2383009
13:04:11.189 [pool-1-thread-19] WARN  s.MoneyTransfer - pool-1-thread-19 Account ID: 3944 Name: Vasya not enough sum trunsaction 5131927 have sum 2383009
13:04:11.189 [pool-1-thread-19] WARN  s.MoneyTransfer - pool-1-thread-19 Account ID: 4026 Name: John not enough sum trunsaction 4606165 have sum 267048
13:04:11.284 [pool-1-thread-18] INFO  s.Transaction - Transaction complete with params: fromAccount Account{accountName='John', id=4026, balance=1698307} toAccount Account{accountName='John', id=8231, balance=8324301} sum 3016590
13:04:11.284 [pool-1-thread-18] WARN  s.MoneyTransfer - pool-1-thread-18 Account ID: 3944 Name: Vasya not enough sum trunsaction 4032554 have sum 1304259
13:04:11.310 [pool-1-thread-1] INFO  s.Transaction - Transaction complete with params: fromAccount Account{accountName='Vova', id=4406, balance=2788871} toAccount Account{accountName='Vasya', id=7665, balance=6670098} sum 5584031
13:04:11.310 [pool-1-thread-1] WARN  s.MoneyTransfer - pool-1-thread-1 Account ID: 8996 Name: Arnold not enough sum trunsaction 5771450 have sum 232883
13:04:11.310 [pool-1-thread-1] WARN  s.MoneyTransfer - pool-1-thread-1 Account ID: 6397 Name: John not enough sum trunsaction 6585579 have sum 904696
13:04:11.310 [pool-1-thread-1] WARN  s.MoneyTransfer - pool-1-thread-1 Account ID: 4406 Name: Vova not enough sum trunsaction 6276535 have sum 2788871
13:04:11.333 [pool-1-thread-16] INFO  s.Transaction - Transaction complete with params: fromAccount Account{accountName='John', id=6716, balance=421948} toAccount Account{accountName='Vasya', id=4114, balance=11039000} sum 1976493
13:04:11.333 [pool-1-thread-16] WARN  s.MoneyTransfer - pool-1-thread-16 Account ID: 8996 Name: Arnold not enough sum trunsaction 3355231 have sum 539649
13:04:11.333 [pool-1-thread-16] WARN  s.MoneyTransfer - pool-1-thread-16 Account ID: 6397 Name: John not enough sum trunsaction 4504990 have sum 340047
13:04:11.334 [pool-1-thread-16] WARN  s.MoneyTransfer - pool-1-thread-16 Account ID: 6716 Name: John not enough sum trunsaction 8251466 have sum 421948
13:04:11.344 [pool-1-thread-2] INFO  s.Transaction - Transaction complete with params: fromAccount Account{accountName='Vasya', id=7665, balance=3578391} toAccount Account{accountName='Vasya', id=3944, balance=1432214} sum 929484
13:04:11.432 [pool-1-thread-5] INFO  s.Transaction - Transaction complete with params: fromAccount Account{accountName='Arnold', id=9385, balance=2561172} toAccount Account{accountName='John', id=6716, balance=1263101} sum 598159
13:04:11.438 [pool-1-thread-7] INFO  s.Transaction - Transaction complete with params: fromAccount Account{accountName='Vasya', id=7665, balance=5586413} toAccount Account{accountName='John', id=6397, balance=11139286} sum 3284372
13:04:11.438 [pool-1-thread-7] WARN  s.MoneyTransfer - pool-1-thread-7 Account ID: 4406 Name: Vova not enough sum trunsaction 6437342 have sum 2393469
13:04:11.512 [pool-1-thread-3] INFO  s.Transaction - Transaction complete with params: fromAccount Account{accountName='John', id=6716, balance=3414123} toAccount Account{accountName='John', id=8231, balance=6958559} sum 3488272
13:04:11.512 [pool-1-thread-3] WARN  s.MoneyTransfer - pool-1-thread-3 Account ID: 7665 Name: Vasya not enough sum trunsaction 4289364 have sum 574267
13:04:11.512 [pool-1-thread-3] WARN  s.MoneyTransfer - pool-1-thread-3 Account ID: 4026 Name: John not enough sum trunsaction 7232420 have sum 1335910
13:04:11.512 [pool-1-thread-3] WARN  s.MoneyTransfer - pool-1-thread-3 Account ID: 6716 Name: John not enough sum trunsaction 7486316 have sum 3414123
13:04:11.512 [pool-1-thread-3] WARN  s.MoneyTransfer - pool-1-thread-3 Account ID: 3944 Name: Vasya not enough sum trunsaction 8722640 have sum 1304259
13:04:11.512 [pool-1-thread-3] WARN  s.MoneyTransfer - pool-1-thread-3 Account ID: 8231 Name: John not enough sum trunsaction 8446595 have sum 6958559
13:04:11.512 [pool-1-thread-3] WARN  s.MoneyTransfer - pool-1-thread-3 Account ID: 8996 Name: Arnold not enough sum trunsaction 7730263 have sum 2364609
13:04:11.512 [pool-1-thread-3] WARN  s.MoneyTransfer - pool-1-thread-3 Account ID: 4026 Name: John not enough sum trunsaction 9798558 have sum 1335910
13:04:11.512 [pool-1-thread-3] WARN  s.MoneyTransfer - pool-1-thread-3 Account ID: 3944 Name: Vasya not enough sum trunsaction 4465762 have sum 1304259
13:04:11.512 [pool-1-thread-3] WARN  s.MoneyTransfer - pool-1-thread-3 Account ID: 4026 Name: John not enough sum trunsaction 4351837 have sum 1335910
13:04:11.512 [pool-1-thread-3] WARN  s.MoneyTransfer - pool-1-thread-3 Account ID: 7665 Name: Vasya not enough sum trunsaction 9145932 have sum 574267
13:04:11.512 [pool-1-thread-3] WARN  s.MoneyTransfer - pool-1-thread-3 Account ID: 3944 Name: Vasya not enough sum trunsaction 1473930 have sum 1304259
13:04:11.512 [pool-1-thread-3] WARN  s.MoneyTransfer - pool-1-thread-3 Accounts from & to are equals. Account ID: 4406
13:04:11.512 [pool-1-thread-3] WARN  s.MoneyTransfer - pool-1-thread-3 Account ID: 9385 Name: Arnold not enough sum trunsaction 8166084 have sum 4646874
13:04:11.512 [pool-1-thread-3] WARN  s.MoneyTransfer - pool-1-thread-3 Account ID: 4114 Name: Vasya not enough sum trunsaction 9528702 have sum 5380430
13:04:11.512 [pool-1-thread-3] WARN  s.MoneyTransfer - pool-1-thread-3 Account ID: 7665 Name: Vasya not enough sum trunsaction 8096811 have sum 574267
13:04:11.561 [pool-1-thread-8] INFO  s.Transaction - Transaction complete with params: fromAccount Account{accountName='Arnold', id=8996, balance=603733} toAccount Account{accountName='Vasya', id=7665, balance=3087607} sum 1296275
13:04:11.561 [pool-1-thread-8] WARN  s.MoneyTransfer - pool-1-thread-8 Account ID: 6397 Name: John not enough sum trunsaction 8813390 have sum 4704720
13:04:11.576 [pool-1-thread-9] INFO  s.Transaction - Transaction complete with params: fromAccount Account{accountName='Vasya', id=7665, balance=2059001} toAccount Account{accountName='Arnold', id=8996, balance=7851802} sum 6387311
13:04:11.724 [pool-1-thread-10] INFO  s.Transaction - Transaction complete with params: fromAccount Account{accountName='Arnold', id=8996, balance=1197257} toAccount Account{accountName='John', id=6716, balance=8158881} sum 1650503
13:04:11.762 [pool-1-thread-14] INFO  s.Transaction - Transaction complete with params: fromAccount Account{accountName='Arnold', id=8996, balance=706473} toAccount Account{accountName='John', id=6397, balance=5459892} sum 333982
13:04:11.762 [pool-1-thread-14] WARN  s.MoneyTransfer - pool-1-thread-14 Account ID: 4406 Name: Vova not enough sum trunsaction 4629154 have sum 2393469
13:04:11.762 [pool-1-thread-14] WARN  s.MoneyTransfer - pool-1-thread-14 Account ID: 9385 Name: Arnold not enough sum trunsaction 6204224 have sum 1074796
13:04:11.762 [pool-1-thread-14] WARN  s.MoneyTransfer - pool-1-thread-14 Accounts from & to are equals. Account ID: 4026
13:04:11.762 [pool-1-thread-14] WARN  s.MoneyTransfer - pool-1-thread-14 Account ID: 9385 Name: Arnold not enough sum trunsaction 9214883 have sum 1074796
13:04:11.762 [pool-1-thread-14] WARN  s.MoneyTransfer - pool-1-thread-14 Account ID: 8996 Name: Arnold not enough sum trunsaction 3088187 have sum 706473
13:04:11.762 [pool-1-thread-14] WARN  s.MoneyTransfer - pool-1-thread-14 Account ID: 3944 Name: Vasya not enough sum trunsaction 1713011 have sum 1164167
13:04:11.772 [pool-1-thread-19] INFO  s.Transaction - Transaction complete with params: fromAccount Account{accountName='John', id=6397, balance=5632325} toAccount Account{accountName='Vasya', id=3944, balance=4352543} sum 1969534
13:04:11.828 [pool-1-thread-11] INFO  s.Transaction - Transaction complete with params: fromAccount Account{accountName='Vova', id=4406, balance=996523} toAccount Account{accountName='Arnold', id=9385, balance=7484513} sum 1827901
13:04:11.828 [pool-1-thread-11] WARN  s.MoneyTransfer - pool-1-thread-11 Account ID: 4406 Name: Vova not enough sum trunsaction 9135301 have sum 996523
13:04:11.828 [pool-1-thread-11] WARN  s.MoneyTransfer - pool-1-thread-11 Account ID: 3944 Name: Vasya not enough sum trunsaction 4682480 have sum 774084
13:04:11.828 [pool-1-thread-11] WARN  s.MoneyTransfer - pool-1-thread-11 Account ID: 8231 Name: John not enough sum trunsaction 6058260 have sum 1328138
13:04:11.828 [pool-1-thread-11] WARN  s.MoneyTransfer - pool-1-thread-11 Account ID: 9385 Name: Arnold not enough sum trunsaction 8072285 have sum 7484513
13:04:11.828 [pool-1-thread-11] WARN  s.MoneyTransfer - pool-1-thread-11 Account ID: 6716 Name: John not enough sum trunsaction 3041596 have sum 1499697
13:04:11.828 [pool-1-thread-11] WARN  s.MoneyTransfer - pool-1-thread-11 Account ID: 8996 Name: Arnold not enough sum trunsaction 4848313 have sum 6085
13:04:11.828 [pool-1-thread-11] WARN  s.MoneyTransfer - pool-1-thread-11 Account ID: 9385 Name: Arnold not enough sum trunsaction 8352705 have sum 7484513
13:04:11.846 [pool-1-thread-12] INFO  s.Transaction - Transaction complete with params: fromAccount Account{accountName='Vasya', id=7665, balance=5785081} toAccount Account{accountName='Arnold', id=9385, balance=1193120} sum 1068210
13:04:11.846 [pool-1-thread-12] WARN  s.MoneyTransfer - pool-1-thread-12 Account ID: 6716 Name: John not enough sum trunsaction 4422476 have sum 2567483
13:04:11.855 [pool-1-thread-13] INFO  s.Transaction - Transaction complete with params: fromAccount Account{accountName='Vasya', id=3944, balance=843433} toAccount Account{accountName='John', id=6397, balance=3761919} sum 2063311
13:04:11.869 [pool-1-thread-16] INFO  s.Transaction - Transaction complete with params: fromAccount Account{accountName='Vasya', id=4114, balance=10563920} toAccount Account{accountName='John', id=8231, balance=3522787} sum 475080
13:04:11.869 [pool-1-thread-16] WARN  s.MoneyTransfer - pool-1-thread-16 Account ID: 8996 Name: Arnold not enough sum trunsaction 7215018 have sum 539649
13:04:11.869 [pool-1-thread-16] WARN  s.MoneyTransfer - pool-1-thread-16 Accounts from & to are equals. Account ID: 9385
13:04:11.869 [pool-1-thread-16] WARN  s.MoneyTransfer - pool-1-thread-16 Account ID: 9385 Name: Arnold not enough sum trunsaction 8652192 have sum 5146252
13:04:11.869 [pool-1-thread-16] WARN  s.MoneyTransfer - pool-1-thread-16 Account ID: 8996 Name: Arnold not enough sum trunsaction 8756648 have sum 539649
13:04:11.869 [pool-1-thread-16] WARN  s.MoneyTransfer - pool-1-thread-16 Account ID: 4406 Name: Vova not enough sum trunsaction 3653790 have sum 2145002
13:04:11.869 [pool-1-thread-16] WARN  s.MoneyTransfer - pool-1-thread-16 Accounts from & to are equals. Account ID: 4114
13:04:11.869 [pool-1-thread-16] WARN  s.MoneyTransfer - pool-1-thread-16 Account ID: 4026 Name: John not enough sum trunsaction 2665154 have sum 704873
13:04:11.877 [pool-1-thread-6] INFO  s.Transaction - Transaction complete with params: fromAccount Account{accountName='Vasya', id=7665, balance=5356919} toAccount Account{accountName='Vasya', id=4114, balance=461900} sum 91440
13:04:11.877 [pool-1-thread-6] WARN  s.MoneyTransfer - pool-1-thread-6 Account ID: 8996 Name: Arnold not enough sum trunsaction 5144051 have sum 539649
13:04:11.877 [pool-1-thread-6] WARN  s.MoneyTransfer - pool-1-thread-6 Account ID: 6716 Name: John not enough sum trunsaction 9803664 have sum 2578776
13:04:11.877 [pool-1-thread-6] WARN  s.MoneyTransfer - pool-1-thread-6 Account ID: 7665 Name: Vasya not enough sum trunsaction 9372496 have sum 5356919
13:04:11.884 [pool-1-thread-15] INFO  s.Transaction - Transaction complete with params: fromAccount Account{accountName='John', id=6397, balance=5962465} toAccount Account{accountName='Arnold', id=9385, balance=6631269} sum 579919
13:04:11.884 [pool-1-thread-15] WARN  s.MoneyTransfer - pool-1-thread-15 Account ID: 8996 Name: Arnold not enough sum trunsaction 9565503 have sum 539649
13:04:11.940 [pool-1-thread-2] INFO  s.Transaction - Transaction complete with params: fromAccount Account{accountName='John', id=6397, balance=1495177} toAccount Account{accountName='Arnold', id=8996, balance=8740433} sum 4478802
13:04:11.997 [pool-1-thread-4] INFO  s.Transaction - Transaction complete with params: fromAccount Account{accountName='Vasya', id=7665, balance=1132204} toAccount Account{accountName='Vova', id=4406, balance=9519063} sum 2678262
13:04:11.997 [pool-1-thread-4] WARN  s.MoneyTransfer - pool-1-thread-4 Account ID: 7665 Name: Vasya not enough sum trunsaction 2339195 have sum 1132204
13:04:11.997 [pool-1-thread-4] WARN  s.MoneyTransfer - pool-1-thread-4 Account ID: 6716 Name: John not enough sum trunsaction 9938881 have sum 4677298
13:04:11.997 [pool-1-thread-4] WARN  s.MoneyTransfer - pool-1-thread-4 Account ID: 8996 Name: Arnold not enough sum trunsaction 5535839 have sum 539649
13:04:11.997 [pool-1-thread-4] WARN  s.MoneyTransfer - pool-1-thread-4 Account ID: 6397 Name: John not enough sum trunsaction 5086160 have sum 4554604
13:04:12.063 [pool-1-thread-5] INFO  s.Transaction - Transaction complete with params: fromAccount Account{accountName='Vasya', id=7665, balance=2434621} toAccount Account{accountName='John', id=6397, balance=4381652} sum 2111426
13:04:12.129 [pool-1-thread-18] INFO  s.Transaction - Transaction complete with params: fromAccount Account{accountName='John', id=4026, balance=1540924} toAccount Account{accountName='Vasya', id=7665, balance=10495645} sum 157383
13:04:12.157 [pool-1-thread-17] INFO  s.Transaction - Transaction complete with params: fromAccount Account{accountName='Arnold', id=8996, balance=2808716} toAccount Account{accountName='Vasya', id=3944, balance=3015403} sum 1711144
13:04:12.232 [pool-1-thread-3] INFO  s.Transaction - Transaction complete with params: fromAccount Account{accountName='Vova', id=4406, balance=3778535} toAccount Account{accountName='John', id=4026, balance=7103743} sum 5767833
13:04:12.297 [pool-1-thread-1] INFO  s.Transaction - Transaction complete with params: fromAccount Account{accountName='Vasya', id=7665, balance=3244689} toAccount Account{accountName='Vova', id=4406, balance=6214280} sum 3425409
13:04:12.297 [pool-1-thread-1] WARN  s.MoneyTransfer - pool-1-thread-1 Account ID: 4114 Name: Vasya not enough sum trunsaction 6372792 have sum 3211021
13:04:12.337 [pool-1-thread-14] INFO  s.Transaction - Transaction complete with params: fromAccount Account{accountName='John', id=4026, balance=2338504} toAccount Account{accountName='John', id=6397, balance=10169699} sum 4709807
13:04:12.337 [pool-1-thread-14] WARN  s.MoneyTransfer - pool-1-thread-14 Account ID: 3944 Name: Vasya not enough sum trunsaction 7261638 have sum 1164167
13:04:12.337 [pool-1-thread-14] WARN  s.MoneyTransfer - pool-1-thread-14 Account ID: 9385 Name: Arnold not enough sum trunsaction 3132596 have sum 1074796
13:04:12.353 [pool-1-thread-9] INFO  s.Transaction - Transaction complete with params: fromAccount Account{accountName='John', id=8231, balance=7994356} toAccount Account{accountName='John', id=6716, balance=2186705} sum 1868063
13:04:12.353 [pool-1-thread-9] WARN  s.MoneyTransfer - pool-1-thread-9 Account ID: 6397 Name: John not enough sum trunsaction 204334 have sum 59259
13:04:12.353 [pool-1-thread-9] WARN  s.MoneyTransfer - pool-1-thread-9 Account ID: 4406 Name: Vova not enough sum trunsaction 9025796 have sum 1304164
13:04:12.353 [pool-1-thread-9] WARN  s.MoneyTransfer - pool-1-thread-9 Account ID: 9385 Name: Arnold not enough sum trunsaction 5933280 have sum 124910
13:04:12.353 [pool-1-thread-9] WARN  s.MoneyTransfer - pool-1-thread-9 Account ID: 6397 Name: John not enough sum trunsaction 3917399 have sum 59259
13:04:12.353 [pool-1-thread-9] WARN  s.MoneyTransfer - pool-1-thread-9 Account ID: 4406 Name: Vova not enough sum trunsaction 4813242 have sum 1304164
13:04:12.353 [pool-1-thread-9] WARN  s.MoneyTransfer - pool-1-thread-9 Account ID: 7665 Name: Vasya not enough sum trunsaction 4782889 have sum 2059001
13:04:12.417 [pool-1-thread-7] INFO  s.Transaction - Transaction complete with params: fromAccount Account{accountName='Vasya', id=7665, balance=4740296} toAccount Account{accountName='John', id=8231, balance=10403658} sum 846117
13:04:12.417 [pool-1-thread-7] WARN  s.MoneyTransfer - pool-1-thread-7 Account ID: 6716 Name: John not enough sum trunsaction 7652697 have sum 1186852
13:04:12.417 [pool-1-thread-7] WARN  s.MoneyTransfer - pool-1-thread-7 Account ID: 6716 Name: John not enough sum trunsaction 9978950 have sum 1186852
13:04:12.417 [pool-1-thread-7] WARN  s.MoneyTransfer - pool-1-thread-7 Account ID: 9385 Name: Arnold not enough sum trunsaction 1533299 have sum 124910
13:04:12.452 [pool-1-thread-8] INFO  s.Transaction - Transaction complete with params: fromAccount Account{accountName='John', id=8231, balance=3822149} toAccount Account{accountName='Arnold', id=8996, balance=978814} sum 375081
13:04:12.452 [pool-1-thread-8] WARN  s.MoneyTransfer - pool-1-thread-8 Account ID: 3944 Name: Vasya not enough sum trunsaction 7863031 have sum 3190395
13:04:12.452 [pool-1-thread-8] WARN  s.MoneyTransfer - pool-1-thread-8 Account ID: 9385 Name: Arnold not enough sum trunsaction 6544488 have sum 3551803
13:04:12.452 [pool-1-thread-8] WARN  s.MoneyTransfer - pool-1-thread-8 Account ID: 6716 Name: John not enough sum trunsaction 8286464 have sum 2861876
13:04:12.452 [pool-1-thread-8] WARN  s.MoneyTransfer - pool-1-thread-8 Account ID: 8231 Name: John not enough sum trunsaction 6846501 have sum 3822149
13:04:12.452 [pool-1-thread-8] WARN  s.MoneyTransfer - pool-1-thread-8 Account ID: 4406 Name: Vova not enough sum trunsaction 8302711 have sum 1033110
13:04:12.452 [pool-1-thread-8] WARN  s.MoneyTransfer - pool-1-thread-8 Account ID: 8996 Name: Arnold not enough sum trunsaction 2145908 have sum 978814
13:04:12.452 [pool-1-thread-8] WARN  s.MoneyTransfer - pool-1-thread-8 Account ID: 8231 Name: John not enough sum trunsaction 9232641 have sum 3822149
13:04:12.513 [pool-1-thread-19] INFO  s.Transaction - Transaction complete with params: fromAccount Account{accountName='Vasya', id=3944, balance=1411426} toAccount Account{accountName='Vasya', id=4114, balance=7695907} sum 2941117
13:04:12.553 [pool-1-thread-12] INFO  s.Transaction - Transaction complete with params: fromAccount Account{accountName='Vasya', id=3944, balance=2852705} toAccount Account{accountName='Vova', id=4406, balance=6195081} sum 3801612
13:04:12.553 [pool-1-thread-12] WARN  s.MoneyTransfer - pool-1-thread-12 Account ID: 8231 Name: John not enough sum trunsaction 7328434 have sum 4541480
13:04:12.553 [pool-1-thread-12] WARN  s.MoneyTransfer - pool-1-thread-12 Account ID: 3944 Name: Vasya not enough sum trunsaction 5163272 have sum 2852705
13:04:12.553 [pool-1-thread-12] WARN  s.MoneyTransfer - pool-1-thread-12 Account ID: 8996 Name: Arnold not enough sum trunsaction 7188585 have sum 539649
13:04:12.603 [pool-1-thread-10] INFO  s.Transaction - Transaction complete with params: fromAccount Account{accountName='Vasya', id=4114, balance=1650488} toAccount Account{accountName='John', id=6716, balance=10421880} sum 2262999
13:04:12.603 [pool-1-thread-10] WARN  s.MoneyTransfer - pool-1-thread-10 Account ID: 6397 Name: John not enough sum trunsaction 5582534 have sum 2967352
13:04:12.654 [pool-1-thread-16] INFO  s.Transaction - Transaction complete with params: fromAccount Account{accountName='Vasya', id=7665, balance=898189} toAccount Account{accountName='Arnold', id=8996, balance=8149009} sum 7609360
13:04:12.696 [pool-1-thread-11] INFO  s.Transaction - Transaction complete with params: fromAccount Account{accountName='Arnold', id=9385, balance=1085630} toAccount Account{accountName='Vasya', id=3944, balance=7172967} sum 6398883
13:04:12.696 [pool-1-thread-11] WARN  s.MoneyTransfer - pool-1-thread-11 Account ID: 9385 Name: Arnold not enough sum trunsaction 4057993 have sum 1085630
13:04:12.696 [pool-1-thread-11] WARN  s.MoneyTransfer - pool-1-thread-11 Account ID: 4406 Name: Vova not enough sum trunsaction 7129310 have sum 996523
13:04:12.696 [pool-1-thread-11] WARN  s.MoneyTransfer - pool-1-thread-11 Account ID: 6716 Name: John not enough sum trunsaction 8076582 have sum 1499697
13:04:12.696 [pool-1-thread-11] WARN  s.MoneyTransfer - pool-1-thread-11 Account ID: 6397 Name: John not enough sum trunsaction 5415283 have sum 3378076
13:04:12.696 [pool-1-thread-11] WARN  s.MoneyTransfer - pool-1-thread-11 Account ID: 8231 Name: John not enough sum trunsaction 7137321 have sum 1328138
13:04:12.696 [pool-1-thread-11] WARN  s.MoneyTransfer - pool-1-thread-11 Account ID: 6716 Name: John not enough sum trunsaction 6997509 have sum 1499697
13:04:12.696 [pool-1-thread-11] WARN  s.MoneyTransfer - pool-1-thread-11 Account ID: 6716 Name: John not enough sum trunsaction 6570299 have sum 1499697
13:04:12.696 [pool-1-thread-11] WARN  s.MoneyTransfer - pool-1-thread-11 Account ID: 8996 Name: Arnold not enough sum trunsaction 4140818 have sum 6085
13:04:12.731 [pool-1-thread-4] INFO  s.Transaction - Transaction complete with params: fromAccount Account{accountName='Vasya', id=4114, balance=2067015} toAccount Account{accountName='John', id=6397, balance=7430867} sum 2876263
13:04:12.731 [pool-1-thread-4] WARN  s.MoneyTransfer - pool-1-thread-4 Account ID: 7665 Name: Vasya not enough sum trunsaction 8959840 have sum 1132204
13:04:12.742 [pool-1-thread-13] INFO  s.Transaction - Transaction complete with params: fromAccount Account{accountName='Arnold', id=8996, balance=660485} toAccount Account{accountName='John', id=8231, balance=11178572} sum 7745548
13:04:12.742 [pool-1-thread-13] WARN  s.MoneyTransfer - pool-1-thread-13 Account ID: 6397 Name: John not enough sum trunsaction 4811004 have sum 3761919
13:04:12.742 [pool-1-thread-13] WARN  s.MoneyTransfer - pool-1-thread-13 Account ID: 6397 Name: John not enough sum trunsaction 9449265 have sum 3761919
13:04:12.742 [pool-1-thread-13] WARN  s.MoneyTransfer - pool-1-thread-13 Account ID: 6397 Name: John not enough sum trunsaction 8234184 have sum 3761919
13:04:12.742 [pool-1-thread-13] WARN  s.MoneyTransfer - pool-1-thread-13 Account ID: 4406 Name: Vova not enough sum trunsaction 5216005 have sum 798743
13:04:12.742 [pool-1-thread-13] WARN  s.MoneyTransfer - pool-1-thread-13 Account ID: 9385 Name: Arnold not enough sum trunsaction 8434593 have sum 1793929
13:04:12.742 [pool-1-thread-13] WARN  s.MoneyTransfer - pool-1-thread-13 Account ID: 4114 Name: Vasya not enough sum trunsaction 1277506 have sum 607320
13:04:12.742 [pool-1-thread-13] WARN  s.MoneyTransfer - pool-1-thread-13 Account ID: 4026 Name: John not enough sum trunsaction 7505659 have sum 5977622
13:04:12.766 [pool-1-thread-2] INFO  s.Transaction - Transaction complete with params: fromAccount Account{accountName='John', id=6716, balance=4801447} toAccount Account{accountName='Arnold', id=9385, balance=6828418} sum 2765071
13:04:12.766 [pool-1-thread-2] WARN  s.MoneyTransfer - pool-1-thread-2 Account ID: 9385 Name: Arnold not enough sum trunsaction 8826708 have sum 6828418
13:04:12.766 [pool-1-thread-2] WARN  s.MoneyTransfer - pool-1-thread-2 Account ID: 6397 Name: John not enough sum trunsaction 5461988 have sum 1495177
13:04:12.808 [pool-1-thread-17] INFO  s.Transaction - Transaction complete with params: fromAccount Account{accountName='Vasya', id=4114, balance=920984} toAccount Account{accountName='Vasya', id=3944, balance=8491911} sum 5476508
13:04:12.808 [pool-1-thread-17] WARN  s.MoneyTransfer - pool-1-thread-17 Accounts from & to are equals. Account ID: 4406
13:04:12.808 [pool-1-thread-17] WARN  s.MoneyTransfer - pool-1-thread-17 Account ID: 6716 Name: John not enough sum trunsaction 6572964 have sum 1499697
13:04:12.808 [pool-1-thread-17] WARN  s.MoneyTransfer - pool-1-thread-17 Account ID: 4114 Name: Vasya not enough sum trunsaction 3839824 have sum 920984
13:04:12.845 [pool-1-thread-1] INFO  s.Transaction - Transaction complete with params: fromAccount Account{accountName='Vasya', id=4114, balance=2734054} toAccount Account{accountName='Vasya', id=3944, balance=9607631} sum 476967
13:04:12.859 [pool-1-thread-15] INFO  s.Transaction - Transaction complete with params: fromAccount Account{accountName='Vasya', id=4114, balance=1661464} toAccount Account{accountName='John', id=6397, balance=10310931} sum 4348466
13:04:12.859 [pool-1-thread-15] WARN  s.MoneyTransfer - pool-1-thread-15 Accounts from & to are equals. Account ID: 7665
13:04:12.859 [pool-1-thread-15] WARN  s.MoneyTransfer - pool-1-thread-15 Account ID: 4406 Name: Vova not enough sum trunsaction 7907757 have sum 763033
13:04:12.859 [pool-1-thread-15] WARN  s.MoneyTransfer - pool-1-thread-15 Account ID: 8231 Name: John not enough sum trunsaction 9079773 have sum 4342337
13:04:12.875 [pool-1-thread-6] INFO  s.Transaction - Transaction complete with params: fromAccount Account{accountName='Arnold', id=9385, balance=5884309} toAccount Account{accountName='Vasya', id=4114, balance=7026507} sum 6564607
13:04:12.875 [pool-1-thread-6] WARN  s.MoneyTransfer - pool-1-thread-6 Account ID: 3944 Name: Vasya not enough sum trunsaction 7665599 have sum 2224197
13:04:12.875 [pool-1-thread-6] WARN  s.MoneyTransfer - pool-1-thread-6 Account ID: 8996 Name: Arnold not enough sum trunsaction 8169971 have sum 539649
13:04:12.875 [pool-1-thread-6] WARN  s.MoneyTransfer - pool-1-thread-6 Account ID: 8996 Name: Arnold not enough sum trunsaction 3586515 have sum 539649
13:04:12.875 [pool-1-thread-6] WARN  s.MoneyTransfer - pool-1-thread-6 Account ID: 8996 Name: Arnold not enough sum trunsaction 4951931 have sum 539649
13:04:12.977 [pool-1-thread-5] INFO  s.Transaction - Transaction complete with params: fromAccount Account{accountName='John', id=8231, balance=7429295} toAccount Account{accountName='John', id=6716, balance=10823290} sum 9560189
13:04:12.977 [pool-1-thread-5] WARN  s.MoneyTransfer - pool-1-thread-5 Account ID: 4406 Name: Vova not enough sum trunsaction 9899345 have sum 2393469
13:04:12.979 [pool-1-thread-9] INFO  s.Transaction - Transaction complete with params: fromAccount Account{accountName='Arnold', id=8996, balance=6826300} toAccount Account{accountName='John', id=6716, balance=3212207} sum 1025502
13:04:12.979 [pool-1-thread-9] WARN  s.MoneyTransfer - pool-1-thread-9 Account ID: 7665 Name: Vasya not enough sum trunsaction 4488506 have sum 2059001
13:04:13.003 [pool-1-thread-7] INFO  s.Transaction - Transaction complete with params: fromAccount Account{accountName='John', id=8231, balance=774439} toAccount Account{accountName='John', id=4026, balance=11744946} sum 9629219
13:04:13.003 [pool-1-thread-7] WARN  s.MoneyTransfer - pool-1-thread-7 Account ID: 4406 Name: Vova not enough sum trunsaction 5969175 have sum 2393469
13:04:13.060 [pool-1-thread-18] INFO  s.Transaction - Transaction complete with params: fromAccount Account{accountName='Vasya', id=7665, balance=1847472} toAccount Account{accountName='John', id=4026, balance=10189097} sum 8648173
13:04:13.060 [pool-1-thread-18] WARN  s.MoneyTransfer - pool-1-thread-18 Account ID: 8996 Name: Arnold not enough sum trunsaction 5663020 have sum 539649
13:04:13.078 [pool-1-thread-19] INFO  s.Transaction - Transaction complete with params: fromAccount Account{accountName='Arnold', id=9385, balance=3255138} toAccount Account{accountName='John', id=8231, balance=9800915} sum 8281526
13:04:13.078 [pool-1-thread-19] WARN  s.MoneyTransfer - pool-1-thread-19 Account ID: 3944 Name: Vasya not enough sum trunsaction 2734683 have sum 1411426
13:04:13.168 [pool-1-thread-12] INFO  s.Transaction - Transaction complete with params: fromAccount Account{accountName='John', id=6397, balance=4571662} toAccount Account{accountName='Vasya', id=4114, balance=4432382} sum 2872308
13:04:13.168 [pool-1-thread-12] WARN  s.MoneyTransfer - pool-1-thread-12 Account ID: 8996 Name: Arnold not enough sum trunsaction 1961827 have sum 539649
13:04:13.168 [pool-1-thread-12] WARN  s.MoneyTransfer - pool-1-thread-12 Account ID: 6716 Name: John not enough sum trunsaction 4861037 have sum 2567483
13:04:13.168 [pool-1-thread-12] WARN  s.MoneyTransfer - pool-1-thread-12 Account ID: 3944 Name: Vasya not enough sum trunsaction 8078382 have sum 2852705
13:04:13.168 [pool-1-thread-12] WARN  s.MoneyTransfer - pool-1-thread-12 Account ID: 7665 Name: Vasya not enough sum trunsaction 7387784 have sum 5785081
13:04:13.189 [pool-1-thread-8] INFO  s.Transaction - Transaction complete with params: fromAccount Account{accountName='John', id=4026, balance=2797787} toAccount Account{accountName='Arnold', id=9385, balance=4832285} sum 1280482
13:04:13.189 [pool-1-thread-8] WARN  s.MoneyTransfer - pool-1-thread-8 Account ID: 8231 Name: John not enough sum trunsaction 7891609 have sum 3822149
13:04:13.189 [pool-1-thread-8] WARN  s.MoneyTransfer - pool-1-thread-8 Account ID: 4406 Name: Vova not enough sum trunsaction 1680640 have sum 1033110
13:04:13.189 [pool-1-thread-8] WARN  s.MoneyTransfer - pool-1-thread-8 Account ID: 6716 Name: John not enough sum trunsaction 8134235 have sum 2861876
13:04:13.189 [pool-1-thread-8] WARN  s.MoneyTransfer - pool-1-thread-8 Account ID: 4026 Name: John not enough sum trunsaction 9528089 have sum 2797787
13:04:13.189 [pool-1-thread-8] WARN  s.MoneyTransfer - pool-1-thread-8 Account ID: 7665 Name: Vasya not enough sum trunsaction 4589543 have sum 3087607
13:04:13.189 [pool-1-thread-8] WARN  s.MoneyTransfer - pool-1-thread-8 Account ID: 4406 Name: Vova not enough sum trunsaction 6336550 have sum 1033110
13:04:13.230 [pool-1-thread-3] INFO  s.Transaction - Transaction complete with params: fromAccount Account{accountName='Vasya', id=4114, balance=2150527} toAccount Account{accountName='John', id=8231, balance=10188462} sum 3229903
13:04:13.262 [pool-1-thread-14] INFO  s.Transaction - Transaction complete with params: fromAccount Account{accountName='Vasya', id=7665, balance=203031} toAccount Account{accountName='John', id=4026, balance=4406850} sum 2068346
13:04:13.262 [pool-1-thread-14] WARN  s.MoneyTransfer - pool-1-thread-14 Account ID: 4114 Name: Vasya not enough sum trunsaction 5763913 have sum 5300044
13:04:13.262 [pool-1-thread-14] WARN  s.MoneyTransfer - pool-1-thread-14 Account ID: 4406 Name: Vova not enough sum trunsaction 5712480 have sum 2393469
13:04:13.262 [pool-1-thread-14] WARN  s.MoneyTransfer - pool-1-thread-14 Accounts from & to are equals. Account ID: 4406
13:04:13.306 [pool-1-thread-16] INFO  s.Transaction - Transaction complete with params: fromAccount Account{accountName='Arnold', id=8996, balance=5013858} toAccount Account{accountName='Vova', id=4406, balance=5280153} sum 3135151
13:04:13.319 [pool-1-thread-17] INFO  s.Transaction - Transaction complete with params: fromAccount Account{accountName='Vasya', id=3944, balance=570647} toAccount Account{accountName='Vasya', id=7665, balance=18524415} sum 7921264
13:04:13.319 [pool-1-thread-17] WARN  s.MoneyTransfer - pool-1-thread-17 Account ID: 4406 Name: Vova not enough sum trunsaction 8320426 have sum 2519532
13:04:13.319 [pool-1-thread-17] WARN  s.MoneyTransfer - pool-1-thread-17 Account ID: 4026 Name: John not enough sum trunsaction 8469037 have sum 101803
13:04:13.363 [pool-1-thread-13] INFO  s.Transaction - Transaction complete with params: fromAccount Account{accountName='Vova', id=4406, balance=737040} toAccount Account{accountName='John', id=6397, balance=3823622} sum 61703
13:04:13.363 [pool-1-thread-13] WARN  s.MoneyTransfer - pool-1-thread-13 Account ID: 4406 Name: Vova not enough sum trunsaction 7573649 have sum 737040
13:04:13.363 [pool-1-thread-13] WARN  s.MoneyTransfer - pool-1-thread-13 Account ID: 6397 Name: John not enough sum trunsaction 9685590 have sum 3823622
13:04:13.363 [pool-1-thread-13] WARN  s.MoneyTransfer - pool-1-thread-13 Account ID: 4406 Name: Vova not enough sum trunsaction 1772181 have sum 737040
13:04:13.400 [pool-1-thread-2] INFO  s.Transaction - Transaction complete with params: fromAccount Account{accountName='John', id=4026, balance=261978} toAccount Account{accountName='John', id=8231, balance=3012860} sum 2788391
13:04:13.400 [pool-1-thread-2] WARN  s.MoneyTransfer - pool-1-thread-2 Account ID: 4406 Name: Vova not enough sum trunsaction 5328383 have sum 945932
13:04:13.400 [pool-1-thread-2] WARN  s.MoneyTransfer - pool-1-thread-2 Account ID: 4406 Name: Vova not enough sum trunsaction 4692344 have sum 945932
13:04:13.439 [pool-1-thread-4] INFO  s.Transaction - Transaction complete with params: fromAccount Account{accountName='Vova', id=4406, balance=7171250} toAccount Account{accountName='John', id=8231, balance=6666322} sum 2347813
13:04:13.440 [pool-1-thread-11] INFO  s.Transaction - Transaction complete with params: fromAccount Account{accountName='Vasya', id=3944, balance=5454859} toAccount Account{accountName='Vasya', id=7665, balance=7484744} sum 1718108
13:04:13.453 [pool-1-thread-1] INFO  s.Transaction - Transaction complete with params: fromAccount Account{accountName='Vasya', id=4114, balance=1491675} toAccount Account{accountName='Vasya', id=7665, balance=4487068} sum 1242379
13:04:13.453 [pool-1-thread-1] WARN  s.MoneyTransfer - pool-1-thread-1 Account ID: 3944 Name: Vasya not enough sum trunsaction 9916003 have sum 9607631
13:04:13.453 [pool-1-thread-1] WARN  s.MoneyTransfer - pool-1-thread-1 Account ID: 7665 Name: Vasya not enough sum trunsaction 8160918 have sum 4487068
13:04:13.453 [pool-1-thread-1] WARN  s.MoneyTransfer - pool-1-thread-1 Account ID: 6397 Name: John not enough sum trunsaction 7866648 have sum 904696
13:04:13.453 [pool-1-thread-1] WARN  s.MoneyTransfer - pool-1-thread-1 Account ID: 6397 Name: John not enough sum trunsaction 2873721 have sum 904696
13:04:13.453 [pool-1-thread-1] WARN  s.MoneyTransfer - pool-1-thread-1 Account ID: 6397 Name: John not enough sum trunsaction 1382627 have sum 904696
13:04:13.453 [pool-1-thread-1] WARN  s.MoneyTransfer - pool-1-thread-1 Account ID: 7665 Name: Vasya not enough sum trunsaction 6350800 have sum 4487068
13:04:13.453 [pool-1-thread-1] WARN  s.MoneyTransfer - pool-1-thread-1 Account ID: 6716 Name: John not enough sum trunsaction 3539881 have sum 1856508
13:04:13.516 [pool-1-thread-9] INFO  s.Transaction - Transaction complete with params: fromAccount Account{accountName='Arnold', id=8996, balance=3749163} toAccount Account{accountName='Vasya', id=7665, balance=5136138} sum 3077137
13:04:13.516 [pool-1-thread-9] WARN  s.MoneyTransfer - pool-1-thread-9 Account ID: 6397 Name: John not enough sum trunsaction 6646304 have sum 59259
13:04:13.516 [pool-1-thread-9] WARN  s.MoneyTransfer - pool-1-thread-9 Account ID: 6716 Name: John not enough sum trunsaction 9174186 have sum 3212207
13:04:13.516 [pool-1-thread-9] WARN  s.MoneyTransfer - pool-1-thread-9 Account ID: 6716 Name: John not enough sum trunsaction 7986984 have sum 3212207
13:04:13.516 [pool-1-thread-9] WARN  s.MoneyTransfer - pool-1-thread-9 Account ID: 8996 Name: Arnold not enough sum trunsaction 7491427 have sum 3749163
13:04:13.534 [pool-1-thread-10] INFO  s.Transaction - Transaction complete with params: fromAccount Account{accountName='Arnold', id=9385, balance=2324453} toAccount Account{accountName='Arnold', id=8996, balance=2665156} sum 1467899
13:04:13.534 [pool-1-thread-10] WARN  s.MoneyTransfer - pool-1-thread-10 Account ID: 3944 Name: Vasya not enough sum trunsaction 4075157 have sum 1364567
13:04:13.534 [pool-1-thread-10] WARN  s.MoneyTransfer - pool-1-thread-10 Account ID: 4406 Name: Vova not enough sum trunsaction 7609508 have sum 288874
13:04:13.534 [pool-1-thread-10] WARN  s.MoneyTransfer - pool-1-thread-10 Account ID: 3944 Name: Vasya not enough sum trunsaction 7693809 have sum 1364567
13:04:13.534 [pool-1-thread-10] WARN  s.MoneyTransfer - pool-1-thread-10 Account ID: 7665 Name: Vasya not enough sum trunsaction 9373479 have sum 3282890
13:04:13.534 [pool-1-thread-10] WARN  s.MoneyTransfer - pool-1-thread-10 Account ID: 7665 Name: Vasya not enough sum trunsaction 8705886 have sum 3282890
13:04:13.534 [pool-1-thread-10] WARN  s.MoneyTransfer - pool-1-thread-10 Account ID: 4406 Name: Vova not enough sum trunsaction 3895487 have sum 288874
13:04:13.534 [pool-1-thread-10] WARN  s.MoneyTransfer - pool-1-thread-10 Account ID: 8996 Name: Arnold not enough sum trunsaction 6145662 have sum 2665156
13:04:13.584 [pool-1-thread-19] INFO  s.Transaction - Transaction complete with params: fromAccount Account{accountName='John', id=8231, balance=4913849} toAccount Account{accountName='John', id=6397, balance=10519391} sum 4887066
13:04:13.642 [pool-1-thread-18] INFO  s.Transaction - Transaction complete with params: fromAccount Account{accountName='John', id=6716, balance=6426710} toAccount Account{accountName='Vasya', id=4114, balance=905186} sum 836514
13:04:13.642 [pool-1-thread-18] WARN  s.MoneyTransfer - pool-1-thread-18 Account ID: 4114 Name: Vasya not enough sum trunsaction 6756862 have sum 905186
13:04:13.642 [pool-1-thread-18] WARN  s.MoneyTransfer - pool-1-thread-18 Account ID: 4406 Name: Vova not enough sum trunsaction 7259636 have sum 2393469
13:04:13.642 [pool-1-thread-18] WARN  s.MoneyTransfer - pool-1-thread-18 Account ID: 4114 Name: Vasya not enough sum trunsaction 3515257 have sum 905186
13:04:13.695 [pool-1-thread-6] INFO  s.Transaction - Transaction complete with params: fromAccount Account{accountName='Vasya', id=4114, balance=2717914} toAccount Account{accountName='Arnold', id=8996, balance=4848242} sum 4308593
13:04:13.695 [pool-1-thread-6] WARN  s.MoneyTransfer - pool-1-thread-6 Account ID: 8996 Name: Arnold not enough sum trunsaction 8928927 have sum 4848242
13:04:13.695 [pool-1-thread-6] WARN  s.MoneyTransfer - pool-1-thread-6 Account ID: 4406 Name: Vova not enough sum trunsaction 8805145 have sum 5339373
13:04:13.695 [pool-1-thread-6] WARN  s.MoneyTransfer - pool-1-thread-6 Account ID: 4406 Name: Vova not enough sum trunsaction 5541965 have sum 5339373
13:04:13.695 [pool-1-thread-6] WARN  s.MoneyTransfer - pool-1-thread-6 Account ID: 6716 Name: John not enough sum trunsaction 3881888 have sum 2578776
13:04:13.695 [pool-1-thread-6] WARN  s.MoneyTransfer - pool-1-thread-6 Account ID: 8996 Name: Arnold not enough sum trunsaction 7054661 have sum 4848242
13:04:13.695 [pool-1-thread-6] WARN  s.MoneyTransfer - pool-1-thread-6 Account ID: 3944 Name: Vasya not enough sum trunsaction 8523829 have sum 2224197
13:04:13.695 [pool-1-thread-6] WARN  s.MoneyTransfer - pool-1-thread-6 Account ID: 9385 Name: Arnold not enough sum trunsaction 9391520 have sum 5884309
13:04:13.696 [pool-1-thread-6] WARN  s.MoneyTransfer - pool-1-thread-6 Accounts from & to are equals. Account ID: 6397
13:04:13.696 [pool-1-thread-6] WARN  s.MoneyTransfer - pool-1-thread-6 Account ID: 8996 Name: Arnold not enough sum trunsaction 8055318 have sum 4848242
13:04:13.696 [pool-1-thread-6] WARN  s.MoneyTransfer - pool-1-thread-6 Account ID: 3944 Name: Vasya not enough sum trunsaction 8639697 have sum 2224197
13:04:13.742 [pool-1-thread-15] INFO  s.Transaction - Transaction complete with params: fromAccount Account{accountName='Arnold', id=9385, balance=1237860} toAccount Account{accountName='Vasya', id=3944, balance=7552647} sum 5393409
13:04:13.742 [pool-1-thread-15] WARN  s.MoneyTransfer - pool-1-thread-15 Account ID: 4406 Name: Vova not enough sum trunsaction 1742487 have sum 763033
13:04:13.742 [pool-1-thread-15] WARN  s.MoneyTransfer - pool-1-thread-15 Account ID: 4114 Name: Vasya not enough sum trunsaction 5179688 have sum 1661464
13:04:13.742 [pool-1-thread-15] WARN  s.MoneyTransfer - pool-1-thread-15 Account ID: 4406 Name: Vova not enough sum trunsaction 3996669 have sum 763033
13:04:13.742 [pool-1-thread-15] WARN  s.MoneyTransfer - pool-1-thread-15 Account ID: 4406 Name: Vova not enough sum trunsaction 6997339 have sum 763033
13:04:13.743 [pool-1-thread-7] INFO  s.Transaction - Transaction complete with params: fromAccount Account{accountName='John', id=4026, balance=7632165} toAccount Account{accountName='Vasya', id=3944, balance=5336877} sum 4112781
13:04:13.743 [pool-1-thread-7] WARN  s.MoneyTransfer - pool-1-thread-7 Account ID: 4114 Name: Vasya not enough sum trunsaction 6727916 have sum 1780906
13:04:13.743 [pool-1-thread-7] WARN  s.MoneyTransfer - pool-1-thread-7 Account ID: 4406 Name: Vova not enough sum trunsaction 7925401 have sum 2393469
13:04:13.743 [pool-1-thread-7] WARN  s.MoneyTransfer - pool-1-thread-7 Account ID: 7665 Name: Vasya not enough sum trunsaction 8442585 have sum 4740296
13:04:13.743 [pool-1-thread-7] WARN  s.MoneyTransfer - pool-1-thread-7 Account ID: 7665 Name: Vasya not enough sum trunsaction 6353702 have sum 4740296
13:04:13.791 [pool-1-thread-5] INFO  s.Transaction - Transaction complete with params: fromAccount Account{accountName='Arnold', id=8996, balance=23910} toAccount Account{accountName='John', id=4026, balance=2550103} sum 515739
13:04:13.791 [pool-1-thread-5] WARN  s.MoneyTransfer - pool-1-thread-5 Account ID: 9385 Name: Arnold not enough sum trunsaction 3622879 have sum 2561172
13:04:13.791 [pool-1-thread-5] WARN  s.MoneyTransfer - pool-1-thread-5 Account ID: 7665 Name: Vasya not enough sum trunsaction 2544197 have sum 2434621
13:04:13.791 [pool-1-thread-5] WARN  s.MoneyTransfer - pool-1-thread-5 Accounts from & to are equals. Account ID: 8231
13:04:13.923 [pool-1-thread-14] INFO  s.Transaction - Transaction complete with params: fromAccount Account{accountName='John', id=6716, balance=3990025} toAccount Account{accountName='Arnold', id=9385, balance=4258597} sum 3183801
13:04:13.923 [pool-1-thread-14] WARN  s.MoneyTransfer - pool-1-thread-14 Accounts from & to are equals. Account ID: 6397
13:04:13.923 [pool-1-thread-14] WARN  s.MoneyTransfer - pool-1-thread-14 Account ID: 4406 Name: Vova not enough sum trunsaction 8559007 have sum 2393469
13:04:13.977 [pool-1-thread-8] INFO  s.Transaction - Transaction complete with params: fromAccount Account{accountName='Vasya', id=4114, balance=6472078} toAccount Account{accountName='Vova', id=4406, balance=2981301} sum 1948191
13:04:13.977 [pool-1-thread-8] WARN  s.MoneyTransfer - pool-1-thread-8 Account ID: 3944 Name: Vasya not enough sum trunsaction 4474303 have sum 3190395
13:04:13.977 [pool-1-thread-8] WARN  s.MoneyTransfer - pool-1-thread-8 Account ID: 7665 Name: Vasya not enough sum trunsaction 7838571 have sum 3087607
13:04:13.977 [pool-1-thread-8] WARN  s.MoneyTransfer - pool-1-thread-8 Account ID: 3944 Name: Vasya not enough sum trunsaction 5245961 have sum 3190395
13:04:13.982 [pool-1-thread-13] INFO  s.Transaction - Transaction complete with params: fromAccount Account{accountName='John', id=6716, balance=2829095} toAccount Account{accountName='Vasya', id=4114, balance=4383665} sum 3776345
13:04:13.982 [pool-1-thread-13] WARN  s.MoneyTransfer - pool-1-thread-13 Account ID: 4406 Name: Vova not enough sum trunsaction 997190 have sum 737040
13:04:13.986 [pool-1-thread-3] INFO  s.Transaction - Transaction complete with params: fromAccount Account{accountName='Vova', id=4406, balance=278690} toAccount Account{accountName='John', id=4026, balance=10603588} sum 3499845
13:04:13.986 [pool-1-thread-3] WARN  s.MoneyTransfer - pool-1-thread-3 Account ID: 8996 Name: Arnold not enough sum trunsaction 5267888 have sum 2364609
13:04:14.000 [pool-1-thread-4] INFO  s.Transaction - Transaction complete with params: fromAccount Account{accountName='Vasya', id=4114, balance=147047} toAccount Account{accountName='John', id=6716, balance=6597266} sum 1919968
13:04:14.000 [pool-1-thread-4] WARN  s.MoneyTransfer - pool-1-thread-4 Account ID: 3944 Name: Vasya not enough sum trunsaction 4116789 have sum 1304259
13:04:14.031 [pool-1-thread-12] INFO  s.Transaction - Transaction complete with params: fromAccount Account{accountName='John', id=8231, balance=1784374} toAccount Account{accountName='John', id=6716, balance=5324589} sum 2757106
13:04:14.031 [pool-1-thread-12] WARN  s.MoneyTransfer - pool-1-thread-12 Account ID: 6716 Name: John not enough sum trunsaction 5326174 have sum 5324589
13:04:14.031 [pool-1-thread-12] WARN  s.MoneyTransfer - pool-1-thread-12 Account ID: 8996 Name: Arnold not enough sum trunsaction 2274897 have sum 539649
13:04:14.167 [pool-1-thread-1] INFO  s.Transaction - Transaction complete with params: fromAccount Account{accountName='Arnold', id=9385, balance=4452076} toAccount Account{accountName='Vasya', id=4114, balance=4577435} sum 3085760
13:04:14.260 [pool-1-thread-11] INFO  s.Transaction - Transaction complete with params: fromAccount Account{accountName='Vasya', id=7665, balance=4706740} toAccount Account{accountName='John', id=6716, balance=4277701} sum 2778004
13:04:14.300 [pool-1-thread-16] INFO  s.Transaction - Transaction complete with params: fromAccount Account{accountName='Vasya', id=3944, balance=3093158} toAccount Account{accountName='Arnold', id=8996, balance=5757685} sum 743827
13:04:14.307 [pool-1-thread-17] INFO  s.Transaction - Transaction complete with params: fromAccount Account{accountName='Vova', id=4406, balance=174313} toAccount Account{accountName='John', id=6716, balance=3844916} sum 2345219
13:04:14.307 [pool-1-thread-17] WARN  s.MoneyTransfer - pool-1-thread-17 Account ID: 6397 Name: John not enough sum trunsaction 5042788 have sum 3859891
13:04:14.344 [pool-1-thread-10] INFO  s.Transaction - Transaction complete with params: fromAccount Account{accountName='John', id=4026, balance=5161369} toAccount Account{accountName='John', id=8231, balance=5601983} sum 3028568
13:04:14.344 [pool-1-thread-10] WARN  s.MoneyTransfer - pool-1-thread-10 Account ID: 4114 Name: Vasya not enough sum trunsaction 6723218 have sum 1650488
13:04:14.344 [pool-1-thread-10] WARN  s.MoneyTransfer - pool-1-thread-10 Account ID: 8996 Name: Arnold not enough sum trunsaction 7707590 have sum 2665156
13:04:14.363 [pool-1-thread-15] INFO  s.Transaction - Transaction complete with params: fromAccount Account{accountName='Vasya', id=4114, balance=1089039} toAccount Account{accountName='John', id=6397, balance=10883356} sum 572425
13:04:14.382 [pool-1-thread-2] INFO  s.Transaction - Transaction complete with params: fromAccount Account{accountName='John', id=8231, balance=1353830} toAccount Account{accountName='John', id=6397, balance=3154207} sum 1659030
13:04:14.412 [pool-1-thread-9] INFO  s.Transaction - Transaction complete with params: fromAccount Account{accountName='Vasya', id=4114, balance=7356587} toAccount Account{accountName='John', id=4026, balance=1890132} sum 1333141
13:04:14.412 [pool-1-thread-9] WARN  s.MoneyTransfer - pool-1-thread-9 Account ID: 6397 Name: John not enough sum trunsaction 8074478 have sum 59259
13:04:14.442 [pool-1-thread-14] INFO  s.Transaction - Transaction complete with params: fromAccount Account{accountName='Vasya', id=4114, balance=1774233} toAccount Account{accountName='John', id=6716, balance=7515836} sum 3525811
13:04:14.442 [pool-1-thread-14] WARN  s.MoneyTransfer - pool-1-thread-14 Account ID: 8996 Name: Arnold not enough sum trunsaction 4338854 have sum 706473
13:04:14.458 [pool-1-thread-7] INFO  s.Transaction - Transaction complete with params: fromAccount Account{accountName='Vova', id=4406, balance=531646} toAccount Account{accountName='John', id=8231, balance=2636262} sum 1861823
13:04:14.458 [pool-1-thread-7] WARN  s.MoneyTransfer - pool-1-thread-7 Account ID: 4406 Name: Vova not enough sum trunsaction 991630 have sum 531646
13:04:14.482 [pool-1-thread-5] INFO  s.Transaction - Transaction complete with params: fromAccount Account{accountName='Arnold', id=9385, balance=419003} toAccount Account{accountName='Arnold', id=8996, balance=2166079} sum 2142169
13:04:14.499 [pool-1-thread-19] INFO  s.Transaction - Transaction complete with params: fromAccount Account{accountName='John', id=6397, balance=1610970} toAccount Account{accountName='Vova', id=4406, balance=10094227} sum 8908421
13:04:14.537 [pool-1-thread-18] INFO  s.Transaction - Transaction complete with params: fromAccount Account{accountName='John', id=4026, balance=9818677} toAccount Account{accountName='Arnold', id=9385, balance=464339} sum 370420
13:04:14.563 [pool-1-thread-3] INFO  s.Transaction - Transaction complete with params: fromAccount Account{accountName='John', id=8231, balance=7623952} toAccount Account{accountName='John', id=6716, balance=5978633} sum 2564510
13:04:14.586 [pool-1-thread-6] INFO  s.Transaction - Transaction complete with params: fromAccount Account{accountName='John', id=6397, balance=1041207} toAccount Account{accountName='Vasya', id=4114, balance=5039079} sum 2321165
13:04:14.586 [pool-1-thread-6] WARN  s.MoneyTransfer - pool-1-thread-6 Account ID: 7665 Name: Vasya not enough sum trunsaction 6840062 have sum 5356919
13:04:14.586 [pool-1-thread-6] WARN  s.MoneyTransfer - pool-1-thread-6 Account ID: 3944 Name: Vasya not enough sum trunsaction 7224126 have sum 2224197
13:04:14.586 [pool-1-thread-6] WARN  s.MoneyTransfer - pool-1-thread-6 Account ID: 6397 Name: John not enough sum trunsaction 8204886 have sum 1041207
13:04:14.586 [pool-1-thread-6] WARN  s.MoneyTransfer - pool-1-thread-6 Accounts from & to are equals. Account ID: 8996
13:04:14.586 [pool-1-thread-6] WARN  s.MoneyTransfer - pool-1-thread-6 Account ID: 4026 Name: John not enough sum trunsaction 5883362 have sum 2419692
13:04:14.687 [pool-1-thread-4] INFO  s.Transaction - Transaction complete with params: fromAccount Account{accountName='John', id=8231, balance=2731836} toAccount Account{accountName='John', id=6716, balance=10531752} sum 3934486
13:04:14.694 [pool-1-thread-8] INFO  s.Transaction - Transaction complete with params: fromAccount Account{accountName='John', id=4026, balance=2502297} toAccount Account{accountName='Arnold', id=8996, balance=1274304} sum 295490
13:04:14.705 [pool-1-thread-12] INFO  s.Transaction - Transaction complete with params: fromAccount Account{accountName='John', id=6397, balance=4208362} toAccount Account{accountName='Vova', id=4406, balance=6558381} sum 363300
13:04:14.705 [pool-1-thread-12] WARN  s.MoneyTransfer - pool-1-thread-12 Account ID: 4406 Name: Vova not enough sum trunsaction 9102384 have sum 6558381
13:04:14.705 [pool-1-thread-12] WARN  s.MoneyTransfer - pool-1-thread-12 Account ID: 7665 Name: Vasya not enough sum trunsaction 9926933 have sum 5785081
13:04:14.837 [pool-1-thread-17] INFO  s.Transaction - Transaction complete with params: fromAccount Account{accountName='Vova', id=4406, balance=34761} toAccount Account{accountName='Vasya', id=4114, balance=1060536} sum 139552
13:04:14.837 [pool-1-thread-17] WARN  s.MoneyTransfer - pool-1-thread-17 Account ID: 4406 Name: Vova not enough sum trunsaction 1518304 have sum 34761
13:04:14.868 [pool-1-thread-16] INFO  s.Transaction - Transaction complete with params: fromAccount Account{accountName='Arnold', id=9385, balance=2819270} toAccount Account{accountName='John', id=6716, balance=2748930} sum 2326982
13:04:14.898 [pool-1-thread-10] INFO  s.Transaction - Transaction complete with params: fromAccount Account{accountName='Vasya', id=7665, balance=2525666} toAccount Account{accountName='Vasya', id=3944, balance=2121791} sum 757224
13:04:14.938 [pool-1-thread-13] INFO  s.Transaction - Transaction complete with params: fromAccount Account{accountName='John', id=6397, balance=1133906} toAccount Account{accountName='John', id=6716, balance=5518811} sum 2689716
13:04:14.938 [pool-1-thread-13] WARN  s.MoneyTransfer - pool-1-thread-13 Account ID: 6716 Name: John not enough sum trunsaction 6586173 have sum 5518811
13:04:15.013 [pool-1-thread-1] INFO  s.Transaction - Transaction complete with params: fromAccount Account{accountName='Arnold', id=9385, balance=2351913} toAccount Account{accountName='Vasya', id=7665, balance=6587231} sum 2100163
13:04:15.016 [pool-1-thread-19] INFO  s.Transaction - Transaction complete with params: fromAccount Account{accountName='Arnold', id=9385, balance=2995496} toAccount Account{accountName='Arnold', id=8996, balance=799291} sum 259642
13:04:15.016 [pool-1-thread-19] WARN  s.MoneyTransfer - pool-1-thread-19 Account ID: 7665 Name: Vasya not enough sum trunsaction 6213789 have sum 4441101
13:04:15.016 [pool-1-thread-19] WARN  s.MoneyTransfer - pool-1-thread-19 Accounts from & to are equals. Account ID: 4114
13:04:15.201 [pool-1-thread-2] INFO  s.Transaction - Transaction complete with params: fromAccount Account{accountName='Vasya', id=4114, balance=2589849} toAccount Account{accountName='Arnold', id=8996, balance=10782746} sum 2042313
13:04:15.201 [pool-1-thread-2] WARN  s.MoneyTransfer - pool-1-thread-2 Account ID: 6397 Name: John not enough sum trunsaction 4487088 have sum 3154207
13:04:15.201 [pool-1-thread-2] WARN  s.MoneyTransfer - pool-1-thread-2 Account ID: 4026 Name: John not enough sum trunsaction 8120766 have sum 261978
13:04:15.201 [pool-1-thread-2] WARN  s.MoneyTransfer - pool-1-thread-2 Account ID: 6716 Name: John not enough sum trunsaction 7254147 have sum 4801447
13:04:15.220 [pool-1-thread-7] INFO  s.Transaction - Transaction complete with params: fromAccount Account{accountName='John', id=6397, balance=8112808} toAccount Account{accountName='John', id=6716, balance=4213330} sum 3026478
13:04:15.220 [pool-1-thread-7] WARN  s.MoneyTransfer - pool-1-thread-7 Account ID: 8996 Name: Arnold not enough sum trunsaction 3513133 have sum 619812
13:04:15.220 [pool-1-thread-7] WARN  s.MoneyTransfer - pool-1-thread-7 Account ID: 9385 Name: Arnold not enough sum trunsaction 6214660 have sum 124910
13:04:15.220 [pool-1-thread-7] WARN  s.MoneyTransfer - pool-1-thread-7 Account ID: 8996 Name: Arnold not enough sum trunsaction 9571615 have sum 619812
13:04:15.223 [pool-1-thread-14] INFO  s.Transaction - Transaction complete with params: fromAccount Account{accountName='John', id=8231, balance=2666744} toAccount Account{accountName='Vasya', id=7665, balance=672944} sum 469913
13:04:15.223 [pool-1-thread-14] WARN  s.MoneyTransfer - pool-1-thread-14 Account ID: 8231 Name: John not enough sum trunsaction 6399553 have sum 2666744
13:04:15.223 [pool-1-thread-14] WARN  s.MoneyTransfer - pool-1-thread-14 Account ID: 8996 Name: Arnold not enough sum trunsaction 2598287 have sum 706473
13:04:15.223 [pool-1-thread-14] WARN  s.MoneyTransfer - pool-1-thread-14 Account ID: 4114 Name: Vasya not enough sum trunsaction 7876321 have sum 1774233
13:04:15.223 [pool-1-thread-14] WARN  s.MoneyTransfer - pool-1-thread-14 Account ID: 4406 Name: Vova not enough sum trunsaction 7986079 have sum 2393469
13:04:15.223 [pool-1-thread-14] WARN  s.MoneyTransfer - pool-1-thread-14 Account ID: 9385 Name: Arnold not enough sum trunsaction 4435375 have sum 4258597
13:04:15.223 [pool-1-thread-14] WARN  s.MoneyTransfer - pool-1-thread-14 Account ID: 7665 Name: Vasya not enough sum trunsaction 4219583 have sum 672944
13:04:15.223 [pool-1-thread-14] WARN  s.MoneyTransfer - pool-1-thread-14 Account ID: 6716 Name: John not enough sum trunsaction 8703464 have sum 7515836
13:04:15.227 [pool-1-thread-11] INFO  s.Transaction - Transaction complete with params: fromAccount Account{accountName='Arnold', id=9385, balance=958867} toAccount Account{accountName='John', id=6397, balance=3504839} sum 126763
13:04:15.227 [pool-1-thread-11] WARN  s.MoneyTransfer - pool-1-thread-11 Account ID: 4026 Name: John not enough sum trunsaction 8102859 have sum 3835926
13:04:15.285 [pool-1-thread-8] INFO  s.Transaction - Transaction complete with params: fromAccount Account{accountName='Vasya', id=4114, balance=2333210} toAccount Account{accountName='Vasya', id=7665, balance=7226475} sum 4138868
13:04:15.285 [pool-1-thread-8] WARN  s.MoneyTransfer - pool-1-thread-8 Account ID: 4406 Name: Vova not enough sum trunsaction 9505381 have sum 2981301
13:04:15.285 [pool-1-thread-8] WARN  s.MoneyTransfer - pool-1-thread-8 Account ID: 6397 Name: John not enough sum trunsaction 7111608 have sum 4704720
13:04:15.285 [pool-1-thread-8] WARN  s.MoneyTransfer - pool-1-thread-8 Account ID: 6397 Name: John not enough sum trunsaction 8218185 have sum 4704720
13:04:15.285 [pool-1-thread-8] WARN  s.MoneyTransfer - pool-1-thread-8 Account ID: 8996 Name: Arnold not enough sum trunsaction 2927198 have sum 1274304
13:04:15.285 [pool-1-thread-8] WARN  s.MoneyTransfer - pool-1-thread-8 Account ID: 6716 Name: John not enough sum trunsaction 5821933 have sum 2861876
13:04:15.285 [pool-1-thread-8] WARN  s.MoneyTransfer - pool-1-thread-8 Account ID: 8231 Name: John not enough sum trunsaction 7673695 have sum 3822149
13:04:15.292 [pool-1-thread-3] INFO  s.Transaction - Transaction complete with params: fromAccount Account{accountName='Vasya', id=4114, balance=334376} toAccount Account{accountName='Vasya', id=3944, balance=3120410} sum 1816151
13:04:15.333 [pool-1-thread-9] INFO  s.Transaction - Transaction complete with params: fromAccount Account{accountName='John', id=8231, balance=1211355} toAccount Account{accountName='Vova', id=4406, balance=8087165} sum 6783001
13:04:15.333 [pool-1-thread-9] WARN  s.MoneyTransfer - pool-1-thread-9 Account ID: 6397 Name: John not enough sum trunsaction 3351717 have sum 59259
13:04:15.333 [pool-1-thread-9] WARN  s.MoneyTransfer - pool-1-thread-9 Account ID: 8231 Name: John not enough sum trunsaction 9629253 have sum 1211355
13:04:15.333 [pool-1-thread-9] WARN  s.MoneyTransfer - pool-1-thread-9 Account ID: 7665 Name: Vasya not enough sum trunsaction 6915294 have sum 5136138
13:04:15.335 [pool-1-thread-15] INFO  s.Transaction - Transaction complete with params: fromAccount Account{accountName='Vasya', id=3944, balance=1331562} toAccount Account{accountName='Vasya', id=4114, balance=7310124} sum 6221085
13:04:15.335 [pool-1-thread-15] WARN  s.MoneyTransfer - pool-1-thread-15 Account ID: 8996 Name: Arnold not enough sum trunsaction 8154389 have sum 539649
13:04:15.335 [pool-1-thread-15] WARN  s.MoneyTransfer - pool-1-thread-15 Account ID: 8996 Name: Arnold not enough sum trunsaction 6813854 have sum 539649
13:04:15.335 [pool-1-thread-15] WARN  s.MoneyTransfer - pool-1-thread-15 Accounts from & to are equals. Account ID: 6397
13:04:15.335 [pool-1-thread-15] WARN  s.MoneyTransfer - pool-1-thread-15 Account ID: 4026 Name: John not enough sum trunsaction 9821992 have sum 1808778
13:04:15.335 [pool-1-thread-15] WARN  s.MoneyTransfer - pool-1-thread-15 Account ID: 6716 Name: John not enough sum trunsaction 7130406 have sum 1499697
13:04:15.341 [pool-1-thread-6] INFO  s.Transaction - Transaction complete with params: fromAccount Account{accountName='Vasya', id=3944, balance=545849} toAccount Account{accountName='Arnold', id=9385, balance=7562657} sum 1678348
13:04:15.356 [pool-1-thread-5] INFO  s.Transaction - Transaction complete with params: fromAccount Account{accountName='John', id=6716, balance=8099983} toAccount Account{accountName='John', id=4026, balance=5273410} sum 2723307
13:04:15.520 [pool-1-thread-12] INFO  s.Transaction - Transaction complete with params: fromAccount Account{accountName='Vasya', id=3944, balance=1732919} toAccount Account{accountName='Vasya', id=7665, balance=6904867} sum 1119786
13:04:15.520 [pool-1-thread-12] WARN  s.MoneyTransfer - pool-1-thread-12 Accounts from & to are equals. Account ID: 7665
13:04:15.520 [pool-1-thread-12] WARN  s.MoneyTransfer - pool-1-thread-12 Account ID: 8996 Name: Arnold not enough sum trunsaction 9416223 have sum 539649
13:04:15.530 [pool-1-thread-4] INFO  s.Transaction - Transaction complete with params: fromAccount Account{accountName='Vasya', id=3944, balance=1210835} toAccount Account{accountName='Arnold', id=8996, balance=633073} sum 93424
13:04:15.530 [pool-1-thread-4] WARN  s.MoneyTransfer - pool-1-thread-4 Account ID: 8231 Name: John not enough sum trunsaction 3550307 have sum 2731836
13:04:15.533 [pool-1-thread-18] INFO  s.Transaction - Transaction complete with params: fromAccount Account{accountName='John', id=4026, balance=1908208} toAccount Account{accountName='Vasya', id=7665, balance=9757941} sum 7910469
13:04:15.533 [pool-1-thread-18] WARN  s.MoneyTransfer - pool-1-thread-18 Account ID: 4114 Name: Vasya not enough sum trunsaction 6825717 have sum 905186
13:04:15.609 [pool-1-thread-17] INFO  s.Transaction - Transaction complete with params: fromAccount Account{accountName='John', id=8231, balance=3755684} toAccount Account{accountName='Arnold', id=8996, balance=3851449} sum 1042733
13:04:15.609 [pool-1-thread-17] WARN  s.MoneyTransfer - pool-1-thread-17 Account ID: 4406 Name: Vova not enough sum trunsaction 5215047 have sum 34761
13:04:15.735 [pool-1-thread-13] INFO  s.Transaction - Transaction complete with params: fromAccount Account{accountName='Vasya', id=7665, balance=659448} toAccount Account{accountName='Vova', id=4406, balance=3579141} sum 2842101
13:04:15.749 [pool-1-thread-19] INFO  s.Transaction - Transaction complete with params: fromAccount Account{accountName='Vasya', id=3944, balance=1323221} toAccount Account{accountName='Vasya', id=4114, balance=7784112} sum 88205
13:04:15.749 [pool-1-thread-19] WARN  s.MoneyTransfer - pool-1-thread-19 Accounts from & to are equals. Account ID: 9385
13:04:15.749 [pool-1-thread-19] WARN  s.MoneyTransfer - pool-1-thread-19 Account ID: 4026 Name: John not enough sum trunsaction 8374184 have sum 267048
13:04:15.749 [pool-1-thread-19] WARN  s.MoneyTransfer - pool-1-thread-19 Account ID: 3944 Name: Vasya not enough sum trunsaction 9821917 have sum 1323221
13:04:15.749 [pool-1-thread-19] WARN  s.MoneyTransfer - pool-1-thread-19 Account ID: 7665 Name: Vasya not enough sum trunsaction 5297685 have sum 4441101
13:04:15.749 [pool-1-thread-19] WARN  s.MoneyTransfer - pool-1-thread-19 Account ID: 3944 Name: Vasya not enough sum trunsaction 5317132 have sum 1323221
13:04:15.751 [pool-1-thread-16] INFO  s.Transaction - Transaction complete with params: fromAccount Account{accountName='Vasya', id=4114, balance=5841995} toAccount Account{accountName='John', id=6716, balance=7470855} sum 4721925
13:04:15.751 [pool-1-thread-16] WARN  s.MoneyTransfer - pool-1-thread-16 Account ID: 4114 Name: Vasya not enough sum trunsaction 6331318 have sum 5841995
13:04:15.751 [pool-1-thread-11] INFO  s.Transaction - Transaction complete with params: fromAccount Account{accountName='John', id=6397, balance=442795} toAccount Account{accountName='John', id=4026, balance=6897970} sum 3062044
13:04:15.751 [pool-1-thread-16] WARN  s.MoneyTransfer - pool-1-thread-16 Account ID: 7665 Name: Vasya not enough sum trunsaction 7690283 have sum 898189
13:04:15.751 [pool-1-thread-11] WARN  s.MoneyTransfer - pool-1-thread-11 Accounts from & to are equals. Account ID: 6716
13:04:15.816 [pool-1-thread-10] INFO  s.Transaction - Transaction complete with params: fromAccount Account{accountName='John', id=4026, balance=148071} toAccount Account{accountName='Vasya', id=7665, balance=7538964} sum 5013298
13:04:15.846 [pool-1-thread-3] INFO  s.Transaction - Transaction complete with params: fromAccount Account{accountName='John', id=4026, balance=6519749} toAccount Account{accountName='Vasya', id=4114, balance=4418215} sum 4083839
13:04:15.869 [pool-1-thread-5] INFO  s.Transaction - Transaction complete with params: fromAccount Account{accountName='John', id=6716, balance=2852520} toAccount Account{accountName='Vasya', id=4114, balance=7074704} sum 5247463
13:04:15.869 [pool-1-thread-5] WARN  s.MoneyTransfer - pool-1-thread-5 Account ID: 6716 Name: John not enough sum trunsaction 5899164 have sum 2852520
13:04:15.869 [pool-1-thread-5] WARN  s.MoneyTransfer - pool-1-thread-5 Account ID: 4026 Name: John not enough sum trunsaction 5402912 have sum 5273410
13:04:15.869 [pool-1-thread-5] WARN  s.MoneyTransfer - pool-1-thread-5 Account ID: 6397 Name: John not enough sum trunsaction 7959763 have sum 4381652
13:04:15.913 [pool-1-thread-9] INFO  s.Transaction - Transaction complete with params: fromAccount Account{accountName='Vasya', id=3944, balance=880481} toAccount Account{accountName='Arnold', id=8996, balance=7770778} sum 4021615
13:04:15.913 [pool-1-thread-9] WARN  s.MoneyTransfer - pool-1-thread-9 Account ID: 8231 Name: John not enough sum trunsaction 8307239 have sum 1211355
13:04:15.913 [pool-1-thread-9] WARN  s.MoneyTransfer - pool-1-thread-9 Account ID: 3944 Name: Vasya not enough sum trunsaction 6360099 have sum 880481
13:04:15.913 [pool-1-thread-9] WARN  s.MoneyTransfer - pool-1-thread-9 Account ID: 3944 Name: Vasya not enough sum trunsaction 2633541 have sum 880481
13:04:15.940 [pool-1-thread-7] INFO  s.Transaction - Transaction complete with params: fromAccount Account{accountName='John', id=6397, balance=1995403} toAccount Account{accountName='Vasya', id=7665, balance=10857701} sum 6117405
13:04:15.940 [pool-1-thread-7] WARN  s.MoneyTransfer - pool-1-thread-7 Account ID: 9385 Name: Arnold not enough sum trunsaction 7913763 have sum 124910
13:04:15.940 [pool-1-thread-7] WARN  s.MoneyTransfer - pool-1-thread-7 Account ID: 8231 Name: John not enough sum trunsaction 3429874 have sum 2636262
13:04:15.966 [pool-1-thread-1] INFO  s.Transaction - Transaction complete with params: fromAccount Account{accountName='Arnold', id=8996, balance=167970} toAccount Account{accountName='Vasya', id=4114, balance=4642348} sum 64913
13:04:15.972 [pool-1-thread-6] INFO  s.Transaction - Transaction complete with params: fromAccount Account{accountName='Vova', id=4406, balance=2160396} toAccount Account{accountName='John', id=6716, balance=5757753} sum 3178977
13:04:15.972 [pool-1-thread-6] WARN  s.MoneyTransfer - pool-1-thread-6 Account ID: 8231 Name: John not enough sum trunsaction 5131236 have sum 997218
13:04:16.036 [pool-1-thread-14] INFO  s.Transaction - Transaction complete with params: fromAccount Account{accountName='John', id=6397, balance=2216115} toAccount Account{accountName='Vova', id=4406, balance=10347053} sum 7953584
13:04:16.036 [pool-1-thread-14] WARN  s.MoneyTransfer - pool-1-thread-14 Account ID: 6397 Name: John not enough sum trunsaction 8869961 have sum 2216115
13:04:16.189 [pool-1-thread-2] INFO  s.Transaction - Transaction complete with params: fromAccount Account{accountName='Arnold', id=8996, balance=4353985} toAccount Account{accountName='Vasya', id=7665, balance=10007152} sum 6428761
13:04:16.215 [pool-1-thread-12] INFO  s.Transaction - Transaction complete with params: fromAccount Account{accountName='Vova', id=4406, balance=2051489} toAccount Account{accountName='Vasya', id=3944, balance=6239811} sum 4506892
13:04:16.218 [pool-1-thread-8] INFO  s.Transaction - Transaction complete with params: fromAccount Account{accountName='Arnold', id=9385, balance=3025504} toAccount Account{accountName='Arnold', id=8996, balance=3081085} sum 1806781
13:04:16.218 [pool-1-thread-8] WARN  s.MoneyTransfer - pool-1-thread-8 Account ID: 9385 Name: Arnold not enough sum trunsaction 3508540 have sum 3025504
13:04:16.218 [pool-1-thread-8] WARN  s.MoneyTransfer - pool-1-thread-8 Account ID: 9385 Name: Arnold not enough sum trunsaction 6195831 have sum 3025504
13:04:16.242 [pool-1-thread-4] INFO  s.Transaction - Transaction complete with params: fromAccount Account{accountName='John', id=6716, balance=763576} toAccount Account{accountName='Vasya', id=7665, balance=10900380} sum 9768176
13:04:16.244 [pool-1-thread-15] INFO  s.Transaction - Transaction complete with params: fromAccount Account{accountName='John', id=8231, balance=2053650} toAccount Account{accountName='Vasya', id=7665, balance=8301303} sum 2288687
13:04:16.244 [pool-1-thread-15] WARN  s.MoneyTransfer - pool-1-thread-15 Account ID: 4406 Name: Vova not enough sum trunsaction 9007350 have sum 763033
13:04:16.244 [pool-1-thread-15] WARN  s.MoneyTransfer - pool-1-thread-15 Account ID: 4406 Name: Vova not enough sum trunsaction 6209176 have sum 763033
13:04:16.244 [pool-1-thread-15] WARN  s.MoneyTransfer - pool-1-thread-15 Account ID: 8996 Name: Arnold not enough sum trunsaction 7298608 have sum 539649
13:04:16.244 [pool-1-thread-15] WARN  s.MoneyTransfer - pool-1-thread-15 Account ID: 4026 Name: John not enough sum trunsaction 8540766 have sum 1808778
13:04:16.244 [pool-1-thread-15] WARN  s.MoneyTransfer - pool-1-thread-15 Account ID: 4406 Name: Vova not enough sum trunsaction 1852941 have sum 763033
13:04:16.244 [pool-1-thread-15] WARN  s.MoneyTransfer - pool-1-thread-15 Account ID: 6716 Name: John not enough sum trunsaction 3161564 have sum 1499697
13:04:16.259 [pool-1-thread-13] INFO  s.Transaction - Transaction complete with params: fromAccount Account{accountName='John', id=6716, balance=2937426} toAccount Account{accountName='Vasya', id=4114, balance=6965050} sum 2581385
13:04:16.259 [pool-1-thread-13] WARN  s.MoneyTransfer - pool-1-thread-13 Account ID: 8996 Name: Arnold not enough sum trunsaction 8605990 have sum 660485
13:04:16.377 [pool-1-thread-11] INFO  s.Transaction - Transaction complete with params: fromAccount Account{accountName='Vasya', id=4114, balance=5199028} toAccount Account{accountName='John', id=4026, balance=12358276} sum 5460306
13:04:16.377 [pool-1-thread-11] WARN  s.MoneyTransfer - pool-1-thread-11 Account ID: 4114 Name: Vasya not enough sum trunsaction 8875393 have sum 5199028
13:04:16.377 [pool-1-thread-11] WARN  s.MoneyTransfer - pool-1-thread-11 Account ID: 8996 Name: Arnold not enough sum trunsaction 493047 have sum 6085
13:04:16.400 [pool-1-thread-5] INFO  s.Transaction - Transaction complete with params: fromAccount Account{accountName='John', id=6397, balance=2386805} toAccount Account{accountName='Vasya', id=7665, balance=4429468} sum 1994847
13:04:16.400 [pool-1-thread-5] WARN  s.MoneyTransfer - pool-1-thread-5 Account ID: 8996 Name: Arnold not enough sum trunsaction 6559563 have sum 2166079
13:04:16.400 [pool-1-thread-5] WARN  s.MoneyTransfer - pool-1-thread-5 Account ID: 4406 Name: Vova not enough sum trunsaction 5570040 have sum 2393469
13:04:16.400 [pool-1-thread-5] WARN  s.MoneyTransfer - pool-1-thread-5 Accounts from & to are equals. Account ID: 6716
13:04:16.433 [pool-1-thread-18] INFO  s.Transaction - Transaction complete with params: fromAccount Account{accountName='John', id=8231, balance=7169382} toAccount Account{accountName='John', id=6397, balance=4859869} sum 1154919
13:04:16.450 [pool-1-thread-19] INFO  s.Transaction - Transaction complete with params: fromAccount Account{accountName='Vova', id=4406, balance=1619561} toAccount Account{accountName='John', id=6397, balance=10085636} sum 8474666
13:04:16.450 [pool-1-thread-19] WARN  s.MoneyTransfer - pool-1-thread-19 Account ID: 4026 Name: John not enough sum trunsaction 7764449 have sum 267048
13:04:16.482 [pool-1-thread-3] INFO  s.Transaction - Transaction complete with params: fromAccount Account{accountName='John', id=4026, balance=5800238} toAccount Account{accountName='Vasya', id=3944, balance=3839921} sum 719511
13:04:16.482 [pool-1-thread-3] WARN  s.MoneyTransfer - pool-1-thread-3 Account ID: 6716 Name: John not enough sum trunsaction 8277016 have sum 5978633
13:04:16.482 [pool-1-thread-3] WARN  s.MoneyTransfer - pool-1-thread-3 Account ID: 6716 Name: John not enough sum trunsaction 6519077 have sum 5978633
13:04:16.482 [pool-1-thread-3] WARN  s.MoneyTransfer - pool-1-thread-3 Account ID: 4026 Name: John not enough sum trunsaction 8559158 have sum 5800238
13:04:16.482 [pool-1-thread-3] WARN  s.MoneyTransfer - pool-1-thread-3 Account ID: 3944 Name: Vasya not enough sum trunsaction 5587956 have sum 3839921
13:04:16.482 [pool-1-thread-3] WARN  s.MoneyTransfer - pool-1-thread-3 Account ID: 3944 Name: Vasya not enough sum trunsaction 8562471 have sum 3839921
13:04:16.487 [pool-1-thread-17] INFO  s.Transaction - Transaction complete with params: fromAccount Account{accountName='John', id=6397, balance=2127656} toAccount Account{accountName='John', id=6716, balance=5577151} sum 1732235
13:04:16.487 [pool-1-thread-17] WARN  s.MoneyTransfer - pool-1-thread-17 Account ID: 8996 Name: Arnold not enough sum trunsaction 4070025 have sum 3851449
13:04:16.487 [pool-1-thread-17] WARN  s.MoneyTransfer - pool-1-thread-17 Account ID: 4026 Name: John not enough sum trunsaction 668709 have sum 101803
13:04:16.487 [pool-1-thread-17] WARN  s.MoneyTransfer - pool-1-thread-17 Account ID: 4406 Name: Vova not enough sum trunsaction 900883 have sum 34761
13:04:16.487 [pool-1-thread-17] WARN  s.MoneyTransfer - pool-1-thread-17 Account ID: 9385 Name: Arnold not enough sum trunsaction 2984852 have sum 124910
13:04:16.487 [pool-1-thread-17] WARN  s.MoneyTransfer - pool-1-thread-17 Account ID: 4026 Name: John not enough sum trunsaction 7295728 have sum 101803
13:04:16.487 [pool-1-thread-17] WARN  s.MoneyTransfer - pool-1-thread-17 Account ID: 8231 Name: John not enough sum trunsaction 9317394 have sum 3755684
13:04:16.487 [pool-1-thread-17] WARN  s.MoneyTransfer - pool-1-thread-17 Account ID: 3944 Name: Vasya not enough sum trunsaction 2547805 have sum 570647
13:04:16.487 [pool-1-thread-17] WARN  s.MoneyTransfer - pool-1-thread-17 Account ID: 8231 Name: John not enough sum trunsaction 7858311 have sum 3755684
13:04:16.487 [pool-1-thread-17] WARN  s.MoneyTransfer - pool-1-thread-17 Account ID: 8231 Name: John not enough sum trunsaction 8023313 have sum 3755684
13:04:16.487 [pool-1-thread-17] WARN  s.MoneyTransfer - pool-1-thread-17 Account ID: 4114 Name: Vasya not enough sum trunsaction 1610347 have sum 1060536
13:04:16.487 [pool-1-thread-17] WARN  s.MoneyTransfer - pool-1-thread-17 Account ID: 8231 Name: John not enough sum trunsaction 6563393 have sum 3755684
13:04:16.591 [pool-1-thread-7] INFO  s.Transaction - Transaction complete with params: fromAccount Account{accountName='Vasya', id=4114, balance=1285092} toAccount Account{accountName='Vasya', id=7665, balance=11353515} sum 495814
13:04:16.591 [pool-1-thread-7] WARN  s.MoneyTransfer - pool-1-thread-7 Account ID: 9385 Name: Arnold not enough sum trunsaction 8510896 have sum 124910
13:04:16.591 [pool-1-thread-7] WARN  s.MoneyTransfer - pool-1-thread-7 Account ID: 6716 Name: John not enough sum trunsaction 6824523 have sum 4213330
13:04:16.591 [pool-1-thread-7] WARN  s.MoneyTransfer - pool-1-thread-7 Account ID: 9385 Name: Arnold not enough sum trunsaction 5550113 have sum 124910
13:04:16.615 [pool-1-thread-9] INFO  s.Transaction - Transaction complete with params: fromAccount Account{accountName='Vasya', id=7665, balance=4495564} toAccount Account{accountName='John', id=6397, balance=699833} sum 640574
13:04:16.615 [pool-1-thread-9] WARN  s.MoneyTransfer - pool-1-thread-9 Account ID: 6716 Name: John not enough sum trunsaction 5633832 have sum 3212207
13:04:16.615 [pool-1-thread-9] WARN  s.MoneyTransfer - pool-1-thread-9 Account ID: 9385 Name: Arnold not enough sum trunsaction 9869411 have sum 124910
13:04:16.615 [pool-1-thread-9] WARN  s.MoneyTransfer - pool-1-thread-9 Account ID: 6716 Name: John not enough sum trunsaction 4603093 have sum 3212207
13:04:16.615 [pool-1-thread-9] WARN  s.MoneyTransfer - pool-1-thread-9 Account ID: 4026 Name: John not enough sum trunsaction 6816051 have sum 1890132
13:04:16.615 [pool-1-thread-9] WARN  s.MoneyTransfer - pool-1-thread-9 Account ID: 9385 Name: Arnold not enough sum trunsaction 8940479 have sum 124910
13:04:16.678 [pool-1-thread-16] INFO  s.Transaction - Transaction complete with params: fromAccount Account{accountName='Vasya', id=4114, balance=2919081} toAccount Account{accountName='Vasya', id=7665, balance=3821103} sum 2922914
13:04:16.683 [pool-1-thread-6] INFO  s.Transaction - Transaction complete with params: fromAccount Account{accountName='Arnold', id=9385, balance=7193991} toAccount Account{accountName='Vasya', id=4114, balance=5407745} sum 368666
13:04:16.683 [pool-1-thread-6] WARN  s.MoneyTransfer - pool-1-thread-6 Account ID: 3944 Name: Vasya not enough sum trunsaction 3790390 have sum 545849
13:04:16.716 [pool-1-thread-10] INFO  s.Transaction - Transaction complete with params: fromAccount Account{accountName='John', id=6397, balance=1859398} toAccount Account{accountName='Vova', id=4406, balance=1396828} sum 1107954
13:04:16.716 [pool-1-thread-10] WARN  s.MoneyTransfer - pool-1-thread-10 Account ID: 4114 Name: Vasya not enough sum trunsaction 8129739 have sum 1650488
13:04:16.729 [pool-1-thread-8] INFO  s.Transaction - Transaction complete with params: fromAccount Account{accountName='Vasya', id=7665, balance=5378896} toAccount Account{accountName='John', id=4026, balance=4349876} sum 1847579
13:04:16.729 [pool-1-thread-8] WARN  s.MoneyTransfer - pool-1-thread-8 Account ID: 4026 Name: John not enough sum trunsaction 9258017 have sum 4349876
13:04:16.729 [pool-1-thread-8] WARN  s.MoneyTransfer - pool-1-thread-8 Account ID: 4026 Name: John not enough sum trunsaction 7896760 have sum 4349876
13:04:16.729 [pool-1-thread-8] WARN  s.MoneyTransfer - pool-1-thread-8 Account ID: 8231 Name: John not enough sum trunsaction 5028048 have sum 3822149
13:04:16.799 [pool-1-thread-1] INFO  s.Transaction - Transaction complete with params: fromAccount Account{accountName='John', id=8231, balance=139295} toAccount Account{accountName='John', id=6397, balance=1111467} sum 206771
13:04:16.816 [pool-1-thread-14] INFO  s.Transaction - Transaction complete with params: fromAccount Account{accountName='Arnold', id=9385, balance=4160648} toAccount Account{accountName='Vasya', id=4114, balance=1872182} sum 97949
13:04:16.849 [pool-1-thread-15] INFO  s.Transaction - Transaction complete with params: fromAccount Account{accountName='John', id=6397, balance=2638103} toAccount Account{accountName='John', id=4026, balance=10054031} sum 8245253
13:04:16.849 [pool-1-thread-15] WARN  s.MoneyTransfer - pool-1-thread-15 Account ID: 6716 Name: John not enough sum trunsaction 7269452 have sum 1499697
13:04:16.849 [pool-1-thread-15] WARN  s.MoneyTransfer - pool-1-thread-15 Account ID: 7665 Name: Vasya not enough sum trunsaction 8795762 have sum 8301303
13:04:16.849 [pool-1-thread-15] WARN  s.MoneyTransfer - pool-1-thread-15 Account ID: 6397 Name: John not enough sum trunsaction 2715429 have sum 2638103
13:04:16.849 [pool-1-thread-15] WARN  s.MoneyTransfer - pool-1-thread-15 Account ID: 8231 Name: John not enough sum trunsaction 3698330 have sum 2053650
13:04:16.907 [pool-1-thread-12] INFO  s.Transaction - Transaction complete with params: fromAccount Account{accountName='John', id=6397, balance=4136876} toAccount Account{accountName='Arnold', id=9385, balance=1264606} sum 71486
13:04:16.907 [pool-1-thread-12] WARN  s.MoneyTransfer - pool-1-thread-12 Account ID: 6397 Name: John not enough sum trunsaction 8096139 have sum 4136876
13:04:16.907 [pool-1-thread-12] WARN  s.MoneyTransfer - pool-1-thread-12 Account ID: 8231 Name: John not enough sum trunsaction 4499014 have sum 1784374
13:04:16.907 [pool-1-thread-12] WARN  s.MoneyTransfer - pool-1-thread-12 Account ID: 4114 Name: Vasya not enough sum trunsaction 4807524 have sum 4432382
13:04:16.984 [pool-1-thread-4] INFO  s.Transaction - Transaction complete with params: fromAccount Account{accountName='Arnold', id=9385, balance=4393183} toAccount Account{accountName='John', id=6716, balance=1047892} sum 284316
13:04:16.984 [pool-1-thread-4] WARN  s.MoneyTransfer - pool-1-thread-4 Account ID: 3944 Name: Vasya not enough sum trunsaction 1812771 have sum 1210835
13:04:16.984 [pool-1-thread-4] WARN  s.MoneyTransfer - pool-1-thread-4 Account ID: 3944 Name: Vasya not enough sum trunsaction 7907881 have sum 1210835
13:04:16.984 [pool-1-thread-4] WARN  s.MoneyTransfer - pool-1-thread-4 Account ID: 3944 Name: Vasya not enough sum trunsaction 6184513 have sum 1210835
13:04:16.987 [pool-1-thread-5] INFO  s.Transaction - Transaction complete with params: fromAccount Account{accountName='Vasya', id=3944, balance=700391} toAccount Account{accountName='John', id=4026, balance=5877278} sum 603868
13:04:17.002 [pool-1-thread-19] INFO  s.Transaction - Transaction complete with params: fromAccount Account{accountName='Vasya', id=7665, balance=2499423} toAccount Account{accountName='John', id=8231, balance=6855527} sum 1941678
13:04:17.081 [pool-1-thread-3] INFO  s.Transaction - Transaction complete with params: fromAccount Account{accountName='Vova', id=4406, balance=52236} toAccount Account{accountName='Vasya', id=3944, balance=4066375} sum 226454
13:04:17.081 [pool-1-thread-3] WARN  s.MoneyTransfer - pool-1-thread-3 Account ID: 4026 Name: John not enough sum trunsaction 7499176 have sum 5800238
13:04:17.139 [pool-1-thread-2] INFO  s.Transaction - Transaction complete with params: fromAccount Account{accountName='John', id=6716, balance=4189192} toAccount Account{accountName='Vova', id=4406, balance=1558187} sum 612255
13:04:17.139 [pool-1-thread-2] WARN  s.MoneyTransfer - pool-1-thread-2 Account ID: 8231 Name: John not enough sum trunsaction 3344581 have sum 1353830
13:04:17.139 [pool-1-thread-2] WARN  s.MoneyTransfer - pool-1-thread-2 Account ID: 6716 Name: John not enough sum trunsaction 6298457 have sum 4189192
13:04:17.147 [pool-1-thread-13] INFO  s.Transaction - Transaction complete with params: fromAccount Account{accountName='Vasya', id=3944, balance=491511} toAccount Account{accountName='John', id=6397, balance=1485828} sum 351922
13:04:17.147 [pool-1-thread-13] WARN  s.MoneyTransfer - pool-1-thread-13 Account ID: 6716 Name: John not enough sum trunsaction 7176682 have sum 2937426
13:04:17.200 [pool-1-thread-17] INFO  s.Transaction - Transaction complete with params: fromAccount Account{accountName='John', id=8231, balance=3698097} toAccount Account{accountName='Vasya', id=4114, balance=1118123} sum 57587
13:04:17.200 [pool-1-thread-17] WARN  s.MoneyTransfer - pool-1-thread-17 Account ID: 4406 Name: Vova not enough sum trunsaction 5214221 have sum 34761
13:04:17.200 [pool-1-thread-17] WARN  s.MoneyTransfer - pool-1-thread-17 Account ID: 4406 Name: Vova not enough sum trunsaction 5584468 have sum 34761
13:04:17.200 [pool-1-thread-17] WARN  s.MoneyTransfer - pool-1-thread-17 Account ID: 3944 Name: Vasya not enough sum trunsaction 8012905 have sum 570647
13:04:17.200 [pool-1-thread-17] WARN  s.MoneyTransfer - pool-1-thread-17 Account ID: 4406 Name: Vova not enough sum trunsaction 8848413 have sum 34761
13:04:17.200 [pool-1-thread-17] WARN  s.MoneyTransfer - pool-1-thread-17 Account ID: 4026 Name: John not enough sum trunsaction 2916014 have sum 101803
13:04:17.200 [pool-1-thread-17] WARN  s.MoneyTransfer - pool-1-thread-17 Account ID: 8996 Name: Arnold not enough sum trunsaction 6162921 have sum 3851449
13:04:17.200 [pool-1-thread-17] WARN  s.MoneyTransfer - pool-1-thread-17 Account ID: 3944 Name: Vasya not enough sum trunsaction 5898302 have sum 570647
13:04:17.200 [pool-1-thread-17] WARN  s.MoneyTransfer - pool-1-thread-17 Account ID: 3944 Name: Vasya not enough sum trunsaction 2272228 have sum 570647
13:04:17.200 [pool-1-thread-17] WARN  s.MoneyTransfer - pool-1-thread-17 Account ID: 3944 Name: Vasya not enough sum trunsaction 9598638 have sum 570647
13:04:17.200 [pool-1-thread-17] WARN  s.MoneyTransfer - pool-1-thread-17 Account ID: 8231 Name: John not enough sum trunsaction 6177756 have sum 3698097
13:04:17.200 [pool-1-thread-17] WARN  s.MoneyTransfer - pool-1-thread-17 Account ID: 6397 Name: John not enough sum trunsaction 7218082 have sum 2127656
13:04:17.200 [pool-1-thread-17] WARN  s.MoneyTransfer - pool-1-thread-17 Account ID: 6716 Name: John not enough sum trunsaction 6283767 have sum 5577151
13:04:17.200 [pool-1-thread-17] WARN  s.MoneyTransfer - pool-1-thread-17 Account ID: 6397 Name: John not enough sum trunsaction 7307940 have sum 2127656
13:04:17.236 [pool-1-thread-7] INFO  s.Transaction - Transaction complete with params: fromAccount Account{accountName='John', id=4026, balance=2845751} toAccount Account{accountName='Vova', id=4406, balance=5318060} sum 4786414
13:04:17.236 [pool-1-thread-7] WARN  s.MoneyTransfer - pool-1-thread-7 Accounts from & to are equals. Account ID: 7665
13:04:17.236 [pool-1-thread-7] WARN  s.MoneyTransfer - pool-1-thread-7 Account ID: 4114 Name: Vasya not enough sum trunsaction 4110745 have sum 1285092
13:04:17.236 [pool-1-thread-7] WARN  s.MoneyTransfer - pool-1-thread-7 Account ID: 8996 Name: Arnold not enough sum trunsaction 5868411 have sum 619812
13:04:17.256 [pool-1-thread-6] INFO  s.Transaction - Transaction complete with params: fromAccount Account{accountName='John', id=6397, balance=405290} toAccount Account{accountName='Vasya', id=7665, balance=5992836} sum 635917
13:04:17.256 [pool-1-thread-6] WARN  s.MoneyTransfer - pool-1-thread-6 Account ID: 4406 Name: Vova not enough sum trunsaction 9913122 have sum 2160396
13:04:17.272 [pool-1-thread-18] INFO  s.Transaction - Transaction complete with params: fromAccount Account{accountName='Vasya', id=7665, balance=8251118} toAccount Account{accountName='Arnold', id=8996, balance=2046472} sum 1506823
13:04:17.272 [pool-1-thread-18] WARN  s.MoneyTransfer - pool-1-thread-18 Account ID: 6397 Name: John not enough sum trunsaction 5787488 have sum 4859869
13:04:17.295 [pool-1-thread-11] INFO  s.Transaction - Transaction complete with params: fromAccount Account{accountName='Vasya', id=3944, balance=3640437} toAccount Account{accountName='Vasya', id=7665, balance=6521162} sum 1814422
13:04:17.295 [pool-1-thread-11] WARN  s.MoneyTransfer - pool-1-thread-11 Account ID: 8231 Name: John not enough sum trunsaction 9014307 have sum 1328138
13:04:17.295 [pool-1-thread-11] WARN  s.MoneyTransfer - pool-1-thread-11 Account ID: 6397 Name: John not enough sum trunsaction 3680405 have sum 442795
13:04:17.295 [pool-1-thread-11] WARN  s.MoneyTransfer - pool-1-thread-11 Account ID: 4114 Name: Vasya not enough sum trunsaction 9494299 have sum 5199028
13:04:17.372 [pool-1-thread-14] INFO  s.Transaction - Transaction complete with params: fromAccount Account{accountName='Arnold', id=9385, balance=4043178} toAccount Account{accountName='Vasya', id=4114, balance=1989652} sum 117470
13:04:17.377 [pool-1-thread-1] INFO  s.Transaction - Transaction complete with params: fromAccount Account{accountName='Arnold', id=9385, balance=1617651} toAccount Account{accountName='Vasya', id=3944, balance=10341893} sum 734262
13:04:17.377 [pool-1-thread-1] WARN  s.MoneyTransfer - pool-1-thread-1 Account ID: 6397 Name: John not enough sum trunsaction 1782677 have sum 1111467
13:04:17.396 [pool-1-thread-9] INFO  s.Transaction - Transaction complete with params: fromAccount Account{accountName='Vova', id=4406, balance=1321635} toAccount Account{accountName='Arnold', id=8996, balance=14536308} sum 6765530
13:04:17.396 [pool-1-thread-9] WARN  s.MoneyTransfer - pool-1-thread-9 Account ID: 8231 Name: John not enough sum trunsaction 6560927 have sum 1211355
13:04:17.396 [pool-1-thread-9] WARN  s.MoneyTransfer - pool-1-thread-9 Account ID: 3944 Name: Vasya not enough sum trunsaction 7455105 have sum 880481
13:04:17.396 [pool-1-thread-9] WARN  s.MoneyTransfer - pool-1-thread-9 Account ID: 9385 Name: Arnold not enough sum trunsaction 7712752 have sum 124910
13:04:17.396 [pool-1-thread-9] WARN  s.MoneyTransfer - pool-1-thread-9 Account ID: 4406 Name: Vova not enough sum trunsaction 4866181 have sum 1321635
13:04:17.396 [pool-1-thread-9] WARN  s.MoneyTransfer - pool-1-thread-9 Account ID: 7665 Name: Vasya not enough sum trunsaction 7709165 have sum 4495564
13:04:17.463 [pool-1-thread-16] INFO  s.Transaction - Transaction complete with params: fromAccount Account{accountName='Arnold', id=8996, balance=2403875} toAccount Account{accountName='Vasya', id=7665, balance=7174913} sum 3353810
13:04:17.463 [pool-1-thread-16] WARN  s.MoneyTransfer - pool-1-thread-16 Account ID: 8996 Name: Arnold not enough sum trunsaction 2784406 have sum 2403875
13:04:17.463 [pool-1-thread-16] WARN  s.MoneyTransfer - pool-1-thread-16 Account ID: 4114 Name: Vasya not enough sum trunsaction 4450086 have sum 2919081
13:04:17.463 [pool-1-thread-16] WARN  s.MoneyTransfer - pool-1-thread-16 Account ID: 9385 Name: Arnold not enough sum trunsaction 9749509 have sum 2819270
13:04:17.463 [pool-1-thread-16] WARN  s.MoneyTransfer - pool-1-thread-16 Account ID: 4114 Name: Vasya not enough sum trunsaction 5963233 have sum 2919081
13:04:17.463 [pool-1-thread-16] WARN  s.MoneyTransfer - pool-1-thread-16 Account ID: 4026 Name: John not enough sum trunsaction 2793448 have sum 704873
13:04:17.464 [pool-1-thread-16] WARN  s.MoneyTransfer - pool-1-thread-16 Account ID: 6397 Name: John not enough sum trunsaction 3525788 have sum 340047
13:04:17.512 [pool-1-thread-19] INFO  s.Transaction - Transaction complete with params: fromAccount Account{accountName='Vasya', id=4114, balance=7211117} toAccount Account{accountName='Vasya', id=3944, balance=1896216} sum 572995
13:04:17.570 [pool-1-thread-10] INFO  s.Transaction - Transaction complete with params: fromAccount Account{accountName='John', id=6716, balance=4205572} toAccount Account{accountName='John', id=8231, balance=11818291} sum 6216308
13:04:17.570 [pool-1-thread-10] WARN  s.MoneyTransfer - pool-1-thread-10 Account ID: 6716 Name: John not enough sum trunsaction 6901489 have sum 4205572
13:04:17.570 [pool-1-thread-10] WARN  s.MoneyTransfer - pool-1-thread-10 Accounts from & to are equals. Account ID: 6397
13:04:17.570 [pool-1-thread-10] WARN  s.MoneyTransfer - pool-1-thread-10 Account ID: 8996 Name: Arnold not enough sum trunsaction 8727336 have sum 2665156
13:04:17.604 [pool-1-thread-8] INFO  s.Transaction - Transaction complete with params: fromAccount Account{accountName='Arnold', id=8996, balance=1094946} toAccount Account{accountName='Vasya', id=4114, balance=4319349} sum 1986139
13:04:17.730 [pool-1-thread-3] INFO  s.Transaction - Transaction complete with params: fromAccount Account{accountName='Arnold', id=9385, balance=3091926} toAccount Account{accountName='Vova', id=4406, balance=1607184} sum 1554948
13:04:17.758 [pool-1-thread-5] INFO  s.Transaction - Transaction complete with params: fromAccount Account{accountName='John', id=4026, balance=5761815} toAccount Account{accountName='Vasya', id=4114, balance=7190167} sum 115463
13:04:17.794 [pool-1-thread-2] INFO  s.Transaction - Transaction complete with params: fromAccount Account{accountName='Vasya', id=7665, balance=9966199} toAccount Account{accountName='Arnold', id=8996, balance=4394938} sum 40953
13:04:17.812 [pool-1-thread-7] INFO  s.Transaction - Transaction complete with params: fromAccount Account{accountName='Vasya', id=3944, balance=532717} toAccount Account{accountName='John', id=4026, balance=7649911} sum 4804160
13:04:17.812 [pool-1-thread-7] WARN  s.MoneyTransfer - pool-1-thread-7 Account ID: 8996 Name: Arnold not enough sum trunsaction 5738172 have sum 619812
13:04:17.832 [pool-1-thread-15] INFO  s.Transaction - Transaction complete with params: fromAccount Account{accountName='John', id=4026, balance=9814287} toAccount Account{accountName='Arnold', id=9385, balance=1477604} sum 239744
13:04:17.834 [pool-1-thread-13] INFO  s.Transaction - Transaction complete with params: fromAccount Account{accountName='Arnold', id=9385, balance=1241304} toAccount Account{accountName='John', id=8231, balance=11731197} sum 552625
13:04:17.834 [pool-1-thread-13] WARN  s.MoneyTransfer - pool-1-thread-13 Account ID: 7665 Name: Vasya not enough sum trunsaction 2023482 have sum 659448
13:04:17.834 [pool-1-thread-13] WARN  s.MoneyTransfer - pool-1-thread-13 Account ID: 3944 Name: Vasya not enough sum trunsaction 4173025 have sum 491511
13:04:17.834 [pool-1-thread-13] WARN  s.MoneyTransfer - pool-1-thread-13 Account ID: 7665 Name: Vasya not enough sum trunsaction 8338797 have sum 659448
13:04:17.834 [pool-1-thread-13] WARN  s.MoneyTransfer - pool-1-thread-13 Account ID: 6397 Name: John not enough sum trunsaction 3737601 have sum 1485828
13:04:17.834 [pool-1-thread-13] WARN  s.MoneyTransfer - pool-1-thread-13 Account ID: 6716 Name: John not enough sum trunsaction 9009152 have sum 2937426
13:04:17.834 [pool-1-thread-13] WARN  s.MoneyTransfer - pool-1-thread-13 Account ID: 7665 Name: Vasya not enough sum trunsaction 2135937 have sum 659448
13:04:17.834 [pool-1-thread-13] WARN  s.MoneyTransfer - pool-1-thread-13 Account ID: 3944 Name: Vasya not enough sum trunsaction 733699 have sum 491511
13:04:17.834 [pool-1-thread-13] WARN  s.MoneyTransfer - pool-1-thread-13 Account ID: 7665 Name: Vasya not enough sum trunsaction 6657436 have sum 659448
13:04:17.834 [pool-1-thread-13] WARN  s.MoneyTransfer - pool-1-thread-13 Account ID: 9385 Name: Arnold not enough sum trunsaction 9530917 have sum 1241304
13:04:17.834 [pool-1-thread-13] WARN  s.MoneyTransfer - pool-1-thread-13 Account ID: 9385 Name: Arnold not enough sum trunsaction 9535511 have sum 1241304
13:04:17.879 [pool-1-thread-11] INFO  s.Transaction - Transaction complete with params: fromAccount Account{accountName='Vasya', id=3944, balance=2510815} toAccount Account{accountName='John', id=4026, balance=13487898} sum 1129622
13:04:17.879 [pool-1-thread-11] WARN  s.MoneyTransfer - pool-1-thread-11 Account ID: 8996 Name: Arnold not enough sum trunsaction 1904031 have sum 6085
13:04:17.879 [pool-1-thread-11] WARN  s.MoneyTransfer - pool-1-thread-11 Account ID: 8996 Name: Arnold not enough sum trunsaction 2182611 have sum 6085
13:04:17.879 [pool-1-thread-11] WARN  s.MoneyTransfer - pool-1-thread-11 Account ID: 8231 Name: John not enough sum trunsaction 4577421 have sum 1328138
13:04:17.879 [pool-1-thread-11] WARN  s.MoneyTransfer - pool-1-thread-11 Account ID: 3944 Name: Vasya not enough sum trunsaction 6393157 have sum 2510815
13:04:17.879 [pool-1-thread-11] WARN  s.MoneyTransfer - pool-1-thread-11 Account ID: 3944 Name: Vasya not enough sum trunsaction 4834807 have sum 2510815
13:04:17.901 [pool-1-thread-12] INFO  s.Transaction - Transaction complete with params: fromAccount Account{accountName='Vasya', id=4114, balance=1720256} toAccount Account{accountName='Vasya', id=3944, balance=8951937} sum 2712126
13:04:17.901 [pool-1-thread-12] WARN  s.MoneyTransfer - pool-1-thread-12 Account ID: 4026 Name: John not enough sum trunsaction 8906797 have sum 3050369
13:04:17.901 [pool-1-thread-12] WARN  s.MoneyTransfer - pool-1-thread-12 Account ID: 6716 Name: John not enough sum trunsaction 7357640 have sum 5324589
13:04:17.977 [pool-1-thread-4] INFO  s.Transaction - Transaction complete with params: fromAccount Account{accountName='John', id=6397, balance=2709022} toAccount Account{accountName='John', id=6716, balance=5769737} sum 4721845
13:04:17.977 [pool-1-thread-4] WARN  s.MoneyTransfer - pool-1-thread-4 Account ID: 6716 Name: John not enough sum trunsaction 6212271 have sum 5769737
13:04:18.049 [pool-1-thread-18] INFO  s.Transaction - Transaction complete with params: fromAccount Account{accountName='John', id=6716, balance=1837678} toAccount Account{accountName='Vasya', id=4114, balance=5494218} sum 4589032
13:04:18.049 [pool-1-thread-18] WARN  s.MoneyTransfer - pool-1-thread-18 Account ID: 9385 Name: Arnold not enough sum trunsaction 2205866 have sum 464339
13:04:18.124 [pool-1-thread-14] INFO  s.Transaction - Transaction complete with params: fromAccount Account{accountName='Vova', id=4406, balance=7269137} toAccount Account{accountName='Vasya', id=3944, balance=4242083} sum 3077916
13:04:18.124 [pool-1-thread-14] WARN  s.MoneyTransfer - pool-1-thread-14 Account ID: 6397 Name: John not enough sum trunsaction 8271212 have sum 2216115
13:04:18.124 [pool-1-thread-14] WARN  s.MoneyTransfer - pool-1-thread-14 Account ID: 9385 Name: Arnold not enough sum trunsaction 7467675 have sum 4043178
13:04:18.154 [pool-1-thread-17] INFO  s.Transaction - Transaction complete with params: fromAccount Account{accountName='Vasya', id=7665, balance=17741512} toAccount Account{accountName='Vasya', id=3944, balance=1353550} sum 782903
13:04:18.154 [pool-1-thread-17] WARN  s.MoneyTransfer - pool-1-thread-17 Account ID: 9385 Name: Arnold not enough sum trunsaction 9528337 have sum 124910
13:04:18.154 [pool-1-thread-17] WARN  s.MoneyTransfer - pool-1-thread-17 Account ID: 9385 Name: Arnold not enough sum trunsaction 880245 have sum 124910
13:04:18.154 [pool-1-thread-17] WARN  s.MoneyTransfer - pool-1-thread-17 Account ID: 6716 Name: John not enough sum trunsaction 6878368 have sum 5577151
13:04:18.154 [pool-1-thread-17] WARN  s.MoneyTransfer - pool-1-thread-17 Account ID: 8996 Name: Arnold not enough sum trunsaction 9002930 have sum 3851449
13:04:18.154 [pool-1-thread-17] WARN  s.MoneyTransfer - pool-1-thread-17 Account ID: 9385 Name: Arnold not enough sum trunsaction 3829994 have sum 124910
13:04:18.154 [pool-1-thread-17] WARN  s.MoneyTransfer - pool-1-thread-17 Account ID: 6716 Name: John not enough sum trunsaction 8043941 have sum 5577151
13:04:18.154 [pool-1-thread-17] WARN  s.MoneyTransfer - pool-1-thread-17 Account ID: 9385 Name: Arnold not enough sum trunsaction 7565271 have sum 124910
13:04:18.154 [pool-1-thread-17] WARN  s.MoneyTransfer - pool-1-thread-17 Account ID: 4406 Name: Vova not enough sum trunsaction 785562 have sum 34761
13:04:18.190 [pool-1-thread-6] INFO  s.Transaction - Transaction complete with params: fromAccount Account{accountName='Arnold', id=9385, balance=3009426} toAccount Account{accountName='John', id=8231, balance=5181783} sum 4184565
13:04:18.200 [pool-1-thread-19] INFO  s.Transaction - Transaction complete with params: fromAccount Account{accountName='John', id=6397, balance=2057867} toAccount Account{accountName='Arnold', id=8996, balance=8827060} sum 8027769
13:04:18.255 [pool-1-thread-9] INFO  s.Transaction - Transaction complete with params: fromAccount Account{accountName='Vasya', id=4114, balance=3328012} toAccount Account{accountName='Vasya', id=7665, balance=8524139} sum 4028575
13:04:18.255 [pool-1-thread-9] WARN  s.MoneyTransfer - pool-1-thread-9 Account ID: 4026 Name: John not enough sum trunsaction 2432545 have sum 1890132
13:04:18.255 [pool-1-thread-9] WARN  s.MoneyTransfer - pool-1-thread-9 Account ID: 4026 Name: John not enough sum trunsaction 2167968 have sum 1890132
13:04:18.341 [pool-1-thread-13] INFO  s.Transaction - Transaction complete with params: fromAccount Account{accountName='Vasya', id=3944, balance=289724} toAccount Account{accountName='John', id=8231, balance=11932984} sum 201787
13:04:18.341 [pool-1-thread-13] WARN  s.MoneyTransfer - pool-1-thread-13 Accounts from & to are equals. Account ID: 4026
13:04:18.341 [pool-1-thread-13] WARN  s.MoneyTransfer - pool-1-thread-13 Account ID: 6716 Name: John not enough sum trunsaction 4553978 have sum 2937426
13:04:18.372 [pool-1-thread-1] INFO  s.Transaction - Transaction complete with params: fromAccount Account{accountName='Arnold', id=9385, balance=977941} toAccount Account{accountName='John', id=6716, balance=2496218} sum 639710
13:04:18.372 [pool-1-thread-1] WARN  s.MoneyTransfer - pool-1-thread-1 Account ID: 8996 Name: Arnold not enough sum trunsaction 7215345 have sum 167970
13:04:18.372 [pool-1-thread-1] WARN  s.MoneyTransfer - pool-1-thread-1 Account ID: 6716 Name: John not enough sum trunsaction 8154283 have sum 2496218
13:04:18.384 [pool-1-thread-16] INFO  s.Transaction - Transaction complete with params: fromAccount Account{accountName='Vasya', id=3944, balance=2863258} toAccount Account{accountName='John', id=6716, balance=7700755} sum 229900
13:04:18.426 [pool-1-thread-7] INFO  s.Transaction - Transaction complete with params: fromAccount Account{accountName='Vasya', id=7665, balance=10921169} toAccount Account{accountName='John', id=6397, balance=2427749} sum 432346
13:04:18.426 [pool-1-thread-7] WARN  s.MoneyTransfer - pool-1-thread-7 Account ID: 8996 Name: Arnold not enough sum trunsaction 6694915 have sum 619812
13:04:18.453 [pool-1-thread-10] INFO  s.Transaction - Transaction complete with params: fromAccount Account{accountName='John', id=8231, balance=4325945} toAccount Account{accountName='Vova', id=4406, balance=8889174} sum 7492346
13:04:18.453 [pool-1-thread-10] WARN  s.MoneyTransfer - pool-1-thread-10 Account ID: 4114 Name: Vasya not enough sum trunsaction 7206604 have sum 1650488
13:04:18.453 [pool-1-thread-10] WARN  s.MoneyTransfer - pool-1-thread-10 Account ID: 4114 Name: Vasya not enough sum trunsaction 6835873 have sum 1650488
13:04:18.453 [pool-1-thread-10] WARN  s.MoneyTransfer - pool-1-thread-10 Account ID: 6397 Name: John not enough sum trunsaction 8076949 have sum 1859398
13:04:18.453 [pool-1-thread-10] WARN  s.MoneyTransfer - pool-1-thread-10 Account ID: 6397 Name: John not enough sum trunsaction 2557049 have sum 1859398
13:04:18.500 [pool-1-thread-12] INFO  s.Transaction - Transaction complete with params: fromAccount Account{accountName='John', id=4026, balance=1105521} toAccount Account{accountName='Vasya', id=3944, balance=10896785} sum 1944848
13:04:18.500 [pool-1-thread-12] WARN  s.MoneyTransfer - pool-1-thread-12 Account ID: 9385 Name: Arnold not enough sum trunsaction 6177784 have sum 1264606
13:04:18.525 [pool-1-thread-3] INFO  s.Transaction - Transaction complete with params: fromAccount Account{accountName='John', id=8231, balance=668229} toAccount Account{accountName='John', id=6716, balance=12934356} sum 6955723
13:04:18.525 [pool-1-thread-3] WARN  s.MoneyTransfer - pool-1-thread-3 Account ID: 3944 Name: Vasya not enough sum trunsaction 5483466 have sum 4066375
13:04:18.525 [pool-1-thread-3] WARN  s.MoneyTransfer - pool-1-thread-3 Account ID: 9385 Name: Arnold not enough sum trunsaction 8550920 have sum 3091926
13:04:18.525 [pool-1-thread-3] WARN  s.MoneyTransfer - pool-1-thread-3 Account ID: 8231 Name: John not enough sum trunsaction 2190972 have sum 668229
13:04:18.525 [pool-1-thread-3] WARN  s.MoneyTransfer - pool-1-thread-3 Account ID: 6397 Name: John not enough sum trunsaction 8543544 have sum 203613
13:04:18.525 [pool-1-thread-3] WARN  s.MoneyTransfer - pool-1-thread-3 Account ID: 3944 Name: Vasya not enough sum trunsaction 5036942 have sum 4066375
13:04:18.525 [pool-1-thread-3] WARN  s.MoneyTransfer - pool-1-thread-3 Account ID: 8231 Name: John not enough sum trunsaction 5656519 have sum 668229
13:04:18.525 [pool-1-thread-3] WARN  s.MoneyTransfer - pool-1-thread-3 Account ID: 4114 Name: Vasya not enough sum trunsaction 8356087 have sum 4418215
13:04:18.526 [pool-1-thread-3] WARN  s.MoneyTransfer - pool-1-thread-3 Account ID: 8996 Name: Arnold not enough sum trunsaction 2571773 have sum 2364609
13:04:18.556 [pool-1-thread-2] INFO  s.Transaction - Transaction complete with params: fromAccount Account{accountName='Arnold', id=9385, balance=4882954} toAccount Account{accountName='Vasya', id=3944, balance=3377678} sum 1945464
13:04:18.567 [pool-1-thread-8] INFO  s.Transaction - Transaction complete with params: fromAccount Account{accountName='Vasya', id=4114, balance=2479488} toAccount Account{accountName='Vasya', id=7665, balance=7218757} sum 1839861
13:04:18.567 [pool-1-thread-8] WARN  s.MoneyTransfer - pool-1-thread-8 Account ID: 6397 Name: John not enough sum trunsaction 7409421 have sum 4704720
13:04:18.567 [pool-1-thread-8] WARN  s.MoneyTransfer - pool-1-thread-8 Account ID: 8231 Name: John not enough sum trunsaction 7338769 have sum 3822149
13:04:18.680 [pool-1-thread-17] INFO  s.Transaction - Transaction complete with params: fromAccount Account{accountName='Vasya', id=7665, balance=11751338} toAccount Account{accountName='Vasya', id=4114, balance=7108297} sum 5990174
13:04:18.680 [pool-1-thread-17] WARN  s.MoneyTransfer - pool-1-thread-17 Account ID: 3944 Name: Vasya not enough sum trunsaction 8743863 have sum 1353550
13:04:18.692 [pool-1-thread-5] INFO  s.Transaction - Transaction complete with params: fromAccount Account{accountName='Vova', id=4406, balance=2168129} toAccount Account{accountName='John', id=8231, balance=7654635} sum 225340
13:04:18.692 [pool-1-thread-5] WARN  s.MoneyTransfer - pool-1-thread-5 Account ID: 9385 Name: Arnold not enough sum trunsaction 3752459 have sum 419003
13:04:18.692 [pool-1-thread-5] WARN  s.MoneyTransfer - pool-1-thread-5 Account ID: 9385 Name: Arnold not enough sum trunsaction 7133454 have sum 419003
13:04:18.692 [pool-1-thread-5] WARN  s.MoneyTransfer - pool-1-thread-5 Account ID: 6716 Name: John not enough sum trunsaction 7142875 have sum 2852520
13:04:18.692 [pool-1-thread-5] WARN  s.MoneyTransfer - pool-1-thread-5 Account ID: 4406 Name: Vova not enough sum trunsaction 8707498 have sum 2168129
13:04:18.760 [pool-1-thread-15] INFO  s.Transaction - Transaction complete with params: fromAccount Account{accountName='Vasya', id=7665, balance=7365261} toAccount Account{accountName='Vova', id=4406, balance=1699075} sum 936042
13:04:18.760 [pool-1-thread-15] WARN  s.MoneyTransfer - pool-1-thread-15 Account ID: 8231 Name: John not enough sum trunsaction 4747155 have sum 2053650
13:04:18.760 [pool-1-thread-15] WARN  s.MoneyTransfer - pool-1-thread-15 Account ID: 6716 Name: John not enough sum trunsaction 3951106 have sum 1499697
13:04:18.760 [pool-1-thread-15] WARN  s.MoneyTransfer - pool-1-thread-15 Account ID: 4114 Name: Vasya not enough sum trunsaction 8674079 have sum 7310124
13:04:18.760 [pool-1-thread-15] WARN  s.MoneyTransfer - pool-1-thread-15 Account ID: 8996 Name: Arnold not enough sum trunsaction 1285971 have sum 539649
13:04:18.760 [pool-1-thread-15] WARN  s.MoneyTransfer - pool-1-thread-15 Account ID: 4406 Name: Vova not enough sum trunsaction 8224184 have sum 1699075
13:04:18.760 [pool-1-thread-15] WARN  s.MoneyTransfer - pool-1-thread-15 Account ID: 8996 Name: Arnold not enough sum trunsaction 6090342 have sum 539649
13:04:18.763 [pool-1-thread-11] INFO  s.Transaction - Transaction complete with params: fromAccount Account{accountName='John', id=4026, balance=9704299} toAccount Account{accountName='Vasya', id=4114, balance=8982627} sum 3783599
13:04:18.763 [pool-1-thread-11] WARN  s.MoneyTransfer - pool-1-thread-11 Account ID: 9385 Name: Arnold not enough sum trunsaction 3009784 have sum 958867
13:04:18.797 [pool-1-thread-14] INFO  s.Transaction - Transaction complete with params: fromAccount Account{accountName='Vova', id=4406, balance=208931} toAccount Account{accountName='John', id=4026, balance=11467056} sum 7060206
13:04:18.839 [pool-1-thread-4] INFO  s.Transaction - Transaction complete with params: fromAccount Account{accountName='Arnold', id=9385, balance=3642071} toAccount Account{accountName='Vova', id=4406, balance=7922362} sum 751112
13:04:18.868 [pool-1-thread-18] INFO  s.Transaction - Transaction complete with params: fromAccount Account{accountName='Vasya', id=4114, balance=1023190} toAccount Account{accountName='John', id=4026, balance=6379236} sum 4471028
13:04:18.870 [pool-1-thread-9] INFO  s.Transaction - Transaction complete with params: fromAccount Account{accountName='Vasya', id=7665, balance=4769151} toAccount Account{accountName='Arnold', id=8996, balance=18291296} sum 3754988
13:04:18.870 [pool-1-thread-9] WARN  s.MoneyTransfer - pool-1-thread-9 Account ID: 3944 Name: Vasya not enough sum trunsaction 4550748 have sum 880481
13:04:18.870 [pool-1-thread-9] WARN  s.MoneyTransfer - pool-1-thread-9 Account ID: 4026 Name: John not enough sum trunsaction 8126489 have sum 1890132
13:04:18.870 [pool-1-thread-9] WARN  s.MoneyTransfer - pool-1-thread-9 Account ID: 4406 Name: Vova not enough sum trunsaction 5986999 have sum 1321635
13:04:18.870 [pool-1-thread-9] WARN  s.MoneyTransfer - pool-1-thread-9 Account ID: 9385 Name: Arnold not enough sum trunsaction 5432433 have sum 124910
13:04:18.870 [pool-1-thread-9] WARN  s.MoneyTransfer - pool-1-thread-9 Account ID: 3944 Name: Vasya not enough sum trunsaction 5854341 have sum 880481
13:04:18.951 [pool-1-thread-6] INFO  s.Transaction - Transaction complete with params: fromAccount Account{accountName='John', id=4026, balance=1916603} toAccount Account{accountName='John', id=8231, balance=5684872} sum 503089
13:04:19.080 [pool-1-thread-19] INFO  s.Transaction - Transaction complete with params: fromAccount Account{accountName='Vasya', id=7665, balance=595094} toAccount Account{accountName='Arnold', id=9385, balance=4899825} sum 1904329
13:04:19.129 [pool-1-thread-16] INFO  s.Transaction - Transaction complete with params: fromAccount Account{accountName='Vova', id=4406, balance=4058751} toAccount Account{accountName='Vasya', id=7665, balance=8396315} sum 1221402
13:04:19.193 [pool-1-thread-8] INFO  s.Transaction - Transaction complete with params: fromAccount Account{accountName='Vasya', id=3944, balance=14523} toAccount Account{accountName='Arnold', id=9385, balance=6201376} sum 3175872
13:04:19.193 [pool-1-thread-8] WARN  s.MoneyTransfer - pool-1-thread-8 Account ID: 8996 Name: Arnold not enough sum trunsaction 4463789 have sum 1094946
13:04:19.193 [pool-1-thread-8] WARN  s.MoneyTransfer - pool-1-thread-8 Account ID: 4406 Name: Vova not enough sum trunsaction 4272831 have sum 2981301
13:04:19.193 [pool-1-thread-8] WARN  s.MoneyTransfer - pool-1-thread-8 Accounts from & to are equals. Account ID: 8231
13:04:19.193 [pool-1-thread-8] WARN  s.MoneyTransfer - pool-1-thread-8 Account ID: 4114 Name: Vasya not enough sum trunsaction 4433277 have sum 2479488
13:04:19.193 [pool-1-thread-8] WARN  s.MoneyTransfer - pool-1-thread-8 Account ID: 4406 Name: Vova not enough sum trunsaction 4528027 have sum 2981301
13:04:19.263 [pool-1-thread-13] INFO  s.Transaction - Transaction complete with params: fromAccount Account{accountName='John', id=8231, balance=5549547} toAccount Account{accountName='Arnold', id=9385, balance=7624741} sum 6383437
13:04:19.263 [pool-1-thread-13] WARN  s.MoneyTransfer - pool-1-thread-13 Account ID: 6716 Name: John not enough sum trunsaction 3776255 have sum 2937426
13:04:19.263 [pool-1-thread-13] WARN  s.MoneyTransfer - pool-1-thread-13 Account ID: 6397 Name: John not enough sum trunsaction 9827948 have sum 1485828
13:04:19.295 [pool-1-thread-1] INFO  s.Transaction - Transaction complete with params: fromAccount Account{accountName='Vasya', id=7665, balance=4410911} toAccount Account{accountName='Arnold', id=9385, balance=3154261} sum 2176320
13:04:19.295 [pool-1-thread-1] WARN  s.MoneyTransfer - pool-1-thread-1 Account ID: 8231 Name: John not enough sum trunsaction 4307459 have sum 139295
13:04:19.295 [pool-1-thread-1] WARN  s.MoneyTransfer - pool-1-thread-1 Account ID: 4026 Name: John not enough sum trunsaction 9046708 have sum 3050369
13:04:19.295 [pool-1-thread-1] WARN  s.MoneyTransfer - pool-1-thread-1 Account ID: 4114 Name: Vasya not enough sum trunsaction 5325177 have sum 4642348
13:04:19.295 [pool-1-thread-1] WARN  s.MoneyTransfer - pool-1-thread-1 Account ID: 6716 Name: John not enough sum trunsaction 2911746 have sum 2496218
13:04:19.295 [pool-1-thread-1] WARN  s.MoneyTransfer - pool-1-thread-1 Account ID: 8996 Name: Arnold not enough sum trunsaction 5757711 have sum 167970
13:04:19.295 [pool-1-thread-1] WARN  s.MoneyTransfer - pool-1-thread-1 Account ID: 6716 Name: John not enough sum trunsaction 6377341 have sum 2496218
13:04:19.295 [pool-1-thread-1] WARN  s.MoneyTransfer - pool-1-thread-1 Account ID: 4026 Name: John not enough sum trunsaction 9260941 have sum 3050369
13:04:19.296 [pool-1-thread-1] WARN  s.MoneyTransfer - pool-1-thread-1 Account ID: 6397 Name: John not enough sum trunsaction 2066531 have sum 1111467
13:04:19.296 [pool-1-thread-12] INFO  s.Transaction - Transaction complete with params: fromAccount Account{accountName='Vasya', id=7665, balance=797993} toAccount Account{accountName='John', id=6716, balance=11431463} sum 6106874
13:04:19.296 [pool-1-thread-1] WARN  s.MoneyTransfer - pool-1-thread-1 Account ID: 4026 Name: John not enough sum trunsaction 9813195 have sum 3050369
13:04:19.296 [pool-1-thread-12] WARN  s.MoneyTransfer - pool-1-thread-12 Account ID: 4026 Name: John not enough sum trunsaction 9272388 have sum 1105521
13:04:19.296 [pool-1-thread-1] WARN  s.MoneyTransfer - pool-1-thread-1 Account ID: 6716 Name: John not enough sum trunsaction 7886516 have sum 2496218
13:04:19.296 [pool-1-thread-12] WARN  s.MoneyTransfer - pool-1-thread-12 Account ID: 4406 Name: Vova not enough sum trunsaction 7002997 have sum 2051489
13:04:19.296 [pool-1-thread-12] WARN  s.MoneyTransfer - pool-1-thread-12 Account ID: 8996 Name: Arnold not enough sum trunsaction 7144999 have sum 539649
13:04:19.296 [pool-1-thread-12] WARN  s.MoneyTransfer - pool-1-thread-12 Account ID: 6397 Name: John not enough sum trunsaction 5876405 have sum 4136876
13:04:19.301 [pool-1-thread-17] INFO  s.Transaction - Transaction complete with params: fromAccount Account{accountName='John', id=6716, balance=1253786} toAccount Account{accountName='Vasya', id=7665, balance=16074703} sum 4323365
13:04:19.301 [pool-1-thread-17] WARN  s.MoneyTransfer - pool-1-thread-17 Account ID: 4406 Name: Vova not enough sum trunsaction 6761501 have sum 34761
13:04:19.301 [pool-1-thread-17] WARN  s.MoneyTransfer - pool-1-thread-17 Account ID: 6716 Name: John not enough sum trunsaction 2131001 have sum 1253786
13:04:19.301 [pool-1-thread-17] WARN  s.MoneyTransfer - pool-1-thread-17 Account ID: 8231 Name: John not enough sum trunsaction 6861306 have sum 3698097
13:04:19.327 [pool-1-thread-10] INFO  s.Transaction - Transaction complete with params: fromAccount Account{accountName='Arnold', id=9385, balance=59615} toAccount Account{accountName='Arnold', id=8996, balance=4929994} sum 2264838
13:04:19.362 [pool-1-thread-7] INFO  s.Transaction - Transaction complete with params: fromAccount Account{accountName='Vasya', id=4114, balance=587384} toAccount Account{accountName='Vasya', id=7665, balance=11618877} sum 697708
13:04:19.362 [pool-1-thread-7] WARN  s.MoneyTransfer - pool-1-thread-7 Account ID: 8231 Name: John not enough sum trunsaction 8012570 have sum 2636262
13:04:19.405 [pool-1-thread-15] INFO  s.Transaction - Transaction complete with params: fromAccount Account{accountName='Vasya', id=7665, balance=4456302} toAccount Account{accountName='John', id=8231, balance=4962609} sum 2908959
13:04:19.405 [pool-1-thread-15] WARN  s.MoneyTransfer - pool-1-thread-15 Account ID: 6397 Name: John not enough sum trunsaction 9469298 have sum 2638103
13:04:19.427 [pool-1-thread-18] INFO  s.Transaction - Transaction complete with params: fromAccount Account{accountName='Vasya', id=4114, balance=910266} toAccount Account{accountName='John', id=8231, balance=7282306} sum 112924
13:04:19.427 [pool-1-thread-18] WARN  s.MoneyTransfer - pool-1-thread-18 Account ID: 9385 Name: Arnold not enough sum trunsaction 9020683 have sum 464339
13:04:19.427 [pool-1-thread-18] WARN  s.MoneyTransfer - pool-1-thread-18 Account ID: 4406 Name: Vova not enough sum trunsaction 4860586 have sum 2393469
13:04:19.427 [pool-1-thread-18] WARN  s.MoneyTransfer - pool-1-thread-18 Account ID: 3944 Name: Vasya not enough sum trunsaction 3695439 have sum 1304259
13:04:19.427 [pool-1-thread-18] WARN  s.MoneyTransfer - pool-1-thread-18 Account ID: 9385 Name: Arnold not enough sum trunsaction 2236196 have sum 464339
13:04:19.427 [pool-1-thread-18] WARN  s.MoneyTransfer - pool-1-thread-18 Account ID: 8996 Name: Arnold not enough sum trunsaction 8560601 have sum 2046472
13:04:19.439 [pool-1-thread-2] INFO  s.Transaction - Transaction complete with params: fromAccount Account{accountName='Arnold', id=8996, balance=2605904} toAccount Account{accountName='John', id=6716, balance=5978226} sum 1789034
13:04:19.452 [pool-1-thread-14] INFO  s.Transaction - Transaction complete with params: fromAccount Account{accountName='John', id=8231, balance=1579356} toAccount Account{accountName='Arnold', id=9385, balance=5130566} sum 1087388
13:04:19.452 [pool-1-thread-14] WARN  s.MoneyTransfer - pool-1-thread-14 Account ID: 8996 Name: Arnold not enough sum trunsaction 7511088 have sum 706473
13:04:19.512 [pool-1-thread-3] INFO  s.Transaction - Transaction complete with params: fromAccount Account{accountName='Vasya', id=3944, balance=2199280} toAccount Account{accountName='Vasya', id=4114, balance=6285310} sum 1867095
13:04:19.512 [pool-1-thread-3] WARN  s.MoneyTransfer - pool-1-thread-3 Account ID: 8231 Name: John not enough sum trunsaction 5526106 have sum 668229
13:04:19.555 [pool-1-thread-11] INFO  s.Transaction - Transaction complete with params: fromAccount Account{accountName='Vasya', id=3944, balance=288230} toAccount Account{accountName='John', id=4026, balance=11926884} sum 2222585
13:04:19.555 [pool-1-thread-11] WARN  s.MoneyTransfer - pool-1-thread-11 Account ID: 9385 Name: Arnold not enough sum trunsaction 1175146 have sum 958867
13:04:19.575 [pool-1-thread-6] INFO  s.Transaction - Transaction complete with params: fromAccount Account{accountName='John', id=6716, balance=2089590} toAccount Account{accountName='Vasya', id=4114, balance=9075908} sum 3668163
13:04:19.575 [pool-1-thread-6] WARN  s.MoneyTransfer - pool-1-thread-6 Account ID: 4026 Name: John not enough sum trunsaction 9543551 have sum 1916603
13:04:19.575 [pool-1-thread-6] WARN  s.MoneyTransfer - pool-1-thread-6 Account ID: 3944 Name: Vasya not enough sum trunsaction 8867632 have sum 545849
13:04:19.575 [pool-1-thread-6] WARN  s.MoneyTransfer - pool-1-thread-6 Account ID: 6397 Name: John not enough sum trunsaction 491168 have sum 405290
13:04:19.575 [pool-1-thread-6] WARN  s.MoneyTransfer - pool-1-thread-6 Account ID: 6716 Name: John not enough sum trunsaction 2291025 have sum 2089590
13:04:19.603 [pool-1-thread-5] INFO  s.Transaction - Transaction complete with params: fromAccount Account{accountName='John', id=6716, balance=2584919} toAccount Account{accountName='Arnold', id=9385, balance=686604} sum 267601
13:04:19.603 [pool-1-thread-5] WARN  s.MoneyTransfer - pool-1-thread-5 Account ID: 8996 Name: Arnold not enough sum trunsaction 4427303 have sum 2166079
13:04:19.603 [pool-1-thread-5] WARN  s.MoneyTransfer - pool-1-thread-5 Account ID: 9385 Name: Arnold not enough sum trunsaction 801229 have sum 686604
13:04:19.603 [pool-1-thread-5] WARN  s.MoneyTransfer - pool-1-thread-5 Account ID: 6397 Name: John not enough sum trunsaction 2904291 have sum 2386805
13:04:19.603 [pool-1-thread-5] WARN  s.MoneyTransfer - pool-1-thread-5 Account ID: 9385 Name: Arnold not enough sum trunsaction 4079839 have sum 686604
13:04:19.603 [pool-1-thread-5] WARN  s.MoneyTransfer - pool-1-thread-5 Account ID: 3944 Name: Vasya not enough sum trunsaction 5033122 have sum 700391
13:04:19.604 [pool-1-thread-5] WARN  s.MoneyTransfer - pool-1-thread-5 Account ID: 3944 Name: Vasya not enough sum trunsaction 706281 have sum 700391
13:04:19.678 [pool-1-thread-4] INFO  s.Transaction - Transaction complete with params: fromAccount Account{accountName='John', id=6716, balance=5571035} toAccount Account{accountName='Vova', id=4406, balance=8121064} sum 198702
13:04:19.678 [pool-1-thread-4] WARN  s.MoneyTransfer - pool-1-thread-4 Account ID: 3944 Name: Vasya not enough sum trunsaction 3660520 have sum 1210835
13:04:19.678 [pool-1-thread-4] WARN  s.MoneyTransfer - pool-1-thread-4 Account ID: 4026 Name: John not enough sum trunsaction 8657733 have sum 62649
13:04:19.707 [pool-1-thread-16] INFO  s.Transaction - Transaction complete with params: fromAccount Account{accountName='Vasya', id=7665, balance=4775728} toAccount Account{accountName='Vasya', id=4114, balance=6539668} sum 3620587
13:04:19.707 [pool-1-thread-16] WARN  s.MoneyTransfer - pool-1-thread-16 Account ID: 4026 Name: John not enough sum trunsaction 3981927 have sum 704873
13:04:19.707 [pool-1-thread-16] WARN  s.MoneyTransfer - pool-1-thread-16 Account ID: 7665 Name: Vasya not enough sum trunsaction 4776509 have sum 4775728
13:04:19.707 [pool-1-thread-16] WARN  s.MoneyTransfer - pool-1-thread-16 Account ID: 9385 Name: Arnold not enough sum trunsaction 6894700 have sum 2819270
13:04:19.707 [pool-1-thread-16] WARN  s.MoneyTransfer - pool-1-thread-16 Account ID: 8231 Name: John not enough sum trunsaction 8121482 have sum 3522787
13:04:19.707 [pool-1-thread-16] WARN  s.MoneyTransfer - pool-1-thread-16 Account ID: 9385 Name: Arnold not enough sum trunsaction 9917199 have sum 2819270
13:04:19.732 [pool-1-thread-9] INFO  s.Transaction - Transaction complete with params: fromAccount Account{accountName='John', id=6397, balance=80371} toAccount Account{accountName='John', id=4026, balance=2509594} sum 619462
13:04:19.732 [pool-1-thread-9] WARN  s.MoneyTransfer - pool-1-thread-9 Account ID: 4114 Name: Vasya not enough sum trunsaction 8903792 have sum 3328012
13:04:19.732 [pool-1-thread-9] WARN  s.MoneyTransfer - pool-1-thread-9 Account ID: 9385 Name: Arnold not enough sum trunsaction 3838069 have sum 124910
13:04:19.732 [pool-1-thread-9] WARN  s.MoneyTransfer - pool-1-thread-9 Account ID: 6716 Name: John not enough sum trunsaction 5674539 have sum 3212207
13:04:19.732 [pool-1-thread-9] WARN  s.MoneyTransfer - pool-1-thread-9 Account ID: 3944 Name: Vasya not enough sum trunsaction 3368373 have sum 880481
13:04:19.732 [pool-1-thread-9] WARN  s.MoneyTransfer - pool-1-thread-9 Account ID: 4114 Name: Vasya not enough sum trunsaction 5043846 have sum 3328012
13:04:19.732 [pool-1-thread-9] WARN  s.MoneyTransfer - pool-1-thread-9 Account ID: 6716 Name: John not enough sum trunsaction 5068067 have sum 3212207
13:04:19.732 [pool-1-thread-9] WARN  s.MoneyTransfer - pool-1-thread-9 Account ID: 3944 Name: Vasya not enough sum trunsaction 5943411 have sum 880481
13:04:19.769 [pool-1-thread-8] INFO  s.Transaction - Transaction complete with params: fromAccount Account{accountName='Vova', id=4406, balance=1020597} toAccount Account{accountName='John', id=4026, balance=6310580} sum 1960704
13:04:19.769 [pool-1-thread-8] WARN  s.MoneyTransfer - pool-1-thread-8 Account ID: 3944 Name: Vasya not enough sum trunsaction 1814617 have sum 14523
13:04:19.769 [pool-1-thread-8] WARN  s.MoneyTransfer - pool-1-thread-8 Account ID: 8996 Name: Arnold not enough sum trunsaction 7605102 have sum 1094946
13:04:19.769 [pool-1-thread-8] WARN  s.MoneyTransfer - pool-1-thread-8 Account ID: 6716 Name: John not enough sum trunsaction 9873373 have sum 2861876
13:04:19.769 [pool-1-thread-8] WARN  s.MoneyTransfer - pool-1-thread-8 Account ID: 4114 Name: Vasya not enough sum trunsaction 5512578 have sum 2479488
13:04:19.769 [pool-1-thread-8] WARN  s.MoneyTransfer - pool-1-thread-8 Account ID: 8996 Name: Arnold not enough sum trunsaction 9035652 have sum 1094946
13:04:19.769 [pool-1-thread-8] WARN  s.MoneyTransfer - pool-1-thread-8 Accounts from & to are equals. Account ID: 9385
13:04:19.769 [pool-1-thread-8] WARN  s.MoneyTransfer - pool-1-thread-8 Account ID: 4406 Name: Vova not enough sum trunsaction 5447627 have sum 1020597
13:04:19.769 [pool-1-thread-8] WARN  s.MoneyTransfer - pool-1-thread-8 Account ID: 9385 Name: Arnold not enough sum trunsaction 6782149 have sum 6201376
13:04:19.769 [pool-1-thread-8] WARN  s.MoneyTransfer - pool-1-thread-8 Account ID: 6397 Name: John not enough sum trunsaction 4809370 have sum 4704720
13:04:19.769 [pool-1-thread-8] WARN  s.MoneyTransfer - pool-1-thread-8 Account ID: 4114 Name: Vasya not enough sum trunsaction 8687519 have sum 2479488
13:04:20.030 [pool-1-thread-19] INFO  s.Transaction - Transaction complete with params: fromAccount Account{accountName='John', id=8231, balance=2822433} toAccount Account{accountName='John', id=6716, balance=5532791} sum 4033094
13:04:20.041 [pool-1-thread-1] INFO  s.Transaction - Transaction complete with params: fromAccount Account{accountName='Vova', id=4406, balance=5679216} toAccount Account{accountName='Arnold', id=8996, balance=703034} sum 535064
13:04:20.041 [pool-1-thread-1] WARN  s.MoneyTransfer - pool-1-thread-1 Account ID: 8231 Name: John not enough sum trunsaction 3747163 have sum 139295
13:04:20.072 [pool-1-thread-3] INFO  s.Transaction - Transaction complete with params: fromAccount Account{accountName='John', id=4026, balance=3682799} toAccount Account{accountName='Vova', id=4406, balance=3724623} sum 2117439
13:04:20.085 [pool-1-thread-17] INFO  s.Transaction - Transaction complete with params: fromAccount Account{accountName='John', id=8231, balance=1938658} toAccount Account{accountName='Vova', id=4406, balance=1794200} sum 1759439
13:04:20.085 [pool-1-thread-17] WARN  s.MoneyTransfer - pool-1-thread-17 Account ID: 8231 Name: John not enough sum trunsaction 8608240 have sum 1938658
13:04:20.085 [pool-1-thread-17] WARN  s.MoneyTransfer - pool-1-thread-17 Account ID: 8996 Name: Arnold not enough sum trunsaction 9181492 have sum 3851449
13:04:20.085 [pool-1-thread-17] WARN  s.MoneyTransfer - pool-1-thread-17 Account ID: 8996 Name: Arnold not enough sum trunsaction 6234035 have sum 3851449
13:04:20.085 [pool-1-thread-17] WARN  s.MoneyTransfer - pool-1-thread-17 Account ID: 3944 Name: Vasya not enough sum trunsaction 4528469 have sum 1353550
13:04:20.085 [pool-1-thread-17] WARN  s.MoneyTransfer - pool-1-thread-17 Accounts from & to are equals. Account ID: 4114
13:04:20.134 [pool-1-thread-5] INFO  s.Transaction - Transaction complete with params: fromAccount Account{accountName='John', id=4026, balance=2535451} toAccount Account{accountName='Arnold', id=8996, balance=5392443} sum 3226364
13:04:20.134 [pool-1-thread-5] WARN  s.MoneyTransfer - pool-1-thread-5 Account ID: 3944 Name: Vasya not enough sum trunsaction 7542262 have sum 700391
13:04:20.134 [pool-1-thread-5] WARN  s.MoneyTransfer - pool-1-thread-5 Account ID: 9385 Name: Arnold not enough sum trunsaction 9838054 have sum 686604
13:04:20.134 [pool-1-thread-5] WARN  s.MoneyTransfer - pool-1-thread-5 Account ID: 8996 Name: Arnold not enough sum trunsaction 6807588 have sum 5392443
13:04:20.134 [pool-1-thread-5] WARN  s.MoneyTransfer - pool-1-thread-5 Account ID: 4026 Name: John not enough sum trunsaction 3755334 have sum 2535451
13:04:20.144 [pool-1-thread-18] INFO  s.Transaction - Transaction complete with params: fromAccount Account{accountName='Vasya', id=7665, balance=489142} toAccount Account{accountName='Vova', id=4406, balance=10155445} sum 7761976
13:04:20.156 [pool-1-thread-12] INFO  s.Transaction - Transaction complete with params: fromAccount Account{accountName='John', id=6716, balance=10856592} toAccount Account{accountName='John', id=8231, balance=2359245} sum 574871
13:04:20.196 [pool-1-thread-13] INFO  s.Transaction - Transaction complete with params: fromAccount Account{accountName='John', id=4026, balance=392075} toAccount Account{accountName='John', id=6397, balance=7071375} sum 5585547
13:04:20.196 [pool-1-thread-13] WARN  s.MoneyTransfer - pool-1-thread-13 Account ID: 8996 Name: Arnold not enough sum trunsaction 866254 have sum 660485
13:04:20.247 [pool-1-thread-6] INFO  s.Transaction - Transaction complete with params: fromAccount Account{accountName='Vasya', id=4114, balance=7596118} toAccount Account{accountName='John', id=6716, balance=3569380} sum 1479790
13:04:20.247 [pool-1-thread-6] WARN  s.MoneyTransfer - pool-1-thread-6 Account ID: 7665 Name: Vasya not enough sum trunsaction 8802333 have sum 5992836
13:04:20.247 [pool-1-thread-6] WARN  s.MoneyTransfer - pool-1-thread-6 Account ID: 4026 Name: John not enough sum trunsaction 7780640 have sum 1916603
13:04:20.247 [pool-1-thread-6] WARN  s.MoneyTransfer - pool-1-thread-6 Account ID: 4406 Name: Vova not enough sum trunsaction 7259211 have sum 2160396
13:04:20.247 [pool-1-thread-6] WARN  s.MoneyTransfer - pool-1-thread-6 Account ID: 9385 Name: Arnold not enough sum trunsaction 8040056 have sum 3009426
13:04:20.247 [pool-1-thread-6] WARN  s.MoneyTransfer - pool-1-thread-6 Account ID: 4114 Name: Vasya not enough sum trunsaction 8884772 have sum 7596118
13:04:20.247 [pool-1-thread-6] WARN  s.MoneyTransfer - pool-1-thread-6 Account ID: 7665 Name: Vasya not enough sum trunsaction 9557721 have sum 5992836
13:04:20.247 [pool-1-thread-6] WARN  s.MoneyTransfer - pool-1-thread-6 Account ID: 4026 Name: John not enough sum trunsaction 9556911 have sum 1916603
13:04:20.247 [pool-1-thread-6] WARN  s.MoneyTransfer - pool-1-thread-6 Account ID: 3944 Name: Vasya not enough sum trunsaction 8808481 have sum 545849
13:04:20.247 [pool-1-thread-6] WARN  s.MoneyTransfer - pool-1-thread-6 Account ID: 4026 Name: John not enough sum trunsaction 3370802 have sum 1916603
13:04:20.247 [pool-1-thread-6] WARN  s.MoneyTransfer - pool-1-thread-6 Account ID: 3944 Name: Vasya not enough sum trunsaction 9978769 have sum 545849
13:04:20.260 [pool-1-thread-15] INFO  s.Transaction - Transaction complete with params: fromAccount Account{accountName='John', id=6397, balance=2624412} toAccount Account{accountName='Arnold', id=8996, balance=553340} sum 13691
13:04:20.260 [pool-1-thread-15] WARN  s.MoneyTransfer - pool-1-thread-15 Account ID: 6716 Name: John not enough sum trunsaction 2923115 have sum 1499697
13:04:20.272 [pool-1-thread-10] INFO  s.Transaction - Transaction complete with params: fromAccount Account{accountName='Arnold', id=8996, balance=1853399} toAccount Account{accountName='John', id=4026, balance=3224666} sum 3076595
13:04:20.272 [pool-1-thread-10] WARN  s.MoneyTransfer - pool-1-thread-10 Account ID: 4026 Name: John not enough sum trunsaction 9375042 have sum 3224666
13:04:20.272 [pool-1-thread-10] WARN  s.MoneyTransfer - pool-1-thread-10 Account ID: 4114 Name: Vasya not enough sum trunsaction 3331542 have sum 1650488
13:04:20.272 [pool-1-thread-10] WARN  s.MoneyTransfer - pool-1-thread-10 Account ID: 9385 Name: Arnold not enough sum trunsaction 5759807 have sum 59615
13:04:20.272 [pool-1-thread-10] WARN  s.MoneyTransfer - pool-1-thread-10 Account ID: 8231 Name: John not enough sum trunsaction 7967178 have sum 4325945
13:04:20.272 [pool-1-thread-10] WARN  s.MoneyTransfer - pool-1-thread-10 Account ID: 4114 Name: Vasya not enough sum trunsaction 1995945 have sum 1650488
13:04:20.272 [pool-1-thread-10] WARN  s.MoneyTransfer - pool-1-thread-10 Account ID: 3944 Name: Vasya not enough sum trunsaction 8555996 have sum 2121791
13:04:20.273 [pool-1-thread-14] INFO  s.Transaction - Transaction complete with params: fromAccount Account{accountName='Arnold', id=9385, balance=4638051} toAccount Account{accountName='John', id=6397, balance=2708630} sum 492515
13:04:20.273 [pool-1-thread-14] WARN  s.MoneyTransfer - pool-1-thread-14 Account ID: 7665 Name: Vasya not enough sum trunsaction 7083594 have sum 672944
13:04:20.273 [pool-1-thread-14] WARN  s.MoneyTransfer - pool-1-thread-14 Account ID: 6716 Name: John not enough sum trunsaction 8289973 have sum 7515836
13:04:20.273 [pool-1-thread-14] WARN  s.MoneyTransfer - pool-1-thread-14 Account ID: 9385 Name: Arnold not enough sum trunsaction 5318648 have sum 4638051
13:04:20.338 [pool-1-thread-16] INFO  s.Transaction - Transaction complete with params: fromAccount Account{accountName='Vova', id=4406, balance=2908938} toAccount Account{accountName='Vasya', id=7665, balance=5925541} sum 1149813
13:04:20.338 [pool-1-thread-16] WARN  s.MoneyTransfer - pool-1-thread-16 Account ID: 4406 Name: Vova not enough sum trunsaction 9800579 have sum 2908938
13:04:20.350 [pool-1-thread-7] INFO  s.Transaction - Transaction complete with params: fromAccount Account{accountName='John', id=4026, balance=755786} toAccount Account{accountName='John', id=6716, balance=11107455} sum 6894125
13:04:20.408 [pool-1-thread-8] INFO  s.Transaction - Transaction complete with params: fromAccount Account{accountName='Vasya', id=7665, balance=1677688} toAccount Account{accountName='Arnold', id=9385, balance=11742445} sum 5541069
13:04:20.436 [pool-1-thread-2] INFO  s.Transaction - Transaction complete with params: fromAccount Account{accountName='John', id=6397, balance=2248425} toAccount Account{accountName='Vasya', id=3944, balance=4283460} sum 905782
13:04:20.436 [pool-1-thread-2] WARN  s.MoneyTransfer - pool-1-thread-2 Account ID: 6397 Name: John not enough sum trunsaction 2962529 have sum 2248425
13:04:20.436 [pool-1-thread-2] WARN  s.MoneyTransfer - pool-1-thread-2 Account ID: 4026 Name: John not enough sum trunsaction 1467370 have sum 261978
13:04:20.436 [pool-1-thread-2] WARN  s.MoneyTransfer - pool-1-thread-2 Account ID: 8996 Name: Arnold not enough sum trunsaction 4675531 have sum 2605904
13:04:20.436 [pool-1-thread-2] WARN  s.MoneyTransfer - pool-1-thread-2 Accounts from & to are equals. Account ID: 6716
13:04:20.436 [pool-1-thread-2] WARN  s.MoneyTransfer - pool-1-thread-2 Account ID: 6397 Name: John not enough sum trunsaction 4702788 have sum 2248425
13:04:20.436 [pool-1-thread-2] WARN  s.MoneyTransfer - pool-1-thread-2 Account ID: 4406 Name: Vova not enough sum trunsaction 3837611 have sum 1558187
13:04:20.436 [pool-1-thread-2] WARN  s.MoneyTransfer - pool-1-thread-2 Account ID: 8996 Name: Arnold not enough sum trunsaction 9038915 have sum 2605904
13:04:20.436 [pool-1-thread-2] WARN  s.MoneyTransfer - pool-1-thread-2 Account ID: 3944 Name: Vasya not enough sum trunsaction 4624132 have sum 4283460
13:04:20.453 [pool-1-thread-9] INFO  s.Transaction - Transaction complete with params: fromAccount Account{accountName='John', id=6716, balance=124251} toAccount Account{accountName='Vasya', id=7665, balance=7857107} sum 3087956
13:04:20.453 [pool-1-thread-9] WARN  s.MoneyTransfer - pool-1-thread-9 Account ID: 3944 Name: Vasya not enough sum trunsaction 7761954 have sum 880481
13:04:20.453 [pool-1-thread-9] WARN  s.MoneyTransfer - pool-1-thread-9 Account ID: 9385 Name: Arnold not enough sum trunsaction 9996807 have sum 124910
13:04:20.453 [pool-1-thread-9] WARN  s.MoneyTransfer - pool-1-thread-9 Account ID: 8231 Name: John not enough sum trunsaction 8653982 have sum 1211355
13:04:20.453 [pool-1-thread-9] WARN  s.MoneyTransfer - pool-1-thread-9 Accounts from & to are equals. Account ID: 7665
13:04:20.458 [pool-1-thread-11] INFO  s.Transaction - Transaction complete with params: fromAccount Account{accountName='Vasya', id=4114, balance=482719} toAccount Account{accountName='Vasya', id=7665, balance=15021070} sum 8499908
13:04:20.458 [pool-1-thread-11] WARN  s.MoneyTransfer - pool-1-thread-11 Account ID: 3944 Name: Vasya not enough sum trunsaction 8593750 have sum 288230
13:04:20.562 [pool-1-thread-4] INFO  s.Transaction - Transaction complete with params: fromAccount Account{accountName='Vasya', id=7665, balance=4264197} toAccount Account{accountName='John', id=4026, balance=6698832} sum 6636183
13:04:20.626 [pool-1-thread-1] INFO  s.Transaction - Transaction complete with params: fromAccount Account{accountName='Vasya', id=3944, balance=1206647} toAccount Account{accountName='John', id=6716, balance=11631464} sum 9135246
13:04:20.626 [pool-1-thread-1] WARN  s.MoneyTransfer - pool-1-thread-1 Account ID: 9385 Name: Arnold not enough sum trunsaction 5590445 have sum 3154261
13:04:20.626 [pool-1-thread-1] WARN  s.MoneyTransfer - pool-1-thread-1 Account ID: 8996 Name: Arnold not enough sum trunsaction 8529203 have sum 703034
13:04:20.626 [pool-1-thread-1] WARN  s.MoneyTransfer - pool-1-thread-1 Account ID: 8231 Name: John not enough sum trunsaction 6464260 have sum 139295
13:04:20.822 [pool-1-thread-14] INFO  s.Transaction - Transaction complete with params: fromAccount Account{accountName='Vasya', id=4114, balance=1410588} toAccount Account{accountName='Vova', id=4406, balance=787995} sum 579064
13:04:20.822 [pool-1-thread-14] WARN  s.MoneyTransfer - pool-1-thread-14 Account ID: 3944 Name: Vasya not enough sum trunsaction 5731970 have sum 4242083
13:04:20.853 [pool-1-thread-19] INFO  s.Transaction - Transaction complete with params: fromAccount Account{accountName='John', id=8231, balance=2260332} toAccount Account{accountName='Vasya', id=7665, balance=1157195} sum 562101
13:04:20.853 [pool-1-thread-19] WARN  s.MoneyTransfer - pool-1-thread-19 Account ID: 4026 Name: John not enough sum trunsaction 8281887 have sum 267048
13:04:20.853 [pool-1-thread-19] WARN  s.MoneyTransfer - pool-1-thread-19 Account ID: 4114 Name: Vasya not enough sum trunsaction 8151309 have sum 7211117
13:04:20.873 [pool-1-thread-5] INFO  s.Transaction - Transaction complete with params: fromAccount Account{accountName='Arnold', id=8996, balance=2692979} toAccount Account{accountName='John', id=4026, balance=5234915} sum 2699464
13:04:20.920 [pool-1-thread-18] INFO  s.Transaction - Transaction complete with params: fromAccount Account{accountName='John', id=6716, balance=1462237} toAccount Account{accountName='Arnold', id=9385, balance=839780} sum 375441
13:04:20.920 [pool-1-thread-18] WARN  s.MoneyTransfer - pool-1-thread-18 Account ID: 3944 Name: Vasya not enough sum trunsaction 3292283 have sum 1304259
13:04:20.938 [pool-1-thread-12] INFO  s.Transaction - Transaction complete with params: fromAccount Account{accountName='Vasya', id=3944, balance=2413089} toAccount Account{accountName='Arnold', id=8996, balance=9023345} sum 8483696
13:04:20.947 [pool-1-thread-17] INFO  s.Transaction - Transaction complete with params: fromAccount Account{accountName='Arnold', id=8996, balance=3207887} toAccount Account{accountName='Vasya', id=4114, balance=7751859} sum 643562
13:04:20.947 [pool-1-thread-17] WARN  s.MoneyTransfer - pool-1-thread-17 Account ID: 4406 Name: Vova not enough sum trunsaction 2203368 have sum 1794200
13:04:20.947 [pool-1-thread-17] WARN  s.MoneyTransfer - pool-1-thread-17 Account ID: 6716 Name: John not enough sum trunsaction 3935282 have sum 1253786
13:04:20.947 [pool-1-thread-17] WARN  s.MoneyTransfer - pool-1-thread-17 Account ID: 4026 Name: John not enough sum trunsaction 8630385 have sum 101803
13:04:20.947 [pool-1-thread-17] WARN  s.MoneyTransfer - pool-1-thread-17 Account ID: 8996 Name: Arnold not enough sum trunsaction 6820825 have sum 3207887
13:04:20.947 [pool-1-thread-17] WARN  s.MoneyTransfer - pool-1-thread-17 Account ID: 9385 Name: Arnold not enough sum trunsaction 1219982 have sum 124910
13:04:21.004 [pool-1-thread-15] INFO  s.Transaction - Transaction complete with params: fromAccount Account{accountName='Vasya', id=4114, balance=5551934} toAccount Account{accountName='Vasya', id=3944, balance=3089752} sum 1758190
13:04:21.021 [pool-1-thread-7] INFO  s.Transaction - Transaction complete with params: fromAccount Account{accountName='John', id=6716, balance=3613316} toAccount Account{accountName='Vasya', id=3944, balance=8026856} sum 7494139
13:04:21.021 [pool-1-thread-7] WARN  s.MoneyTransfer - pool-1-thread-7 Account ID: 8996 Name: Arnold not enough sum trunsaction 4887500 have sum 619812
13:04:21.026 [pool-1-thread-3] INFO  s.Transaction - Transaction complete with params: fromAccount Account{accountName='Vasya', id=4114, balance=2560628} toAccount Account{accountName='Arnold', id=8996, balance=6089291} sum 3724682
13:04:21.026 [pool-1-thread-3] WARN  s.MoneyTransfer - pool-1-thread-3 Account ID: 6397 Name: John not enough sum trunsaction 9990998 have sum 203613
13:04:21.026 [pool-1-thread-3] WARN  s.MoneyTransfer - pool-1-thread-3 Account ID: 4026 Name: John not enough sum trunsaction 4577288 have sum 3682799
13:04:21.053 [pool-1-thread-9] INFO  s.Transaction - Transaction complete with params: fromAccount Account{accountName='Vasya', id=4114, balance=611113} toAccount Account{accountName='Vasya', id=7665, balance=10574006} sum 2716899
13:04:21.053 [pool-1-thread-9] WARN  s.MoneyTransfer - pool-1-thread-9 Account ID: 4114 Name: Vasya not enough sum trunsaction 3134584 have sum 611113
13:04:21.053 [pool-1-thread-9] WARN  s.MoneyTransfer - pool-1-thread-9 Account ID: 8231 Name: John not enough sum trunsaction 7486323 have sum 1211355
13:04:21.053 [pool-1-thread-9] WARN  s.MoneyTransfer - pool-1-thread-9 Account ID: 4406 Name: Vova not enough sum trunsaction 5510817 have sum 1321635
13:04:21.053 [pool-1-thread-9] WARN  s.MoneyTransfer - pool-1-thread-9 Account ID: 4026 Name: John not enough sum trunsaction 7662503 have sum 2509594
13:04:21.053 [pool-1-thread-9] WARN  s.MoneyTransfer - pool-1-thread-9 Account ID: 9385 Name: Arnold not enough sum trunsaction 3586703 have sum 124910
13:04:21.053 [pool-1-thread-9] WARN  s.MoneyTransfer - pool-1-thread-9 Account ID: 4114 Name: Vasya not enough sum trunsaction 9830574 have sum 611113
13:04:21.053 [pool-1-thread-9] WARN  s.MoneyTransfer - pool-1-thread-9 Account ID: 6397 Name: John not enough sum trunsaction 8628931 have sum 80371
13:04:21.053 [pool-1-thread-9] WARN  s.MoneyTransfer - pool-1-thread-9 Account ID: 8231 Name: John not enough sum trunsaction 6169172 have sum 1211355
13:04:21.053 [pool-1-thread-9] WARN  s.MoneyTransfer - pool-1-thread-9 Account ID: 8231 Name: John not enough sum trunsaction 8471253 have sum 1211355
13:04:21.090 [pool-1-thread-2] INFO  s.Transaction - Transaction complete with params: fromAccount Account{accountName='Vasya', id=7665, balance=6899207} toAccount Account{accountName='Arnold', id=8996, balance=5672896} sum 3066992
13:04:21.090 [pool-1-thread-2] WARN  s.MoneyTransfer - pool-1-thread-2 Account ID: 6397 Name: John not enough sum trunsaction 2720977 have sum 2248425
13:04:21.090 [pool-1-thread-2] WARN  s.MoneyTransfer - pool-1-thread-2 Account ID: 3944 Name: Vasya not enough sum trunsaction 9523154 have sum 4283460
13:04:21.090 [pool-1-thread-2] WARN  s.MoneyTransfer - pool-1-thread-2 Account ID: 4406 Name: Vova not enough sum trunsaction 3482606 have sum 1558187
13:04:21.090 [pool-1-thread-2] WARN  s.MoneyTransfer - pool-1-thread-2 Account ID: 6397 Name: John not enough sum trunsaction 4458692 have sum 2248425
13:04:21.092 [pool-1-thread-10] INFO  s.Transaction - Transaction complete with params: fromAccount Account{accountName='Vova', id=4406, balance=5711708} toAccount Account{accountName='John', id=8231, balance=7503411} sum 3177466
13:04:21.092 [pool-1-thread-10] WARN  s.MoneyTransfer - pool-1-thread-10 Account ID: 6397 Name: John not enough sum trunsaction 3557202 have sum 1859398
13:04:21.092 [pool-1-thread-10] WARN  s.MoneyTransfer - pool-1-thread-10 Account ID: 4026 Name: John not enough sum trunsaction 8163122 have sum 3224666
13:04:21.092 [pool-1-thread-10] WARN  s.MoneyTransfer - pool-1-thread-10 Account ID: 3944 Name: Vasya not enough sum trunsaction 8400064 have sum 2121791
13:04:21.145 [pool-1-thread-6] INFO  s.Transaction - Transaction complete with params: fromAccount Account{accountName='Vova', id=4406, balance=2081447} toAccount Account{accountName='Vasya', id=3944, balance=624798} sum 78949
13:04:21.145 [pool-1-thread-6] WARN  s.MoneyTransfer - pool-1-thread-6 Account ID: 4406 Name: Vova not enough sum trunsaction 2717134 have sum 2081447
13:04:21.145 [pool-1-thread-6] WARN  s.MoneyTransfer - pool-1-thread-6 Account ID: 6397 Name: John not enough sum trunsaction 2502536 have sum 405290
13:04:21.177 [pool-1-thread-8] INFO  s.Transaction - Transaction complete with params: fromAccount Account{accountName='Vasya', id=4114, balance=2268165} toAccount Account{accountName='Arnold', id=9385, balance=11953768} sum 211323
13:04:21.177 [pool-1-thread-8] WARN  s.MoneyTransfer - pool-1-thread-8 Account ID: 4406 Name: Vova not enough sum trunsaction 9822470 have sum 1020597
13:04:21.177 [pool-1-thread-8] WARN  s.MoneyTransfer - pool-1-thread-8 Account ID: 4114 Name: Vasya not enough sum trunsaction 7306637 have sum 2268165
13:04:21.195 [pool-1-thread-13] INFO  s.Transaction - Transaction complete with params: fromAccount Account{accountName='John', id=6397, balance=4895994} toAccount Account{accountName='Vasya', id=7665, balance=2834829} sum 2175381
13:04:21.195 [pool-1-thread-13] WARN  s.MoneyTransfer - pool-1-thread-13 Account ID: 8996 Name: Arnold not enough sum trunsaction 6011944 have sum 660485
13:04:21.195 [pool-1-thread-13] WARN  s.MoneyTransfer - pool-1-thread-13 Account ID: 8231 Name: John not enough sum trunsaction 7811260 have sum 5549547
13:04:21.301 [pool-1-thread-1] INFO  s.Transaction - Transaction complete with params: fromAccount Account{accountName='Arnold', id=9385, balance=2108114} toAccount Account{accountName='John', id=4026, balance=4096516} sum 1046147
13:04:21.329 [pool-1-thread-16] INFO  s.Transaction - Transaction complete with params: fromAccount Account{accountName='Vasya', id=7665, balance=1963748} toAccount Account{accountName='Arnold', id=9385, balance=6781063} sum 3961793
13:04:21.349 [pool-1-thread-4] INFO  s.Transaction - Transaction complete with params: fromAccount Account{accountName='John', id=4026, balance=1284215} toAccount Account{accountName='Arnold', id=8996, balance=6047690} sum 5414617
13:04:21.349 [pool-1-thread-4] WARN  s.MoneyTransfer - pool-1-thread-4 Account ID: 8996 Name: Arnold not enough sum trunsaction 8175796 have sum 6047690
13:04:21.373 [pool-1-thread-11] INFO  s.Transaction - Transaction complete with params: fromAccount Account{accountName='Vasya', id=7665, balance=12282125} toAccount Account{accountName='John', id=4026, balance=14665829} sum 2738945
13:04:21.373 [pool-1-thread-11] WARN  s.MoneyTransfer - pool-1-thread-11 Account ID: 6716 Name: John not enough sum trunsaction 8098095 have sum 4277701
13:04:21.373 [pool-1-thread-11] WARN  s.MoneyTransfer - pool-1-thread-11 Accounts from & to are equals. Account ID: 7665
13:04:21.373 [pool-1-thread-11] WARN  s.MoneyTransfer - pool-1-thread-11 Account ID: 6716 Name: John not enough sum trunsaction 9837426 have sum 4277701
13:04:21.373 [pool-1-thread-11] WARN  s.MoneyTransfer - pool-1-thread-11 Account ID: 4114 Name: Vasya not enough sum trunsaction 6556902 have sum 482719
13:04:21.373 [pool-1-thread-11] WARN  s.MoneyTransfer - pool-1-thread-11 Account ID: 4406 Name: Vova not enough sum trunsaction 4113225 have sum 996523
13:04:21.462 [pool-1-thread-18] INFO  s.Transaction - Transaction complete with params: fromAccount Account{accountName='John', id=8231, balance=3089493} toAccount Account{accountName='Vasya', id=3944, balance=5497072} sum 4192813
13:04:21.462 [pool-1-thread-18] WARN  s.MoneyTransfer - pool-1-thread-18 Accounts from & to are equals. Account ID: 4026
13:04:21.540 [pool-1-thread-5] INFO  s.Transaction - Transaction complete with params: fromAccount Account{accountName='Vasya', id=4114, balance=1583483} toAccount Account{accountName='John', id=8231, balance=13261319} sum 5606684
13:04:21.540 [pool-1-thread-5] WARN  s.MoneyTransfer - pool-1-thread-5 Account ID: 4026 Name: John not enough sum trunsaction 5436721 have sum 5234915
13:04:21.544 [pool-1-thread-19] INFO  s.Transaction - Transaction complete with params: fromAccount Account{accountName='Arnold', id=8996, balance=5179020} toAccount Account{accountName='John', id=8231, balance=5908372} sum 3648040
13:04:21.544 [pool-1-thread-19] WARN  s.MoneyTransfer - pool-1-thread-19 Account ID: 3944 Name: Vasya not enough sum trunsaction 3834165 have sum 1896216
13:04:21.544 [pool-1-thread-19] WARN  s.MoneyTransfer - pool-1-thread-19 Account ID: 8996 Name: Arnold not enough sum trunsaction 9556475 have sum 5179020
13:04:21.544 [pool-1-thread-19] WARN  s.MoneyTransfer - pool-1-thread-19 Account ID: 4026 Name: John not enough sum trunsaction 2926319 have sum 267048
13:04:21.580 [pool-1-thread-14] INFO  s.Transaction - Transaction complete with params: fromAccount Account{accountName='John', id=8231, balance=642435} toAccount Account{accountName='John', id=6397, balance=3645551} sum 936921
13:04:21.621 [pool-1-thread-12] INFO  s.Transaction - Transaction complete with params: fromAccount Account{accountName='Arnold', id=8996, balance=1355141} toAccount Account{accountName='Vasya', id=4114, balance=9388460} sum 7668204
13:04:21.621 [pool-1-thread-12] WARN  s.MoneyTransfer - pool-1-thread-12 Account ID: 8996 Name: Arnold not enough sum trunsaction 6120489 have sum 1355141
13:04:21.621 [pool-1-thread-12] WARN  s.MoneyTransfer - pool-1-thread-12 Account ID: 3944 Name: Vasya not enough sum trunsaction 5996908 have sum 2413089
13:04:21.687 [pool-1-thread-2] INFO  s.Transaction - Transaction complete with params: fromAccount Account{accountName='John', id=8231, balance=1317086} toAccount Account{accountName='Vova', id=4406, balance=1594931} sum 36744
13:04:21.714 [pool-1-thread-7] INFO  s.Transaction - Transaction complete with params: fromAccount Account{accountName='Vasya', id=7665, balance=5723423} toAccount Account{accountName='Vasya', id=4114, balance=6482838} sum 5895454
13:04:21.758 [pool-1-thread-3] INFO  s.Transaction - Transaction complete with params: fromAccount Account{accountName='John', id=4026, balance=3537129} toAccount Account{accountName='Vasya', id=4114, balance=2706298} sum 145670
13:04:21.758 [pool-1-thread-3] WARN  s.MoneyTransfer - pool-1-thread-3 Account ID: 8231 Name: John not enough sum trunsaction 7744777 have sum 668229
13:04:21.758 [pool-1-thread-3] WARN  s.MoneyTransfer - pool-1-thread-3 Account ID: 6397 Name: John not enough sum trunsaction 2896844 have sum 203613
13:04:21.758 [pool-1-thread-3] WARN  s.MoneyTransfer - pool-1-thread-3 Account ID: 6397 Name: John not enough sum trunsaction 1084641 have sum 203613
13:04:21.758 [pool-1-thread-3] WARN  s.MoneyTransfer - pool-1-thread-3 Account ID: 4114 Name: Vasya not enough sum trunsaction 8567670 have sum 2706298
13:04:21.761 [pool-1-thread-17] INFO  s.Transaction - Transaction complete with params: fromAccount Account{accountName='John', id=6397, balance=409839} toAccount Account{accountName='John', id=8231, balance=3656475} sum 1717817
13:04:21.761 [pool-1-thread-17] WARN  s.MoneyTransfer - pool-1-thread-17 Account ID: 6716 Name: John not enough sum trunsaction 3125197 have sum 1253786
13:04:21.761 [pool-1-thread-17] WARN  s.MoneyTransfer - pool-1-thread-17 Account ID: 3944 Name: Vasya not enough sum trunsaction 3933272 have sum 1353550
13:04:21.796 [pool-1-thread-15] INFO  s.Transaction - Transaction complete with params: fromAccount Account{accountName='John', id=8231, balance=787742} toAccount Account{accountName='Vasya', id=7665, balance=8631169} sum 4174867
13:04:21.796 [pool-1-thread-15] WARN  s.MoneyTransfer - pool-1-thread-15 Account ID: 6397 Name: John not enough sum trunsaction 5009679 have sum 2624412
13:04:21.797 [pool-1-thread-15] WARN  s.MoneyTransfer - pool-1-thread-15 Account ID: 6716 Name: John not enough sum trunsaction 5582805 have sum 1499697
13:04:21.893 [pool-1-thread-4] INFO  s.Transaction - Transaction complete with params: fromAccount Account{accountName='Arnold', id=8996, balance=2636875} toAccount Account{accountName='Vasya', id=7665, balance=7675012} sum 3410815
13:04:21.893 [pool-1-thread-4] WARN  s.MoneyTransfer - pool-1-thread-4 Account ID: 4114 Name: Vasya not enough sum trunsaction 6185035 have sum 147047
13:04:21.893 [pool-1-thread-4] WARN  s.MoneyTransfer - pool-1-thread-4 Account ID: 4114 Name: Vasya not enough sum trunsaction 5998568 have sum 147047
13:04:21.893 [pool-1-thread-4] WARN  s.MoneyTransfer - pool-1-thread-4 Account ID: 4114 Name: Vasya not enough sum trunsaction 4471045 have sum 147047
13:04:21.893 [pool-1-thread-4] WARN  s.MoneyTransfer - pool-1-thread-4 Account ID: 6397 Name: John not enough sum trunsaction 3232176 have sum 2709022
13:04:21.901 [pool-1-thread-6] INFO  s.Transaction - Transaction complete with params: fromAccount Account{accountName='Vova', id=4406, balance=1264889} toAccount Account{accountName='Vasya', id=4114, balance=8412676} sum 816558
13:04:21.901 [pool-1-thread-6] WARN  s.MoneyTransfer - pool-1-thread-6 Account ID: 4026 Name: John not enough sum trunsaction 8498484 have sum 1916603
13:04:21.953 [pool-1-thread-11] INFO  s.Transaction - Transaction complete with params: fromAccount Account{accountName='Vasya', id=7665, balance=9461031} toAccount Account{accountName='Arnold', id=9385, balance=3779961} sum 2821094
13:04:21.953 [pool-1-thread-11] WARN  s.MoneyTransfer - pool-1-thread-11 Account ID: 8231 Name: John not enough sum trunsaction 7624753 have sum 1328138
13:04:21.966 [pool-1-thread-10] INFO  s.Transaction - Transaction complete with params: fromAccount Account{accountName='Vasya', id=3944, balance=1807280} toAccount Account{accountName='John', id=4026, balance=3539177} sum 314511
13:04:21.966 [pool-1-thread-10] WARN  s.MoneyTransfer - pool-1-thread-10 Account ID: 9385 Name: Arnold not enough sum trunsaction 6112333 have sum 59615
13:04:21.966 [pool-1-thread-10] WARN  s.MoneyTransfer - pool-1-thread-10 Account ID: 9385 Name: Arnold not enough sum trunsaction 9776510 have sum 59615
13:04:21.966 [pool-1-thread-10] WARN  s.MoneyTransfer - pool-1-thread-10 Account ID: 8996 Name: Arnold not enough sum trunsaction 5227327 have sum 1853399
13:04:21.966 [pool-1-thread-10] WARN  s.MoneyTransfer - pool-1-thread-10 Account ID: 6397 Name: John not enough sum trunsaction 9680690 have sum 1859398
13:04:21.966 [pool-1-thread-10] WARN  s.MoneyTransfer - pool-1-thread-10 Account ID: 6397 Name: John not enough sum trunsaction 4648522 have sum 1859398
13:04:21.966 [pool-1-thread-10] WARN  s.MoneyTransfer - pool-1-thread-10 Account ID: 9385 Name: Arnold not enough sum trunsaction 5182306 have sum 59615
13:04:21.966 [pool-1-thread-10] WARN  s.MoneyTransfer - pool-1-thread-10 Account ID: 6397 Name: John not enough sum trunsaction 2358016 have sum 1859398
13:04:21.966 [pool-1-thread-10] WARN  s.MoneyTransfer - pool-1-thread-10 Account ID: 4026 Name: John not enough sum trunsaction 9926197 have sum 3539177
13:04:21.966 [pool-1-thread-10] WARN  s.MoneyTransfer - pool-1-thread-10 Account ID: 4026 Name: John not enough sum trunsaction 5355243 have sum 3539177
13:04:21.966 [pool-1-thread-10] WARN  s.MoneyTransfer - pool-1-thread-10 Account ID: 4026 Name: John not enough sum trunsaction 4863015 have sum 3539177
13:04:21.966 [pool-1-thread-10] WARN  s.MoneyTransfer - pool-1-thread-10 Account ID: 4114 Name: Vasya not enough sum trunsaction 6250027 have sum 1650488
13:04:21.967 [pool-1-thread-10] WARN  s.MoneyTransfer - pool-1-thread-10 Account ID: 9385 Name: Arnold not enough sum trunsaction 3016320 have sum 59615
13:04:21.967 [pool-1-thread-10] WARN  s.MoneyTransfer - pool-1-thread-10 Account ID: 6716 Name: John not enough sum trunsaction 6714112 have sum 4205572
13:04:21.988 [pool-1-thread-8] INFO  s.Transaction - Transaction complete with params: fromAccount Account{accountName='John', id=8231, balance=2618696} toAccount Account{accountName='Vasya', id=7665, balance=2881141} sum 1203453
13:04:21.988 [pool-1-thread-8] WARN  s.MoneyTransfer - pool-1-thread-8 Account ID: 3944 Name: Vasya not enough sum trunsaction 6418663 have sum 14523
13:04:21.988 [pool-1-thread-8] WARN  s.MoneyTransfer - pool-1-thread-8 Account ID: 7665 Name: Vasya not enough sum trunsaction 6246216 have sum 2881141
13:04:21.988 [pool-1-thread-8] WARN  s.MoneyTransfer - pool-1-thread-8 Account ID: 6716 Name: John not enough sum trunsaction 6639162 have sum 2861876
13:04:21.988 [pool-1-thread-8] WARN  s.MoneyTransfer - pool-1-thread-8 Account ID: 4114 Name: Vasya not enough sum trunsaction 8371939 have sum 2268165
13:04:21.988 [pool-1-thread-8] WARN  s.MoneyTransfer - pool-1-thread-8 Account ID: 8231 Name: John not enough sum trunsaction 8756836 have sum 2618696
13:04:21.988 [pool-1-thread-8] WARN  s.MoneyTransfer - pool-1-thread-8 Account ID: 8996 Name: Arnold not enough sum trunsaction 8773148 have sum 1094946
13:04:21.988 [pool-1-thread-8] WARN  s.MoneyTransfer - pool-1-thread-8 Account ID: 8996 Name: Arnold not enough sum trunsaction 5921354 have sum 1094946
13:04:21.988 [pool-1-thread-8] WARN  s.MoneyTransfer - pool-1-thread-8 Account ID: 3944 Name: Vasya not enough sum trunsaction 563794 have sum 14523
13:04:21.988 [pool-1-thread-8] WARN  s.MoneyTransfer - pool-1-thread-8 Account ID: 4406 Name: Vova not enough sum trunsaction 9063504 have sum 1020597
13:04:21.988 [pool-1-thread-8] WARN  s.MoneyTransfer - pool-1-thread-8 Account ID: 7665 Name: Vasya not enough sum trunsaction 6765812 have sum 2881141
13:04:21.988 [pool-1-thread-8] WARN  s.MoneyTransfer - pool-1-thread-8 Account ID: 4114 Name: Vasya not enough sum trunsaction 8065374 have sum 2268165
13:04:22.012 [pool-1-thread-9] INFO  s.Transaction - Transaction complete with params: fromAccount Account{accountName='Arnold', id=8996, balance=16710111} toAccount Account{accountName='John', id=4026, balance=4090779} sum 1581185
13:04:22.012 [pool-1-thread-9] WARN  s.MoneyTransfer - pool-1-thread-9 Accounts from & to are equals. Account ID: 7665
13:04:22.012 [pool-1-thread-9] WARN  s.MoneyTransfer - pool-1-thread-9 Account ID: 3944 Name: Vasya not enough sum trunsaction 4373986 have sum 880481
13:04:22.054 [pool-1-thread-5] INFO  s.Transaction - Transaction complete with params: fromAccount Account{accountName='John', id=6716, balance=1918087} toAccount Account{accountName='Vasya', id=3944, balance=1367223} sum 666832
13:04:22.054 [pool-1-thread-5] WARN  s.MoneyTransfer - pool-1-thread-5 Account ID: 4026 Name: John not enough sum trunsaction 9906172 have sum 5234915
13:04:22.054 [pool-1-thread-5] WARN  s.MoneyTransfer - pool-1-thread-5 Account ID: 8996 Name: Arnold not enough sum trunsaction 3873170 have sum 2692979
13:04:22.122 [pool-1-thread-12] INFO  s.Transaction - Transaction complete with params: fromAccount Account{accountName='John', id=4026, balance=426821} toAccount Account{accountName='Arnold', id=9385, balance=1943306} sum 678700
13:04:22.122 [pool-1-thread-12] WARN  s.MoneyTransfer - pool-1-thread-12 Account ID: 4406 Name: Vova not enough sum trunsaction 5352267 have sum 2051489
13:04:22.124 [pool-1-thread-1] INFO  s.Transaction - Transaction complete with params: fromAccount Account{accountName='Arnold', id=9385, balance=2061266} toAccount Account{accountName='Vasya', id=3944, balance=1253495} sum 46848
13:04:22.124 [pool-1-thread-1] WARN  s.MoneyTransfer - pool-1-thread-1 Account ID: 9385 Name: Arnold not enough sum trunsaction 9157219 have sum 2061266
13:04:22.124 [pool-1-thread-1] WARN  s.MoneyTransfer - pool-1-thread-1 Account ID: 8231 Name: John not enough sum trunsaction 5087982 have sum 139295
13:04:22.124 [pool-1-thread-1] WARN  s.MoneyTransfer - pool-1-thread-1 Account ID: 3944 Name: Vasya not enough sum trunsaction 4249134 have sum 1253495
13:04:22.139 [pool-1-thread-14] INFO  s.Transaction - Transaction complete with params: fromAccount Account{accountName='John', id=8231, balance=567765} toAccount Account{accountName='Vova', id=4406, balance=862665} sum 74670
13:04:22.149 [pool-1-thread-13] INFO  s.Transaction - Transaction complete with params: fromAccount Account{accountName='John', id=6397, balance=3510234} toAccount Account{accountName='John', id=8231, balance=6935307} sum 1385760
13:04:22.182 [pool-1-thread-16] INFO  s.Transaction - Transaction complete with params: fromAccount Account{accountName='Vova', id=4406, balance=1807189} toAccount Account{accountName='Arnold', id=9385, balance=7882812} sum 1101749
13:04:22.182 [pool-1-thread-16] WARN  s.MoneyTransfer - pool-1-thread-16 Account ID: 7665 Name: Vasya not enough sum trunsaction 5108357 have sum 1963748
13:04:22.182 [pool-1-thread-16] WARN  s.MoneyTransfer - pool-1-thread-16 Account ID: 6397 Name: John not enough sum trunsaction 6046758 have sum 340047
13:04:22.182 [pool-1-thread-16] WARN  s.MoneyTransfer - pool-1-thread-16 Account ID: 8231 Name: John not enough sum trunsaction 6091101 have sum 3522787
13:04:22.182 [pool-1-thread-16] WARN  s.MoneyTransfer - pool-1-thread-16 Account ID: 4026 Name: John not enough sum trunsaction 2779641 have sum 704873
13:04:22.281 [pool-1-thread-7] INFO  s.Transaction - Transaction complete with params: fromAccount Account{accountName='Vasya', id=3944, balance=5086785} toAccount Account{accountName='Vasya', id=4114, balance=9422909} sum 2940071
13:04:22.281 [pool-1-thread-7] WARN  s.MoneyTransfer - pool-1-thread-7 Account ID: 3944 Name: Vasya not enough sum trunsaction 8080921 have sum 5086785
13:04:22.281 [pool-1-thread-7] WARN  s.MoneyTransfer - pool-1-thread-7 Account ID: 7665 Name: Vasya not enough sum trunsaction 9135726 have sum 5723423
13:04:22.343 [pool-1-thread-2] INFO  s.Transaction - Transaction complete with params: fromAccount Account{accountName='Vova', id=4406, balance=1176763} toAccount Account{accountName='Vasya', id=3944, balance=4701628} sum 418168
13:04:22.343 [pool-1-thread-2] WARN  s.MoneyTransfer - pool-1-thread-2 Account ID: 4026 Name: John not enough sum trunsaction 5864703 have sum 261978
13:04:22.416 [pool-1-thread-18] INFO  s.Transaction - Transaction complete with params: fromAccount Account{accountName='Vasya', id=3944, balance=2166773} toAccount Account{accountName='Vasya', id=7665, balance=3819441} sum 3330299
13:04:22.416 [pool-1-thread-18] WARN  s.MoneyTransfer - pool-1-thread-18 Account ID: 8231 Name: John not enough sum trunsaction 9058534 have sum 3089493
13:04:22.416 [pool-1-thread-18] WARN  s.MoneyTransfer - pool-1-thread-18 Account ID: 6716 Name: John not enough sum trunsaction 6592048 have sum 1462237
13:04:22.523 [pool-1-thread-11] INFO  s.Transaction - Transaction complete with params: fromAccount Account{accountName='Arnold', id=9385, balance=3359699} toAccount Account{accountName='John', id=6397, balance=863057} sum 420262
13:04:22.523 [pool-1-thread-11] WARN  s.MoneyTransfer - pool-1-thread-11 Account ID: 4406 Name: Vova not enough sum trunsaction 4015449 have sum 996523
13:04:22.523 [pool-1-thread-11] WARN  s.MoneyTransfer - pool-1-thread-11 Account ID: 8231 Name: John not enough sum trunsaction 5694030 have sum 1328138
13:04:22.523 [pool-1-thread-11] WARN  s.MoneyTransfer - pool-1-thread-11 Accounts from & to are equals. Account ID: 4026
13:04:22.523 [pool-1-thread-11] WARN  s.MoneyTransfer - pool-1-thread-11 Account ID: 8996 Name: Arnold not enough sum trunsaction 6280789 have sum 6085
13:04:22.531 [pool-1-thread-8] INFO  s.Transaction - Transaction complete with params: fromAccount Account{accountName='Vasya', id=7665, balance=687968} toAccount Account{accountName='Vasya', id=3944, balance=2207696} sum 2193173
13:04:22.542 [pool-1-thread-19] INFO  s.Transaction - Transaction complete with params: fromAccount Account{accountName='John', id=6716, balance=3729639} toAccount Account{accountName='Vasya', id=7665, balance=2960347} sum 1803152
13:04:22.542 [pool-1-thread-19] WARN  s.MoneyTransfer - pool-1-thread-19 Account ID: 7665 Name: Vasya not enough sum trunsaction 9665854 have sum 2960347
13:04:22.567 [pool-1-thread-17] INFO  s.Transaction - Transaction complete with params: fromAccount Account{accountName='Vasya', id=7665, balance=15528398} toAccount Account{accountName='Vova', id=4406, balance=2340505} sum 546305
13:04:22.606 [pool-1-thread-6] INFO  s.Transaction - Transaction complete with params: fromAccount Account{accountName='John', id=8231, balance=1460852} toAccount Account{accountName='Arnold', id=9385, balance=7233446} sum 4224020
13:04:22.606 [pool-1-thread-6] WARN  s.MoneyTransfer - pool-1-thread-6 Accounts from & to are equals. Account ID: 6716
13:04:22.607 [pool-1-thread-3] INFO  s.Transaction - Transaction complete with params: fromAccount Account{accountName='John', id=6716, balance=11639253} toAccount Account{accountName='Vasya', id=3944, balance=3494383} sum 1295103
13:04:22.607 [pool-1-thread-3] WARN  s.MoneyTransfer - pool-1-thread-3 Account ID: 8231 Name: John not enough sum trunsaction 2437930 have sum 668229
13:04:22.607 [pool-1-thread-3] WARN  s.MoneyTransfer - pool-1-thread-3 Account ID: 8231 Name: John not enough sum trunsaction 5936859 have sum 668229
13:04:22.649 [pool-1-thread-5] INFO  s.Transaction - Transaction complete with params: fromAccount Account{accountName='John', id=8231, balance=12979325} toAccount Account{accountName='Arnold', id=9385, balance=968598} sum 281994
13:04:22.649 [pool-1-thread-5] WARN  s.MoneyTransfer - pool-1-thread-5 Account ID: 4114 Name: Vasya not enough sum trunsaction 8495593 have sum 1583483
13:04:22.699 [pool-1-thread-15] INFO  s.Transaction - Transaction complete with params: fromAccount Account{accountName='Vasya', id=3944, balance=1385700} toAccount Account{accountName='John', id=6397, balance=4328464} sum 1704052
13:04:22.699 [pool-1-thread-15] WARN  s.MoneyTransfer - pool-1-thread-15 Account ID: 3944 Name: Vasya not enough sum trunsaction 6399019 have sum 1385700
13:04:22.699 [pool-1-thread-15] WARN  s.MoneyTransfer - pool-1-thread-15 Account ID: 9385 Name: Arnold not enough sum trunsaction 1694546 have sum 1477604
13:04:22.699 [pool-1-thread-15] WARN  s.MoneyTransfer - pool-1-thread-15 Account ID: 6397 Name: John not enough sum trunsaction 4509244 have sum 4328464
13:04:22.699 [pool-1-thread-15] WARN  s.MoneyTransfer - pool-1-thread-15 Account ID: 8996 Name: Arnold not enough sum trunsaction 8634266 have sum 553340
13:04:22.699 [pool-1-thread-15] WARN  s.MoneyTransfer - pool-1-thread-15 Account ID: 8996 Name: Arnold not enough sum trunsaction 2582996 have sum 553340
13:04:22.699 [pool-1-thread-15] WARN  s.MoneyTransfer - pool-1-thread-15 Account ID: 8231 Name: John not enough sum trunsaction 4298184 have sum 787742
13:04:22.699 [pool-1-thread-15] WARN  s.MoneyTransfer - pool-1-thread-15 Account ID: 8996 Name: Arnold not enough sum trunsaction 4024895 have sum 553340
13:04:22.718 [pool-1-thread-1] INFO  s.Transaction - Transaction complete with params: fromAccount Account{accountName='Vasya', id=7665, balance=88064} toAccount Account{accountName='John', id=8231, balance=4462142} sum 4322847
13:04:22.718 [pool-1-thread-1] WARN  s.MoneyTransfer - pool-1-thread-1 Account ID: 4114 Name: Vasya not enough sum trunsaction 7166481 have sum 4642348
13:04:22.718 [pool-1-thread-1] WARN  s.MoneyTransfer - pool-1-thread-1 Account ID: 4026 Name: John not enough sum trunsaction 4209962 have sum 4096516
13:04:22.718 [pool-1-thread-1] WARN  s.MoneyTransfer - pool-1-thread-1 Account ID: 8996 Name: Arnold not enough sum trunsaction 3636993 have sum 703034
13:04:22.733 [pool-1-thread-14] INFO  s.Transaction - Transaction complete with params: fromAccount Account{accountName='Vasya', id=3944, balance=2275704} toAccount Account{accountName='Vasya', id=7665, balance=2639323} sum 1966379
13:04:22.733 [pool-1-thread-14] WARN  s.MoneyTransfer - pool-1-thread-14 Account ID: 4114 Name: Vasya not enough sum trunsaction 3546972 have sum 1410588
13:04:22.733 [pool-1-thread-14] WARN  s.MoneyTransfer - pool-1-thread-14 Account ID: 9385 Name: Arnold not enough sum trunsaction 7341609 have sum 4638051
13:04:22.733 [pool-1-thread-14] WARN  s.MoneyTransfer - pool-1-thread-14 Account ID: 9385 Name: Arnold not enough sum trunsaction 6082145 have sum 4638051
13:04:22.733 [pool-1-thread-14] WARN  s.MoneyTransfer - pool-1-thread-14 Account ID: 4114 Name: Vasya not enough sum trunsaction 3678596 have sum 1410588
13:04:22.733 [pool-1-thread-14] WARN  s.MoneyTransfer - pool-1-thread-14 Account ID: 7665 Name: Vasya not enough sum trunsaction 8587497 have sum 2639323
13:04:22.733 [pool-1-thread-14] WARN  s.MoneyTransfer - pool-1-thread-14 Account ID: 7665 Name: Vasya not enough sum trunsaction 6552451 have sum 2639323
13:04:22.733 [pool-1-thread-14] WARN  s.MoneyTransfer - pool-1-thread-14 Account ID: 9385 Name: Arnold not enough sum trunsaction 6851003 have sum 4638051
13:04:22.760 [pool-1-thread-13] INFO  s.Transaction - Transaction complete with params: fromAccount Account{accountName='Arnold', id=9385, balance=4582710} toAccount Account{accountName='Vova', id=4406, balance=6621172} sum 3042031
13:04:22.760 [pool-1-thread-13] WARN  s.MoneyTransfer - pool-1-thread-13 Account ID: 3944 Name: Vasya not enough sum trunsaction 3770398 have sum 289724
13:04:22.813 [pool-1-thread-4] INFO  s.Transaction - Transaction complete with params: fromAccount Account{accountName='Vasya', id=3944, balance=437423} toAccount Account{accountName='Vasya', id=7665, balance=8448424} sum 773412
13:04:22.813 [pool-1-thread-4] WARN  s.MoneyTransfer - pool-1-thread-4 Account ID: 8996 Name: Arnold not enough sum trunsaction 5258164 have sum 2636875
13:04:22.813 [pool-1-thread-4] WARN  s.MoneyTransfer - pool-1-thread-4 Account ID: 4114 Name: Vasya not enough sum trunsaction 9497244 have sum 147047
13:04:22.813 [pool-1-thread-4] WARN  s.MoneyTransfer - pool-1-thread-4 Account ID: 8231 Name: John not enough sum trunsaction 8619338 have sum 2731836
13:04:22.813 [pool-1-thread-4] WARN  s.MoneyTransfer - pool-1-thread-4 Account ID: 4026 Name: John not enough sum trunsaction 4435641 have sum 1284215
13:04:22.813 [pool-1-thread-4] WARN  s.MoneyTransfer - pool-1-thread-4 Account ID: 8231 Name: John not enough sum trunsaction 4889830 have sum 2731836
13:04:22.813 [pool-1-thread-4] WARN  s.MoneyTransfer - pool-1-thread-4 Account ID: 7665 Name: Vasya not enough sum trunsaction 9837713 have sum 8448424
13:04:22.858 [pool-1-thread-9] INFO  s.Transaction - Transaction complete with params: fromAccount Account{accountName='Vova', id=4406, balance=1036968} toAccount Account{accountName='Vasya', id=7665, balance=10858673} sum 284667
13:04:22.858 [pool-1-thread-9] WARN  s.MoneyTransfer - pool-1-thread-9 Account ID: 4026 Name: John not enough sum trunsaction 6726005 have sum 4090779
13:04:22.858 [pool-1-thread-9] WARN  s.MoneyTransfer - pool-1-thread-9 Account ID: 6397 Name: John not enough sum trunsaction 8827471 have sum 80371
13:04:22.858 [pool-1-thread-9] WARN  s.MoneyTransfer - pool-1-thread-9 Account ID: 6716 Name: John not enough sum trunsaction 7516164 have sum 124251
13:04:22.863 [pool-1-thread-10] INFO  s.Transaction - Transaction complete with params: fromAccount Account{accountName='John', id=8231, balance=1976216} toAccount Account{accountName='Vasya', id=7665, balance=13066159} sum 5527195
13:04:22.888 [pool-1-thread-7] INFO  s.Transaction - Transaction complete with params: fromAccount Account{accountName='Vasya', id=4114, balance=3819775} toAccount Account{accountName='John', id=6716, balance=9216450} sum 5603134
13:04:22.888 [pool-1-thread-7] WARN  s.MoneyTransfer - pool-1-thread-7 Account ID: 8231 Name: John not enough sum trunsaction 8336779 have sum 2636262
13:04:22.888 [pool-1-thread-7] WARN  s.MoneyTransfer - pool-1-thread-7 Account ID: 4114 Name: Vasya not enough sum trunsaction 8203543 have sum 3819775
13:04:22.888 [pool-1-thread-7] WARN  s.MoneyTransfer - pool-1-thread-7 Account ID: 9385 Name: Arnold not enough sum trunsaction 1484500 have sum 124910
13:04:22.901 [pool-1-thread-12] INFO  s.Transaction - Transaction complete with params: fromAccount Account{accountName='Vova', id=4406, balance=811505} toAccount Account{accountName='John', id=6716, balance=12096576} sum 1239984
13:04:22.901 [pool-1-thread-12] WARN  s.MoneyTransfer - pool-1-thread-12 Account ID: 4114 Name: Vasya not enough sum trunsaction 9814679 have sum 9388460
13:04:22.984 [pool-1-thread-16] INFO  s.Transaction - Transaction complete with params: fromAccount Account{accountName='Arnold', id=9385, balance=3060100} toAccount Account{accountName='Vova', id=4406, balance=6629901} sum 4822712
13:04:22.984 [pool-1-thread-16] WARN  s.MoneyTransfer - pool-1-thread-16 Account ID: 6397 Name: John not enough sum trunsaction 2340366 have sum 340047
13:04:23.073 [pool-1-thread-19] INFO  s.Transaction - Transaction complete with params: fromAccount Account{accountName='Vasya', id=4114, balance=532870} toAccount Account{accountName='John', id=8231, balance=12586619} sum 6678247
13:04:23.090 [pool-1-thread-8] INFO  s.Transaction - Transaction complete with params: fromAccount Account{accountName='John', id=6716, balance=1233995} toAccount Account{accountName='Vasya', id=4114, balance=3896046} sum 1627881
13:04:23.090 [pool-1-thread-8] WARN  s.MoneyTransfer - pool-1-thread-8 Account ID: 8996 Name: Arnold not enough sum trunsaction 5459310 have sum 1094946
13:04:23.090 [pool-1-thread-8] WARN  s.MoneyTransfer - pool-1-thread-8 Account ID: 7665 Name: Vasya not enough sum trunsaction 6203790 have sum 687968
13:04:23.090 [pool-1-thread-8] WARN  s.MoneyTransfer - pool-1-thread-8 Account ID: 8996 Name: Arnold not enough sum trunsaction 9501980 have sum 1094946
13:04:23.148 [pool-1-thread-3] INFO  s.Transaction - Transaction complete with params: fromAccount Account{accountName='John', id=6716, balance=8427501} toAccount Account{accountName='Arnold', id=9385, balance=6303678} sum 3211752
13:04:23.148 [pool-1-thread-3] WARN  s.MoneyTransfer - pool-1-thread-3 Account ID: 8231 Name: John not enough sum trunsaction 6803503 have sum 668229
13:04:23.148 [pool-1-thread-3] WARN  s.MoneyTransfer - pool-1-thread-3 Account ID: 7665 Name: Vasya not enough sum trunsaction 7946547 have sum 574267
13:04:23.148 [pool-1-thread-3] WARN  s.MoneyTransfer - pool-1-thread-3 Account ID: 8996 Name: Arnold not enough sum trunsaction 6591052 have sum 6089291
13:04:23.148 [pool-1-thread-3] WARN  s.MoneyTransfer - pool-1-thread-3 Account ID: 4026 Name: John not enough sum trunsaction 5996838 have sum 3537129
13:04:23.228 [pool-1-thread-11] INFO  s.Transaction - Transaction complete with params: fromAccount Account{accountName='John', id=4026, balance=5823412} toAccount Account{accountName='John', id=8231, balance=10170555} sum 8842417
13:04:23.228 [pool-1-thread-11] WARN  s.MoneyTransfer - pool-1-thread-11 Account ID: 4114 Name: Vasya not enough sum trunsaction 3626136 have sum 482719
13:04:23.260 [pool-1-thread-2] INFO  s.Transaction - Transaction complete with params: fromAccount Account{accountName='John', id=6716, balance=1812045} toAccount Account{accountName='Arnold', id=8996, balance=9839077} sum 4166181
13:04:23.260 [pool-1-thread-2] WARN  s.MoneyTransfer - pool-1-thread-2 Account ID: 8231 Name: John not enough sum trunsaction 6618624 have sum 1317086
13:04:23.260 [pool-1-thread-2] WARN  s.MoneyTransfer - pool-1-thread-2 Account ID: 3944 Name: Vasya not enough sum trunsaction 8618492 have sum 4701628
13:04:23.282 [pool-1-thread-17] INFO  s.Transaction - Transaction complete with params: fromAccount Account{accountName='John', id=8231, balance=2605901} toAccount Account{accountName='Arnold', id=8996, balance=4258461} sum 1050574
13:04:23.296 [pool-1-thread-1] INFO  s.Transaction - Transaction complete with params: fromAccount Account{accountName='John', id=6716, balance=3036062} toAccount Account{accountName='Vasya', id=7665, balance=8683466} sum 8595402
13:04:23.296 [pool-1-thread-1] WARN  s.MoneyTransfer - pool-1-thread-1 Accounts from & to are equals. Account ID: 4406
13:04:23.296 [pool-1-thread-1] WARN  s.MoneyTransfer - pool-1-thread-1 Account ID: 8996 Name: Arnold not enough sum trunsaction 4466765 have sum 703034
13:04:23.296 [pool-1-thread-1] WARN  s.MoneyTransfer - pool-1-thread-1 Account ID: 8996 Name: Arnold not enough sum trunsaction 2450798 have sum 703034
13:04:23.296 [pool-1-thread-1] WARN  s.MoneyTransfer - pool-1-thread-1 Account ID: 6397 Name: John not enough sum trunsaction 9698242 have sum 1111467
13:04:23.306 [pool-1-thread-18] INFO  s.Transaction - Transaction complete with params: fromAccount Account{accountName='John', id=6397, balance=2497495} toAccount Account{accountName='Vasya', id=3944, balance=4529147} sum 2362374
13:04:23.306 [pool-1-thread-18] WARN  s.MoneyTransfer - pool-1-thread-18 Account ID: 4114 Name: Vasya not enough sum trunsaction 2630112 have sum 910266
13:04:23.306 [pool-1-thread-18] WARN  s.MoneyTransfer - pool-1-thread-18 Account ID: 6397 Name: John not enough sum trunsaction 8320310 have sum 2497495
13:04:23.306 [pool-1-thread-18] WARN  s.MoneyTransfer - pool-1-thread-18 Account ID: 9385 Name: Arnold not enough sum trunsaction 9136460 have sum 839780
13:04:23.306 [pool-1-thread-18] WARN  s.MoneyTransfer - pool-1-thread-18 Account ID: 4026 Name: John not enough sum trunsaction 9995410 have sum 6379236
13:04:23.334 [pool-1-thread-15] INFO  s.Transaction - Transaction complete with params: fromAccount Account{accountName='Vasya', id=4114, balance=1743770} toAccount Account{accountName='Arnold', id=9385, balance=5285768} sum 3808164
13:04:23.334 [pool-1-thread-15] WARN  s.MoneyTransfer - pool-1-thread-15 Account ID: 3944 Name: Vasya not enough sum trunsaction 6324138 have sum 1385700
13:04:23.409 [pool-1-thread-6] INFO  s.Transaction - Transaction complete with params: fromAccount Account{accountName='Arnold', id=9385, balance=1109380} toAccount Account{accountName='Vasya', id=4114, balance=14536742} sum 6124066
13:04:23.409 [pool-1-thread-6] WARN  s.MoneyTransfer - pool-1-thread-6 Account ID: 9385 Name: Arnold not enough sum trunsaction 6285969 have sum 1109380
13:04:23.409 [pool-1-thread-6] WARN  s.MoneyTransfer - pool-1-thread-6 Account ID: 8231 Name: John not enough sum trunsaction 8670651 have sum 1460852
13:04:23.538 [pool-1-thread-13] INFO  s.Transaction - Transaction complete with params: fromAccount Account{accountName='John', id=8231, balance=3582628} toAccount Account{accountName='Vasya', id=4114, balance=10317729} sum 3352679
13:04:23.549 [pool-1-thread-7] INFO  s.Transaction - Transaction complete with params: fromAccount Account{accountName='Vasya', id=7665, balance=2378555} toAccount Account{accountName='John', id=8231, balance=5981130} sum 3344868
13:04:23.549 [pool-1-thread-7] WARN  s.MoneyTransfer - pool-1-thread-7 Account ID: 8996 Name: Arnold not enough sum trunsaction 2633199 have sum 619812
13:04:23.560 [pool-1-thread-5] INFO  s.Transaction - Transaction complete with params: fromAccount Account{accountName='John', id=6397, balance=767002} toAccount Account{accountName='Vova', id=4406, balance=3787932} sum 1619803
13:04:23.560 [pool-1-thread-5] WARN  s.MoneyTransfer - pool-1-thread-5 Account ID: 6397 Name: John not enough sum trunsaction 7001932 have sum 767002
13:04:23.560 [pool-1-thread-10] INFO  s.Transaction - Transaction complete with params: fromAccount Account{accountName='John', id=6716, balance=2924568} toAccount Account{accountName='John', id=6397, balance=3140402} sum 1281004
13:04:23.595 [pool-1-thread-9] INFO  s.Transaction - Transaction complete with params: fromAccount Account{accountName='Vasya', id=7665, balance=9738170} toAccount Account{accountName='John', id=8231, balance=2331858} sum 1120503
13:04:23.595 [pool-1-thread-9] WARN  s.MoneyTransfer - pool-1-thread-9 Account ID: 6397 Name: John not enough sum trunsaction 6580466 have sum 80371
13:04:23.595 [pool-1-thread-9] WARN  s.MoneyTransfer - pool-1-thread-9 Account ID: 4114 Name: Vasya not enough sum trunsaction 5613982 have sum 611113
13:04:23.595 [pool-1-thread-9] WARN  s.MoneyTransfer - pool-1-thread-9 Account ID: 8231 Name: John not enough sum trunsaction 3736091 have sum 2331858
13:04:23.595 [pool-1-thread-9] WARN  s.MoneyTransfer - pool-1-thread-9 Account ID: 4406 Name: Vova not enough sum trunsaction 5220353 have sum 1036968
13:04:23.595 [pool-1-thread-9] WARN  s.MoneyTransfer - pool-1-thread-9 Account ID: 6716 Name: John not enough sum trunsaction 2265131 have sum 124251
13:04:23.604 [pool-1-thread-16] INFO  s.Transaction - Transaction complete with params: fromAccount Account{accountName='John', id=8231, balance=390827} toAccount Account{accountName='Vasya', id=3944, balance=5995218} sum 3131960
13:04:23.604 [pool-1-thread-16] WARN  s.MoneyTransfer - pool-1-thread-16 Account ID: 8996 Name: Arnold not enough sum trunsaction 3040297 have sum 2403875
13:04:23.604 [pool-1-thread-16] WARN  s.MoneyTransfer - pool-1-thread-16 Account ID: 3944 Name: Vasya not enough sum trunsaction 9130141 have sum 5995218
13:04:23.604 [pool-1-thread-16] WARN  s.MoneyTransfer - pool-1-thread-16 Account ID: 6716 Name: John not enough sum trunsaction 7924909 have sum 7700755
13:04:23.706 [pool-1-thread-14] INFO  s.Transaction - Transaction complete with params: fromAccount Account{accountName='John', id=4026, balance=4952295} toAccount Account{accountName='Arnold', id=8996, balance=7221234} sum 6514761
13:04:23.706 [pool-1-thread-14] WARN  s.MoneyTransfer - pool-1-thread-14 Accounts from & to are equals. Account ID: 4026
13:04:23.706 [pool-1-thread-14] WARN  s.MoneyTransfer - pool-1-thread-14 Account ID: 3944 Name: Vasya not enough sum trunsaction 5354579 have sum 2275704
13:04:23.790 [pool-1-thread-4] INFO  s.Transaction - Transaction complete with params: fromAccount Account{accountName='Vasya', id=7665, balance=376448} toAccount Account{accountName='John', id=8231, balance=10803812} sum 8071976
13:04:23.818 [pool-1-thread-12] INFO  s.Transaction - Transaction complete with params: fromAccount Account{accountName='John', id=6397, balance=206138} toAccount Account{accountName='John', id=4026, balance=4357559} sum 3930738
13:04:23.818 [pool-1-thread-12] WARN  s.MoneyTransfer - pool-1-thread-12 Account ID: 8996 Name: Arnold not enough sum trunsaction 4205928 have sum 1355141
13:04:23.818 [pool-1-thread-12] WARN  s.MoneyTransfer - pool-1-thread-12 Account ID: 8996 Name: Arnold not enough sum trunsaction 6583174 have sum 1355141
13:04:23.818 [pool-1-thread-12] WARN  s.MoneyTransfer - pool-1-thread-12 Account ID: 4026 Name: John not enough sum trunsaction 9162061 have sum 4357559
13:04:23.888 [pool-1-thread-15] INFO  s.Transaction - Transaction complete with params: fromAccount Account{accountName='John', id=4026, balance=1451725} toAccount Account{accountName='John', id=6397, balance=12691026} sum 8362562
13:04:23.896 [pool-1-thread-18] INFO  s.Transaction - Transaction complete with params: fromAccount Account{accountName='John', id=6397, balance=633415} toAccount Account{accountName='Arnold', id=9385, balance=2703860} sum 1864080
13:04:23.896 [pool-1-thread-18] WARN  s.MoneyTransfer - pool-1-thread-18 Account ID: 8996 Name: Arnold not enough sum trunsaction 5411879 have sum 2046472
13:04:23.896 [pool-1-thread-18] WARN  s.MoneyTransfer - pool-1-thread-18 Account ID: 4114 Name: Vasya not enough sum trunsaction 2825858 have sum 910266
13:04:23.896 [pool-1-thread-18] WARN  s.MoneyTransfer - pool-1-thread-18 Account ID: 9385 Name: Arnold not enough sum trunsaction 7635266 have sum 2703860
13:04:23.900 [pool-1-thread-19] INFO  s.Transaction - Transaction complete with params: fromAccount Account{accountName='John', id=6716, balance=26427} toAccount Account{accountName='Vasya', id=3944, balance=5599428} sum 3703212
13:04:23.900 [pool-1-thread-19] WARN  s.MoneyTransfer - pool-1-thread-19 Account ID: 4406 Name: Vova not enough sum trunsaction 6956763 have sum 1619561
13:04:23.900 [pool-1-thread-19] WARN  s.MoneyTransfer - pool-1-thread-19 Account ID: 4026 Name: John not enough sum trunsaction 1925336 have sum 267048
13:04:23.900 [pool-1-thread-19] WARN  s.MoneyTransfer - pool-1-thread-19 Account ID: 8996 Name: Arnold not enough sum trunsaction 5696607 have sum 5179020
13:04:23.900 [pool-1-thread-19] WARN  s.MoneyTransfer - pool-1-thread-19 Account ID: 3944 Name: Vasya not enough sum trunsaction 7684970 have sum 5599428
13:04:23.953 [pool-1-thread-8] INFO  s.Transaction - Transaction complete with params: fromAccount Account{accountName='Arnold', id=9385, balance=11146167} toAccount Account{accountName='Vasya', id=4114, balance=4703647} sum 807601
13:04:23.953 [pool-1-thread-8] WARN  s.MoneyTransfer - pool-1-thread-8 Account ID: 8996 Name: Arnold not enough sum trunsaction 6679402 have sum 1094946
13:04:23.953 [pool-1-thread-8] WARN  s.MoneyTransfer - pool-1-thread-8 Account ID: 6716 Name: John not enough sum trunsaction 7007906 have sum 1233995
13:04:23.953 [pool-1-thread-8] WARN  s.MoneyTransfer - pool-1-thread-8 Account ID: 7665 Name: Vasya not enough sum trunsaction 9497773 have sum 687968
13:04:23.953 [pool-1-thread-8] WARN  s.MoneyTransfer - pool-1-thread-8 Account ID: 8231 Name: John not enough sum trunsaction 4736211 have sum 2618696
13:04:24.074 [pool-1-thread-10] INFO  s.Transaction - Transaction complete with params: fromAccount Account{accountName='Vasya', id=7665, balance=4816913} toAccount Account{accountName='John', id=6397, balance=11389648} sum 8249246
13:04:24.074 [pool-1-thread-10] WARN  s.MoneyTransfer - pool-1-thread-10 Account ID: 3944 Name: Vasya not enough sum trunsaction 6303853 have sum 1807280
13:04:24.107 [pool-1-thread-1] INFO  s.Transaction - Transaction complete with params: fromAccount Account{accountName='Vasya', id=4114, balance=2246442} toAccount Account{accountName='John', id=8231, balance=6858048} sum 2395906
13:04:24.107 [pool-1-thread-1] WARN  s.MoneyTransfer - pool-1-thread-1 Account ID: 9385 Name: Arnold not enough sum trunsaction 4830332 have sum 2061266
13:04:24.107 [pool-1-thread-1] WARN  s.MoneyTransfer - pool-1-thread-1 Account ID: 9385 Name: Arnold not enough sum trunsaction 2172680 have sum 2061266
13:04:24.107 [pool-1-thread-1] WARN  s.MoneyTransfer - pool-1-thread-1 Account ID: 8996 Name: Arnold not enough sum trunsaction 8606319 have sum 703034
13:04:24.110 [pool-1-thread-2] INFO  s.Transaction - Transaction complete with params: fromAccount Account{accountName='Arnold', id=8996, balance=9522518} toAccount Account{accountName='John', id=8231, balance=1633645} sum 316559
13:04:24.110 [pool-1-thread-2] WARN  s.MoneyTransfer - pool-1-thread-2 Account ID: 8231 Name: John not enough sum trunsaction 3647459 have sum 1633645
13:04:24.110 [pool-1-thread-2] WARN  s.MoneyTransfer - pool-1-thread-2 Account ID: 4026 Name: John not enough sum trunsaction 3752756 have sum 261978
13:04:24.110 [pool-1-thread-2] WARN  s.MoneyTransfer - pool-1-thread-2 Account ID: 9385 Name: Arnold not enough sum trunsaction 9900005 have sum 4882954
13:04:24.137 [pool-1-thread-3] INFO  s.Transaction - Transaction complete with params: fromAccount Account{accountName='Arnold', id=9385, balance=2144000} toAccount Account{accountName='John', id=8231, balance=4827907} sum 4159678
13:04:24.137 [pool-1-thread-3] WARN  s.MoneyTransfer - pool-1-thread-3 Account ID: 7665 Name: Vasya not enough sum trunsaction 4936428 have sum 574267
13:04:24.137 [pool-1-thread-3] WARN  s.MoneyTransfer - pool-1-thread-3 Accounts from & to are equals. Account ID: 8996
13:04:24.164 [pool-1-thread-6] INFO  s.Transaction - Transaction complete with params: fromAccount Account{accountName='Arnold', id=8996, balance=528246} toAccount Account{accountName='John', id=4026, balance=6236599} sum 4319996
13:04:24.164 [pool-1-thread-6] WARN  s.MoneyTransfer - pool-1-thread-6 Account ID: 4026 Name: John not enough sum trunsaction 8321745 have sum 6236599
13:04:24.164 [pool-1-thread-6] WARN  s.MoneyTransfer - pool-1-thread-6 Account ID: 7665 Name: Vasya not enough sum trunsaction 6023174 have sum 5992836
13:04:24.164 [pool-1-thread-6] WARN  s.MoneyTransfer - pool-1-thread-6 Account ID: 3944 Name: Vasya not enough sum trunsaction 4893215 have sum 624798
13:04:24.164 [pool-1-thread-6] WARN  s.MoneyTransfer - pool-1-thread-6 Account ID: 4406 Name: Vova not enough sum trunsaction 3130923 have sum 1264889
13:04:24.164 [pool-1-thread-6] WARN  s.MoneyTransfer - pool-1-thread-6 Account ID: 6397 Name: John not enough sum trunsaction 4529379 have sum 405290
13:04:24.164 [pool-1-thread-6] WARN  s.MoneyTransfer - pool-1-thread-6 Account ID: 6397 Name: John not enough sum trunsaction 2463043 have sum 405290
13:04:24.185 [pool-1-thread-11] INFO  s.Transaction - Transaction complete with params: fromAccount Account{accountName='Vasya', id=7665, balance=7785695} toAccount Account{accountName='Arnold', id=8996, balance=1681421} sum 1675336
13:04:24.194 [pool-1-thread-17] INFO  s.Transaction - Transaction complete with params: fromAccount Account{accountName='John', id=6716, balance=184536} toAccount Account{accountName='Vasya', id=3944, balance=2422800} sum 1069250
13:04:24.194 [pool-1-thread-17] WARN  s.MoneyTransfer - pool-1-thread-17 Account ID: 3944 Name: Vasya not enough sum trunsaction 4871767 have sum 2422800
13:04:24.301 [pool-1-thread-7] INFO  s.Transaction - Transaction complete with params: fromAccount Account{accountName='Arnold', id=8996, balance=21198} toAccount Account{accountName='Vasya', id=7665, balance=2977169} sum 598614
13:04:24.301 [pool-1-thread-7] WARN  s.MoneyTransfer - pool-1-thread-7 Account ID: 6397 Name: John not enough sum trunsaction 7706701 have sum 2427749
13:04:24.301 [pool-1-thread-7] WARN  s.MoneyTransfer - pool-1-thread-7 Accounts from & to are equals. Account ID: 8231
13:04:24.301 [pool-1-thread-7] WARN  s.MoneyTransfer - pool-1-thread-7 Account ID: 9385 Name: Arnold not enough sum trunsaction 7561083 have sum 124910
13:04:24.336 [pool-1-thread-4] INFO  s.Transaction - Transaction complete with params: fromAccount Account{accountName='John', id=8231, balance=6549008} toAccount Account{accountName='John', id=6716, balance=9825839} sum 4254804
13:04:24.352 [pool-1-thread-13] INFO  s.Transaction - Transaction complete with params: fromAccount Account{accountName='John', id=8231, balance=2320348} toAccount Account{accountName='Arnold', id=9385, balance=5844990} sum 1262280
13:04:24.352 [pool-1-thread-13] WARN  s.MoneyTransfer - pool-1-thread-13 Account ID: 4026 Name: John not enough sum trunsaction 7014819 have sum 392075
13:04:24.365 [pool-1-thread-9] INFO  s.Transaction - Transaction complete with params: fromAccount Account{accountName='John', id=8231, balance=825414} toAccount Account{accountName='Arnold', id=9385, balance=1631354} sum 1506444
13:04:24.365 [pool-1-thread-9] WARN  s.MoneyTransfer - pool-1-thread-9 Account ID: 4114 Name: Vasya not enough sum trunsaction 2877573 have sum 611113
13:04:24.370 [pool-1-thread-5] INFO  s.Transaction - Transaction complete with params: fromAccount Account{accountName='John', id=8231, balance=7985064} toAccount Account{accountName='Vasya', id=3944, balance=6361484} sum 4994261
13:04:24.370 [pool-1-thread-5] WARN  s.MoneyTransfer - pool-1-thread-5 Account ID: 6716 Name: John not enough sum trunsaction 9760765 have sum 1918087
13:04:24.479 [pool-1-thread-14] INFO  s.Transaction - Transaction complete with params: fromAccount Account{accountName='Vasya', id=3944, balance=828952} toAccount Account{accountName='John', id=8231, balance=2014517} sum 1446752
13:04:24.479 [pool-1-thread-14] WARN  s.MoneyTransfer - pool-1-thread-14 Account ID: 4406 Name: Vova not enough sum trunsaction 3770237 have sum 862665
13:04:24.479 [pool-1-thread-14] WARN  s.MoneyTransfer - pool-1-thread-14 Account ID: 3944 Name: Vasya not enough sum trunsaction 6650619 have sum 828952
13:04:24.479 [pool-1-thread-14] WARN  s.MoneyTransfer - pool-1-thread-14 Account ID: 8231 Name: John not enough sum trunsaction 8369328 have sum 2014517
13:04:24.479 [pool-1-thread-14] WARN  s.MoneyTransfer - pool-1-thread-14 Account ID: 8996 Name: Arnold not enough sum trunsaction 9750111 have sum 7221234
13:04:24.479 [pool-1-thread-14] WARN  s.MoneyTransfer - pool-1-thread-14 Account ID: 6397 Name: John not enough sum trunsaction 4553807 have sum 3645551
13:04:24.479 [pool-1-thread-14] WARN  s.MoneyTransfer - pool-1-thread-14 Account ID: 4114 Name: Vasya not enough sum trunsaction 5838909 have sum 1410588
13:04:24.479 [pool-1-thread-14] WARN  s.MoneyTransfer - pool-1-thread-14 Account ID: 4406 Name: Vova not enough sum trunsaction 4570342 have sum 862665
13:04:24.498 [pool-1-thread-8] INFO  s.Transaction - Transaction complete with params: fromAccount Account{accountName='Arnold', id=9385, balance=2561156} toAccount Account{accountName='Vasya', id=3944, balance=10792707} sum 8585011
13:04:24.498 [pool-1-thread-8] WARN  s.MoneyTransfer - pool-1-thread-8 Account ID: 9385 Name: Arnold not enough sum trunsaction 7445980 have sum 2561156
13:04:24.498 [pool-1-thread-8] WARN  s.MoneyTransfer - pool-1-thread-8 Account ID: 8996 Name: Arnold not enough sum trunsaction 4037399 have sum 1094946
13:04:24.498 [pool-1-thread-8] WARN  s.MoneyTransfer - pool-1-thread-8 Account ID: 4406 Name: Vova not enough sum trunsaction 8896695 have sum 1020597
13:04:24.515 [pool-1-thread-16] INFO  s.Transaction - Transaction complete with params: fromAccount Account{accountName='Vasya', id=7665, balance=1912543} toAccount Account{accountName='Arnold', id=8996, balance=2455080} sum 51205
13:04:24.524 [pool-1-thread-19] INFO  s.Transaction - Transaction complete with params: fromAccount Account{accountName='John', id=6397, balance=1704372} toAccount Account{accountName='Vova', id=4406, balance=1973056} sum 353495
13:04:24.524 [pool-1-thread-19] WARN  s.MoneyTransfer - pool-1-thread-19 Account ID: 7665 Name: Vasya not enough sum trunsaction 9757829 have sum 2960347
13:04:24.524 [pool-1-thread-19] WARN  s.MoneyTransfer - pool-1-thread-19 Account ID: 6716 Name: John not enough sum trunsaction 4315413 have sum 26427
13:04:24.546 [pool-1-thread-18] INFO  s.Transaction - Transaction complete with params: fromAccount Account{accountName='Vova', id=4406, balance=5973944} toAccount Account{accountName='John', id=6397, balance=4814916} sum 4181501
13:04:24.546 [pool-1-thread-18] WARN  s.MoneyTransfer - pool-1-thread-18 Account ID: 8231 Name: John not enough sum trunsaction 4970009 have sum 3089493
13:04:24.546 [pool-1-thread-18] WARN  s.MoneyTransfer - pool-1-thread-18 Account ID: 4114 Name: Vasya not enough sum trunsaction 9112080 have sum 910266
13:04:24.546 [pool-1-thread-18] WARN  s.MoneyTransfer - pool-1-thread-18 Account ID: 4406 Name: Vova not enough sum trunsaction 6510194 have sum 5973944
13:04:24.627 [pool-1-thread-12] INFO  s.Transaction - Transaction complete with params: fromAccount Account{accountName='Vasya', id=4114, balance=1345790} toAccount Account{accountName='John', id=6716, balance=20139246} sum 8042670
13:04:24.627 [pool-1-thread-12] WARN  s.MoneyTransfer - pool-1-thread-12 Account ID: 7665 Name: Vasya not enough sum trunsaction 5213785 have sum 797993
13:04:24.627 [pool-1-thread-12] WARN  s.MoneyTransfer - pool-1-thread-12 Account ID: 8996 Name: Arnold not enough sum trunsaction 2338402 have sum 1355141
13:04:24.627 [pool-1-thread-12] WARN  s.MoneyTransfer - pool-1-thread-12 Account ID: 8231 Name: John not enough sum trunsaction 8152155 have sum 2359245
13:04:24.679 [pool-1-thread-10] INFO  s.Transaction - Transaction complete with params: fromAccount Account{accountName='John', id=6397, balance=7023329} toAccount Account{accountName='Vasya', id=7665, balance=9183232} sum 4366319
13:04:24.679 [pool-1-thread-10] WARN  s.MoneyTransfer - pool-1-thread-10 Accounts from & to are equals. Account ID: 7665
13:04:24.679 [pool-1-thread-10] WARN  s.MoneyTransfer - pool-1-thread-10 Account ID: 8231 Name: John not enough sum trunsaction 2507901 have sum 1976216
13:04:24.679 [pool-1-thread-10] WARN  s.MoneyTransfer - pool-1-thread-10 Accounts from & to are equals. Account ID: 7665
13:04:24.679 [pool-1-thread-10] WARN  s.MoneyTransfer - pool-1-thread-10 Account ID: 4114 Name: Vasya not enough sum trunsaction 2875411 have sum 1650488
13:04:24.679 [pool-1-thread-10] WARN  s.MoneyTransfer - pool-1-thread-10 Account ID: 9385 Name: Arnold not enough sum trunsaction 1493998 have sum 59615
13:04:24.679 [pool-1-thread-10] WARN  s.MoneyTransfer - pool-1-thread-10 Account ID: 4026 Name: John not enough sum trunsaction 9673316 have sum 3539177
13:04:24.679 [pool-1-thread-10] WARN  s.MoneyTransfer - pool-1-thread-10 Account ID: 4406 Name: Vova not enough sum trunsaction 7097768 have sum 5711708
13:04:24.679 [pool-1-thread-10] WARN  s.MoneyTransfer - pool-1-thread-10 Account ID: 8996 Name: Arnold not enough sum trunsaction 4230899 have sum 1853399
13:04:24.679 [pool-1-thread-10] WARN  s.MoneyTransfer - pool-1-thread-10 Account ID: 6716 Name: John not enough sum trunsaction 4862355 have sum 2924568
13:04:24.679 [pool-1-thread-10] WARN  s.MoneyTransfer - pool-1-thread-10 Account ID: 4114 Name: Vasya not enough sum trunsaction 5528745 have sum 1650488
13:04:24.679 [pool-1-thread-10] WARN  s.MoneyTransfer - pool-1-thread-10 Account ID: 8996 Name: Arnold not enough sum trunsaction 3138006 have sum 1853399
13:04:24.679 [pool-1-thread-10] WARN  s.MoneyTransfer - pool-1-thread-10 Account ID: 8996 Name: Arnold not enough sum trunsaction 1932104 have sum 1853399
13:04:24.729 [pool-1-thread-15] INFO  s.Transaction - Transaction complete with params: fromAccount Account{accountName='Vasya', id=7665, balance=2058814} toAccount Account{accountName='Arnold', id=9385, balance=11858123} sum 6572355
13:04:24.849 [pool-1-thread-11] INFO  s.Transaction - Transaction complete with params: fromAccount Account{accountName='John', id=8231, balance=4358438} toAccount Account{accountName='Vasya', id=7665, balance=13597812} sum 5812117
13:04:24.895 [pool-1-thread-5] INFO  s.Transaction - Transaction complete with params: fromAccount Account{accountName='Arnold', id=8996, balance=1401485} toAccount Account{accountName='John', id=8231, balance=9276558} sum 1291494
13:04:24.895 [pool-1-thread-2] INFO  s.Transaction - Transaction complete with params: fromAccount Account{accountName='Arnold', id=9385, balance=2566396} toAccount Account{accountName='Vasya', id=3944, balance=7018186} sum 2316558
13:04:24.895 [pool-1-thread-5] WARN  s.MoneyTransfer - pool-1-thread-5 Account ID: 3944 Name: Vasya not enough sum trunsaction 9911211 have sum 6361484
13:04:24.895 [pool-1-thread-2] WARN  s.MoneyTransfer - pool-1-thread-2 Account ID: 4406 Name: Vova not enough sum trunsaction 6537592 have sum 1176763
13:04:24.895 [pool-1-thread-5] WARN  s.MoneyTransfer - pool-1-thread-5 Account ID: 8996 Name: Arnold not enough sum trunsaction 9761884 have sum 1401485
13:04:24.895 [pool-1-thread-2] WARN  s.MoneyTransfer - pool-1-thread-2 Account ID: 6397 Name: John not enough sum trunsaction 6956128 have sum 2248425
13:04:24.895 [pool-1-thread-5] WARN  s.MoneyTransfer - pool-1-thread-5 Account ID: 9385 Name: Arnold not enough sum trunsaction 8640674 have sum 968598
13:04:24.895 [pool-1-thread-5] WARN  s.MoneyTransfer - pool-1-thread-5 Account ID: 8996 Name: Arnold not enough sum trunsaction 4915479 have sum 1401485
13:04:24.895 [pool-1-thread-5] WARN  s.MoneyTransfer - pool-1-thread-5 Account ID: 9385 Name: Arnold not enough sum trunsaction 7801372 have sum 968598
13:04:24.935 [pool-1-thread-3] INFO  s.Transaction - Transaction complete with params: fromAccount Account{accountName='Arnold', id=9385, balance=827124} toAccount Account{accountName='Vasya', id=3944, balance=4811259} sum 1316876
13:04:24.935 [pool-1-thread-3] WARN  s.MoneyTransfer - pool-1-thread-3 Account ID: 9385 Name: Arnold not enough sum trunsaction 9192276 have sum 827124
13:04:24.935 [pool-1-thread-3] WARN  s.MoneyTransfer - pool-1-thread-3 Account ID: 7665 Name: Vasya not enough sum trunsaction 6129807 have sum 574267
13:04:24.935 [pool-1-thread-3] WARN  s.MoneyTransfer - pool-1-thread-3 Account ID: 4026 Name: John not enough sum trunsaction 8546657 have sum 3537129
13:04:24.935 [pool-1-thread-3] WARN  s.MoneyTransfer - pool-1-thread-3 Account ID: 4406 Name: Vova not enough sum trunsaction 8091928 have sum 3724623
13:04:25.005 [pool-1-thread-1] INFO  s.Transaction - Transaction complete with params: fromAccount Account{accountName='John', id=8231, balance=1309205} toAccount Account{accountName='Arnold', id=8996, balance=6251877} sum 5548843
13:04:25.005 [pool-1-thread-1] WARN  s.MoneyTransfer - pool-1-thread-1 Account ID: 8996 Name: Arnold not enough sum trunsaction 9153103 have sum 6251877
13:04:25.005 [pool-1-thread-1] WARN  s.MoneyTransfer - pool-1-thread-1 Account ID: 9385 Name: Arnold not enough sum trunsaction 5198668 have sum 2061266
13:04:25.010 [pool-1-thread-6] INFO  s.Transaction - Transaction complete with params: fromAccount Account{accountName='John', id=4026, balance=4890891} toAccount Account{accountName='Arnold', id=8996, balance=1873954} sum 1345708
13:04:25.039 [pool-1-thread-17] INFO  s.Transaction - Transaction complete with params: fromAccount Account{accountName='Vasya', id=7665, balance=5995682} toAccount Account{accountName='Vasya', id=3944, balance=11955516} sum 9532716
13:04:25.065 [pool-1-thread-9] INFO  s.Transaction - Transaction complete with params: fromAccount Account{accountName='Arnold', id=8996, balance=12263028} toAccount Account{accountName='Vasya', id=4114, balance=5058196} sum 4447083
13:04:25.065 [pool-1-thread-9] WARN  s.MoneyTransfer - pool-1-thread-9 Account ID: 3944 Name: Vasya not enough sum trunsaction 7489242 have sum 880481
13:04:25.065 [pool-1-thread-9] WARN  s.MoneyTransfer - pool-1-thread-9 Account ID: 9385 Name: Arnold not enough sum trunsaction 3225864 have sum 1631354
13:04:25.065 [pool-1-thread-9] WARN  s.MoneyTransfer - pool-1-thread-9 Account ID: 4114 Name: Vasya not enough sum trunsaction 8049376 have sum 5058196
13:04:25.065 [pool-1-thread-9] WARN  s.MoneyTransfer - pool-1-thread-9 Account ID: 8231 Name: John not enough sum trunsaction 3969294 have sum 825414
13:04:25.065 [pool-1-thread-9] WARN  s.MoneyTransfer - pool-1-thread-9 Account ID: 8231 Name: John not enough sum trunsaction 9634251 have sum 825414
13:04:25.065 [pool-1-thread-9] WARN  s.MoneyTransfer - pool-1-thread-9 Account ID: 3944 Name: Vasya not enough sum trunsaction 2791852 have sum 880481
13:04:25.065 [pool-1-thread-9] WARN  s.MoneyTransfer - pool-1-thread-9 Account ID: 4406 Name: Vova not enough sum trunsaction 2551934 have sum 1036968
13:04:25.065 [pool-1-thread-9] WARN  s.MoneyTransfer - pool-1-thread-9 Account ID: 4406 Name: Vova not enough sum trunsaction 3833118 have sum 1036968
13:04:25.065 [pool-1-thread-9] WARN  s.MoneyTransfer - pool-1-thread-9 Account ID: 9385 Name: Arnold not enough sum trunsaction 3304240 have sum 1631354
13:04:25.065 [pool-1-thread-9] WARN  s.MoneyTransfer - pool-1-thread-9 Account ID: 4114 Name: Vasya not enough sum trunsaction 9912711 have sum 5058196
13:04:25.065 [pool-1-thread-9] WARN  s.MoneyTransfer - pool-1-thread-9 Account ID: 4406 Name: Vova not enough sum trunsaction 6548743 have sum 1036968
13:04:25.149 [pool-1-thread-4] INFO  s.Transaction - Transaction complete with params: fromAccount Account{accountName='Arnold', id=8996, balance=235441} toAccount Account{accountName='Vova', id=4406, balance=10522498} sum 2401434
13:04:25.149 [pool-1-thread-4] WARN  s.MoneyTransfer - pool-1-thread-4 Account ID: 3944 Name: Vasya not enough sum trunsaction 4635769 have sum 437423
13:04:25.153 [pool-1-thread-8] INFO  s.Transaction - Transaction complete with params: fromAccount Account{accountName='Arnold', id=9385, balance=31549} toAccount Account{accountName='Vova', id=4406, balance=3550204} sum 2529607
13:04:25.172 [pool-1-thread-7] INFO  s.Transaction - Transaction complete with params: fromAccount Account{accountName='Vasya', id=7665, balance=972257} toAccount Account{accountName='Arnold', id=9385, balance=2129822} sum 2004912
13:04:25.172 [pool-1-thread-7] WARN  s.MoneyTransfer - pool-1-thread-7 Account ID: 6397 Name: John not enough sum trunsaction 3084488 have sum 2427749
13:04:25.172 [pool-1-thread-7] WARN  s.MoneyTransfer - pool-1-thread-7 Account ID: 7665 Name: Vasya not enough sum trunsaction 9934617 have sum 972257
13:04:25.173 [pool-1-thread-13] INFO  s.Transaction - Transaction complete with params: fromAccount Account{accountName='Arnold', id=8996, balance=577924} toAccount Account{accountName='Arnold', id=9385, balance=5927551} sum 82561
13:04:25.187 [pool-1-thread-14] INFO  s.Transaction - Transaction complete with params: fromAccount Account{accountName='Arnold', id=9385, balance=1172312} toAccount Account{accountName='Vasya', id=4114, balance=4876327} sum 3465739
13:04:25.187 [pool-1-thread-14] WARN  s.MoneyTransfer - pool-1-thread-14 Account ID: 9385 Name: Arnold not enough sum trunsaction 4323325 have sum 1172312
13:04:25.187 [pool-1-thread-14] WARN  s.MoneyTransfer - pool-1-thread-14 Account ID: 8231 Name: John not enough sum trunsaction 5356816 have sum 2014517
13:04:25.187 [pool-1-thread-14] WARN  s.MoneyTransfer - pool-1-thread-14 Account ID: 4026 Name: John not enough sum trunsaction 6671698 have sum 4952295
13:04:25.187 [pool-1-thread-14] WARN  s.MoneyTransfer - pool-1-thread-14 Account ID: 8231 Name: John not enough sum trunsaction 2821878 have sum 2014517
13:04:25.211 [pool-1-thread-12] INFO  s.Transaction - Transaction complete with params: fromAccount Account{accountName='John', id=6716, balance=13157056} toAccount Account{accountName='John', id=4026, balance=11339749} sum 6982190
13:04:25.211 [pool-1-thread-12] WARN  s.MoneyTransfer - pool-1-thread-12 Account ID: 3944 Name: Vasya not enough sum trunsaction 4300720 have sum 2413089
13:04:25.378 [pool-1-thread-19] INFO  s.Transaction - Transaction complete with params: fromAccount Account{accountName='Vasya', id=3944, balance=2793441} toAccount Account{accountName='John', id=8231, balance=15392606} sum 2805987
13:04:25.381 [pool-1-thread-16] INFO  s.Transaction - Transaction complete with params: fromAccount Account{accountName='John', id=6716, balance=6417684} toAccount Account{accountName='Vova', id=4406, balance=7912972} sum 1283071
13:04:25.381 [pool-1-thread-16] WARN  s.MoneyTransfer - pool-1-thread-16 Account ID: 8231 Name: John not enough sum trunsaction 5689747 have sum 390827
13:04:25.429 [pool-1-thread-18] INFO  s.Transaction - Transaction complete with params: fromAccount Account{accountName='Vova', id=4406, balance=189641} toAccount Account{accountName='Arnold', id=8996, balance=7830775} sum 5784303
13:04:25.590 [pool-1-thread-5] INFO  s.Transaction - Transaction complete with params: fromAccount Account{accountName='Vasya', id=3944, balance=4574568} toAccount Account{accountName='John', id=6716, balance=3705003} sum 1786916
13:04:25.590 [pool-1-thread-5] WARN  s.MoneyTransfer - pool-1-thread-5 Account ID: 7665 Name: Vasya not enough sum trunsaction 4670019 have sum 4429468
13:04:25.590 [pool-1-thread-5] WARN  s.MoneyTransfer - pool-1-thread-5 Account ID: 6397 Name: John not enough sum trunsaction 2622676 have sum 767002
13:04:25.590 [pool-1-thread-5] WARN  s.MoneyTransfer - pool-1-thread-5 Account ID: 3944 Name: Vasya not enough sum trunsaction 4904487 have sum 4574568
13:04:25.590 [pool-1-thread-5] WARN  s.MoneyTransfer - pool-1-thread-5 Account ID: 9385 Name: Arnold not enough sum trunsaction 8372232 have sum 968598
13:04:25.596 [pool-1-thread-15] INFO  s.Transaction - Transaction complete with params: fromAccount Account{accountName='John', id=8231, balance=19625} toAccount Account{accountName='Vasya', id=3944, balance=2153817} sum 768117
13:04:25.596 [pool-1-thread-15] WARN  s.MoneyTransfer - pool-1-thread-15 Account ID: 4026 Name: John not enough sum trunsaction 4061818 have sum 1451725
13:04:25.632 [pool-1-thread-3] INFO  s.Transaction - Transaction complete with params: fromAccount Account{accountName='Vasya', id=4114, balance=2205428} toAccount Account{accountName='John', id=4026, balance=4037999} sum 500870
13:04:25.644 [pool-1-thread-10] INFO  s.Transaction - Transaction complete with params: fromAccount Account{accountName='John', id=6716, balance=2607036} toAccount Account{accountName='Arnold', id=9385, balance=377147} sum 317532
13:04:25.671 [pool-1-thread-6] INFO  s.Transaction - Transaction complete with params: fromAccount Account{accountName='Vasya', id=4114, balance=10586192} toAccount Account{accountName='Arnold', id=8996, balance=5824504} sum 3950550
13:04:25.672 [pool-1-thread-17] INFO  s.Transaction - Transaction complete with params: fromAccount Account{accountName='John', id=8231, balance=2310705} toAccount Account{accountName='Arnold', id=9385, balance=420106} sum 295196
13:04:25.672 [pool-1-thread-17] WARN  s.MoneyTransfer - pool-1-thread-17 Account ID: 8996 Name: Arnold not enough sum trunsaction 8959663 have sum 4258461
13:04:25.757 [pool-1-thread-11] INFO  s.Transaction - Transaction complete with params: fromAccount Account{accountName='Vasya', id=7665, balance=5234669} toAccount Account{accountName='Arnold', id=8996, balance=10044564} sum 8363143
13:04:25.757 [pool-1-thread-11] WARN  s.MoneyTransfer - pool-1-thread-11 Account ID: 3944 Name: Vasya not enough sum trunsaction 1555953 have sum 288230
13:04:25.757 [pool-1-thread-11] WARN  s.MoneyTransfer - pool-1-thread-11 Account ID: 7665 Name: Vasya not enough sum trunsaction 7917693 have sum 5234669
13:04:25.757 [pool-1-thread-11] WARN  s.MoneyTransfer - pool-1-thread-11 Account ID: 6397 Name: John not enough sum trunsaction 7764909 have sum 863057
13:04:25.757 [pool-1-thread-11] WARN  s.MoneyTransfer - pool-1-thread-11 Account ID: 4026 Name: John not enough sum trunsaction 8418602 have sum 5823412
13:04:25.757 [pool-1-thread-11] WARN  s.MoneyTransfer - pool-1-thread-11 Account ID: 3944 Name: Vasya not enough sum trunsaction 2201681 have sum 288230
13:04:25.776 [pool-1-thread-7] INFO  s.Transaction - Transaction complete with params: fromAccount Account{accountName='Arnold', id=9385, balance=920450} toAccount Account{accountName='John', id=8231, balance=7190502} sum 1209372
13:04:25.776 [pool-1-thread-7] WARN  s.MoneyTransfer - pool-1-thread-7 Account ID: 4026 Name: John not enough sum trunsaction 9024574 have sum 755786
13:04:25.786 [pool-1-thread-8] INFO  s.Transaction - Transaction complete with params: fromAccount Account{accountName='Vasya', id=4114, balance=2388403} toAccount Account{accountName='John', id=6716, balance=3549239} sum 2315244
13:04:25.786 [pool-1-thread-8] WARN  s.MoneyTransfer - pool-1-thread-8 Account ID: 4114 Name: Vasya not enough sum trunsaction 8967249 have sum 2388403
13:04:25.786 [pool-1-thread-8] WARN  s.MoneyTransfer - pool-1-thread-8 Account ID: 8996 Name: Arnold not enough sum trunsaction 8808375 have sum 1094946
13:04:25.786 [pool-1-thread-8] WARN  s.MoneyTransfer - pool-1-thread-8 Account ID: 6397 Name: John not enough sum trunsaction 6900433 have sum 4704720
13:04:25.789 [pool-1-thread-2] INFO  s.Transaction - Transaction complete with params: fromAccount Account{accountName='John', id=6397, balance=2203486} toAccount Account{accountName='John', id=4026, balance=306917} sum 44939
13:04:25.840 [pool-1-thread-13] INFO  s.Transaction - Transaction complete with params: fromAccount Account{accountName='Vova', id=4406, balance=5833776} toAccount Account{accountName='John', id=6397, balance=4297630} sum 787396
13:04:25.880 [pool-1-thread-1] INFO  s.Transaction - Transaction complete with params: fromAccount Account{accountName='John', id=8231, balance=985310} toAccount Account{accountName='John', id=4026, balance=4420411} sum 323895
13:04:25.931 [pool-1-thread-19] INFO  s.Transaction - Transaction complete with params: fromAccount Account{accountName='John', id=6397, balance=201921} toAccount Account{accountName='John', id=8231, balance=16895057} sum 1502451
13:04:25.931 [pool-1-thread-19] WARN  s.MoneyTransfer - pool-1-thread-19 Account ID: 6716 Name: John not enough sum trunsaction 5439199 have sum 26427
13:04:25.931 [pool-1-thread-19] WARN  s.MoneyTransfer - pool-1-thread-19 Accounts from & to are equals. Account ID: 8231
13:04:25.931 [pool-1-thread-19] WARN  s.MoneyTransfer - pool-1-thread-19 Account ID: 6397 Name: John not enough sum trunsaction 3390815 have sum 201921
13:04:25.931 [pool-1-thread-19] WARN  s.MoneyTransfer - pool-1-thread-19 Account ID: 6716 Name: John not enough sum trunsaction 219127 have sum 26427
13:04:25.991 [pool-1-thread-9] INFO  s.Transaction - Transaction complete with params: fromAccount Account{accountName='Vasya', id=7665, balance=1817893} toAccount Account{accountName='Arnold', id=8996, balance=20183305} sum 7920277
13:04:26.032 [pool-1-thread-12] INFO  s.Transaction - Transaction complete with params: fromAccount Account{accountName='John', id=6716, balance=7326702} toAccount Account{accountName='Arnold', id=9385, balance=7773660} sum 5830354
13:04:26.032 [pool-1-thread-12] WARN  s.MoneyTransfer - pool-1-thread-12 Account ID: 3944 Name: Vasya not enough sum trunsaction 7422430 have sum 2413089
13:04:26.085 [pool-1-thread-16] INFO  s.Transaction - Transaction complete with params: fromAccount Account{accountName='John', id=6716, balance=3914587} toAccount Account{accountName='Vova', id=4406, balance=10416069} sum 2503097
13:04:26.090 [pool-1-thread-4] INFO  s.Transaction - Transaction complete with params: fromAccount Account{accountName='John', id=6397, balance=249606} toAccount Account{accountName='Arnold', id=8996, balance=2694857} sum 2459416
13:04:26.140 [pool-1-thread-18] INFO  s.Transaction - Transaction complete with params: fromAccount Account{accountName='Arnold', id=9385, balance=2604504} toAccount Account{accountName='Arnold', id=8996, balance=7930131} sum 99356
13:04:26.140 [pool-1-thread-18] WARN  s.MoneyTransfer - pool-1-thread-18 Account ID: 8996 Name: Arnold not enough sum trunsaction 9021173 have sum 7930131
13:04:26.180 [pool-1-thread-14] INFO  s.Transaction - Transaction complete with params: fromAccount Account{accountName='Vova', id=4406, balance=757796} toAccount Account{accountName='Vasya', id=4114, balance=4981196} sum 104869
13:04:26.213 [pool-1-thread-5] INFO  s.Transaction - Transaction complete with params: fromAccount Account{accountName='John', id=4026, balance=1652452} toAccount Account{accountName='John', id=6716, balance=7287466} sum 3582463
13:04:26.213 [pool-1-thread-5] WARN  s.MoneyTransfer - pool-1-thread-5 Account ID: 6397 Name: John not enough sum trunsaction 7584132 have sum 767002
13:04:26.266 [pool-1-thread-15] INFO  s.Transaction - Transaction complete with params: fromAccount Account{accountName='Vasya', id=3944, balance=1919988} toAccount Account{accountName='Vasya', id=4114, balance=1977599} sum 233829
13:04:26.288 [pool-1-thread-6] INFO  s.Transaction - Transaction complete with params: fromAccount Account{accountName='Vasya', id=7665, balance=3572003} toAccount Account{accountName='Vasya', id=4114, balance=13007025} sum 2420833
13:04:26.288 [pool-1-thread-6] WARN  s.MoneyTransfer - pool-1-thread-6 Account ID: 8231 Name: John not enough sum trunsaction 4436835 have sum 1460852
13:04:26.288 [pool-1-thread-6] WARN  s.MoneyTransfer - pool-1-thread-6 Account ID: 8231 Name: John not enough sum trunsaction 4402717 have sum 1460852
13:04:26.301 [pool-1-thread-17] INFO  s.Transaction - Transaction complete with params: fromAccount Account{accountName='Vasya', id=3944, balance=10624796} toAccount Account{accountName='John', id=4026, balance=1432523} sum 1330720
13:04:26.301 [pool-1-thread-17] WARN  s.MoneyTransfer - pool-1-thread-17 Account ID: 8996 Name: Arnold not enough sum trunsaction 7609464 have sum 4258461
13:04:26.301 [pool-1-thread-17] WARN  s.MoneyTransfer - pool-1-thread-17 Account ID: 6397 Name: John not enough sum trunsaction 5202344 have sum 409839
13:04:26.301 [pool-1-thread-17] WARN  s.MoneyTransfer - pool-1-thread-17 Account ID: 8231 Name: John not enough sum trunsaction 4307551 have sum 2310705
13:04:26.301 [pool-1-thread-17] WARN  s.MoneyTransfer - pool-1-thread-17 Account ID: 6716 Name: John not enough sum trunsaction 5992177 have sum 184536
13:04:26.301 [pool-1-thread-17] WARN  s.MoneyTransfer - pool-1-thread-17 Account ID: 8231 Name: John not enough sum trunsaction 6946769 have sum 2310705
13:04:26.301 [pool-1-thread-17] WARN  s.MoneyTransfer - pool-1-thread-17 Account ID: 4406 Name: Vova not enough sum trunsaction 3649765 have sum 2340505
13:04:26.312 [pool-1-thread-2] INFO  s.Transaction - Transaction complete with params: fromAccount Account{accountName='Arnold', id=8996, balance=3044996} toAccount Account{accountName='Arnold', id=9385, balance=9043918} sum 6477522
13:04:26.312 [pool-1-thread-2] WARN  s.MoneyTransfer - pool-1-thread-2 Account ID: 6397 Name: John not enough sum trunsaction 2639757 have sum 2203486
13:04:26.398 [pool-1-thread-3] INFO  s.Transaction - Transaction complete with params: fromAccount Account{accountName='Arnold', id=8996, balance=4141062} toAccount Account{accountName='John', id=6397, balance=2151842} sum 1948229
13:04:26.449 [pool-1-thread-8] INFO  s.Transaction - Transaction complete with params: fromAccount Account{accountName='John', id=4026, balance=2107402} toAccount Account{accountName='Vasya', id=3944, balance=14995885} sum 4203178
13:04:26.449 [pool-1-thread-8] WARN  s.MoneyTransfer - pool-1-thread-8 Account ID: 8231 Name: John not enough sum trunsaction 7698730 have sum 2618696
13:04:26.467 [pool-1-thread-11] INFO  s.Transaction - Transaction complete with params: fromAccount Account{accountName='John', id=8231, balance=302474} toAccount Account{accountName='John', id=4026, balance=9879376} sum 4055964
13:04:26.467 [pool-1-thread-11] WARN  s.MoneyTransfer - pool-1-thread-11 Account ID: 4114 Name: Vasya not enough sum trunsaction 4191078 have sum 482719
13:04:26.467 [pool-1-thread-11] WARN  s.MoneyTransfer - pool-1-thread-11 Account ID: 6397 Name: John not enough sum trunsaction 7803008 have sum 863057
13:04:26.519 [pool-1-thread-10] INFO  s.Transaction - Transaction complete with params: fromAccount Account{accountName='John', id=4026, balance=387850} toAccount Account{accountName='John', id=6397, balance=10174656} sum 3151327
13:04:26.519 [pool-1-thread-10] WARN  s.MoneyTransfer - pool-1-thread-10 Account ID: 8231 Name: John not enough sum trunsaction 9799597 have sum 1976216
13:04:26.519 [pool-1-thread-10] WARN  s.MoneyTransfer - pool-1-thread-10 Account ID: 4114 Name: Vasya not enough sum trunsaction 7151602 have sum 1650488
13:04:26.526 [pool-1-thread-7] INFO  s.Transaction - Transaction complete with params: fromAccount Account{accountName='Vova', id=4406, balance=3868657} toAccount Account{accountName='John', id=6397, balance=3877152} sum 1449403
13:04:26.526 [pool-1-thread-7] WARN  s.MoneyTransfer - pool-1-thread-7 Account ID: 4114 Name: Vasya not enough sum trunsaction 6167914 have sum 3819775
13:04:26.526 [pool-1-thread-7] WARN  s.MoneyTransfer - pool-1-thread-7 Account ID: 4026 Name: John not enough sum trunsaction 3709043 have sum 755786
13:04:26.661 [pool-1-thread-13] INFO  s.Transaction - Transaction complete with params: fromAccount Account{accountName='Vasya', id=4114, balance=1988564} toAccount Account{accountName='Vasya', id=3944, balance=8618889} sum 8329165
13:04:26.718 [pool-1-thread-9] INFO  s.Transaction - Transaction complete with params: fromAccount Account{accountName='Vasya', id=4114, balance=3148815} toAccount Account{accountName='Vasya', id=3944, balance=2789862} sum 1909381
13:04:26.720 [pool-1-thread-18] INFO  s.Transaction - Transaction complete with params: fromAccount Account{accountName='Arnold', id=8996, balance=787893} toAccount Account{accountName='Vasya', id=7665, balance=10961679} sum 7142238
13:04:26.720 [pool-1-thread-18] WARN  s.MoneyTransfer - pool-1-thread-18 Account ID: 4406 Name: Vova not enough sum trunsaction 8083392 have sum 189641
13:04:26.721 [pool-1-thread-19] INFO  s.Transaction - Transaction complete with params: fromAccount Account{accountName='John', id=8231, balance=7582263} toAccount Account{accountName='Vasya', id=7665, balance=12273141} sum 9312794
13:04:26.721 [pool-1-thread-19] WARN  s.MoneyTransfer - pool-1-thread-19 Account ID: 4026 Name: John not enough sum trunsaction 9146613 have sum 267048
13:04:26.721 [pool-1-thread-19] WARN  s.MoneyTransfer - pool-1-thread-19 Account ID: 3944 Name: Vasya not enough sum trunsaction 6629329 have sum 2793441
13:04:26.721 [pool-1-thread-19] WARN  s.MoneyTransfer - pool-1-thread-19 Account ID: 4114 Name: Vasya not enough sum trunsaction 4338413 have sum 532870
13:04:26.721 [pool-1-thread-19] WARN  s.MoneyTransfer - pool-1-thread-19 Account ID: 4114 Name: Vasya not enough sum trunsaction 3005674 have sum 532870
13:04:26.753 [pool-1-thread-1] INFO  s.Transaction - Transaction complete with params: fromAccount Account{accountName='John', id=4026, balance=1806379} toAccount Account{accountName='John', id=6716, balance=5650094} sum 2614032
13:04:26.753 [pool-1-thread-1] WARN  s.MoneyTransfer - pool-1-thread-1 Account ID: 3944 Name: Vasya not enough sum trunsaction 5464274 have sum 1253495
13:04:26.753 [pool-1-thread-1] WARN  s.MoneyTransfer - pool-1-thread-1 Account ID: 3944 Name: Vasya not enough sum trunsaction 3333140 have sum 1253495
13:04:26.753 [pool-1-thread-1] WARN  s.MoneyTransfer - pool-1-thread-1 Account ID: 8231 Name: John not enough sum trunsaction 6473444 have sum 985310
13:04:26.753 [pool-1-thread-1] WARN  s.MoneyTransfer - pool-1-thread-1 Account ID: 6397 Name: John not enough sum trunsaction 6433055 have sum 1111467
13:04:26.753 [pool-1-thread-1] WARN  s.MoneyTransfer - pool-1-thread-1 Account ID: 4026 Name: John not enough sum trunsaction 3300548 have sum 1806379
13:04:26.753 [pool-1-thread-1] WARN  s.MoneyTransfer - pool-1-thread-1 Account ID: 4026 Name: John not enough sum trunsaction 6733874 have sum 1806379
13:04:26.806 [pool-1-thread-6] INFO  s.Transaction - Transaction complete with params: fromAccount Account{accountName='Vasya', id=4114, balance=9434684} toAccount Account{accountName='Vasya', id=3944, balance=4197139} sum 3572341
13:04:26.824 [pool-1-thread-4] INFO  s.Transaction - Transaction complete with params: fromAccount Account{accountName='John', id=6397, balance=111079} toAccount Account{accountName='John', id=6716, balance=9964366} sum 138527
13:04:26.824 [pool-1-thread-4] WARN  s.MoneyTransfer - pool-1-thread-4 Account ID: 8231 Name: John not enough sum trunsaction 8947149 have sum 6549008
13:04:26.870 [pool-1-thread-5] INFO  s.Transaction - Transaction complete with params: fromAccount Account{accountName='Vova', id=4406, balance=2673152} toAccount Account{accountName='Vasya', id=7665, balance=5544248} sum 1114780
13:04:26.896 [pool-1-thread-12] INFO  s.Transaction - Transaction complete with params: fromAccount Account{accountName='Arnold', id=9385, balance=7006739} toAccount Account{accountName='Vasya', id=3944, balance=3180010} sum 766921
13:04:26.896 [pool-1-thread-12] WARN  s.MoneyTransfer - pool-1-thread-12 Account ID: 8231 Name: John not enough sum trunsaction 9765265 have sum 2359245
13:04:26.896 [pool-1-thread-12] WARN  s.MoneyTransfer - pool-1-thread-12 Account ID: 8996 Name: Arnold not enough sum trunsaction 7439978 have sum 1355141
13:04:26.896 [pool-1-thread-12] WARN  s.MoneyTransfer - pool-1-thread-12 Account ID: 4114 Name: Vasya not enough sum trunsaction 3431209 have sum 1345790
13:04:26.896 [pool-1-thread-12] WARN  s.MoneyTransfer - pool-1-thread-12 Account ID: 4114 Name: Vasya not enough sum trunsaction 9499561 have sum 1345790
13:04:26.896 [pool-1-thread-12] WARN  s.MoneyTransfer - pool-1-thread-12 Account ID: 4406 Name: Vova not enough sum trunsaction 2792260 have sum 811505
13:04:26.909 [pool-1-thread-16] INFO  s.Transaction - Transaction complete with params: fromAccount Account{accountName='Arnold', id=9385, balance=452487} toAccount Account{accountName='Arnold', id=8996, balance=5062693} sum 2607613
13:04:26.966 [pool-1-thread-3] INFO  s.Transaction - Transaction complete with params: fromAccount Account{accountName='Vasya', id=3944, balance=2915230} toAccount Account{accountName='Vasya', id=4114, balance=4101457} sum 1896029
13:04:26.966 [pool-1-thread-3] WARN  s.MoneyTransfer - pool-1-thread-3 Account ID: 4406 Name: Vova not enough sum trunsaction 8969419 have sum 3724623
13:04:26.966 [pool-1-thread-3] WARN  s.MoneyTransfer - pool-1-thread-3 Account ID: 9385 Name: Arnold not enough sum trunsaction 2146915 have sum 827124
13:04:26.966 [pool-1-thread-3] WARN  s.MoneyTransfer - pool-1-thread-3 Account ID: 7665 Name: Vasya not enough sum trunsaction 8374013 have sum 574267
13:04:26.966 [pool-1-thread-3] WARN  s.MoneyTransfer - pool-1-thread-3 Account ID: 4026 Name: John not enough sum trunsaction 4089362 have sum 4037999
13:04:26.966 [pool-1-thread-3] WARN  s.MoneyTransfer - pool-1-thread-3 Accounts from & to are equals. Account ID: 3944
13:04:26.966 [pool-1-thread-3] WARN  s.MoneyTransfer - pool-1-thread-3 Account ID: 8231 Name: John not enough sum trunsaction 9287836 have sum 4827907
13:04:27.042 [pool-1-thread-15] INFO  s.Transaction - Transaction complete with params: fromAccount Account{accountName='Arnold', id=9385, balance=7812081} toAccount Account{accountName='John', id=6397, balance=16737068} sum 4046042
13:04:27.042 [pool-1-thread-15] WARN  s.MoneyTransfer - pool-1-thread-15 Accounts from & to are equals. Account ID: 6397
13:04:27.117 [pool-1-thread-17] INFO  s.Transaction - Transaction complete with params: fromAccount Account{accountName='Vasya', id=7665, balance=294550} toAccount Account{accountName='Arnold', id=8996, balance=9959593} sum 5701132
13:04:27.117 [pool-1-thread-17] WARN  s.MoneyTransfer - pool-1-thread-17 Account ID: 6716 Name: John not enough sum trunsaction 8275781 have sum 184536
13:04:27.118 [pool-1-thread-17] WARN  s.MoneyTransfer - pool-1-thread-17 Account ID: 7665 Name: Vasya not enough sum trunsaction 8665425 have sum 294550
13:04:27.118 [pool-1-thread-17] WARN  s.MoneyTransfer - pool-1-thread-17 Account ID: 4026 Name: John not enough sum trunsaction 9250515 have sum 1432523
13:04:27.118 [pool-1-thread-17] WARN  s.MoneyTransfer - pool-1-thread-17 Account ID: 4406 Name: Vova not enough sum trunsaction 9931770 have sum 2340505
13:04:27.118 [pool-1-thread-17] WARN  s.MoneyTransfer - pool-1-thread-17 Account ID: 4026 Name: John not enough sum trunsaction 4021871 have sum 1432523
13:04:27.137 [pool-1-thread-11] INFO  s.Transaction - Transaction complete with params: fromAccount Account{accountName='Arnold', id=8996, balance=3583785} toAccount Account{accountName='John', id=8231, balance=6763253} sum 6460779
13:04:27.137 [pool-1-thread-11] WARN  s.MoneyTransfer - pool-1-thread-11 Account ID: 7665 Name: Vasya not enough sum trunsaction 7233215 have sum 5234669
13:04:27.137 [pool-1-thread-11] WARN  s.MoneyTransfer - pool-1-thread-11 Account ID: 6716 Name: John not enough sum trunsaction 8568855 have sum 4277701
13:04:27.150 [pool-1-thread-2] INFO  s.Transaction - Transaction complete with params: fromAccount Account{accountName='Vasya', id=3944, balance=1428709} toAccount Account{accountName='John', id=6716, balance=7401522} sum 5589477
13:04:27.150 [pool-1-thread-2] WARN  s.MoneyTransfer - pool-1-thread-2 Account ID: 4026 Name: John not enough sum trunsaction 8774550 have sum 306917
13:04:27.171 [pool-1-thread-14] INFO  s.Transaction - Transaction complete with params: fromAccount Account{accountName='John', id=6716, balance=7496863} toAccount Account{accountName='Vasya', id=7665, balance=2658296} sum 18973
13:04:27.171 [pool-1-thread-14] WARN  s.MoneyTransfer - pool-1-thread-14 Account ID: 8231 Name: John not enough sum trunsaction 3965088 have sum 2014517
13:04:27.171 [pool-1-thread-14] WARN  s.MoneyTransfer - pool-1-thread-14 Account ID: 3944 Name: Vasya not enough sum trunsaction 2460041 have sum 828952
13:04:27.280 [pool-1-thread-9] INFO  s.Transaction - Transaction complete with params: fromAccount Account{accountName='John', id=8231, balance=124434} toAccount Account{accountName='John', id=4026, balance=4791759} sum 700980
13:04:27.280 [pool-1-thread-9] WARN  s.MoneyTransfer - pool-1-thread-9 Account ID: 6716 Name: John not enough sum trunsaction 9562188 have sum 124251
13:04:27.280 [pool-1-thread-9] WARN  s.MoneyTransfer - pool-1-thread-9 Account ID: 8231 Name: John not enough sum trunsaction 1253012 have sum 124434
13:04:27.280 [pool-1-thread-9] WARN  s.MoneyTransfer - pool-1-thread-9 Account ID: 6716 Name: John not enough sum trunsaction 4554763 have sum 124251
13:04:27.280 [pool-1-thread-9] WARN  s.MoneyTransfer - pool-1-thread-9 Account ID: 3944 Name: Vasya not enough sum trunsaction 9064839 have sum 2789862
13:04:27.280 [pool-1-thread-9] WARN  s.MoneyTransfer - pool-1-thread-9 Account ID: 9385 Name: Arnold not enough sum trunsaction 4785214 have sum 1631354
13:04:27.280 [pool-1-thread-9] WARN  s.MoneyTransfer - pool-1-thread-9 Account ID: 6397 Name: John not enough sum trunsaction 9170800 have sum 80371
13:04:27.280 [pool-1-thread-9] WARN  s.MoneyTransfer - pool-1-thread-9 Account ID: 7665 Name: Vasya not enough sum trunsaction 6304393 have sum 1817893
13:04:27.280 [pool-1-thread-9] WARN  s.MoneyTransfer - pool-1-thread-9 Account ID: 6397 Name: John not enough sum trunsaction 2260601 have sum 80371
13:04:27.280 [pool-1-thread-9] WARN  s.MoneyTransfer - pool-1-thread-9 Accounts from & to are equals. Account ID: 4026
13:04:27.280 [pool-1-thread-9] WARN  s.MoneyTransfer - pool-1-thread-9 Account ID: 3944 Name: Vasya not enough sum trunsaction 8918416 have sum 2789862
13:04:27.280 [pool-1-thread-9] WARN  s.MoneyTransfer - pool-1-thread-9 Account ID: 6397 Name: John not enough sum trunsaction 413011 have sum 80371
13:04:27.280 [pool-1-thread-9] WARN  s.MoneyTransfer - pool-1-thread-9 Account ID: 4026 Name: John not enough sum trunsaction 9504327 have sum 4791759
13:04:27.280 [pool-1-thread-9] WARN  s.MoneyTransfer - pool-1-thread-9 Account ID: 7665 Name: Vasya not enough sum trunsaction 9772263 have sum 1817893
13:04:27.280 [pool-1-thread-9] WARN  s.MoneyTransfer - pool-1-thread-9 Account ID: 4114 Name: Vasya not enough sum trunsaction 5027181 have sum 3148815
13:04:27.280 [pool-1-thread-9] WARN  s.MoneyTransfer - pool-1-thread-9 Account ID: 9385 Name: Arnold not enough sum trunsaction 7086950 have sum 1631354
13:04:27.280 [pool-1-thread-9] WARN  s.MoneyTransfer - pool-1-thread-9 Account ID: 3944 Name: Vasya not enough sum trunsaction 7559298 have sum 2789862
13:04:27.280 [pool-1-thread-9] WARN  s.MoneyTransfer - pool-1-thread-9 Account ID: 6397 Name: John not enough sum trunsaction 722890 have sum 80371
13:04:27.280 [pool-1-thread-9] WARN  s.MoneyTransfer - pool-1-thread-9 Account ID: 4406 Name: Vova not enough sum trunsaction 9505261 have sum 1036968
13:04:27.280 [pool-1-thread-9] WARN  s.MoneyTransfer - pool-1-thread-9 Account ID: 3944 Name: Vasya not enough sum trunsaction 8631725 have sum 2789862
13:04:27.280 [pool-1-thread-9] WARN  s.MoneyTransfer - pool-1-thread-9 Account ID: 6397 Name: John not enough sum trunsaction 9914594 have sum 80371
13:04:27.281 [pool-1-thread-19] INFO  s.Transaction - Transaction complete with params: fromAccount Account{accountName='Vasya', id=3944, balance=1408750} toAccount Account{accountName='John', id=6397, balance=1586612} sum 1384691
13:04:27.281 [pool-1-thread-19] WARN  s.MoneyTransfer - pool-1-thread-19 Account ID: 6716 Name: John not enough sum trunsaction 218850 have sum 26427
13:04:27.281 [pool-1-thread-19] WARN  s.MoneyTransfer - pool-1-thread-19 Account ID: 6716 Name: John not enough sum trunsaction 2180918 have sum 26427
13:04:27.319 [pool-1-thread-7] INFO  s.Transaction - Transaction complete with params: fromAccount Account{accountName='Vasya', id=3944, balance=203269} toAccount Account{accountName='Arnold', id=9385, balance=5803966} sum 4883516
13:04:27.319 [pool-1-thread-8] INFO  s.Transaction - Transaction complete with params: fromAccount Account{accountName='John', id=4026, balance=42131} toAccount Account{accountName='John', id=8231, balance=4683967} sum 2065271
13:04:27.319 [pool-1-thread-7] WARN  s.MoneyTransfer - pool-1-thread-7 Account ID: 3944 Name: Vasya not enough sum trunsaction 5337158 have sum 203269
13:04:27.319 [pool-1-thread-7] WARN  s.MoneyTransfer - pool-1-thread-7 Account ID: 8996 Name: Arnold not enough sum trunsaction 1890323 have sum 21198
13:04:27.319 [pool-1-thread-7] WARN  s.MoneyTransfer - pool-1-thread-7 Account ID: 3944 Name: Vasya not enough sum trunsaction 6118763 have sum 203269
13:04:27.319 [pool-1-thread-7] WARN  s.MoneyTransfer - pool-1-thread-7 Account ID: 3944 Name: Vasya not enough sum trunsaction 3679690 have sum 203269
13:04:27.319 [pool-1-thread-7] WARN  s.MoneyTransfer - pool-1-thread-7 Account ID: 8996 Name: Arnold not enough sum trunsaction 4123059 have sum 21198
13:04:27.323 [pool-1-thread-18] INFO  s.Transaction - Transaction complete with params: fromAccount Account{accountName='Arnold', id=9385, balance=2279285} toAccount Account{accountName='John', id=6716, balance=1787456} sum 325219
13:04:27.323 [pool-1-thread-18] WARN  s.MoneyTransfer - pool-1-thread-18 Account ID: 8996 Name: Arnold not enough sum trunsaction 5605187 have sum 787893
13:04:27.338 [pool-1-thread-13] INFO  s.Transaction - Transaction complete with params: fromAccount Account{accountName='Vova', id=4406, balance=887868} toAccount Account{accountName='Arnold', id=9385, balance=10873459} sum 4945908
13:04:27.352 [pool-1-thread-10] INFO  s.Transaction - Transaction complete with params: fromAccount Account{accountName='John', id=6397, balance=3861642} toAccount Account{accountName='Arnold', id=9385, balance=6690161} sum 6313014
13:04:27.352 [pool-1-thread-10] WARN  s.MoneyTransfer - pool-1-thread-10 Account ID: 8996 Name: Arnold not enough sum trunsaction 6465771 have sum 1853399
13:04:27.352 [pool-1-thread-10] WARN  s.MoneyTransfer - pool-1-thread-10 Account ID: 4114 Name: Vasya not enough sum trunsaction 9840121 have sum 1650488
13:04:27.438 [pool-1-thread-4] INFO  s.Transaction - Transaction complete with params: fromAccount Account{accountName='Arnold', id=8996, balance=93880} toAccount Account{accountName='Arnold', id=9385, balance=6243048} sum 2600977
13:04:27.438 [pool-1-thread-4] WARN  s.MoneyTransfer - pool-1-thread-4 Account ID: 7665 Name: Vasya not enough sum trunsaction 6900113 have sum 376448
13:04:27.438 [pool-1-thread-4] WARN  s.MoneyTransfer - pool-1-thread-4 Account ID: 9385 Name: Arnold not enough sum trunsaction 9804813 have sum 6243048
13:04:27.438 [pool-1-thread-4] WARN  s.MoneyTransfer - pool-1-thread-4 Accounts from & to are equals. Account ID: 6716
13:04:27.438 [pool-1-thread-4] WARN  s.MoneyTransfer - pool-1-thread-4 Account ID: 7665 Name: Vasya not enough sum trunsaction 4359813 have sum 376448
13:04:27.467 [pool-1-thread-1] INFO  s.Transaction - Transaction complete with params: fromAccount Account{accountName='Arnold', id=8996, balance=1026156} toAccount Account{accountName='John', id=4026, balance=7032100} sum 5225721
13:04:27.467 [pool-1-thread-1] WARN  s.MoneyTransfer - pool-1-thread-1 Account ID: 4026 Name: John not enough sum trunsaction 9614946 have sum 7032100
13:04:27.495 [pool-1-thread-16] INFO  s.Transaction - Transaction complete with params: fromAccount Account{accountName='John', id=6716, balance=657131} toAccount Account{accountName='John', id=6397, balance=3597503} sum 3257456
13:04:27.495 [pool-1-thread-16] WARN  s.MoneyTransfer - pool-1-thread-16 Account ID: 7665 Name: Vasya not enough sum trunsaction 8078414 have sum 1912543
13:04:27.495 [pool-1-thread-16] WARN  s.MoneyTransfer - pool-1-thread-16 Account ID: 9385 Name: Arnold not enough sum trunsaction 4164477 have sum 452487
13:04:27.495 [pool-1-thread-16] WARN  s.MoneyTransfer - pool-1-thread-16 Account ID: 6716 Name: John not enough sum trunsaction 2515651 have sum 657131
13:04:27.495 [pool-1-thread-16] WARN  s.MoneyTransfer - pool-1-thread-16 Account ID: 9385 Name: Arnold not enough sum trunsaction 8897499 have sum 452487
13:04:27.495 [pool-1-thread-16] WARN  s.MoneyTransfer - pool-1-thread-16 Account ID: 4114 Name: Vasya not enough sum trunsaction 9001369 have sum 6539668
13:04:27.513 [pool-1-thread-6] INFO  s.Transaction - Transaction complete with params: fromAccount Account{accountName='Arnold', id=8996, balance=1733738} toAccount Account{accountName='John', id=4026, balance=8981657} sum 4090766
13:04:27.610 [pool-1-thread-5] INFO  s.Transaction - Transaction complete with params: fromAccount Account{accountName='John', id=6716, balance=1879814} toAccount Account{accountName='John', id=6397, balance=6174654} sum 5407652
13:04:27.694 [pool-1-thread-12] INFO  s.Transaction - Transaction complete with params: fromAccount Account{accountName='Arnold', id=9385, balance=2574575} toAccount Account{accountName='Arnold', id=8996, balance=5787305} sum 4432164
13:04:27.694 [pool-1-thread-12] WARN  s.MoneyTransfer - pool-1-thread-12 Account ID: 4406 Name: Vova not enough sum trunsaction 2760493 have sum 811505
13:04:27.694 [pool-1-thread-12] WARN  s.MoneyTransfer - pool-1-thread-12 Account ID: 8231 Name: John not enough sum trunsaction 4713132 have sum 2359245
13:04:27.694 [pool-1-thread-12] WARN  s.MoneyTransfer - pool-1-thread-12 Account ID: 7665 Name: Vasya not enough sum trunsaction 4470355 have sum 797993
13:04:27.694 [pool-1-thread-12] WARN  s.MoneyTransfer - pool-1-thread-12 Account ID: 8231 Name: John not enough sum trunsaction 3054798 have sum 2359245
13:04:27.694 [pool-1-thread-12] WARN  s.MoneyTransfer - pool-1-thread-12 Account ID: 4114 Name: Vasya not enough sum trunsaction 8688304 have sum 1345790
13:04:27.755 [pool-1-thread-2] INFO  s.Transaction - Transaction complete with params: fromAccount Account{accountName='John', id=6716, balance=4995078} toAccount Account{accountName='Vasya', id=7665, balance=9305651} sum 2406444
13:04:27.755 [pool-1-thread-2] WARN  s.MoneyTransfer - pool-1-thread-2 Account ID: 8996 Name: Arnold not enough sum trunsaction 4337543 have sum 3044996
13:04:27.755 [pool-1-thread-2] WARN  s.MoneyTransfer - pool-1-thread-2 Account ID: 8996 Name: Arnold not enough sum trunsaction 9886860 have sum 3044996
13:04:27.755 [pool-1-thread-2] WARN  s.MoneyTransfer - pool-1-thread-2 Account ID: 4114 Name: Vasya not enough sum trunsaction 4527589 have sum 2589849
13:04:27.755 [pool-1-thread-2] WARN  s.MoneyTransfer - pool-1-thread-2 Account ID: 6397 Name: John not enough sum trunsaction 2287744 have sum 2203486
13:04:27.778 [pool-1-thread-3] INFO  s.Transaction - Transaction complete with params: fromAccount Account{accountName='Arnold', id=8996, balance=2518036} toAccount Account{accountName='John', id=6397, balance=3774868} sum 1623026
13:04:27.778 [pool-1-thread-3] WARN  s.MoneyTransfer - pool-1-thread-3 Account ID: 9385 Name: Arnold not enough sum trunsaction 4775525 have sum 827124
13:04:27.778 [pool-1-thread-3] WARN  s.MoneyTransfer - pool-1-thread-3 Account ID: 4406 Name: Vova not enough sum trunsaction 5332032 have sum 3724623
13:04:27.778 [pool-1-thread-3] WARN  s.MoneyTransfer - pool-1-thread-3 Account ID: 3944 Name: Vasya not enough sum trunsaction 3216553 have sum 2915230
13:04:27.778 [pool-1-thread-3] WARN  s.MoneyTransfer - pool-1-thread-3 Account ID: 8996 Name: Arnold not enough sum trunsaction 8385428 have sum 2518036
13:04:27.778 [pool-1-thread-3] WARN  s.MoneyTransfer - pool-1-thread-3 Account ID: 4406 Name: Vova not enough sum trunsaction 4930011 have sum 3724623
13:04:27.778 [pool-1-thread-3] WARN  s.MoneyTransfer - pool-1-thread-3 Account ID: 9385 Name: Arnold not enough sum trunsaction 1900009 have sum 827124
13:04:27.778 [pool-1-thread-3] WARN  s.MoneyTransfer - pool-1-thread-3 Account ID: 3944 Name: Vasya not enough sum trunsaction 4847215 have sum 2915230
13:04:27.822 [pool-1-thread-15] INFO  s.Transaction - Transaction complete with params: fromAccount Account{accountName='John', id=4026, balance=1145308} toAccount Account{accountName='Arnold', id=8996, balance=859757} sum 306417
13:04:27.865 [pool-1-thread-14] INFO  s.Transaction - Transaction complete with params: fromAccount Account{accountName='John', id=6716, balance=310350} toAccount Account{accountName='Vova', id=4406, balance=7944309} sum 7186513
13:04:27.865 [pool-1-thread-14] WARN  s.MoneyTransfer - pool-1-thread-14 Account ID: 3944 Name: Vasya not enough sum trunsaction 9952791 have sum 828952
13:04:27.865 [pool-1-thread-14] WARN  s.MoneyTransfer - pool-1-thread-14 Account ID: 8231 Name: John not enough sum trunsaction 5855365 have sum 2014517
13:04:27.865 [pool-1-thread-14] WARN  s.MoneyTransfer - pool-1-thread-14 Account ID: 8231 Name: John not enough sum trunsaction 8015005 have sum 2014517
13:04:27.865 [pool-1-thread-14] WARN  s.MoneyTransfer - pool-1-thread-14 Account ID: 8231 Name: John not enough sum trunsaction 7900323 have sum 2014517
13:04:27.865 [pool-1-thread-14] WARN  s.MoneyTransfer - pool-1-thread-14 Accounts from & to are equals. Account ID: 7665
13:04:27.865 [pool-1-thread-14] WARN  s.MoneyTransfer - pool-1-thread-14 Account ID: 8231 Name: John not enough sum trunsaction 7327166 have sum 2014517
13:04:27.865 [pool-1-thread-14] WARN  s.MoneyTransfer - pool-1-thread-14 Accounts from & to are equals. Account ID: 4026
13:04:27.916 [pool-1-thread-7] INFO  s.Transaction - Transaction complete with params: fromAccount Account{accountName='Arnold', id=9385, balance=35403} toAccount Account{accountName='Vasya', id=7665, balance=6740820} sum 5768563
13:04:27.916 [pool-1-thread-7] WARN  s.MoneyTransfer - pool-1-thread-7 Account ID: 8996 Name: Arnold not enough sum trunsaction 3929644 have sum 21198
13:04:27.932 [pool-1-thread-10] INFO  s.Transaction - Transaction complete with params: fromAccount Account{accountName='Vasya', id=7665, balance=8572736} toAccount Account{accountName='John', id=6716, balance=3217532} sum 610496
13:04:27.932 [pool-1-thread-10] WARN  s.MoneyTransfer - pool-1-thread-10 Account ID: 3944 Name: Vasya not enough sum trunsaction 9699105 have sum 1807280
13:04:27.932 [pool-1-thread-10] WARN  s.MoneyTransfer - pool-1-thread-10 Account ID: 4026 Name: John not enough sum trunsaction 3124017 have sum 387850
13:04:27.932 [pool-1-thread-10] WARN  s.MoneyTransfer - pool-1-thread-10 Account ID: 4406 Name: Vova not enough sum trunsaction 7565468 have sum 5711708
13:04:27.932 [pool-1-thread-10] WARN  s.MoneyTransfer - pool-1-thread-10 Account ID: 8231 Name: John not enough sum trunsaction 6362922 have sum 1976216
13:04:27.932 [pool-1-thread-10] WARN  s.MoneyTransfer - pool-1-thread-10 Account ID: 4026 Name: John not enough sum trunsaction 1565699 have sum 387850
13:04:27.932 [pool-1-thread-10] WARN  s.MoneyTransfer - pool-1-thread-10 Account ID: 8231 Name: John not enough sum trunsaction 6444009 have sum 1976216
13:04:27.942 [pool-1-thread-13] INFO  s.Transaction - Transaction complete with params: fromAccount Account{accountName='Vasya', id=3944, balance=7093048} toAccount Account{accountName='John', id=6397, balance=5823471} sum 1525841
13:04:27.942 [pool-1-thread-13] WARN  s.MoneyTransfer - pool-1-thread-13 Account ID: 6716 Name: John not enough sum trunsaction 3704403 have sum 2937426
13:04:27.942 [pool-1-thread-13] WARN  s.MoneyTransfer - pool-1-thread-13 Account ID: 4114 Name: Vasya not enough sum trunsaction 7380091 have sum 1988564
13:04:27.942 [pool-1-thread-13] WARN  s.MoneyTransfer - pool-1-thread-13 Account ID: 6397 Name: John not enough sum trunsaction 9666120 have sum 5823471
13:04:27.942 [pool-1-thread-13] WARN  s.MoneyTransfer - pool-1-thread-13 Account ID: 4026 Name: John not enough sum trunsaction 3488061 have sum 392075
13:04:27.942 [pool-1-thread-13] WARN  s.MoneyTransfer - pool-1-thread-13 Account ID: 4406 Name: Vova not enough sum trunsaction 7952565 have sum 887868
13:04:27.942 [pool-1-thread-13] WARN  s.MoneyTransfer - pool-1-thread-13 Account ID: 8231 Name: John not enough sum trunsaction 2860051 have sum 2320348
13:04:27.942 [pool-1-thread-13] WARN  s.MoneyTransfer - pool-1-thread-13 Account ID: 4406 Name: Vova not enough sum trunsaction 1837912 have sum 887868
13:04:27.942 [pool-1-thread-13] WARN  s.MoneyTransfer - pool-1-thread-13 Account ID: 8231 Name: John not enough sum trunsaction 5464599 have sum 2320348
13:04:27.942 [pool-1-thread-13] WARN  s.MoneyTransfer - pool-1-thread-13 Account ID: 6716 Name: John not enough sum trunsaction 9493577 have sum 2937426
13:04:27.942 [pool-1-thread-13] WARN  s.MoneyTransfer - pool-1-thread-13 Account ID: 4026 Name: John not enough sum trunsaction 7615280 have sum 392075
13:04:27.944 [pool-1-thread-18] INFO  s.Transaction - Transaction complete with params: fromAccount Account{accountName='John', id=6397, balance=2262457} toAccount Account{accountName='John', id=6716, balance=4339915} sum 2552459
13:04:27.958 [pool-1-thread-9] INFO  s.Transaction - Transaction complete with params: fromAccount Account{accountName='Arnold', id=8996, balance=13803343} toAccount Account{accountName='John', id=6716, balance=6504213} sum 6379962
13:04:27.982 [pool-1-thread-19] INFO  s.Transaction - Transaction complete with params: fromAccount Account{accountName='Vova', id=4406, balance=842072} toAccount Account{accountName='Arnold', id=8996, balance=6310004} sum 1130984
13:04:27.982 [pool-1-thread-19] WARN  s.MoneyTransfer - pool-1-thread-19 Account ID: 4114 Name: Vasya not enough sum trunsaction 5218086 have sum 532870
13:04:27.982 [pool-1-thread-19] WARN  s.MoneyTransfer - pool-1-thread-19 Account ID: 4114 Name: Vasya not enough sum trunsaction 8892009 have sum 532870
13:04:27.982 [pool-1-thread-19] WARN  s.MoneyTransfer - pool-1-thread-19 Account ID: 4114 Name: Vasya not enough sum trunsaction 5386337 have sum 532870
13:04:27.982 [pool-1-thread-19] WARN  s.MoneyTransfer - pool-1-thread-19 Account ID: 4026 Name: John not enough sum trunsaction 8635722 have sum 267048
13:04:28.009 [pool-1-thread-11] INFO  s.Transaction - Transaction complete with params: fromAccount Account{accountName='Vova', id=4406, balance=451022} toAccount Account{accountName='Arnold', id=9385, balance=3905200} sum 545501
13:04:28.009 [pool-1-thread-11] WARN  s.MoneyTransfer - pool-1-thread-11 Account ID: 6397 Name: John not enough sum trunsaction 8932849 have sum 863057
13:04:28.009 [pool-1-thread-11] WARN  s.MoneyTransfer - pool-1-thread-11 Account ID: 4406 Name: Vova not enough sum trunsaction 4960706 have sum 451022
13:04:28.009 [pool-1-thread-11] WARN  s.MoneyTransfer - pool-1-thread-11 Account ID: 6716 Name: John not enough sum trunsaction 6470847 have sum 4277701
13:04:28.009 [pool-1-thread-11] WARN  s.MoneyTransfer - pool-1-thread-11 Account ID: 4114 Name: Vasya not enough sum trunsaction 5041759 have sum 482719
13:04:28.017 [pool-1-thread-17] INFO  s.Transaction - Transaction complete with params: fromAccount Account{accountName='Arnold', id=8996, balance=475406} toAccount Account{accountName='John', id=6716, balance=9668723} sum 9484187
13:04:28.025 [pool-1-thread-4] INFO  s.Transaction - Transaction complete with params: fromAccount Account{accountName='Arnold', id=9385, balance=5208782} toAccount Account{accountName='John', id=6716, balance=10998632} sum 1034266
13:04:28.199 [pool-1-thread-16] INFO  s.Transaction - Transaction complete with params: fromAccount Account{accountName='Vova', id=4406, balance=4341202} toAccount Account{accountName='John', id=6716, balance=6731998} sum 6074867
13:04:28.199 [pool-1-thread-16] WARN  s.MoneyTransfer - pool-1-thread-16 Account ID: 9385 Name: Arnold not enough sum trunsaction 8570762 have sum 452487
13:04:28.199 [pool-1-thread-16] WARN  s.MoneyTransfer - pool-1-thread-16 Account ID: 9385 Name: Arnold not enough sum trunsaction 3944213 have sum 452487
13:04:28.250 [pool-1-thread-1] INFO  s.Transaction - Transaction complete with params: fromAccount Account{accountName='John', id=4026, balance=4329197} toAccount Account{accountName='Vasya', id=7665, balance=11386369} sum 2702903
13:04:28.250 [pool-1-thread-1] WARN  s.MoneyTransfer - pool-1-thread-1 Account ID: 3944 Name: Vasya not enough sum trunsaction 9369008 have sum 1253495
13:04:28.264 [pool-1-thread-12] INFO  s.Transaction - Transaction complete with params: fromAccount Account{accountName='John', id=4026, balance=8220421} toAccount Account{accountName='John', id=8231, balance=5478573} sum 3119328
13:04:28.264 [pool-1-thread-12] WARN  s.MoneyTransfer - pool-1-thread-12 Account ID: 3944 Name: Vasya not enough sum trunsaction 4081883 have sum 3180010
13:04:28.264 [pool-1-thread-12] WARN  s.MoneyTransfer - pool-1-thread-12 Account ID: 4406 Name: Vova not enough sum trunsaction 3382804 have sum 811505
13:04:28.305 [pool-1-thread-2] INFO  s.Transaction - Transaction complete with params: fromAccount Account{accountName='Vasya', id=7665, balance=4538986} toAccount Account{accountName='John', id=8231, balance=6400310} sum 4766665
13:04:28.305 [pool-1-thread-2] WARN  s.MoneyTransfer - pool-1-thread-2 Account ID: 7665 Name: Vasya not enough sum trunsaction 4737308 have sum 4538986
13:04:28.305 [pool-1-thread-2] WARN  s.MoneyTransfer - pool-1-thread-2 Account ID: 6716 Name: John not enough sum trunsaction 8446571 have sum 4995078
13:04:28.305 [pool-1-thread-2] WARN  s.MoneyTransfer - pool-1-thread-2 Account ID: 7665 Name: Vasya not enough sum trunsaction 7422732 have sum 4538986
13:04:28.311 [pool-1-thread-8] INFO  s.Transaction - Transaction complete with params: fromAccount Account{accountName='Vova', id=4406, balance=1571611} toAccount Account{accountName='Vasya', id=3944, balance=16974478} sum 1978593
13:04:28.311 [pool-1-thread-8] WARN  s.MoneyTransfer - pool-1-thread-8 Account ID: 4114 Name: Vasya not enough sum trunsaction 7525815 have sum 2388403
13:04:28.311 [pool-1-thread-8] WARN  s.MoneyTransfer - pool-1-thread-8 Account ID: 4026 Name: John not enough sum trunsaction 4182405 have sum 42131
13:04:28.419 [pool-1-thread-6] INFO  s.Transaction - Transaction complete with params: fromAccount Account{accountName='John', id=6716, balance=1870556} toAccount Account{accountName='Vasya', id=4114, balance=11133508} sum 1698824
13:04:28.419 [pool-1-thread-6] WARN  s.MoneyTransfer - pool-1-thread-6 Account ID: 8996 Name: Arnold not enough sum trunsaction 9791249 have sum 1733738
13:04:28.441 [pool-1-thread-14] INFO  s.Transaction - Transaction complete with params: fromAccount Account{accountName='John', id=8231, balance=324472} toAccount Account{accountName='Vasya', id=7665, balance=4348341} sum 1690045
13:04:28.441 [pool-1-thread-14] WARN  s.MoneyTransfer - pool-1-thread-14 Account ID: 9385 Name: Arnold not enough sum trunsaction 9662087 have sum 1172312
13:04:28.457 [pool-1-thread-7] INFO  s.Transaction - Transaction complete with params: fromAccount Account{accountName='Vasya', id=7665, balance=6500901} toAccount Account{accountName='Vasya', id=3944, balance=443188} sum 239919
13:04:28.457 [pool-1-thread-7] WARN  s.MoneyTransfer - pool-1-thread-7 Account ID: 8996 Name: Arnold not enough sum trunsaction 2257952 have sum 21198
13:04:28.457 [pool-1-thread-7] WARN  s.MoneyTransfer - pool-1-thread-7 Account ID: 9385 Name: Arnold not enough sum trunsaction 8770743 have sum 35403
13:04:28.457 [pool-1-thread-7] WARN  s.MoneyTransfer - pool-1-thread-7 Account ID: 3944 Name: Vasya not enough sum trunsaction 9616127 have sum 443188
13:04:28.466 [pool-1-thread-15] INFO  s.Transaction - Transaction complete with params: fromAccount Account{accountName='John', id=6716, balance=1079633} toAccount Account{accountName='John', id=4026, balance=1565372} sum 420064
13:04:28.565 [pool-1-thread-17] INFO  s.Transaction - Transaction complete with params: fromAccount Account{accountName='John', id=6716, balance=9262250} toAccount Account{accountName='Vasya', id=3944, balance=11031269} sum 406473
13:04:28.565 [pool-1-thread-17] WARN  s.MoneyTransfer - pool-1-thread-17 Account ID: 9385 Name: Arnold not enough sum trunsaction 872955 have sum 420106
13:04:28.565 [pool-1-thread-17] WARN  s.MoneyTransfer - pool-1-thread-17 Account ID: 4026 Name: John not enough sum trunsaction 3161561 have sum 1432523
13:04:28.591 [pool-1-thread-5] INFO  s.Transaction - Transaction complete with params: fromAccount Account{accountName='John', id=8231, balance=2089742} toAccount Account{accountName='John', id=4026, balance=8839268} sum 7186816
13:04:28.591 [pool-1-thread-5] WARN  s.MoneyTransfer - pool-1-thread-5 Account ID: 4406 Name: Vova not enough sum trunsaction 7057015 have sum 2673152
13:04:28.600 [pool-1-thread-18] INFO  s.Transaction - Transaction complete with params: fromAccount Account{accountName='John', id=4026, balance=3338019} toAccount Account{accountName='Arnold', id=9385, balance=5320502} sum 3041217
13:04:28.600 [pool-1-thread-18] WARN  s.MoneyTransfer - pool-1-thread-18 Account ID: 8996 Name: Arnold not enough sum trunsaction 1261222 have sum 787893
13:04:28.637 [pool-1-thread-19] INFO  s.Transaction - Transaction complete with params: fromAccount Account{accountName='Vasya', id=7665, balance=11285507} toAccount Account{accountName='John', id=6716, balance=1014061} sum 987634
13:04:28.637 [pool-1-thread-19] WARN  s.MoneyTransfer - pool-1-thread-19 Account ID: 3944 Name: Vasya not enough sum trunsaction 8140300 have sum 1408750
13:04:28.658 [pool-1-thread-11] INFO  s.Transaction - Transaction complete with params: fromAccount Account{accountName='John', id=4026, balance=9793677} toAccount Account{accountName='Arnold', id=8996, balance=3669484} sum 85699
13:04:28.658 [pool-1-thread-11] WARN  s.MoneyTransfer - pool-1-thread-11 Account ID: 6716 Name: John not enough sum trunsaction 9685647 have sum 4277701
13:04:28.748 [pool-1-thread-3] INFO  s.Transaction - Transaction complete with params: fromAccount Account{accountName='John', id=4026, balance=1670086} toAccount Account{accountName='Arnold', id=8996, balance=4885949} sum 2367913
13:04:28.759 [pool-1-thread-4] INFO  s.Transaction - Transaction complete with params: fromAccount Account{accountName='John', id=8231, balance=3414444} toAccount Account{accountName='Vova', id=4406, balance=13657062} sum 3134564
13:04:28.759 [pool-1-thread-4] WARN  s.MoneyTransfer - pool-1-thread-4 Account ID: 6397 Name: John not enough sum trunsaction 457235 have sum 111079
13:04:28.759 [pool-1-thread-4] WARN  s.MoneyTransfer - pool-1-thread-4 Account ID: 9385 Name: Arnold not enough sum trunsaction 5903215 have sum 5208782
13:04:28.759 [pool-1-thread-4] WARN  s.MoneyTransfer - pool-1-thread-4 Account ID: 8231 Name: John not enough sum trunsaction 5231897 have sum 3414444
13:04:28.782 [pool-1-thread-10] INFO  s.Transaction - Transaction complete with params: fromAccount Account{accountName='Vasya', id=7665, balance=5816751} toAccount Account{accountName='Vasya', id=3944, balance=4563265} sum 2755985
13:04:28.782 [pool-1-thread-10] WARN  s.MoneyTransfer - pool-1-thread-10 Account ID: 6716 Name: John not enough sum trunsaction 5458474 have sum 3217532
13:04:28.782 [pool-1-thread-10] WARN  s.MoneyTransfer - pool-1-thread-10 Account ID: 6716 Name: John not enough sum trunsaction 3490129 have sum 3217532
13:04:28.782 [pool-1-thread-10] WARN  s.MoneyTransfer - pool-1-thread-10 Account ID: 4114 Name: Vasya not enough sum trunsaction 7776704 have sum 1650488
13:04:28.782 [pool-1-thread-10] WARN  s.MoneyTransfer - pool-1-thread-10 Account ID: 4114 Name: Vasya not enough sum trunsaction 5435200 have sum 1650488
13:04:28.782 [pool-1-thread-10] WARN  s.MoneyTransfer - pool-1-thread-10 Account ID: 4026 Name: John not enough sum trunsaction 4228454 have sum 387850
13:04:28.784 [pool-1-thread-1] INFO  s.Transaction - Transaction complete with params: fromAccount Account{accountName='John', id=4026, balance=2328721} toAccount Account{accountName='John', id=8231, balance=2985786} sum 2000476
13:04:28.784 [pool-1-thread-1] WARN  s.MoneyTransfer - pool-1-thread-1 Account ID: 6397 Name: John not enough sum trunsaction 8994279 have sum 1111467
13:04:28.785 [pool-1-thread-16] INFO  s.Transaction - Transaction complete with params: fromAccount Account{accountName='Vova', id=4406, balance=4098560} toAccount Account{accountName='Vasya', id=3944, balance=6237860} sum 242642
13:04:28.785 [pool-1-thread-16] WARN  s.MoneyTransfer - pool-1-thread-16 Account ID: 6397 Name: John not enough sum trunsaction 7154873 have sum 3597503
13:04:28.881 [pool-1-thread-8] INFO  s.Transaction - Transaction complete with params: fromAccount Account{accountName='Vasya', id=3944, balance=11084921} toAccount Account{accountName='John', id=6716, balance=9438796} sum 5889557
13:04:28.881 [pool-1-thread-8] WARN  s.MoneyTransfer - pool-1-thread-8 Account ID: 4406 Name: Vova not enough sum trunsaction 8209698 have sum 1571611
13:04:28.909 [pool-1-thread-13] INFO  s.Transaction - Transaction complete with params: fromAccount Account{accountName='John', id=6397, balance=1933258} toAccount Account{accountName='John', id=4026, balance=4282288} sum 3890213
13:04:28.947 [pool-1-thread-9] INFO  s.Transaction - Transaction complete with params: fromAccount Account{accountName='John', id=4026, balance=3255155} toAccount Account{accountName='John', id=6397, balance=1616975} sum 1536604
13:04:28.947 [pool-1-thread-9] WARN  s.MoneyTransfer - pool-1-thread-9 Account ID: 4406 Name: Vova not enough sum trunsaction 1467966 have sum 1036968
13:04:28.947 [pool-1-thread-9] WARN  s.MoneyTransfer - pool-1-thread-9 Account ID: 8231 Name: John not enough sum trunsaction 8419644 have sum 124434
13:04:28.947 [pool-1-thread-9] WARN  s.MoneyTransfer - pool-1-thread-9 Account ID: 6716 Name: John not enough sum trunsaction 9445668 have sum 6504213
13:04:28.947 [pool-1-thread-9] WARN  s.MoneyTransfer - pool-1-thread-9 Account ID: 7665 Name: Vasya not enough sum trunsaction 9330280 have sum 1817893
13:04:28.947 [pool-1-thread-9] WARN  s.MoneyTransfer - pool-1-thread-9 Account ID: 4026 Name: John not enough sum trunsaction 3591496 have sum 3255155
13:04:28.947 [pool-1-thread-9] WARN  s.MoneyTransfer - pool-1-thread-9 Account ID: 7665 Name: Vasya not enough sum trunsaction 8408550 have sum 1817893
13:04:29.060 [pool-1-thread-6] INFO  s.Transaction - Transaction complete with params: fromAccount Account{accountName='Vova', id=4406, balance=1165095} toAccount Account{accountName='Vasya', id=3944, balance=4296933} sum 99794
13:04:29.060 [pool-1-thread-6] WARN  s.MoneyTransfer - pool-1-thread-6 Account ID: 7665 Name: Vasya not enough sum trunsaction 8430952 have sum 3572003
13:04:29.060 [pool-1-thread-6] WARN  s.MoneyTransfer - pool-1-thread-6 Account ID: 9385 Name: Arnold not enough sum trunsaction 2853003 have sum 1109380
13:04:29.078 [pool-1-thread-7] INFO  s.Transaction - Transaction complete with params: fromAccount Account{accountName='John', id=6397, balance=2925990} toAccount Account{accountName='Vova', id=4406, balance=4819819} sum 951162
13:04:29.078 [pool-1-thread-7] WARN  s.MoneyTransfer - pool-1-thread-7 Account ID: 8996 Name: Arnold not enough sum trunsaction 4723869 have sum 21198
13:04:29.078 [pool-1-thread-7] WARN  s.MoneyTransfer - pool-1-thread-7 Account ID: 4026 Name: John not enough sum trunsaction 6632876 have sum 755786
13:04:29.078 [pool-1-thread-7] WARN  s.MoneyTransfer - pool-1-thread-7 Account ID: 4114 Name: Vasya not enough sum trunsaction 6950933 have sum 3819775
13:04:29.078 [pool-1-thread-7] WARN  s.MoneyTransfer - pool-1-thread-7 Account ID: 4026 Name: John not enough sum trunsaction 4685150 have sum 755786
13:04:29.078 [pool-1-thread-7] WARN  s.MoneyTransfer - pool-1-thread-7 Account ID: 4114 Name: Vasya not enough sum trunsaction 4917954 have sum 3819775
13:04:29.078 [pool-1-thread-7] WARN  s.MoneyTransfer - pool-1-thread-7 Account ID: 9385 Name: Arnold not enough sum trunsaction 8558568 have sum 35403
13:04:29.078 [pool-1-thread-7] WARN  s.MoneyTransfer - pool-1-thread-7 Account ID: 3944 Name: Vasya not enough sum trunsaction 7050967 have sum 443188
13:04:29.078 [pool-1-thread-7] WARN  s.MoneyTransfer - pool-1-thread-7 Accounts from & to are equals. Account ID: 8231
13:04:29.078 [pool-1-thread-7] WARN  s.MoneyTransfer - pool-1-thread-7 Account ID: 3944 Name: Vasya not enough sum trunsaction 4929823 have sum 443188
13:04:29.078 [pool-1-thread-7] WARN  s.MoneyTransfer - pool-1-thread-7 Account ID: 9385 Name: Arnold not enough sum trunsaction 7526314 have sum 35403
13:04:29.078 [pool-1-thread-7] WARN  s.MoneyTransfer - pool-1-thread-7 Account ID: 6397 Name: John not enough sum trunsaction 9699740 have sum 2925990
13:04:29.078 [pool-1-thread-7] WARN  s.MoneyTransfer - pool-1-thread-7 Account ID: 6716 Name: John not enough sum trunsaction 9338316 have sum 9216450
13:04:29.101 [pool-1-thread-17] INFO  s.Transaction - Transaction complete with params: fromAccount Account{accountName='John', id=6716, balance=7937209} toAccount Account{accountName='Vasya', id=3944, balance=12356310} sum 1325041
13:04:29.101 [pool-1-thread-17] WARN  s.MoneyTransfer - pool-1-thread-17 Account ID: 4406 Name: Vova not enough sum trunsaction 2835882 have sum 2340505
13:04:29.101 [pool-1-thread-17] WARN  s.MoneyTransfer - pool-1-thread-17 Account ID: 8231 Name: John not enough sum trunsaction 5116139 have sum 2310705
13:04:29.101 [pool-1-thread-17] WARN  s.MoneyTransfer - pool-1-thread-17 Account ID: 6397 Name: John not enough sum trunsaction 3186380 have sum 409839
13:04:29.101 [pool-1-thread-17] WARN  s.MoneyTransfer - pool-1-thread-17 Account ID: 4114 Name: Vasya not enough sum trunsaction 9542766 have sum 7751859
13:04:29.101 [pool-1-thread-17] WARN  s.MoneyTransfer - pool-1-thread-17 Account ID: 7665 Name: Vasya not enough sum trunsaction 4696374 have sum 294550
13:04:29.101 [pool-1-thread-17] WARN  s.MoneyTransfer - pool-1-thread-17 Account ID: 4026 Name: John not enough sum trunsaction 1799437 have sum 1432523
13:04:29.101 [pool-1-thread-17] WARN  s.MoneyTransfer - pool-1-thread-17 Account ID: 6397 Name: John not enough sum trunsaction 4947328 have sum 409839
13:04:29.112 [pool-1-thread-2] INFO  s.Transaction - Transaction complete with params: fromAccount Account{accountName='Arnold', id=9385, balance=5752274} toAccount Account{accountName='John', id=8231, balance=9691954} sum 3291644
13:04:29.112 [pool-1-thread-2] WARN  s.MoneyTransfer - pool-1-thread-2 Account ID: 8996 Name: Arnold not enough sum trunsaction 5346337 have sum 3044996
13:04:29.112 [pool-1-thread-2] WARN  s.MoneyTransfer - pool-1-thread-2 Account ID: 4406 Name: Vova not enough sum trunsaction 3497063 have sum 1176763
13:04:29.112 [pool-1-thread-2] WARN  s.MoneyTransfer - pool-1-thread-2 Accounts from & to are equals. Account ID: 6716
13:04:29.166 [pool-1-thread-5] INFO  s.Transaction - Transaction complete with params: fromAccount Account{accountName='John', id=4026, balance=3266911} toAccount Account{accountName='Arnold', id=9385, balance=6540955} sum 5572357
13:04:29.208 [pool-1-thread-12] INFO  s.Transaction - Transaction complete with params: fromAccount Account{accountName='Arnold', id=9385, balance=2367855} toAccount Account{accountName='Vova', id=4406, balance=1018225} sum 206720
13:04:29.208 [pool-1-thread-12] WARN  s.MoneyTransfer - pool-1-thread-12 Account ID: 9385 Name: Arnold not enough sum trunsaction 3490795 have sum 2367855
13:04:29.208 [pool-1-thread-12] WARN  s.MoneyTransfer - pool-1-thread-12 Account ID: 6397 Name: John not enough sum trunsaction 4237354 have sum 206138
13:04:29.208 [pool-1-thread-12] WARN  s.MoneyTransfer - pool-1-thread-12 Accounts from & to are equals. Account ID: 8996
13:04:29.266 [pool-1-thread-19] INFO  s.Transaction - Transaction complete with params: fromAccount Account{accountName='Arnold', id=8996, balance=2863341} toAccount Account{accountName='Vasya', id=4114, balance=3979533} sum 3446663
13:04:29.276 [pool-1-thread-3] INFO  s.Transaction - Transaction complete with params: fromAccount Account{accountName='Arnold', id=8996, balance=4050902} toAccount Account{accountName='John', id=8231, balance=5662954} sum 835047
13:04:29.276 [pool-1-thread-3] WARN  s.MoneyTransfer - pool-1-thread-3 Account ID: 6397 Name: John not enough sum trunsaction 6539626 have sum 3774868
13:04:29.276 [pool-1-thread-3] WARN  s.MoneyTransfer - pool-1-thread-3 Account ID: 4114 Name: Vasya not enough sum trunsaction 4775150 have sum 4101457
13:04:29.276 [pool-1-thread-3] WARN  s.MoneyTransfer - pool-1-thread-3 Account ID: 3944 Name: Vasya not enough sum trunsaction 8087176 have sum 2915230
13:04:29.309 [pool-1-thread-11] INFO  s.Transaction - Transaction complete with params: fromAccount Account{accountName='John', id=4026, balance=8644752} toAccount Account{accountName='Arnold', id=9385, balance=5054125} sum 1148925
13:04:29.309 [pool-1-thread-11] WARN  s.MoneyTransfer - pool-1-thread-11 Account ID: 4114 Name: Vasya not enough sum trunsaction 4930837 have sum 482719
13:04:29.309 [pool-1-thread-11] WARN  s.MoneyTransfer - pool-1-thread-11 Account ID: 6397 Name: John not enough sum trunsaction 9478300 have sum 863057
13:04:29.309 [pool-1-thread-11] WARN  s.MoneyTransfer - pool-1-thread-11 Account ID: 9385 Name: Arnold not enough sum trunsaction 8158122 have sum 5054125
13:04:29.309 [pool-1-thread-11] WARN  s.MoneyTransfer - pool-1-thread-11 Account ID: 9385 Name: Arnold not enough sum trunsaction 8432908 have sum 5054125
13:04:29.315 [pool-1-thread-14] INFO  s.Transaction - Transaction complete with params: fromAccount Account{accountName='Vova', id=4406, balance=6743455} toAccount Account{accountName='John', id=6397, balance=4846405} sum 1200854
13:04:29.340 [pool-1-thread-15] INFO  s.Transaction - Transaction complete with params: fromAccount Account{accountName='Vasya', id=7665, balance=2000961} toAccount Account{accountName='John', id=4026, balance=1623225} sum 57853
13:04:29.340 [pool-1-thread-15] WARN  s.MoneyTransfer - pool-1-thread-15 Account ID: 4026 Name: John not enough sum trunsaction 3960519 have sum 1623225
13:04:29.340 [pool-1-thread-15] WARN  s.MoneyTransfer - pool-1-thread-15 Account ID: 3944 Name: Vasya not enough sum trunsaction 5488521 have sum 1919988
13:04:29.340 [pool-1-thread-15] WARN  s.MoneyTransfer - pool-1-thread-15 Account ID: 8231 Name: John not enough sum trunsaction 1498911 have sum 19625
13:04:29.340 [pool-1-thread-15] WARN  s.MoneyTransfer - pool-1-thread-15 Account ID: 8996 Name: Arnold not enough sum trunsaction 4589412 have sum 859757
13:04:29.340 [pool-1-thread-15] WARN  s.MoneyTransfer - pool-1-thread-15 Account ID: 4114 Name: Vasya not enough sum trunsaction 6535453 have sum 1977599
13:04:29.340 [pool-1-thread-15] WARN  s.MoneyTransfer - pool-1-thread-15 Account ID: 8996 Name: Arnold not enough sum trunsaction 7868620 have sum 859757
13:04:29.427 [pool-1-thread-18] INFO  s.Transaction - Transaction complete with params: fromAccount Account{accountName='Vasya', id=3944, balance=1599187} toAccount Account{accountName='John', id=6397, balance=5192417} sum 2929960
13:04:29.427 [pool-1-thread-18] WARN  s.MoneyTransfer - pool-1-thread-18 Account ID: 8996 Name: Arnold not enough sum trunsaction 4985836 have sum 787893
13:04:29.427 [pool-1-thread-18] WARN  s.MoneyTransfer - pool-1-thread-18 Account ID: 8996 Name: Arnold not enough sum trunsaction 4968622 have sum 787893
13:04:29.427 [pool-1-thread-18] WARN  s.MoneyTransfer - pool-1-thread-18 Account ID: 6397 Name: John not enough sum trunsaction 6923193 have sum 5192417
13:04:29.479 [pool-1-thread-16] INFO  s.Transaction - Transaction complete with params: fromAccount Account{accountName='John', id=6716, balance=6665203} toAccount Account{accountName='John', id=6397, balance=3664298} sum 66795
13:04:29.479 [pool-1-thread-9] INFO  s.Transaction - Transaction complete with params: fromAccount Account{accountName='Vasya', id=3944, balance=1211407} toAccount Account{accountName='John', id=6716, balance=8082668} sum 1578455
13:04:29.479 [pool-1-thread-9] WARN  s.MoneyTransfer - pool-1-thread-9 Account ID: 4406 Name: Vova not enough sum trunsaction 3524321 have sum 1036968
13:04:29.479 [pool-1-thread-9] WARN  s.MoneyTransfer - pool-1-thread-9 Account ID: 3944 Name: Vasya not enough sum trunsaction 6733581 have sum 1211407
13:04:29.553 [pool-1-thread-1] INFO  s.Transaction - Transaction complete with params: fromAccount Account{accountName='Vasya', id=7665, balance=8988664} toAccount Account{accountName='Vasya', id=4114, balance=4644147} sum 2397705
13:04:29.553 [pool-1-thread-1] WARN  s.MoneyTransfer - pool-1-thread-1 Account ID: 4114 Name: Vasya not enough sum trunsaction 9398316 have sum 4644147
13:04:29.583 [pool-1-thread-4] INFO  s.Transaction - Transaction complete with params: fromAccount Account{accountName='Vova', id=4406, balance=7835433} toAccount Account{accountName='Arnold', id=9385, balance=11030411} sum 5821629
13:04:29.583 [pool-1-thread-4] WARN  s.MoneyTransfer - pool-1-thread-4 Account ID: 4114 Name: Vasya not enough sum trunsaction 3509834 have sum 147047
13:04:29.583 [pool-1-thread-4] WARN  s.MoneyTransfer - pool-1-thread-4 Account ID: 8996 Name: Arnold not enough sum trunsaction 507960 have sum 93880
13:04:29.583 [pool-1-thread-4] WARN  s.MoneyTransfer - pool-1-thread-4 Account ID: 4114 Name: Vasya not enough sum trunsaction 6207073 have sum 147047
13:04:29.583 [pool-1-thread-4] WARN  s.MoneyTransfer - pool-1-thread-4 Account ID: 8996 Name: Arnold not enough sum trunsaction 8374606 have sum 93880
13:04:29.583 [pool-1-thread-4] WARN  s.MoneyTransfer - pool-1-thread-4 Account ID: 7665 Name: Vasya not enough sum trunsaction 2218915 have sum 376448
13:04:29.583 [pool-1-thread-4] WARN  s.MoneyTransfer - pool-1-thread-4 Account ID: 4114 Name: Vasya not enough sum trunsaction 5019113 have sum 147047
13:04:29.714 [pool-1-thread-10] INFO  s.Transaction - Transaction complete with params: fromAccount Account{accountName='Arnold', id=9385, balance=1059788} toAccount Account{accountName='John', id=8231, balance=7606589} sum 5630373
13:04:29.714 [pool-1-thread-10] WARN  s.MoneyTransfer - pool-1-thread-10 Account ID: 4026 Name: John not enough sum trunsaction 8397566 have sum 387850
13:04:29.714 [pool-1-thread-10] WARN  s.MoneyTransfer - pool-1-thread-10 Account ID: 7665 Name: Vasya not enough sum trunsaction 9250200 have sum 5816751
13:04:29.714 [pool-1-thread-10] WARN  s.MoneyTransfer - pool-1-thread-10 Account ID: 9385 Name: Arnold not enough sum trunsaction 3778962 have sum 1059788
13:04:29.731 [pool-1-thread-13] INFO  s.Transaction - Transaction complete with params: fromAccount Account{accountName='Vasya', id=7665, balance=661499} toAccount Account{accountName='Vasya', id=4114, balance=4161894} sum 2173330
13:04:29.731 [pool-1-thread-13] WARN  s.MoneyTransfer - pool-1-thread-13 Account ID: 4114 Name: Vasya not enough sum trunsaction 7131617 have sum 4161894
13:04:29.779 [pool-1-thread-6] INFO  s.Transaction - Transaction complete with params: fromAccount Account{accountName='Vasya', id=7665, balance=2652186} toAccount Account{accountName='Vasya', id=4114, balance=12053325} sum 919817
13:04:29.779 [pool-1-thread-6] WARN  s.MoneyTransfer - pool-1-thread-6 Account ID: 6716 Name: John not enough sum trunsaction 4444768 have sum 1870556
13:04:29.827 [pool-1-thread-8] INFO  s.Transaction - Transaction complete with params: fromAccount Account{accountName='John', id=6397, balance=2738223} toAccount Account{accountName='Arnold', id=8996, balance=3061443} sum 1966497
13:04:29.827 [pool-1-thread-8] WARN  s.MoneyTransfer - pool-1-thread-8 Account ID: 9385 Name: Arnold not enough sum trunsaction 1421260 have sum 31549
13:04:29.857 [pool-1-thread-12] INFO  s.Transaction - Transaction complete with params: fromAccount Account{accountName='John', id=4026, balance=1845994} toAccount Account{accountName='John', id=8231, balance=11853000} sum 6374427
13:04:29.857 [pool-1-thread-12] WARN  s.MoneyTransfer - pool-1-thread-12 Accounts from & to are equals. Account ID: 3944
13:04:29.857 [pool-1-thread-12] WARN  s.MoneyTransfer - pool-1-thread-12 Account ID: 6397 Name: John not enough sum trunsaction 6119481 have sum 206138
13:04:29.857 [pool-1-thread-12] WARN  s.MoneyTransfer - pool-1-thread-12 Accounts from & to are equals. Account ID: 6716
13:04:29.902 [pool-1-thread-2] INFO  s.Transaction - Transaction complete with params: fromAccount Account{accountName='John', id=6397, balance=1726121} toAccount Account{accountName='Vasya', id=4114, balance=3067214} sum 477365
13:04:29.902 [pool-1-thread-2] WARN  s.MoneyTransfer - pool-1-thread-2 Account ID: 7665 Name: Vasya not enough sum trunsaction 5497974 have sum 4538986
13:04:29.902 [pool-1-thread-2] WARN  s.MoneyTransfer - pool-1-thread-2 Account ID: 6397 Name: John not enough sum trunsaction 4103786 have sum 1726121
13:04:29.938 [pool-1-thread-19] INFO  s.Transaction - Transaction complete with params: fromAccount Account{accountName='John', id=8231, balance=4693555} toAccount Account{accountName='John', id=4026, balance=3155756} sum 2888708
13:04:29.938 [pool-1-thread-19] WARN  s.MoneyTransfer - pool-1-thread-19 Accounts from & to are equals. Account ID: 7665
13:04:29.943 [pool-1-thread-17] INFO  s.Transaction - Transaction complete with params: fromAccount Account{accountName='Vasya', id=3944, balance=11672875} toAccount Account{accountName='Vasya', id=7665, balance=977985} sum 683435
13:04:29.959 [pool-1-thread-7] INFO  s.Transaction - Transaction complete with params: fromAccount Account{accountName='Vasya', id=4114, balance=2574844} toAccount Account{accountName='John', id=8231, balance=8435433} sum 1244931
13:04:29.959 [pool-1-thread-7] WARN  s.MoneyTransfer - pool-1-thread-7 Account ID: 3944 Name: Vasya not enough sum trunsaction 4296918 have sum 443188
13:04:29.999 [pool-1-thread-14] INFO  s.Transaction - Transaction complete with params: fromAccount Account{accountName='Vasya', id=7665, balance=4288114} toAccount Account{accountName='Vova', id=4406, balance=6803682} sum 60227
13:04:29.999 [pool-1-thread-14] WARN  s.MoneyTransfer - pool-1-thread-14 Account ID: 6716 Name: John not enough sum trunsaction 5838383 have sum 310350
13:04:30.061 [pool-1-thread-5] INFO  s.Transaction - Transaction complete with params: fromAccount Account{accountName='Vova', id=4406, balance=481524} toAccount Account{accountName='Arnold', id=9385, balance=8732583} sum 2191628
13:04:30.187 [pool-1-thread-3] INFO  s.Transaction - Transaction complete with params: fromAccount Account{accountName='John', id=6716, balance=4276308} toAccount Account{accountName='Vova', id=4406, balance=7875816} sum 4151193
13:04:30.187 [pool-1-thread-3] WARN  s.MoneyTransfer - pool-1-thread-3 Account ID: 7665 Name: Vasya not enough sum trunsaction 1300374 have sum 574267
13:04:30.187 [pool-1-thread-3] WARN  s.MoneyTransfer - pool-1-thread-3 Account ID: 9385 Name: Arnold not enough sum trunsaction 7597030 have sum 827124
13:04:30.202 [pool-1-thread-16] INFO  s.Transaction - Transaction complete with params: fromAccount Account{accountName='Vasya', id=3944, balance=4841555} toAccount Account{accountName='John', id=8231, balance=1787132} sum 1396305
13:04:30.202 [pool-1-thread-16] WARN  s.MoneyTransfer - pool-1-thread-16 Accounts from & to are equals. Account ID: 8996
13:04:30.202 [pool-1-thread-16] WARN  s.MoneyTransfer - pool-1-thread-16 Account ID: 6397 Name: John not enough sum trunsaction 9448757 have sum 3664298
13:04:30.202 [pool-1-thread-16] WARN  s.MoneyTransfer - pool-1-thread-16 Account ID: 4026 Name: John not enough sum trunsaction 7476404 have sum 704873
13:04:30.223 [pool-1-thread-15] INFO  s.Transaction - Transaction complete with params: fromAccount Account{accountName='John', id=6397, balance=14771087} toAccount Account{accountName='Vova', id=4406, balance=3665056} sum 1965981
13:04:30.223 [pool-1-thread-15] WARN  s.MoneyTransfer - pool-1-thread-15 Account ID: 4026 Name: John not enough sum trunsaction 4260790 have sum 1623225
13:04:30.238 [pool-1-thread-11] INFO  s.Transaction - Transaction complete with params: fromAccount Account{accountName='John', id=6716, balance=741987} toAccount Account{accountName='Arnold', id=9385, balance=8589839} sum 3535714
13:04:30.238 [pool-1-thread-11] WARN  s.MoneyTransfer - pool-1-thread-11 Account ID: 3944 Name: Vasya not enough sum trunsaction 1570717 have sum 288230
13:04:30.238 [pool-1-thread-11] WARN  s.MoneyTransfer - pool-1-thread-11 Account ID: 7665 Name: Vasya not enough sum trunsaction 7394185 have sum 5234669
13:04:30.238 [pool-1-thread-11] WARN  s.MoneyTransfer - pool-1-thread-11 Account ID: 4406 Name: Vova not enough sum trunsaction 7667859 have sum 451022
13:04:30.251 [pool-1-thread-1] INFO  s.Transaction - Transaction complete with params: fromAccount Account{accountName='Vasya', id=7665, balance=2173424} toAccount Account{accountName='Vasya', id=4114, balance=11459387} sum 6815240
13:04:30.251 [pool-1-thread-1] WARN  s.MoneyTransfer - pool-1-thread-1 Account ID: 7665 Name: Vasya not enough sum trunsaction 9879292 have sum 2173424
13:04:30.251 [pool-1-thread-1] WARN  s.MoneyTransfer - pool-1-thread-1 Account ID: 4026 Name: John not enough sum trunsaction 8521857 have sum 2328721
13:04:30.338 [pool-1-thread-18] INFO  s.Transaction - Transaction complete with params: fromAccount Account{accountName='Vasya', id=7665, balance=2734781} toAccount Account{accountName='Vova', id=4406, balance=8416539} sum 8226898
13:04:30.338 [pool-1-thread-18] WARN  s.MoneyTransfer - pool-1-thread-18 Account ID: 4114 Name: Vasya not enough sum trunsaction 9721747 have sum 910266
13:04:30.338 [pool-1-thread-18] WARN  s.MoneyTransfer - pool-1-thread-18 Account ID: 8231 Name: John not enough sum trunsaction 3256042 have sum 3089493
13:04:30.338 [pool-1-thread-18] WARN  s.MoneyTransfer - pool-1-thread-18 Account ID: 3944 Name: Vasya not enough sum trunsaction 5543633 have sum 1599187
13:04:30.338 [pool-1-thread-18] WARN  s.MoneyTransfer - pool-1-thread-18 Account ID: 6397 Name: John not enough sum trunsaction 9553694 have sum 5192417
13:04:30.356 [pool-1-thread-9] INFO  s.Transaction - Transaction complete with params: fromAccount Account{accountName='Arnold', id=8996, balance=4554328} toAccount Account{accountName='Vova', id=4406, balance=10285983} sum 9249015
13:04:30.387 [pool-1-thread-10] INFO  s.Transaction - Transaction complete with params: fromAccount Account{accountName='Vova', id=4406, balance=481012} toAccount Account{accountName='Vasya', id=3944, balance=9793961} sum 5230696
13:04:30.387 [pool-1-thread-10] WARN  s.MoneyTransfer - pool-1-thread-10 Account ID: 7665 Name: Vasya not enough sum trunsaction 6478848 have sum 5816751
13:04:30.426 [pool-1-thread-13] INFO  s.Transaction - Transaction complete with params: fromAccount Account{accountName='Arnold', id=9385, balance=1095200} toAccount Account{accountName='Arnold', id=8996, balance=10356183} sum 9778259
13:04:30.426 [pool-1-thread-13] WARN  s.MoneyTransfer - pool-1-thread-13 Account ID: 3944 Name: Vasya not enough sum trunsaction 8902014 have sum 7093048
13:04:30.429 [pool-1-thread-4] INFO  s.Transaction - Transaction complete with params: fromAccount Account{accountName='Arnold', id=9385, balance=9585370} toAccount Account{accountName='John', id=6397, balance=1556120} sum 1445041
13:04:30.429 [pool-1-thread-4] WARN  s.MoneyTransfer - pool-1-thread-4 Account ID: 8996 Name: Arnold not enough sum trunsaction 494086 have sum 93880
13:04:30.429 [pool-1-thread-4] WARN  s.MoneyTransfer - pool-1-thread-4 Account ID: 8996 Name: Arnold not enough sum trunsaction 7149861 have sum 93880
13:04:30.429 [pool-1-thread-4] WARN  s.MoneyTransfer - pool-1-thread-4 Account ID: 4114 Name: Vasya not enough sum trunsaction 9192534 have sum 147047
13:04:30.429 [pool-1-thread-4] WARN  s.MoneyTransfer - pool-1-thread-4 Account ID: 3944 Name: Vasya not enough sum trunsaction 7682897 have sum 437423
13:04:30.504 [pool-1-thread-17] INFO  s.Transaction - Transaction complete with params: fromAccount Account{accountName='Vasya', id=7665, balance=518598} toAccount Account{accountName='John', id=6397, balance=869226} sum 459387
13:04:30.626 [pool-1-thread-19] INFO  s.Transaction - Transaction complete with params: fromAccount Account{accountName='John', id=6397, balance=1406717} toAccount Account{accountName='Vasya', id=3944, balance=1588645} sum 179895
13:04:30.652 [pool-1-thread-7] INFO  s.Transaction - Transaction complete with params: fromAccount Account{accountName='John', id=6716, balance=721494} toAccount Account{accountName='John', id=8231, balance=16930389} sum 8494956
13:04:30.675 [pool-1-thread-6] INFO  s.Transaction - Transaction complete with params: fromAccount Account{accountName='John', id=4026, balance=7628772} toAccount Account{accountName='John', id=8231, balance=2813737} sum 1352885
13:04:30.675 [pool-1-thread-6] WARN  s.MoneyTransfer - pool-1-thread-6 Account ID: 6397 Name: John not enough sum trunsaction 2389584 have sum 405290
13:04:30.767 [pool-1-thread-8] INFO  s.Transaction - Transaction complete with params: fromAccount Account{accountName='Vova', id=4406, balance=422714} toAccount Account{accountName='John', id=4026, balance=1191028} sum 1148897
13:04:30.767 [pool-1-thread-8] WARN  s.MoneyTransfer - pool-1-thread-8 Account ID: 7665 Name: Vasya not enough sum trunsaction 8369564 have sum 687968
13:04:30.767 [pool-1-thread-8] WARN  s.MoneyTransfer - pool-1-thread-8 Account ID: 4114 Name: Vasya not enough sum trunsaction 6240300 have sum 2388403
13:04:30.767 [pool-1-thread-8] WARN  s.MoneyTransfer - pool-1-thread-8 Account ID: 7665 Name: Vasya not enough sum trunsaction 4076726 have sum 687968
13:04:30.767 [pool-1-thread-8] WARN  s.MoneyTransfer - pool-1-thread-8 Account ID: 4114 Name: Vasya not enough sum trunsaction 6460849 have sum 2388403
13:04:30.767 [pool-1-thread-8] WARN  s.MoneyTransfer - pool-1-thread-8 Account ID: 4406 Name: Vova not enough sum trunsaction 6727644 have sum 422714
13:04:30.769 [pool-1-thread-2] INFO  s.Transaction - Transaction complete with params: fromAccount Account{accountName='Vasya', id=7665, balance=3766060} toAccount Account{accountName='John', id=6397, balance=2499047} sum 772926
13:04:30.769 [pool-1-thread-2] WARN  s.MoneyTransfer - pool-1-thread-2 Account ID: 8231 Name: John not enough sum trunsaction 9842633 have sum 9691954
13:04:30.769 [pool-1-thread-2] WARN  s.MoneyTransfer - pool-1-thread-2 Account ID: 3944 Name: Vasya not enough sum trunsaction 7059758 have sum 1428709
13:04:30.790 [pool-1-thread-14] INFO  s.Transaction - Transaction complete with params: fromAccount Account{accountName='Vova', id=4406, balance=1069718} toAccount Account{accountName='John', id=4026, balance=10686259} sum 5733964
13:04:30.792 [pool-1-thread-16] INFO  s.Transaction - Transaction complete with params: fromAccount Account{accountName='Vasya', id=7665, balance=1429184} toAccount Account{accountName='Vasya', id=3944, balance=5324914} sum 483359
13:04:30.792 [pool-1-thread-16] WARN  s.MoneyTransfer - pool-1-thread-16 Account ID: 8231 Name: John not enough sum trunsaction 5318105 have sum 1787132
13:04:30.792 [pool-1-thread-16] WARN  s.MoneyTransfer - pool-1-thread-16 Account ID: 8231 Name: John not enough sum trunsaction 3386525 have sum 1787132
13:04:30.811 [pool-1-thread-11] INFO  s.Transaction - Transaction complete with params: fromAccount Account{accountName='Vasya', id=7665, balance=40340} toAccount Account{accountName='John', id=6397, balance=6057386} sum 5194329
13:04:30.811 [pool-1-thread-11] WARN  s.MoneyTransfer - pool-1-thread-11 Account ID: 4114 Name: Vasya not enough sum trunsaction 988179 have sum 482719
13:04:30.811 [pool-1-thread-11] WARN  s.MoneyTransfer - pool-1-thread-11 Account ID: 4114 Name: Vasya not enough sum trunsaction 6403408 have sum 482719
13:04:30.811 [pool-1-thread-11] WARN  s.MoneyTransfer - pool-1-thread-11 Account ID: 7665 Name: Vasya not enough sum trunsaction 7088384 have sum 40340
13:04:30.811 [pool-1-thread-11] WARN  s.MoneyTransfer - pool-1-thread-11 Account ID: 4406 Name: Vova not enough sum trunsaction 7248878 have sum 451022
13:04:30.811 [pool-1-thread-11] WARN  s.MoneyTransfer - pool-1-thread-11 Account ID: 6397 Name: John not enough sum trunsaction 7736165 have sum 6057386
13:04:30.845 [pool-1-thread-12] INFO  s.Transaction - Transaction complete with params: fromAccount Account{accountName='John', id=8231, balance=2760033} toAccount Account{accountName='Arnold', id=9385, balance=11460822} sum 9092967
13:04:30.869 [pool-1-thread-3] INFO  s.Transaction - Transaction complete with params: fromAccount Account{accountName='John', id=6397, balance=590091} toAccount Account{accountName='Vasya', id=7665, balance=3759044} sum 3184777
13:04:30.878 [pool-1-thread-5] INFO  s.Transaction - Transaction complete with params: fromAccount Account{accountName='John', id=4026, balance=1327815} toAccount Account{accountName='Vasya', id=3944, balance=6513664} sum 1939096
13:04:30.878 [pool-1-thread-5] WARN  s.MoneyTransfer - pool-1-thread-5 Account ID: 4406 Name: Vova not enough sum trunsaction 9032402 have sum 481524
13:04:30.878 [pool-1-thread-5] WARN  s.MoneyTransfer - pool-1-thread-5 Account ID: 4114 Name: Vasya not enough sum trunsaction 5789329 have sum 1583483
13:04:30.878 [pool-1-thread-5] WARN  s.MoneyTransfer - pool-1-thread-5 Account ID: 8231 Name: John not enough sum trunsaction 5505989 have sum 2089742
13:04:31.029 [pool-1-thread-4] INFO  s.Transaction - Transaction complete with params: fromAccount Account{accountName='John', id=6716, balance=5495926} toAccount Account{accountName='Arnold', id=9385, balance=15088076} sum 5502706
13:04:31.033 [pool-1-thread-10] INFO  s.Transaction - Transaction complete with params: fromAccount Account{accountName='John', id=8231, balance=5410496} toAccount Account{accountName='Arnold', id=8996, balance=4049492} sum 2196093
13:04:31.033 [pool-1-thread-10] WARN  s.MoneyTransfer - pool-1-thread-10 Account ID: 4114 Name: Vasya not enough sum trunsaction 6928791 have sum 1650488
13:04:31.081 [pool-1-thread-15] INFO  s.Transaction - Transaction complete with params: fromAccount Account{accountName='Vasya', id=4114, balance=1969081} toAccount Account{accountName='Vasya', id=7665, balance=2009479} sum 8518
13:04:31.163 [pool-1-thread-18] INFO  s.Transaction - Transaction complete with params: fromAccount Account{accountName='John', id=8231, balance=2937287} toAccount Account{accountName='Vasya', id=7665, balance=2886987} sum 152206
13:04:31.163 [pool-1-thread-18] WARN  s.MoneyTransfer - pool-1-thread-18 Account ID: 9385 Name: Arnold not enough sum trunsaction 6696561 have sum 5320502
13:04:31.172 [pool-1-thread-9] INFO  s.Transaction - Transaction complete with params: fromAccount Account{accountName='John', id=6716, balance=3398377} toAccount Account{accountName='Vova', id=4406, balance=14970274} sum 4684291
13:04:31.172 [pool-1-thread-9] WARN  s.MoneyTransfer - pool-1-thread-9 Account ID: 8996 Name: Arnold not enough sum trunsaction 5144089 have sum 4554328
13:04:31.172 [pool-1-thread-9] WARN  s.MoneyTransfer - pool-1-thread-9 Account ID: 3944 Name: Vasya not enough sum trunsaction 7890500 have sum 1211407
13:04:31.172 [pool-1-thread-9] WARN  s.MoneyTransfer - pool-1-thread-9 Account ID: 7665 Name: Vasya not enough sum trunsaction 2672535 have sum 1817893
13:04:31.172 [pool-1-thread-9] WARN  s.MoneyTransfer - pool-1-thread-9 Account ID: 6397 Name: John not enough sum trunsaction 7186460 have sum 1616975
13:04:31.214 [pool-1-thread-17] INFO  s.Transaction - Transaction complete with params: fromAccount Account{accountName='John', id=4026, balance=1398095} toAccount Account{accountName='Arnold', id=8996, balance=509834} sum 34428
13:04:31.214 [pool-1-thread-17] WARN  s.MoneyTransfer - pool-1-thread-17 Account ID: 8996 Name: Arnold not enough sum trunsaction 7494145 have sum 509834
13:04:31.214 [pool-1-thread-17] WARN  s.MoneyTransfer - pool-1-thread-17 Account ID: 4026 Name: John not enough sum trunsaction 8899587 have sum 1398095
13:04:31.231 [pool-1-thread-6] INFO  s.Transaction - Transaction complete with params: fromAccount Account{accountName='Vasya', id=7665, balance=2649002} toAccount Account{accountName='Vova', id=4406, balance=1168279} sum 3184
13:04:31.247 [pool-1-thread-1] INFO  s.Transaction - Transaction complete with params: fromAccount Account{accountName='John', id=8231, balance=1673083} toAccount Account{accountName='Arnold', id=8996, balance=2338859} sum 1312703
13:04:31.247 [pool-1-thread-1] WARN  s.MoneyTransfer - pool-1-thread-1 Account ID: 9385 Name: Arnold not enough sum trunsaction 7398159 have sum 2061266
13:04:31.247 [pool-1-thread-1] WARN  s.MoneyTransfer - pool-1-thread-1 Account ID: 6397 Name: John not enough sum trunsaction 8228031 have sum 1111467
13:04:31.247 [pool-1-thread-1] WARN  s.MoneyTransfer - pool-1-thread-1 Account ID: 6716 Name: John not enough sum trunsaction 6492385 have sum 5650094
13:04:31.354 [pool-1-thread-13] INFO  s.Transaction - Transaction complete with params: fromAccount Account{accountName='Arnold', id=9385, balance=954290} toAccount Account{accountName='Arnold', id=8996, balance=10497093} sum 140910
13:04:31.354 [pool-1-thread-13] WARN  s.MoneyTransfer - pool-1-thread-13 Account ID: 9385 Name: Arnold not enough sum trunsaction 4225478 have sum 954290
13:04:31.354 [pool-1-thread-13] WARN  s.MoneyTransfer - pool-1-thread-13 Account ID: 6716 Name: John not enough sum trunsaction 5610031 have sum 2937426
13:04:31.381 [pool-1-thread-8] INFO  s.Transaction - Transaction complete with params: fromAccount Account{accountName='John', id=8231, balance=4453685} toAccount Account{accountName='Vasya', id=7665, balance=918250} sum 230282
13:04:31.381 [pool-1-thread-8] WARN  s.MoneyTransfer - pool-1-thread-8 Account ID: 7665 Name: Vasya not enough sum trunsaction 1479285 have sum 918250
13:04:31.381 [pool-1-thread-8] WARN  s.MoneyTransfer - pool-1-thread-8 Account ID: 4406 Name: Vova not enough sum trunsaction 2606681 have sum 422714
13:04:31.381 [pool-1-thread-8] WARN  s.MoneyTransfer - pool-1-thread-8 Account ID: 4114 Name: Vasya not enough sum trunsaction 9246398 have sum 2388403
13:04:31.381 [pool-1-thread-8] WARN  s.MoneyTransfer - pool-1-thread-8 Account ID: 7665 Name: Vasya not enough sum trunsaction 3383387 have sum 918250
13:04:31.381 [pool-1-thread-8] WARN  s.MoneyTransfer - pool-1-thread-8 Account ID: 6397 Name: John not enough sum trunsaction 6544845 have sum 2738223
13:04:31.452 [pool-1-thread-7] INFO  s.Transaction - Transaction complete with params: fromAccount Account{accountName='John', id=6397, balance=854848} toAccount Account{accountName='Vasya', id=4114, balance=4645986} sum 2071142
13:04:31.452 [pool-1-thread-7] WARN  s.MoneyTransfer - pool-1-thread-7 Account ID: 8996 Name: Arnold not enough sum trunsaction 6249462 have sum 21198
13:04:31.512 [pool-1-thread-19] INFO  s.Transaction - Transaction complete with params: fromAccount Account{accountName='Arnold', id=9385, balance=1265129} toAccount Account{accountName='John', id=4026, balance=6790452} sum 3634696
13:04:31.512 [pool-1-thread-19] WARN  s.MoneyTransfer - pool-1-thread-19 Account ID: 4406 Name: Vova not enough sum trunsaction 1266273 have sum 842072
13:04:31.512 [pool-1-thread-19] WARN  s.MoneyTransfer - pool-1-thread-19 Account ID: 4406 Name: Vova not enough sum trunsaction 2851069 have sum 842072
13:04:31.512 [pool-1-thread-19] WARN  s.MoneyTransfer - pool-1-thread-19 Account ID: 3944 Name: Vasya not enough sum trunsaction 7861400 have sum 1588645
13:04:31.512 [pool-1-thread-19] WARN  s.MoneyTransfer - pool-1-thread-19 Accounts from & to are equals. Account ID: 7665
13:04:31.512 [pool-1-thread-19] WARN  s.MoneyTransfer - pool-1-thread-19 Account ID: 8231 Name: John not enough sum trunsaction 5311810 have sum 4693555
13:04:31.531 [pool-1-thread-11] INFO  s.Transaction - Transaction complete with params: fromAccount Account{accountName='Arnold', id=9385, balance=7603332} toAccount Account{accountName='John', id=6397, balance=7043893} sum 986507
13:04:31.531 [pool-1-thread-11] WARN  s.MoneyTransfer - pool-1-thread-11 Account ID: 4406 Name: Vova not enough sum trunsaction 2949001 have sum 451022
13:04:31.535 [pool-1-thread-14] INFO  s.Transaction - Transaction complete with params: fromAccount Account{accountName='Vasya', id=4114, balance=2167122} toAccount Account{accountName='Arnold', id=8996, balance=10035308} sum 2814074
13:04:31.535 [pool-1-thread-14] WARN  s.MoneyTransfer - pool-1-thread-14 Account ID: 3944 Name: Vasya not enough sum trunsaction 3198739 have sum 828952
13:04:31.601 [pool-1-thread-12] INFO  s.Transaction - Transaction complete with params: fromAccount Account{accountName='John', id=6716, balance=1487754} toAccount Account{accountName='Vasya', id=7665, balance=6636941} sum 5838948
13:04:31.660 [pool-1-thread-3] INFO  s.Transaction - Transaction complete with params: fromAccount Account{accountName='Vasya', id=7665, balance=3587938} toAccount Account{accountName='John', id=6397, balance=761197} sum 171106
13:04:31.660 [pool-1-thread-3] WARN  s.MoneyTransfer - pool-1-thread-3 Account ID: 4026 Name: John not enough sum trunsaction 6386464 have sum 1670086
13:04:31.660 [pool-1-thread-3] WARN  s.MoneyTransfer - pool-1-thread-3 Account ID: 4026 Name: John not enough sum trunsaction 8814860 have sum 1670086
13:04:31.660 [pool-1-thread-3] WARN  s.MoneyTransfer - pool-1-thread-3 Account ID: 6397 Name: John not enough sum trunsaction 5923804 have sum 761197
13:04:31.683 [pool-1-thread-9] INFO  s.Transaction - Transaction complete with params: fromAccount Account{accountName='Arnold', id=9385, balance=1283836} toAccount Account{accountName='Vova', id=4406, balance=15317792} sum 347518
13:04:31.683 [pool-1-thread-9] WARN  s.MoneyTransfer - pool-1-thread-9 Account ID: 8996 Name: Arnold not enough sum trunsaction 6766339 have sum 4554328
13:04:31.720 [pool-1-thread-16] INFO  s.Transaction - Transaction complete with params: fromAccount Account{accountName='John', id=4026, balance=339333} toAccount Account{accountName='John', id=6716, balance=7030743} sum 365540
13:04:31.720 [pool-1-thread-4] INFO  s.Transaction - Transaction complete with params: fromAccount Account{accountName='Arnold', id=9385, balance=8165826} toAccount Account{accountName='Vova', id=4406, balance=14757683} sum 6922250
13:04:31.720 [pool-1-thread-16] WARN  s.MoneyTransfer - pool-1-thread-16 Account ID: 6716 Name: John not enough sum trunsaction 9300755 have sum 7030743
13:04:31.720 [pool-1-thread-4] WARN  s.MoneyTransfer - pool-1-thread-4 Account ID: 6716 Name: John not enough sum trunsaction 9051473 have sum 5495926
13:04:31.720 [pool-1-thread-16] WARN  s.MoneyTransfer - pool-1-thread-16 Account ID: 8996 Name: Arnold not enough sum trunsaction 7258139 have sum 5062693
13:04:31.720 [pool-1-thread-4] WARN  s.MoneyTransfer - pool-1-thread-4 Account ID: 4114 Name: Vasya not enough sum trunsaction 3946670 have sum 147047
13:04:31.720 [pool-1-thread-4] WARN  s.MoneyTransfer - pool-1-thread-4 Account ID: 6397 Name: John not enough sum trunsaction 5924449 have sum 1556120
13:04:31.720 [pool-1-thread-4] WARN  s.MoneyTransfer - pool-1-thread-4 Accounts from & to are equals. Account ID: 8231
13:04:31.742 [pool-1-thread-15] INFO  s.Transaction - Transaction complete with params: fromAccount Account{accountName='Vasya', id=3944, balance=895246} toAccount Account{accountName='Vasya', id=7665, balance=3034221} sum 1024742
13:04:31.742 [pool-1-thread-15] WARN  s.MoneyTransfer - pool-1-thread-15 Account ID: 4026 Name: John not enough sum trunsaction 8152112 have sum 1623225
13:04:31.742 [pool-1-thread-2] INFO  s.Transaction - Transaction complete with params: fromAccount Account{accountName='John', id=6716, balance=3771919} toAccount Account{accountName='Vova', id=4406, balance=2399922} sum 1223159
13:04:31.742 [pool-1-thread-2] WARN  s.MoneyTransfer - pool-1-thread-2 Account ID: 6716 Name: John not enough sum trunsaction 6395145 have sum 3771919
13:04:31.742 [pool-1-thread-2] WARN  s.MoneyTransfer - pool-1-thread-2 Accounts from & to are equals. Account ID: 6716
13:04:31.742 [pool-1-thread-2] WARN  s.MoneyTransfer - pool-1-thread-2 Account ID: 4406 Name: Vova not enough sum trunsaction 4647329 have sum 2399922
13:04:31.742 [pool-1-thread-2] WARN  s.MoneyTransfer - pool-1-thread-2 Account ID: 6397 Name: John not enough sum trunsaction 9044581 have sum 2499047
13:04:31.742 [pool-1-thread-2] WARN  s.MoneyTransfer - pool-1-thread-2 Account ID: 3944 Name: Vasya not enough sum trunsaction 7557081 have sum 1428709
13:04:31.742 [pool-1-thread-2] WARN  s.MoneyTransfer - pool-1-thread-2 Accounts from & to are equals. Account ID: 6716
13:04:31.742 [pool-1-thread-2] WARN  s.MoneyTransfer - pool-1-thread-2 Account ID: 4114 Name: Vasya not enough sum trunsaction 8364033 have sum 3067214
13:04:31.742 [pool-1-thread-2] WARN  s.MoneyTransfer - pool-1-thread-2 Account ID: 7665 Name: Vasya not enough sum trunsaction 4167825 have sum 3766060
13:04:31.766 [pool-1-thread-5] INFO  s.Transaction - Transaction complete with params: fromAccount Account{accountName='John', id=8231, balance=451533} toAccount Account{accountName='Vova', id=4406, balance=2119733} sum 1638209
13:04:31.912 [pool-1-thread-8] INFO  s.Transaction - Transaction complete with params: fromAccount Account{accountName='John', id=8231, balance=306037} toAccount Account{accountName='John', id=4026, balance=5338676} sum 4147648
13:04:31.912 [pool-1-thread-8] WARN  s.MoneyTransfer - pool-1-thread-8 Account ID: 7665 Name: Vasya not enough sum trunsaction 6932938 have sum 918250
13:04:31.912 [pool-1-thread-8] WARN  s.MoneyTransfer - pool-1-thread-8 Account ID: 9385 Name: Arnold not enough sum trunsaction 6023388 have sum 31549
13:04:31.912 [pool-1-thread-8] WARN  s.MoneyTransfer - pool-1-thread-8 Account ID: 4026 Name: John not enough sum trunsaction 8111024 have sum 5338676
13:04:31.916 [pool-1-thread-17] INFO  s.Transaction - Transaction complete with params: fromAccount Account{accountName='Vasya', id=4114, balance=5996736} toAccount Account{accountName='Vasya', id=3944, balance=13427998} sum 1755123
13:04:31.916 [pool-1-thread-17] WARN  s.MoneyTransfer - pool-1-thread-17 Account ID: 4406 Name: Vova not enough sum trunsaction 7048443 have sum 2340505
13:04:31.916 [pool-1-thread-17] WARN  s.MoneyTransfer - pool-1-thread-17 Account ID: 4406 Name: Vova not enough sum trunsaction 3587237 have sum 2340505
13:04:31.916 [pool-1-thread-17] WARN  s.MoneyTransfer - pool-1-thread-17 Account ID: 7665 Name: Vasya not enough sum trunsaction 1201122 have sum 518598
13:04:31.916 [pool-1-thread-17] WARN  s.MoneyTransfer - pool-1-thread-17 Account ID: 8996 Name: Arnold not enough sum trunsaction 7779742 have sum 509834
13:04:31.916 [pool-1-thread-17] WARN  s.MoneyTransfer - pool-1-thread-17 Account ID: 4026 Name: John not enough sum trunsaction 1405754 have sum 1398095
13:04:31.961 [pool-1-thread-6] INFO  s.Transaction - Transaction complete with params: fromAccount Account{accountName='Vova', id=4406, balance=172936} toAccount Account{accountName='John', id=4026, balance=8624115} sum 995343
13:04:31.972 [pool-1-thread-10] INFO  s.Transaction - Transaction complete with params: fromAccount Account{accountName='John', id=6716, balance=1058295} toAccount Account{accountName='Vasya', id=7665, balance=7975988} sum 2159237
13:04:31.972 [pool-1-thread-10] WARN  s.MoneyTransfer - pool-1-thread-10 Account ID: 4114 Name: Vasya not enough sum trunsaction 4471370 have sum 1650488
13:04:31.972 [pool-1-thread-10] WARN  s.MoneyTransfer - pool-1-thread-10 Account ID: 6397 Name: John not enough sum trunsaction 4117019 have sum 3861642
13:04:31.972 [pool-1-thread-10] WARN  s.MoneyTransfer - pool-1-thread-10 Account ID: 4114 Name: Vasya not enough sum trunsaction 4613368 have sum 1650488
13:04:31.972 [pool-1-thread-10] WARN  s.MoneyTransfer - pool-1-thread-10 Account ID: 4026 Name: John not enough sum trunsaction 5254381 have sum 387850
13:04:31.972 [pool-1-thread-10] WARN  s.MoneyTransfer - pool-1-thread-10 Account ID: 6716 Name: John not enough sum trunsaction 1105545 have sum 1058295
13:04:32.029 [pool-1-thread-18] INFO  s.Transaction - Transaction complete with params: fromAccount Account{accountName='Vasya', id=7665, balance=1035407} toAccount Account{accountName='John', id=6397, balance=7043997} sum 1851580
13:04:32.029 [pool-1-thread-18] WARN  s.MoneyTransfer - pool-1-thread-18 Account ID: 3944 Name: Vasya not enough sum trunsaction 5395882 have sum 1599187
13:04:32.051 [pool-1-thread-1] INFO  s.Transaction - Transaction complete with params: fromAccount Account{accountName='Arnold', id=8996, balance=493427} toAccount Account{accountName='John', id=6397, balance=2956899} sum 1845432
13:04:32.051 [pool-1-thread-1] WARN  s.MoneyTransfer - pool-1-thread-1 Account ID: 4026 Name: John not enough sum trunsaction 4244294 have sum 2328721
13:04:32.151 [pool-1-thread-12] INFO  s.Transaction - Transaction complete with params: fromAccount Account{accountName='Arnold', id=9385, balance=3970776} toAccount Account{accountName='Vasya', id=3944, balance=10670056} sum 7490046
13:04:32.151 [pool-1-thread-12] WARN  s.MoneyTransfer - pool-1-thread-12 Account ID: 4026 Name: John not enough sum trunsaction 9854591 have sum 1845994
13:04:32.174 [pool-1-thread-14] INFO  s.Transaction - Transaction complete with params: fromAccount Account{accountName='John', id=4026, balance=6216052} toAccount Account{accountName='Arnold', id=9385, balance=5642519} sum 4470207
13:04:32.215 [pool-1-thread-13] INFO  s.Transaction - Transaction complete with params: fromAccount Account{accountName='John', id=4026, balance=933506} toAccount Account{accountName='John', id=6716, balance=6286208} sum 3348782
13:04:32.252 [pool-1-thread-4] INFO  s.Transaction - Transaction complete with params: fromAccount Account{accountName='John', id=6716, balance=1744768} toAccount Account{accountName='Arnold', id=8996, balance=3845038} sum 3751158
13:04:32.263 [pool-1-thread-19] INFO  s.Transaction - Transaction complete with params: fromAccount Account{accountName='John', id=4026, balance=1949192} toAccount Account{accountName='Vasya', id=7665, balance=16126767} sum 4841260
13:04:32.263 [pool-1-thread-19] WARN  s.MoneyTransfer - pool-1-thread-19 Account ID: 4114 Name: Vasya not enough sum trunsaction 4548549 have sum 3979533
13:04:32.263 [pool-1-thread-19] WARN  s.MoneyTransfer - pool-1-thread-19 Account ID: 6716 Name: John not enough sum trunsaction 9739909 have sum 1014061
13:04:32.263 [pool-1-thread-19] WARN  s.MoneyTransfer - pool-1-thread-19 Account ID: 4114 Name: Vasya not enough sum trunsaction 9030493 have sum 3979533
13:04:32.294 [pool-1-thread-11] INFO  s.Transaction - Transaction complete with params: fromAccount Account{accountName='John', id=4026, balance=8360272} toAccount Account{accountName='Vasya', id=4114, balance=767199} sum 284480
13:04:32.294 [pool-1-thread-11] WARN  s.MoneyTransfer - pool-1-thread-11 Account ID: 8996 Name: Arnold not enough sum trunsaction 6452016 have sum 3669484
13:04:32.294 [pool-1-thread-11] WARN  s.MoneyTransfer - pool-1-thread-11 Accounts from & to are equals. Account ID: 4026
13:04:32.299 [pool-1-thread-15] INFO  s.Transaction - Transaction complete with params: fromAccount Account{accountName='Vasya', id=4114, balance=207454} toAccount Account{accountName='Arnold', id=9385, balance=9573708} sum 1761627
13:04:32.348 [pool-1-thread-7] INFO  s.Transaction - Transaction complete with params: fromAccount Account{accountName='John', id=4026, balance=553837} toAccount Account{accountName='John', id=8231, balance=17132338} sum 201949
13:04:32.396 [pool-1-thread-2] INFO  s.Transaction - Transaction complete with params: fromAccount Account{accountName='John', id=6397, balance=2042478} toAccount Account{accountName='Arnold', id=8996, balance=3501565} sum 456569
13:04:32.396 [pool-1-thread-2] WARN  s.MoneyTransfer - pool-1-thread-2 Account ID: 4026 Name: John not enough sum trunsaction 7907406 have sum 306917
13:04:32.396 [pool-1-thread-2] WARN  s.MoneyTransfer - pool-1-thread-2 Account ID: 6716 Name: John not enough sum trunsaction 4477725 have sum 3771919
13:04:32.447 [pool-1-thread-16] INFO  s.Transaction - Transaction complete with params: fromAccount Account{accountName='John', id=6716, balance=4228107} toAccount Account{accountName='Arnold', id=9385, balance=3255123} sum 2802636
13:04:32.447 [pool-1-thread-16] WARN  s.MoneyTransfer - pool-1-thread-16 Account ID: 4406 Name: Vova not enough sum trunsaction 7943185 have sum 4098560
13:04:32.526 [pool-1-thread-17] INFO  s.Transaction - Transaction complete with params: fromAccount Account{accountName='Arnold', id=9385, balance=187630} toAccount Account{accountName='John', id=6716, balance=8169685} sum 232476
13:04:32.618 [pool-1-thread-3] INFO  s.Transaction - Transaction complete with params: fromAccount Account{accountName='John', id=6716, balance=2203232} toAccount Account{accountName='Vasya', id=7665, balance=5661014} sum 2073076
13:04:32.623 [pool-1-thread-9] INFO  s.Transaction - Transaction complete with params: fromAccount Account{accountName='Vova', id=4406, balance=5969016} toAccount Account{accountName='John', id=4026, balance=12603931} sum 9348776
13:04:32.623 [pool-1-thread-9] WARN  s.MoneyTransfer - pool-1-thread-9 Account ID: 6716 Name: John not enough sum trunsaction 5304057 have sum 3398377
13:04:32.678 [pool-1-thread-5] INFO  s.Transaction - Transaction complete with params: fromAccount Account{accountName='Vasya', id=3944, balance=4229429} toAccount Account{accountName='Vasya', id=7665, balance=7828483} sum 2284235
13:04:32.678 [pool-1-thread-5] WARN  s.MoneyTransfer - pool-1-thread-5 Account ID: 8231 Name: John not enough sum trunsaction 8694323 have sum 451533
13:04:32.678 [pool-1-thread-5] WARN  s.MoneyTransfer - pool-1-thread-5 Account ID: 8996 Name: Arnold not enough sum trunsaction 1588611 have sum 1401485
13:04:32.678 [pool-1-thread-5] WARN  s.MoneyTransfer - pool-1-thread-5 Account ID: 8996 Name: Arnold not enough sum trunsaction 5008594 have sum 1401485
13:04:32.750 [pool-1-thread-12] INFO  s.Transaction - Transaction complete with params: fromAccount Account{accountName='John', id=8231, balance=455671} toAccount Account{accountName='John', id=4026, balance=4150356} sum 2304362
13:04:32.750 [pool-1-thread-12] WARN  s.MoneyTransfer - pool-1-thread-12 Account ID: 8231 Name: John not enough sum trunsaction 9607123 have sum 455671
13:04:32.750 [pool-1-thread-12] WARN  s.MoneyTransfer - pool-1-thread-12 Accounts from & to are equals. Account ID: 9385
13:04:32.750 [pool-1-thread-12] WARN  s.MoneyTransfer - pool-1-thread-12 Account ID: 6397 Name: John not enough sum trunsaction 6608018 have sum 206138
13:04:32.750 [pool-1-thread-12] WARN  s.MoneyTransfer - pool-1-thread-12 Account ID: 6716 Name: John not enough sum trunsaction 9030527 have sum 1487754
13:04:32.750 [pool-1-thread-12] WARN  s.MoneyTransfer - pool-1-thread-12 Account ID: 9385 Name: Arnold not enough sum trunsaction 5615660 have sum 3970776
13:04:32.750 [pool-1-thread-12] WARN  s.MoneyTransfer - pool-1-thread-12 Account ID: 8996 Name: Arnold not enough sum trunsaction 6696392 have sum 5787305
13:04:32.750 [pool-1-thread-12] WARN  s.MoneyTransfer - pool-1-thread-12 Account ID: 8231 Name: John not enough sum trunsaction 8038431 have sum 455671
13:04:32.786 [pool-1-thread-4] INFO  s.Transaction - Transaction complete with params: fromAccount Account{accountName='Arnold', id=9385, balance=3753412} toAccount Account{accountName='Vasya', id=3944, balance=4849837} sum 4412414
13:04:32.786 [pool-1-thread-4] WARN  s.MoneyTransfer - pool-1-thread-4 Account ID: 7665 Name: Vasya not enough sum trunsaction 8637634 have sum 376448
13:04:32.826 [pool-1-thread-13] INFO  s.Transaction - Transaction complete with params: fromAccount Account{accountName='John', id=8231, balance=1583} toAccount Account{accountName='John', id=6397, balance=4252023} sum 2318765
13:04:32.826 [pool-1-thread-13] WARN  s.MoneyTransfer - pool-1-thread-13 Account ID: 4026 Name: John not enough sum trunsaction 6139259 have sum 933506
13:04:32.826 [pool-1-thread-13] WARN  s.MoneyTransfer - pool-1-thread-13 Account ID: 6397 Name: John not enough sum trunsaction 4514971 have sum 4252023
13:04:32.826 [pool-1-thread-13] WARN  s.MoneyTransfer - pool-1-thread-13 Account ID: 8231 Name: John not enough sum trunsaction 330955 have sum 1583
13:04:32.826 [pool-1-thread-13] WARN  s.MoneyTransfer - pool-1-thread-13 Account ID: 7665 Name: Vasya not enough sum trunsaction 5048654 have sum 661499
13:04:32.826 [pool-1-thread-13] WARN  s.MoneyTransfer - pool-1-thread-13 Account ID: 7665 Name: Vasya not enough sum trunsaction 818097 have sum 661499
13:04:32.831 [pool-1-thread-8] INFO  s.Transaction - Transaction complete with params: fromAccount Account{accountName='John', id=6716, balance=5234888} toAccount Account{accountName='John', id=8231, balance=4509945} sum 4203908
13:04:32.831 [pool-1-thread-8] WARN  s.MoneyTransfer - pool-1-thread-8 Account ID: 9385 Name: Arnold not enough sum trunsaction 941095 have sum 31549
13:04:32.831 [pool-1-thread-8] WARN  s.MoneyTransfer - pool-1-thread-8 Account ID: 8996 Name: Arnold not enough sum trunsaction 9572396 have sum 3061443
13:04:32.831 [pool-1-thread-8] WARN  s.MoneyTransfer - pool-1-thread-8 Account ID: 4406 Name: Vova not enough sum trunsaction 5833454 have sum 422714
13:04:32.876 [pool-1-thread-15] INFO  s.Transaction - Transaction complete with params: fromAccount Account{accountName='Vasya', id=7665, balance=690586} toAccount Account{accountName='John', id=6397, balance=17114722} sum 2343635
13:04:32.934 [pool-1-thread-10] INFO  s.Transaction - Transaction complete with params: fromAccount Account{accountName='Vasya', id=3944, balance=970858} toAccount Account{accountName='John', id=6716, balance=9881398} sum 8823103
13:04:32.956 [pool-1-thread-6] INFO  s.Transaction - Transaction complete with params: fromAccount Account{accountName='John', id=4026, balance=4007154} toAccount Account{accountName='Arnold', id=9385, balance=5726341} sum 4616961
13:04:32.956 [pool-1-thread-6] WARN  s.MoneyTransfer - pool-1-thread-6 Account ID: 8231 Name: John not enough sum trunsaction 6051663 have sum 2813737
13:04:32.956 [pool-1-thread-6] WARN  s.MoneyTransfer - pool-1-thread-6 Account ID: 8996 Name: Arnold not enough sum trunsaction 6354712 have sum 1733738
13:04:32.956 [pool-1-thread-6] WARN  s.MoneyTransfer - pool-1-thread-6 Account ID: 8996 Name: Arnold not enough sum trunsaction 8914679 have sum 1733738
13:04:32.956 [pool-1-thread-6] WARN  s.MoneyTransfer - pool-1-thread-6 Account ID: 3944 Name: Vasya not enough sum trunsaction 4680925 have sum 4296933
13:04:32.956 [pool-1-thread-6] WARN  s.MoneyTransfer - pool-1-thread-6 Account ID: 7665 Name: Vasya not enough sum trunsaction 5731469 have sum 2649002
13:04:32.956 [pool-1-thread-6] WARN  s.MoneyTransfer - pool-1-thread-6 Account ID: 8231 Name: John not enough sum trunsaction 4061136 have sum 2813737
13:04:32.978 [pool-1-thread-7] INFO  s.Transaction - Transaction complete with params: fromAccount Account{accountName='Vova', id=4406, balance=3831456} toAccount Account{accountName='John', id=6716, balance=1709857} sum 988363
13:04:32.978 [pool-1-thread-7] WARN  s.MoneyTransfer - pool-1-thread-7 Account ID: 6397 Name: John not enough sum trunsaction 7445282 have sum 854848
13:04:32.978 [pool-1-thread-7] WARN  s.MoneyTransfer - pool-1-thread-7 Account ID: 9385 Name: Arnold not enough sum trunsaction 4899616 have sum 35403
13:04:32.978 [pool-1-thread-7] WARN  s.MoneyTransfer - pool-1-thread-7 Account ID: 3944 Name: Vasya not enough sum trunsaction 1168810 have sum 443188
13:04:32.978 [pool-1-thread-7] WARN  s.MoneyTransfer - pool-1-thread-7 Account ID: 4026 Name: John not enough sum trunsaction 2938234 have sum 553837
13:04:32.998 [pool-1-thread-18] INFO  s.Transaction - Transaction complete with params: fromAccount Account{accountName='Vasya', id=4114, balance=119505} toAccount Account{accountName='John', id=8231, balance=3728048} sum 790761
13:04:33.046 [pool-1-thread-1] INFO  s.Transaction - Transaction complete with params: fromAccount Account{accountName='John', id=6397, balance=1260798} toAccount Account{accountName='John', id=4026, balance=4024822} sum 1696101
13:04:33.046 [pool-1-thread-1] WARN  s.MoneyTransfer - pool-1-thread-1 Account ID: 8996 Name: Arnold not enough sum trunsaction 8829252 have sum 493427
13:04:33.046 [pool-1-thread-1] WARN  s.MoneyTransfer - pool-1-thread-1 Account ID: 6397 Name: John not enough sum trunsaction 8035519 have sum 1260798
13:04:33.057 [pool-1-thread-16] INFO  s.Transaction - Transaction complete with params: fromAccount Account{accountName='Arnold', id=8996, balance=902341} toAccount Account{accountName='John', id=4026, balance=4499685} sum 4160352
13:04:33.068 [pool-1-thread-14] INFO  s.Transaction - Transaction complete with params: fromAccount Account{accountName='Arnold', id=8996, balance=2432379} toAccount Account{accountName='John', id=6397, balance=12449334} sum 7602929
13:04:33.068 [pool-1-thread-14] WARN  s.MoneyTransfer - pool-1-thread-14 Account ID: 8231 Name: John not enough sum trunsaction 2151391 have sum 324472
13:04:33.118 [pool-1-thread-11] INFO  s.Transaction - Transaction complete with params: fromAccount Account{accountName='John', id=4026, balance=6614722} toAccount Account{accountName='John', id=6397, balance=8789443} sum 1745550
13:04:33.118 [pool-1-thread-11] WARN  s.MoneyTransfer - pool-1-thread-11 Account ID: 4026 Name: John not enough sum trunsaction 8364259 have sum 6614722
13:04:33.118 [pool-1-thread-11] WARN  s.MoneyTransfer - pool-1-thread-11 Account ID: 4114 Name: Vasya not enough sum trunsaction 3461588 have sum 767199
13:04:33.150 [pool-1-thread-2] INFO  s.Transaction - Transaction complete with params: fromAccount Account{accountName='Arnold', id=9385, balance=4394028} toAccount Account{accountName='John', id=6397, balance=3400724} sum 1358246
13:04:33.150 [pool-1-thread-2] WARN  s.MoneyTransfer - pool-1-thread-2 Account ID: 3944 Name: Vasya not enough sum trunsaction 4179678 have sum 1428709
13:04:33.244 [pool-1-thread-19] INFO  s.Transaction - Transaction complete with params: fromAccount Account{accountName='Vasya', id=7665, balance=7557967} toAccount Account{accountName='Arnold', id=9385, balance=9833929} sum 8568800
13:04:33.244 [pool-1-thread-19] WARN  s.MoneyTransfer - pool-1-thread-19 Account ID: 6397 Name: John not enough sum trunsaction 6001662 have sum 1406717
13:04:33.244 [pool-1-thread-19] WARN  s.MoneyTransfer - pool-1-thread-19 Account ID: 4114 Name: Vasya not enough sum trunsaction 7872313 have sum 3979533
13:04:33.270 [pool-1-thread-12] INFO  s.Transaction - Transaction complete with params: fromAccount Account{accountName='Vasya', id=3944, balance=1258936} toAccount Account{accountName='Vova', id=4406, balance=10429345} sum 9411120
13:04:33.270 [pool-1-thread-12] WARN  s.MoneyTransfer - pool-1-thread-12 Account ID: 8996 Name: Arnold not enough sum trunsaction 9120842 have sum 5787305
13:04:33.270 [pool-1-thread-12] WARN  s.MoneyTransfer - pool-1-thread-12 Account ID: 6716 Name: John not enough sum trunsaction 9348447 have sum 1487754
13:04:33.270 [pool-1-thread-12] WARN  s.MoneyTransfer - pool-1-thread-12 Account ID: 9385 Name: Arnold not enough sum trunsaction 9451912 have sum 3970776
13:04:33.309 [pool-1-thread-17] INFO  s.Transaction - Transaction complete with params: fromAccount Account{accountName='John', id=8231, balance=464081} toAccount Account{accountName='John', id=6716, balance=10016309} sum 1846624
13:04:33.327 [pool-1-thread-3] INFO  s.Transaction - Transaction complete with params: fromAccount Account{accountName='Vova', id=4406, balance=4894253} toAccount Account{accountName='John', id=6397, balance=3742760} sum 2981563
13:04:33.327 [pool-1-thread-3] WARN  s.MoneyTransfer - pool-1-thread-3 Account ID: 3944 Name: Vasya not enough sum trunsaction 6929713 have sum 2915230
13:04:33.327 [pool-1-thread-3] WARN  s.MoneyTransfer - pool-1-thread-3 Account ID: 6397 Name: John not enough sum trunsaction 7219197 have sum 3742760
13:04:33.327 [pool-1-thread-3] WARN  s.MoneyTransfer - pool-1-thread-3 Account ID: 6716 Name: John not enough sum trunsaction 5783958 have sum 2203232
13:04:33.387 [pool-1-thread-4] INFO  s.Transaction - Transaction complete with params: fromAccount Account{accountName='Arnold', id=9385, balance=278866} toAccount Account{accountName='John', id=6397, balance=5030666} sum 3474546
13:04:33.387 [pool-1-thread-4] WARN  s.MoneyTransfer - pool-1-thread-4 Account ID: 4026 Name: John not enough sum trunsaction 8860208 have sum 1284215
13:04:33.387 [pool-1-thread-4] WARN  s.MoneyTransfer - pool-1-thread-4 Account ID: 7665 Name: Vasya not enough sum trunsaction 5235824 have sum 376448
13:04:33.387 [pool-1-thread-4] WARN  s.MoneyTransfer - pool-1-thread-4 Account ID: 3944 Name: Vasya not enough sum trunsaction 8667828 have sum 4849837
13:04:33.387 [pool-1-thread-4] WARN  s.MoneyTransfer - pool-1-thread-4 Account ID: 8231 Name: John not enough sum trunsaction 6391922 have sum 3414444
13:04:33.387 [pool-1-thread-5] INFO  s.Transaction - Transaction complete with params: fromAccount Account{accountName='Vasya', id=3944, balance=1730494} toAccount Account{accountName='Vova', id=4406, balance=4618668} sum 2498935
13:04:33.387 [pool-1-thread-5] WARN  s.MoneyTransfer - pool-1-thread-5 Account ID: 4026 Name: John not enough sum trunsaction 2625743 have sum 1327815
13:04:33.387 [pool-1-thread-5] WARN  s.MoneyTransfer - pool-1-thread-5 Account ID: 6716 Name: John not enough sum trunsaction 5432409 have sum 1879814
13:04:33.387 [pool-1-thread-5] WARN  s.MoneyTransfer - pool-1-thread-5 Account ID: 8996 Name: Arnold not enough sum trunsaction 4775804 have sum 1401485
13:04:33.390 [pool-1-thread-9] INFO  s.Transaction - Transaction complete with params: fromAccount Account{accountName='John', id=4026, balance=10621328} toAccount Account{accountName='Vova', id=4406, balance=7951619} sum 1982603
13:04:33.395 [pool-1-thread-15] INFO  s.Transaction - Transaction complete with params: fromAccount Account{accountName='John', id=6397, balance=11659754} toAccount Account{accountName='Arnold', id=9385, balance=15028676} sum 5454968
13:04:33.395 [pool-1-thread-15] WARN  s.MoneyTransfer - pool-1-thread-15 Account ID: 4026 Name: John not enough sum trunsaction 6509765 have sum 1623225
13:04:33.395 [pool-1-thread-15] WARN  s.MoneyTransfer - pool-1-thread-15 Account ID: 4406 Name: Vova not enough sum trunsaction 9236341 have sum 3665056
13:04:33.395 [pool-1-thread-15] WARN  s.MoneyTransfer - pool-1-thread-15 Account ID: 4026 Name: John not enough sum trunsaction 7942114 have sum 1623225
13:04:33.395 [pool-1-thread-15] WARN  s.MoneyTransfer - pool-1-thread-15 Account ID: 3944 Name: Vasya not enough sum trunsaction 5307486 have sum 895246
13:04:33.395 [pool-1-thread-15] WARN  s.MoneyTransfer - pool-1-thread-15 Account ID: 7665 Name: Vasya not enough sum trunsaction 8720553 have sum 690586
13:04:33.395 [pool-1-thread-15] WARN  s.MoneyTransfer - pool-1-thread-15 Accounts from & to are equals. Account ID: 6397
13:04:33.395 [pool-1-thread-15] WARN  s.MoneyTransfer - pool-1-thread-15 Account ID: 4406 Name: Vova not enough sum trunsaction 4217777 have sum 3665056
13:04:33.395 [pool-1-thread-15] WARN  s.MoneyTransfer - pool-1-thread-15 Account ID: 3944 Name: Vasya not enough sum trunsaction 8300754 have sum 895246
13:04:33.691 [pool-1-thread-13] INFO  s.Transaction - Transaction complete with params: fromAccount Account{accountName='Vasya', id=3944, balance=2645970} toAccount Account{accountName='Vasya', id=7665, balance=5108577} sum 4447078
13:04:33.691 [pool-1-thread-13] WARN  s.MoneyTransfer - pool-1-thread-13 Account ID: 6397 Name: John not enough sum trunsaction 7151198 have sum 4252023
13:04:33.691 [pool-1-thread-13] WARN  s.MoneyTransfer - pool-1-thread-13 Account ID: 8231 Name: John not enough sum trunsaction 3432755 have sum 1583
13:04:33.691 [pool-1-thread-13] WARN  s.MoneyTransfer - pool-1-thread-13 Account ID: 6716 Name: John not enough sum trunsaction 8794062 have sum 6286208
13:04:33.763 [pool-1-thread-7] INFO  s.Transaction - Transaction complete with params: fromAccount Account{accountName='John', id=8231, balance=13098168} toAccount Account{accountName='Arnold', id=8996, balance=4055368} sum 4034170
13:04:33.763 [pool-1-thread-7] WARN  s.MoneyTransfer - pool-1-thread-7 Account ID: 6397 Name: John not enough sum trunsaction 1158417 have sum 854848
13:04:33.763 [pool-1-thread-7] WARN  s.MoneyTransfer - pool-1-thread-7 Account ID: 9385 Name: Arnold not enough sum trunsaction 9046077 have sum 35403
13:04:33.797 [pool-1-thread-14] INFO  s.Transaction - Transaction complete with params: fromAccount Account{accountName='Arnold', id=9385, balance=3241699} toAccount Account{accountName='Vasya', id=3944, balance=3229772} sum 2400820
13:04:33.797 [pool-1-thread-14] WARN  s.MoneyTransfer - pool-1-thread-14 Account ID: 4406 Name: Vova not enough sum trunsaction 9152834 have sum 1069718
13:04:33.797 [pool-1-thread-14] WARN  s.MoneyTransfer - pool-1-thread-14 Accounts from & to are equals. Account ID: 3944
13:04:33.808 [pool-1-thread-8] INFO  s.Transaction - Transaction complete with params: fromAccount Account{accountName='John', id=6716, balance=3800791} toAccount Account{accountName='Arnold', id=9385, balance=1465646} sum 1434097
13:04:33.808 [pool-1-thread-8] WARN  s.MoneyTransfer - pool-1-thread-8 Account ID: 9385 Name: Arnold not enough sum trunsaction 9547047 have sum 1465646
13:04:33.808 [pool-1-thread-8] WARN  s.MoneyTransfer - pool-1-thread-8 Account ID: 8996 Name: Arnold not enough sum trunsaction 7378416 have sum 3061443
13:04:33.808 [pool-1-thread-8] WARN  s.MoneyTransfer - pool-1-thread-8 Account ID: 6397 Name: John not enough sum trunsaction 7465480 have sum 2738223
13:04:33.808 [pool-1-thread-8] WARN  s.MoneyTransfer - pool-1-thread-8 Account ID: 4114 Name: Vasya not enough sum trunsaction 5358839 have sum 2388403
13:04:33.808 [pool-1-thread-8] WARN  s.MoneyTransfer - pool-1-thread-8 Accounts from & to are equals. Account ID: 6716
13:04:33.808 [pool-1-thread-8] WARN  s.MoneyTransfer - pool-1-thread-8 Account ID: 4114 Name: Vasya not enough sum trunsaction 3574998 have sum 2388403
13:04:33.808 [pool-1-thread-8] WARN  s.MoneyTransfer - pool-1-thread-8 Account ID: 7665 Name: Vasya not enough sum trunsaction 7824791 have sum 918250
13:04:33.808 [pool-1-thread-8] WARN  s.MoneyTransfer - pool-1-thread-8 Account ID: 4026 Name: John not enough sum trunsaction 7141569 have sum 5338676
13:04:33.808 [pool-1-thread-8] WARN  s.MoneyTransfer - pool-1-thread-8 Account ID: 7665 Name: Vasya not enough sum trunsaction 5952427 have sum 918250
13:04:33.822 [pool-1-thread-11] INFO  s.Transaction - Transaction complete with params: fromAccount Account{accountName='John', id=6397, balance=1389802} toAccount Account{accountName='Vasya', id=4114, balance=8166840} sum 7399641
13:04:33.822 [pool-1-thread-11] WARN  s.MoneyTransfer - pool-1-thread-11 Account ID: 8996 Name: Arnold not enough sum trunsaction 7843541 have sum 3669484
13:04:33.832 [pool-1-thread-18] INFO  s.Transaction - Transaction complete with params: fromAccount Account{accountName='John', id=6716, balance=3136956} toAccount Account{accountName='Vova', id=4406, balance=9619498} sum 1202959
13:04:33.849 [pool-1-thread-6] INFO  s.Transaction - Transaction complete with params: fromAccount Account{accountName='John', id=6397, balance=307323} toAccount Account{accountName='John', id=6716, balance=1968523} sum 97967
13:04:33.849 [pool-1-thread-6] WARN  s.MoneyTransfer - pool-1-thread-6 Account ID: 7665 Name: Vasya not enough sum trunsaction 4203490 have sum 2649002
13:04:33.849 [pool-1-thread-6] WARN  s.MoneyTransfer - pool-1-thread-6 Account ID: 6397 Name: John not enough sum trunsaction 8418915 have sum 307323
13:04:33.849 [pool-1-thread-6] WARN  s.MoneyTransfer - pool-1-thread-6 Account ID: 3944 Name: Vasya not enough sum trunsaction 9981599 have sum 4296933
13:04:33.913 [pool-1-thread-1] INFO  s.Transaction - Transaction complete with params: fromAccount Account{accountName='John', id=6716, balance=2521329} toAccount Account{accountName='John', id=8231, balance=4801848} sum 3128765
13:04:33.913 [pool-1-thread-1] WARN  s.MoneyTransfer - pool-1-thread-1 Accounts from & to are equals. Account ID: 6716
13:04:33.913 [pool-1-thread-1] WARN  s.MoneyTransfer - pool-1-thread-1 Account ID: 6397 Name: John not enough sum trunsaction 8026628 have sum 1260798
13:04:33.923 [pool-1-thread-10] INFO  s.Transaction - Transaction complete with params: fromAccount Account{accountName='John', id=6716, balance=3362191} toAccount Account{accountName='John', id=8231, balance=11929703} sum 6519207
13:04:33.923 [pool-1-thread-10] WARN  s.MoneyTransfer - pool-1-thread-10 Account ID: 4406 Name: Vova not enough sum trunsaction 5349368 have sum 481012
13:04:33.923 [pool-1-thread-10] WARN  s.MoneyTransfer - pool-1-thread-10 Account ID: 3944 Name: Vasya not enough sum trunsaction 7687558 have sum 970858
13:04:33.923 [pool-1-thread-10] WARN  s.MoneyTransfer - pool-1-thread-10 Account ID: 4406 Name: Vova not enough sum trunsaction 1803225 have sum 481012
13:04:33.923 [pool-1-thread-10] WARN  s.MoneyTransfer - pool-1-thread-10 Account ID: 4026 Name: John not enough sum trunsaction 6737501 have sum 387850
13:04:33.923 [pool-1-thread-10] WARN  s.MoneyTransfer - pool-1-thread-10 Account ID: 6716 Name: John not enough sum trunsaction 4276147 have sum 3362191
13:04:33.933 [pool-1-thread-9] INFO  s.Transaction - Transaction complete with params: fromAccount Account{accountName='Vasya', id=4114, balance=2725375} toAccount Account{accountName='John', id=8231, balance=547874} sum 423440
13:04:33.941 [pool-1-thread-15] INFO  s.Transaction - Transaction complete with params: fromAccount Account{accountName='Vova', id=4406, balance=433740} toAccount Account{accountName='Vasya', id=4114, balance=3438770} sum 3231316
13:04:33.941 [pool-1-thread-15] WARN  s.MoneyTransfer - pool-1-thread-15 Account ID: 4026 Name: John not enough sum trunsaction 6775055 have sum 1623225
13:04:33.941 [pool-1-thread-15] WARN  s.MoneyTransfer - pool-1-thread-15 Account ID: 8231 Name: John not enough sum trunsaction 3844066 have sum 19625
13:04:33.941 [pool-1-thread-15] WARN  s.MoneyTransfer - pool-1-thread-15 Account ID: 8231 Name: John not enough sum trunsaction 2874044 have sum 19625
13:04:33.972 [pool-1-thread-12] INFO  s.Transaction - Transaction complete with params: fromAccount Account{accountName='John', id=4026, balance=3197229} toAccount Account{accountName='Vasya', id=7665, balance=7590068} sum 953127
13:04:33.972 [pool-1-thread-12] WARN  s.MoneyTransfer - pool-1-thread-12 Account ID: 3944 Name: Vasya not enough sum trunsaction 2955260 have sum 1258936
13:04:33.972 [pool-1-thread-12] WARN  s.MoneyTransfer - pool-1-thread-12 Account ID: 6397 Name: John not enough sum trunsaction 4046885 have sum 206138
13:04:33.972 [pool-1-thread-12] WARN  s.MoneyTransfer - pool-1-thread-12 Account ID: 8231 Name: John not enough sum trunsaction 3116065 have sum 455671
13:04:33.972 [pool-1-thread-12] WARN  s.MoneyTransfer - pool-1-thread-12 Account ID: 6397 Name: John not enough sum trunsaction 6768805 have sum 206138
13:04:33.972 [pool-1-thread-12] WARN  s.MoneyTransfer - pool-1-thread-12 Account ID: 6716 Name: John not enough sum trunsaction 7753880 have sum 1487754
13:04:33.972 [pool-1-thread-12] WARN  s.MoneyTransfer - pool-1-thread-12 Accounts from & to are equals. Account ID: 7665
13:04:33.974 [pool-1-thread-17] INFO  s.Transaction - Transaction complete with params: fromAccount Account{accountName='Vasya', id=3944, balance=12997478} toAccount Account{accountName='John', id=8231, balance=894601} sum 430520
13:04:33.974 [pool-1-thread-17] WARN  s.MoneyTransfer - pool-1-thread-17 Account ID: 7665 Name: Vasya not enough sum trunsaction 7275134 have sum 518598
13:04:34.022 [pool-1-thread-2] INFO  s.Transaction - Transaction complete with params: fromAccount Account{accountName='Arnold', id=9385, balance=847988} toAccount Account{accountName='Vova', id=4406, balance=5945962} sum 3546040
13:04:34.022 [pool-1-thread-2] WARN  s.MoneyTransfer - pool-1-thread-2 Account ID: 3944 Name: Vasya not enough sum trunsaction 7407195 have sum 1428709
13:04:34.022 [pool-1-thread-2] WARN  s.MoneyTransfer - pool-1-thread-2 Account ID: 9385 Name: Arnold not enough sum trunsaction 6250870 have sum 847988
13:04:34.027 [pool-1-thread-4] INFO  s.Transaction - Transaction complete with params: fromAccount Account{accountName='Vova', id=4406, balance=8137149} toAccount Account{accountName='Vasya', id=4114, balance=6767581} sum 6620534
13:04:34.027 [pool-1-thread-4] WARN  s.MoneyTransfer - pool-1-thread-4 Account ID: 8996 Name: Arnold not enough sum trunsaction 6963369 have sum 3845038
13:04:34.027 [pool-1-thread-3] INFO  s.Transaction - Transaction complete with params: fromAccount Account{accountName='Vasya', id=3944, balance=332503} toAccount Account{accountName='Vasya', id=4114, balance=6684184} sum 2582727
13:04:34.027 [pool-1-thread-3] WARN  s.MoneyTransfer - pool-1-thread-3 Account ID: 6397 Name: John not enough sum trunsaction 8574421 have sum 3742760
13:04:34.045 [pool-1-thread-16] INFO  s.Transaction - Transaction complete with params: fromAccount Account{accountName='John', id=6716, balance=1470656} toAccount Account{accountName='Arnold', id=8996, balance=3659792} sum 2757451
13:04:34.219 [pool-1-thread-19] INFO  s.Transaction - Transaction complete with params: fromAccount Account{accountName='John', id=6397, balance=889782} toAccount Account{accountName='John', id=6716, balance=1530996} sum 516935
13:04:34.219 [pool-1-thread-19] WARN  s.MoneyTransfer - pool-1-thread-19 Account ID: 8996 Name: Arnold not enough sum trunsaction 5598753 have sum 2863341
13:04:34.300 [pool-1-thread-7] INFO  s.Transaction - Transaction complete with params: fromAccount Account{accountName='John', id=8231, balance=6260304} toAccount Account{accountName='John', id=6716, balance=8547721} sum 6837864
13:04:34.300 [pool-1-thread-7] WARN  s.MoneyTransfer - pool-1-thread-7 Account ID: 8996 Name: Arnold not enough sum trunsaction 9087216 have sum 4055368
13:04:34.300 [pool-1-thread-7] WARN  s.MoneyTransfer - pool-1-thread-7 Account ID: 6397 Name: John not enough sum trunsaction 9592349 have sum 854848
13:04:34.300 [pool-1-thread-7] WARN  s.MoneyTransfer - pool-1-thread-7 Account ID: 8996 Name: Arnold not enough sum trunsaction 6941772 have sum 4055368
13:04:34.357 [pool-1-thread-5] INFO  s.Transaction - Transaction complete with params: fromAccount Account{accountName='Vova', id=4406, balance=3220065} toAccount Account{accountName='John', id=6397, balance=7573257} sum 1398603
13:04:34.357 [pool-1-thread-5] WARN  s.MoneyTransfer - pool-1-thread-5 Account ID: 4114 Name: Vasya not enough sum trunsaction 8487334 have sum 1583483
13:04:34.435 [pool-1-thread-13] INFO  s.Transaction - Transaction complete with params: fromAccount Account{accountName='John', id=6397, balance=3827083} toAccount Account{accountName='Vasya', id=4114, balance=4586834} sum 424940
13:04:34.435 [pool-1-thread-13] WARN  s.MoneyTransfer - pool-1-thread-13 Account ID: 9385 Name: Arnold not enough sum trunsaction 8797287 have sum 954290
13:04:34.435 [pool-1-thread-13] WARN  s.MoneyTransfer - pool-1-thread-13 Account ID: 3944 Name: Vasya not enough sum trunsaction 6032295 have sum 2645970
13:04:34.435 [pool-1-thread-13] WARN  s.MoneyTransfer - pool-1-thread-13 Account ID: 4026 Name: John not enough sum trunsaction 4728730 have sum 933506
13:04:34.435 [pool-1-thread-13] WARN  s.MoneyTransfer - pool-1-thread-13 Account ID: 4406 Name: Vova not enough sum trunsaction 4745458 have sum 887868
13:04:34.435 [pool-1-thread-13] WARN  s.MoneyTransfer - pool-1-thread-13 Account ID: 4406 Name: Vova not enough sum trunsaction 3763749 have sum 887868
13:04:34.435 [pool-1-thread-13] WARN  s.MoneyTransfer - pool-1-thread-13 Account ID: 4406 Name: Vova not enough sum trunsaction 9507674 have sum 887868
13:04:34.435 [pool-1-thread-13] WARN  s.MoneyTransfer - pool-1-thread-13 Account ID: 7665 Name: Vasya not enough sum trunsaction 9702117 have sum 5108577
13:04:34.435 [pool-1-thread-13] WARN  s.MoneyTransfer - pool-1-thread-13 Account ID: 9385 Name: Arnold not enough sum trunsaction 5270839 have sum 954290
13:04:34.435 [pool-1-thread-13] WARN  s.MoneyTransfer - pool-1-thread-13 Account ID: 4026 Name: John not enough sum trunsaction 9821232 have sum 933506
13:04:34.455 [pool-1-thread-10] INFO  s.Transaction - Transaction complete with params: fromAccount Account{accountName='Vasya', id=7665, balance=1285363} toAccount Account{accountName='John', id=4026, balance=7078475} sum 6690625
13:04:34.483 [pool-1-thread-15] INFO  s.Transaction - Transaction complete with params: fromAccount Account{accountName='Arnold', id=9385, balance=7427956} toAccount Account{accountName='John', id=6716, balance=8680353} sum 7600720
13:04:34.483 [pool-1-thread-15] WARN  s.MoneyTransfer - pool-1-thread-15 Account ID: 4406 Name: Vova not enough sum trunsaction 7080186 have sum 433740
13:04:34.505 [pool-1-thread-8] INFO  s.Transaction - Transaction complete with params: fromAccount Account{accountName='Vasya', id=3944, balance=7677723} toAccount Account{accountName='Arnold', id=8996, balance=6468641} sum 3407198
13:04:34.505 [pool-1-thread-8] WARN  s.MoneyTransfer - pool-1-thread-8 Account ID: 6397 Name: John not enough sum trunsaction 4081549 have sum 2738223
13:04:34.505 [pool-1-thread-8] WARN  s.MoneyTransfer - pool-1-thread-8 Account ID: 9385 Name: Arnold not enough sum trunsaction 9856452 have sum 1465646
13:04:34.505 [pool-1-thread-8] WARN  s.MoneyTransfer - pool-1-thread-8 Account ID: 4026 Name: John not enough sum trunsaction 8127922 have sum 5338676
13:04:34.505 [pool-1-thread-8] WARN  s.MoneyTransfer - pool-1-thread-8 Account ID: 4026 Name: John not enough sum trunsaction 6527527 have sum 5338676
13:04:34.505 [pool-1-thread-8] WARN  s.MoneyTransfer - pool-1-thread-8 Account ID: 7665 Name: Vasya not enough sum trunsaction 2291547 have sum 918250
13:04:34.505 [pool-1-thread-8] WARN  s.MoneyTransfer - pool-1-thread-8 Account ID: 8996 Name: Arnold not enough sum trunsaction 8353214 have sum 6468641
13:04:34.527 [pool-1-thread-11] INFO  s.Transaction - Transaction complete with params: fromAccount Account{accountName='John', id=8231, balance=5484504} toAccount Account{accountName='Vova', id=4406, balance=1729771} sum 1278749
13:04:34.527 [pool-1-thread-11] WARN  s.MoneyTransfer - pool-1-thread-11 Account ID: 6397 Name: John not enough sum trunsaction 4498450 have sum 1389802
13:04:34.527 [pool-1-thread-11] WARN  s.MoneyTransfer - pool-1-thread-11 Account ID: 6397 Name: John not enough sum trunsaction 2554571 have sum 1389802
13:04:34.527 [pool-1-thread-11] WARN  s.MoneyTransfer - pool-1-thread-11 Account ID: 3944 Name: Vasya not enough sum trunsaction 8117640 have sum 288230
13:04:34.527 [pool-1-thread-11] WARN  s.MoneyTransfer - pool-1-thread-11 Account ID: 8996 Name: Arnold not enough sum trunsaction 7751517 have sum 3669484
13:04:34.535 [pool-1-thread-3] INFO  s.Transaction - Transaction complete with params: fromAccount Account{accountName='Vova', id=4406, balance=930543} toAccount Account{accountName='John', id=6716, balance=6166942} sum 3963710
13:04:34.535 [pool-1-thread-3] WARN  s.MoneyTransfer - pool-1-thread-3 Account ID: 8996 Name: Arnold not enough sum trunsaction 7748471 have sum 4050902
13:04:34.535 [pool-1-thread-3] WARN  s.MoneyTransfer - pool-1-thread-3 Account ID: 4026 Name: John not enough sum trunsaction 9820781 have sum 1670086
13:04:34.535 [pool-1-thread-3] WARN  s.MoneyTransfer - pool-1-thread-3 Account ID: 9385 Name: Arnold not enough sum trunsaction 1068038 have sum 827124
13:04:34.535 [pool-1-thread-3] WARN  s.MoneyTransfer - pool-1-thread-3 Account ID: 9385 Name: Arnold not enough sum trunsaction 6280512 have sum 827124
13:04:34.535 [pool-1-thread-3] WARN  s.MoneyTransfer - pool-1-thread-3 Account ID: 6397 Name: John not enough sum trunsaction 9695630 have sum 3742760
13:04:34.535 [pool-1-thread-3] WARN  s.MoneyTransfer - pool-1-thread-3 Account ID: 9385 Name: Arnold not enough sum trunsaction 7932126 have sum 827124
13:04:34.551 [pool-1-thread-16] INFO  s.Transaction - Transaction complete with params: fromAccount Account{accountName='Vasya', id=3944, balance=63454} toAccount Account{accountName='John', id=8231, balance=7048592} sum 5261460
13:04:34.551 [pool-1-thread-16] WARN  s.MoneyTransfer - pool-1-thread-16 Account ID: 6716 Name: John not enough sum trunsaction 1604606 have sum 1470656
13:04:34.571 [pool-1-thread-17] INFO  s.Transaction - Transaction complete with params: fromAccount Account{accountName='Vasya', id=3944, balance=9824503} toAccount Account{accountName='Arnold', id=9385, balance=3360605} sum 3172975
13:04:34.589 [pool-1-thread-6] INFO  s.Transaction - Transaction complete with params: fromAccount Account{accountName='Vasya', id=4114, balance=2576555} toAccount Account{accountName='John', id=4026, balance=13483924} sum 9476770
13:04:34.613 [pool-1-thread-14] INFO  s.Transaction - Transaction complete with params: fromAccount Account{accountName='John', id=6397, balance=7166798} toAccount Account{accountName='Arnold', id=9385, balance=8524235} sum 5282536
13:04:34.664 [pool-1-thread-18] INFO  s.Transaction - Transaction complete with params: fromAccount Account{accountName='John', id=6716, balance=2561303} toAccount Account{accountName='Arnold', id=9385, balance=5896155} sum 575653
13:04:34.664 [pool-1-thread-18] WARN  s.MoneyTransfer - pool-1-thread-18 Account ID: 4026 Name: John not enough sum trunsaction 3447239 have sum 3338019
13:04:34.664 [pool-1-thread-18] WARN  s.MoneyTransfer - pool-1-thread-18 Account ID: 4114 Name: Vasya not enough sum trunsaction 6383421 have sum 119505
13:04:34.664 [pool-1-thread-18] WARN  s.MoneyTransfer - pool-1-thread-18 Account ID: 4026 Name: John not enough sum trunsaction 9867934 have sum 3338019
13:04:34.664 [pool-1-thread-18] WARN  s.MoneyTransfer - pool-1-thread-18 Account ID: 8231 Name: John not enough sum trunsaction 7345023 have sum 3728048
13:04:34.701 [pool-1-thread-2] INFO  s.Transaction - Transaction complete with params: fromAccount Account{accountName='Vasya', id=3944, balance=22403} toAccount Account{accountName='John', id=6716, balance=5178225} sum 1406306
13:04:34.701 [pool-1-thread-2] WARN  s.MoneyTransfer - pool-1-thread-2 Account ID: 8996 Name: Arnold not enough sum trunsaction 8009797 have sum 3501565
13:04:34.726 [pool-1-thread-9] INFO  s.Transaction - Transaction complete with params: fromAccount Account{accountName='Arnold', id=8996, balance=2431714} toAccount Account{accountName='Vasya', id=3944, balance=3334021} sum 2122614
13:04:34.726 [pool-1-thread-9] WARN  s.MoneyTransfer - pool-1-thread-9 Account ID: 8231 Name: John not enough sum trunsaction 8027023 have sum 547874
13:04:34.778 [pool-1-thread-1] INFO  s.Transaction - Transaction complete with params: fromAccount Account{accountName='Vasya', id=4114, balance=5879068} toAccount Account{accountName='John', id=4026, balance=9605141} sum 5580319
13:04:34.778 [pool-1-thread-1] WARN  s.MoneyTransfer - pool-1-thread-1 Account ID: 8996 Name: Arnold not enough sum trunsaction 6211762 have sum 493427
13:04:34.778 [pool-1-thread-1] WARN  s.MoneyTransfer - pool-1-thread-1 Accounts from & to are equals. Account ID: 4114
13:04:34.807 [pool-1-thread-7] INFO  s.Transaction - Transaction complete with params: fromAccount Account{accountName='Vasya', id=4114, balance=42218} toAccount Account{accountName='Vova', id=4406, balance=8435224} sum 4603768
13:04:34.807 [pool-1-thread-7] WARN  s.MoneyTransfer - pool-1-thread-7 Account ID: 8996 Name: Arnold not enough sum trunsaction 7166353 have sum 4055368
13:04:34.817 [pool-1-thread-4] INFO  s.Transaction - Transaction complete with params: fromAccount Account{accountName='Vasya', id=3944, balance=2405778} toAccount Account{accountName='Vasya', id=4114, balance=9211640} sum 2444059
13:04:34.817 [pool-1-thread-4] WARN  s.MoneyTransfer - pool-1-thread-4 Account ID: 7665 Name: Vasya not enough sum trunsaction 6559104 have sum 376448
13:04:34.817 [pool-1-thread-4] WARN  s.MoneyTransfer - pool-1-thread-4 Accounts from & to are equals. Account ID: 8231
13:04:34.817 [pool-1-thread-4] WARN  s.MoneyTransfer - pool-1-thread-4 Account ID: 6397 Name: John not enough sum trunsaction 8231871 have sum 5030666
13:04:34.817 [pool-1-thread-4] WARN  s.MoneyTransfer - pool-1-thread-4 Account ID: 9385 Name: Arnold not enough sum trunsaction 3659584 have sum 278866
13:04:34.817 [pool-1-thread-4] WARN  s.MoneyTransfer - pool-1-thread-4 Account ID: 6397 Name: John not enough sum trunsaction 9093749 have sum 5030666
13:04:34.817 [pool-1-thread-4] WARN  s.MoneyTransfer - pool-1-thread-4 Accounts from & to are equals. Account ID: 8231
13:04:34.817 [pool-1-thread-4] WARN  s.MoneyTransfer - pool-1-thread-4 Account ID: 6397 Name: John not enough sum trunsaction 6518526 have sum 5030666
13:04:34.817 [pool-1-thread-4] WARN  s.MoneyTransfer - pool-1-thread-4 Account ID: 3944 Name: Vasya not enough sum trunsaction 8190569 have sum 2405778
13:04:34.817 [pool-1-thread-4] WARN  s.MoneyTransfer - pool-1-thread-4 Account ID: 8231 Name: John not enough sum trunsaction 7992983 have sum 3414444
13:04:34.817 [pool-1-thread-4] WARN  s.MoneyTransfer - pool-1-thread-4 Account ID: 9385 Name: Arnold not enough sum trunsaction 8415397 have sum 278866
13:04:34.920 [pool-1-thread-12] INFO  s.Transaction - Transaction complete with params: fromAccount Account{accountName='Vasya', id=7665, balance=6711644} toAccount Account{accountName='Vasya', id=4114, balance=2224214} sum 878424
13:04:34.920 [pool-1-thread-12] WARN  s.MoneyTransfer - pool-1-thread-12 Account ID: 4114 Name: Vasya not enough sum trunsaction 7806853 have sum 2224214
13:04:34.920 [pool-1-thread-12] WARN  s.MoneyTransfer - pool-1-thread-12 Account ID: 9385 Name: Arnold not enough sum trunsaction 8566874 have sum 3970776
13:04:34.947 [pool-1-thread-19] INFO  s.Transaction - Transaction complete with params: fromAccount Account{accountName='John', id=8231, balance=2173403} toAccount Account{accountName='Arnold', id=8996, balance=5383493} sum 2520152
13:04:34.947 [pool-1-thread-19] WARN  s.MoneyTransfer - pool-1-thread-19 Account ID: 4114 Name: Vasya not enough sum trunsaction 9495580 have sum 3979533
13:04:35.053 [pool-1-thread-13] INFO  s.Transaction - Transaction complete with params: fromAccount Account{accountName='Arnold', id=8996, balance=8343979} toAccount Account{accountName='John', id=6716, balance=8439322} sum 2153114
13:04:35.053 [pool-1-thread-13] WARN  s.MoneyTransfer - pool-1-thread-13 Account ID: 7665 Name: Vasya not enough sum trunsaction 5710023 have sum 5108577
13:04:35.053 [pool-1-thread-13] WARN  s.MoneyTransfer - pool-1-thread-13 Account ID: 8231 Name: John not enough sum trunsaction 4218132 have sum 1583
13:04:35.071 [pool-1-thread-3] INFO  s.Transaction - Transaction complete with params: fromAccount Account{accountName='John', id=8231, balance=2432735} toAccount Account{accountName='Vasya', id=3944, balance=3562722} sum 3230219
13:04:35.071 [pool-1-thread-3] WARN  s.MoneyTransfer - pool-1-thread-3 Account ID: 4026 Name: John not enough sum trunsaction 9560337 have sum 1670086
13:04:35.071 [pool-1-thread-3] WARN  s.MoneyTransfer - pool-1-thread-3 Account ID: 6397 Name: John not enough sum trunsaction 8038811 have sum 3742760
13:04:35.071 [pool-1-thread-3] WARN  s.MoneyTransfer - pool-1-thread-3 Account ID: 9385 Name: Arnold not enough sum trunsaction 3944123 have sum 827124
13:04:35.071 [pool-1-thread-3] WARN  s.MoneyTransfer - pool-1-thread-3 Account ID: 4026 Name: John not enough sum trunsaction 4406083 have sum 1670086
13:04:35.116 [pool-1-thread-5] INFO  s.Transaction - Transaction complete with params: fromAccount Account{accountName='Arnold', id=9385, balance=1281582} toAccount Account{accountName='John', id=8231, balance=7902534} sum 7451001
13:04:35.172 [pool-1-thread-11] INFO  s.Transaction - Transaction complete with params: fromAccount Account{accountName='Vasya', id=4114, balance=1483243} toAccount Account{accountName='John', id=6716, balance=7425584} sum 6683597
13:04:35.172 [pool-1-thread-11] WARN  s.MoneyTransfer - pool-1-thread-11 Account ID: 6397 Name: John not enough sum trunsaction 5243318 have sum 1389802
13:04:35.172 [pool-1-thread-11] WARN  s.MoneyTransfer - pool-1-thread-11 Account ID: 7665 Name: Vasya not enough sum trunsaction 262993 have sum 40340
13:04:35.209 [pool-1-thread-6] INFO  s.Transaction - Transaction complete with params: fromAccount Account{accountName='John', id=4026, balance=9429804} toAccount Account{accountName='Arnold', id=9385, balance=9780461} sum 4054120
13:04:35.209 [pool-1-thread-6] WARN  s.MoneyTransfer - pool-1-thread-6 Account ID: 6397 Name: John not enough sum trunsaction 1253059 have sum 307323
13:04:35.209 [pool-1-thread-6] WARN  s.MoneyTransfer - pool-1-thread-6 Account ID: 3944 Name: Vasya not enough sum trunsaction 6431668 have sum 4296933
13:04:35.209 [pool-1-thread-6] WARN  s.MoneyTransfer - pool-1-thread-6 Account ID: 4114 Name: Vasya not enough sum trunsaction 4690549 have sum 2576555
13:04:35.209 [pool-1-thread-6] WARN  s.MoneyTransfer - pool-1-thread-6 Account ID: 4406 Name: Vova not enough sum trunsaction 2615478 have sum 172936
13:04:35.221 [pool-1-thread-16] INFO  s.Transaction - Transaction complete with params: fromAccount Account{accountName='Vasya', id=4114, balance=3559487} toAccount Account{accountName='John', id=4026, balance=7479866} sum 2980181
13:04:35.279 [pool-1-thread-9] INFO  s.Transaction - Transaction complete with params: fromAccount Account{accountName='Vova', id=4406, balance=762666} toAccount Account{accountName='Vasya', id=4114, balance=9914328} sum 7188953
13:04:35.279 [pool-1-thread-9] WARN  s.MoneyTransfer - pool-1-thread-9 Account ID: 4406 Name: Vova not enough sum trunsaction 3031819 have sum 762666
13:04:35.279 [pool-1-thread-9] WARN  s.MoneyTransfer - pool-1-thread-9 Account ID: 8231 Name: John not enough sum trunsaction 7972641 have sum 547874
13:04:35.357 [pool-1-thread-17] INFO  s.Transaction - Transaction complete with params: fromAccount Account{accountName='Vasya', id=7665, balance=38958} toAccount Account{accountName='Vova', id=4406, balance=2820145} sum 479640
13:04:35.357 [pool-1-thread-17] WARN  s.MoneyTransfer - pool-1-thread-17 Account ID: 4406 Name: Vova not enough sum trunsaction 4006896 have sum 2820145
13:04:35.357 [pool-1-thread-17] WARN  s.MoneyTransfer - pool-1-thread-17 Account ID: 4026 Name: John not enough sum trunsaction 7931385 have sum 1398095
13:04:35.357 [pool-1-thread-17] WARN  s.MoneyTransfer - pool-1-thread-17 Account ID: 7665 Name: Vasya not enough sum trunsaction 6980115 have sum 38958
13:04:35.357 [pool-1-thread-17] WARN  s.MoneyTransfer - pool-1-thread-17 Account ID: 9385 Name: Arnold not enough sum trunsaction 4424595 have sum 3360605
13:04:35.357 [pool-1-thread-17] WARN  s.MoneyTransfer - pool-1-thread-17 Account ID: 4406 Name: Vova not enough sum trunsaction 9784521 have sum 2820145
13:04:35.357 [pool-1-thread-17] WARN  s.MoneyTransfer - pool-1-thread-17 Account ID: 6397 Name: John not enough sum trunsaction 8910456 have sum 869226
13:04:35.357 [pool-1-thread-17] WARN  s.MoneyTransfer - pool-1-thread-17 Account ID: 6397 Name: John not enough sum trunsaction 2418681 have sum 869226
13:04:35.363 [pool-1-thread-10] INFO  s.Transaction - Transaction complete with params: fromAccount Account{accountName='Vasya', id=3944, balance=742660} toAccount Account{accountName='John', id=6716, balance=3590389} sum 228198
13:04:35.363 [pool-1-thread-10] WARN  s.MoneyTransfer - pool-1-thread-10 Account ID: 9385 Name: Arnold not enough sum trunsaction 4529436 have sum 1059788
13:04:35.424 [pool-1-thread-15] INFO  s.Transaction - Transaction complete with params: fromAccount Account{accountName='John', id=6397, balance=6170088} toAccount Account{accountName='Vasya', id=4114, balance=8928436} sum 5489666
13:04:35.424 [pool-1-thread-15] WARN  s.MoneyTransfer - pool-1-thread-15 Account ID: 7665 Name: Vasya not enough sum trunsaction 3923805 have sum 690586
13:04:35.492 [pool-1-thread-8] INFO  s.Transaction - Transaction complete with params: fromAccount Account{accountName='Vasya', id=3944, balance=3793731} toAccount Account{accountName='Vasya', id=7665, balance=4802242} sum 3883992
13:04:35.492 [pool-1-thread-8] WARN  s.MoneyTransfer - pool-1-thread-8 Account ID: 4406 Name: Vova not enough sum trunsaction 539005 have sum 422714
13:04:35.492 [pool-1-thread-8] WARN  s.MoneyTransfer - pool-1-thread-8 Account ID: 3944 Name: Vasya not enough sum trunsaction 7921095 have sum 3793731
13:04:35.492 [pool-1-thread-8] WARN  s.MoneyTransfer - pool-1-thread-8 Account ID: 4406 Name: Vova not enough sum trunsaction 1226429 have sum 422714
13:04:35.492 [pool-1-thread-8] WARN  s.MoneyTransfer - pool-1-thread-8 Account ID: 7665 Name: Vasya not enough sum trunsaction 8567230 have sum 4802242
13:04:35.492 [pool-1-thread-8] WARN  s.MoneyTransfer - pool-1-thread-8 Account ID: 9385 Name: Arnold not enough sum trunsaction 1773839 have sum 1465646
13:04:35.492 [pool-1-thread-8] WARN  s.MoneyTransfer - pool-1-thread-8 Account ID: 4406 Name: Vova not enough sum trunsaction 6822673 have sum 422714
13:04:35.492 [pool-1-thread-8] WARN  s.MoneyTransfer - pool-1-thread-8 Account ID: 4026 Name: John not enough sum trunsaction 5665961 have sum 5338676
13:04:35.492 [pool-1-thread-8] WARN  s.MoneyTransfer - pool-1-thread-8 Account ID: 6397 Name: John not enough sum trunsaction 4278524 have sum 2738223
13:04:35.492 [pool-1-thread-8] WARN  s.MoneyTransfer - pool-1-thread-8 Account ID: 9385 Name: Arnold not enough sum trunsaction 7379916 have sum 1465646
13:04:35.492 [pool-1-thread-8] WARN  s.MoneyTransfer - pool-1-thread-8 Account ID: 7665 Name: Vasya not enough sum trunsaction 7480444 have sum 4802242
13:04:35.492 [pool-1-thread-8] WARN  s.MoneyTransfer - pool-1-thread-8 Account ID: 4114 Name: Vasya not enough sum trunsaction 3647611 have sum 2388403
13:04:35.492 [pool-1-thread-8] WARN  s.MoneyTransfer - pool-1-thread-8 Account ID: 4406 Name: Vova not enough sum trunsaction 7430201 have sum 422714
13:04:35.495 [pool-1-thread-4] INFO  s.Transaction - Transaction complete with params: fromAccount Account{accountName='Arnold', id=8996, balance=2199258} toAccount Account{accountName='Vasya', id=3944, balance=4051558} sum 1645780
13:04:35.519 [pool-1-thread-2] INFO  s.Transaction - Transaction complete with params: fromAccount Account{accountName='Vasya', id=4114, balance=1035874} toAccount Account{accountName='John', id=4026, balance=2338257} sum 2031340
13:04:35.519 [pool-1-thread-2] WARN  s.MoneyTransfer - pool-1-thread-2 Account ID: 7665 Name: Vasya not enough sum trunsaction 5647916 have sum 3766060
13:04:35.519 [pool-1-thread-2] WARN  s.MoneyTransfer - pool-1-thread-2 Account ID: 4406 Name: Vova not enough sum trunsaction 8833835 have sum 5945962
13:04:35.559 [pool-1-thread-14] INFO  s.Transaction - Transaction complete with params: fromAccount Account{accountName='Vasya', id=3944, balance=132503} toAccount Account{accountName='Vova', id=4406, balance=4166987} sum 3097269
13:04:35.559 [pool-1-thread-14] WARN  s.MoneyTransfer - pool-1-thread-14 Account ID: 3944 Name: Vasya not enough sum trunsaction 8399112 have sum 132503
13:04:35.559 [pool-1-thread-14] WARN  s.MoneyTransfer - pool-1-thread-14 Account ID: 9385 Name: Arnold not enough sum trunsaction 9616403 have sum 8524235
13:04:35.559 [pool-1-thread-14] WARN  s.MoneyTransfer - pool-1-thread-14 Account ID: 6716 Name: John not enough sum trunsaction 1290781 have sum 310350
13:04:35.559 [pool-1-thread-14] WARN  s.MoneyTransfer - pool-1-thread-14 Account ID: 7665 Name: Vasya not enough sum trunsaction 7175598 have sum 4288114
13:04:35.577 [pool-1-thread-18] INFO  s.Transaction - Transaction complete with params: fromAccount Account{accountName='John', id=6397, balance=5915885} toAccount Account{accountName='Vasya', id=4114, balance=1247617} sum 1128112
13:04:35.577 [pool-1-thread-18] WARN  s.MoneyTransfer - pool-1-thread-18 Account ID: 3944 Name: Vasya not enough sum trunsaction 8178007 have sum 1599187
13:04:35.577 [pool-1-thread-18] WARN  s.MoneyTransfer - pool-1-thread-18 Account ID: 7665 Name: Vasya not enough sum trunsaction 5892489 have sum 1035407
13:04:35.633 [pool-1-thread-1] INFO  s.Transaction - Transaction complete with params: fromAccount Account{accountName='Vasya', id=4114, balance=1145495} toAccount Account{accountName='John', id=4026, balance=14338714} sum 4733573
13:04:35.633 [pool-1-thread-1] WARN  s.MoneyTransfer - pool-1-thread-1 Account ID: 9385 Name: Arnold not enough sum trunsaction 9026132 have sum 2061266
13:04:35.633 [pool-1-thread-1] WARN  s.MoneyTransfer - pool-1-thread-1 Account ID: 4114 Name: Vasya not enough sum trunsaction 4909961 have sum 1145495
13:04:35.752 [pool-1-thread-12] INFO  s.Transaction - Transaction complete with params: fromAccount Account{accountName='Vova', id=4406, balance=3862186} toAccount Account{accountName='Arnold', id=9385, balance=10537935} sum 6567159
13:04:35.767 [pool-1-thread-7] INFO  s.Transaction - Transaction complete with params: fromAccount Account{accountName='John', id=6397, balance=801509} toAccount Account{accountName='John', id=4026, balance=607176} sum 53339
13:04:35.812 [pool-1-thread-11] INFO  s.Transaction - Transaction complete with params: fromAccount Account{accountName='John', id=8231, balance=4523639} toAccount Account{accountName='Vasya', id=7665, balance=1001205} sum 960865
13:04:35.812 [pool-1-thread-11] WARN  s.MoneyTransfer - pool-1-thread-11 Account ID: 8996 Name: Arnold not enough sum trunsaction 6148572 have sum 3669484
13:04:35.812 [pool-1-thread-11] WARN  s.MoneyTransfer - pool-1-thread-11 Account ID: 4114 Name: Vasya not enough sum trunsaction 3312560 have sum 1483243
13:04:35.820 [pool-1-thread-3] INFO  s.Transaction - Transaction complete with params: fromAccount Account{accountName='John', id=6716, balance=4821796} toAccount Account{accountName='John', id=8231, balance=3777881} sum 1345146
13:04:35.820 [pool-1-thread-3] WARN  s.MoneyTransfer - pool-1-thread-3 Account ID: 9385 Name: Arnold not enough sum trunsaction 9140194 have sum 827124
13:04:35.834 [pool-1-thread-19] INFO  s.Transaction - Transaction complete with params: fromAccount Account{accountName='Arnold', id=9385, balance=5158371} toAccount Account{accountName='Vasya', id=4114, balance=8655091} sum 4675558
13:04:35.936 [pool-1-thread-9] INFO  s.Transaction - Transaction complete with params: fromAccount Account{accountName='Vasya', id=3944, balance=2143839} toAccount Account{accountName='Arnold', id=8996, balance=3621896} sum 1190182
13:04:35.936 [pool-1-thread-9] WARN  s.MoneyTransfer - pool-1-thread-9 Account ID: 7665 Name: Vasya not enough sum trunsaction 8297441 have sum 1817893
13:04:35.936 [pool-1-thread-9] WARN  s.MoneyTransfer - pool-1-thread-9 Account ID: 8996 Name: Arnold not enough sum trunsaction 8928287 have sum 3621896
13:04:35.937 [pool-1-thread-15] INFO  s.Transaction - Transaction complete with params: fromAccount Account{accountName='Vasya', id=4114, balance=4768749} toAccount Account{accountName='Vasya', id=7665, balance=4850273} sum 4159687
13:04:35.937 [pool-1-thread-15] WARN  s.MoneyTransfer - pool-1-thread-15 Account ID: 8996 Name: Arnold not enough sum trunsaction 4608885 have sum 859757
13:04:35.937 [pool-1-thread-15] WARN  s.MoneyTransfer - pool-1-thread-15 Account ID: 8231 Name: John not enough sum trunsaction 7565488 have sum 19625
13:04:35.937 [pool-1-thread-15] WARN  s.MoneyTransfer - pool-1-thread-15 Account ID: 8996 Name: Arnold not enough sum trunsaction 7689141 have sum 859757
13:04:35.937 [pool-1-thread-15] WARN  s.MoneyTransfer - pool-1-thread-15 Account ID: 4026 Name: John not enough sum trunsaction 2187167 have sum 1623225
13:04:35.937 [pool-1-thread-15] WARN  s.MoneyTransfer - pool-1-thread-15 Account ID: 4406 Name: Vova not enough sum trunsaction 9970570 have sum 433740
13:04:35.937 [pool-1-thread-15] WARN  s.MoneyTransfer - pool-1-thread-15 Account ID: 8231 Name: John not enough sum trunsaction 6981344 have sum 19625
13:04:35.937 [pool-1-thread-15] WARN  s.MoneyTransfer - pool-1-thread-15 Account ID: 4026 Name: John not enough sum trunsaction 6553693 have sum 1623225
13:04:35.962 [pool-1-thread-13] INFO  s.Transaction - Transaction complete with params: fromAccount Account{accountName='Vasya', id=3944, balance=1625471} toAccount Account{accountName='John', id=6397, balance=4847582} sum 1020499
13:04:35.962 [pool-1-thread-13] WARN  s.MoneyTransfer - pool-1-thread-13 Account ID: 9385 Name: Arnold not enough sum trunsaction 5883698 have sum 954290
13:04:35.962 [pool-1-thread-13] WARN  s.MoneyTransfer - pool-1-thread-13 Account ID: 4406 Name: Vova not enough sum trunsaction 9175365 have sum 887868
13:04:36.008 [pool-1-thread-5] INFO  s.Transaction - Transaction complete with params: fromAccount Account{accountName='Arnold', id=8996, balance=791437} toAccount Account{accountName='John', id=4026, balance=1937863} sum 610048
13:04:36.049 [pool-1-thread-6] INFO  s.Transaction - Transaction complete with params: fromAccount Account{accountName='John', id=4026, balance=8560272} toAccount Account{accountName='Vasya', id=7665, balance=3518534} sum 869532
13:04:36.049 [pool-1-thread-6] WARN  s.MoneyTransfer - pool-1-thread-6 Account ID: 6716 Name: John not enough sum trunsaction 9581338 have sum 1968523
13:04:36.071 [pool-1-thread-16] INFO  s.Transaction - Transaction complete with params: fromAccount Account{accountName='Vova', id=4406, balance=3499998} toAccount Account{accountName='John', id=4026, balance=8078428} sum 598562
13:04:36.071 [pool-1-thread-16] WARN  s.MoneyTransfer - pool-1-thread-16 Account ID: 9385 Name: Arnold not enough sum trunsaction 5484874 have sum 3255123
13:04:36.071 [pool-1-thread-16] WARN  s.MoneyTransfer - pool-1-thread-16 Account ID: 4114 Name: Vasya not enough sum trunsaction 9862658 have sum 3559487
13:04:36.071 [pool-1-thread-16] WARN  s.MoneyTransfer - pool-1-thread-16 Account ID: 3944 Name: Vasya not enough sum trunsaction 7298882 have sum 63454
13:04:36.071 [pool-1-thread-16] WARN  s.MoneyTransfer - pool-1-thread-16 Account ID: 8996 Name: Arnold not enough sum trunsaction 7665366 have sum 3659792
13:04:36.085 [pool-1-thread-10] INFO  s.Transaction - Transaction complete with params: fromAccount Account{accountName='John', id=8231, balance=4839701} toAccount Account{accountName='John', id=4026, balance=14168477} sum 7090002
13:04:36.088 [pool-1-thread-8] INFO  s.Transaction - Transaction complete with params: fromAccount Account{accountName='Arnold', id=8996, balance=3850798} toAccount Account{accountName='Arnold', id=9385, balance=4083489} sum 2617843
13:04:36.088 [pool-1-thread-8] WARN  s.MoneyTransfer - pool-1-thread-8 Account ID: 8996 Name: Arnold not enough sum trunsaction 4330680 have sum 3850798
13:04:36.088 [pool-1-thread-8] WARN  s.MoneyTransfer - pool-1-thread-8 Account ID: 7665 Name: Vasya not enough sum trunsaction 9329440 have sum 4802242
13:04:36.088 [pool-1-thread-8] WARN  s.MoneyTransfer - pool-1-thread-8 Account ID: 4026 Name: John not enough sum trunsaction 9527837 have sum 5338676
13:04:36.118 [pool-1-thread-17] INFO  s.Transaction - Transaction complete with params: fromAccount Account{accountName='John', id=6716, balance=2015978} toAccount Account{accountName='Arnold', id=8996, balance=8510165} sum 8000331
13:04:36.118 [pool-1-thread-17] WARN  s.MoneyTransfer - pool-1-thread-17 Account ID: 4406 Name: Vova not enough sum trunsaction 5066410 have sum 2820145
13:04:36.118 [pool-1-thread-17] WARN  s.MoneyTransfer - pool-1-thread-17 Account ID: 7665 Name: Vasya not enough sum trunsaction 6123345 have sum 38958
13:04:36.118 [pool-1-thread-17] WARN  s.MoneyTransfer - pool-1-thread-17 Accounts from & to are equals. Account ID: 6716
13:04:36.118 [pool-1-thread-17] WARN  s.MoneyTransfer - pool-1-thread-17 Account ID: 4406 Name: Vova not enough sum trunsaction 7823276 have sum 2820145
13:04:36.118 [pool-1-thread-17] WARN  s.MoneyTransfer - pool-1-thread-17 Account ID: 8996 Name: Arnold not enough sum trunsaction 9816538 have sum 8510165
13:04:36.118 [pool-1-thread-17] WARN  s.MoneyTransfer - pool-1-thread-17 Account ID: 6397 Name: John not enough sum trunsaction 9264676 have sum 869226
13:04:36.118 [pool-1-thread-17] WARN  s.MoneyTransfer - pool-1-thread-17 Account ID: 7665 Name: Vasya not enough sum trunsaction 4732230 have sum 38958
13:04:36.118 [pool-1-thread-17] WARN  s.MoneyTransfer - pool-1-thread-17 Account ID: 4026 Name: John not enough sum trunsaction 6300313 have sum 1398095
13:04:36.118 [pool-1-thread-17] WARN  s.MoneyTransfer - pool-1-thread-17 Account ID: 7665 Name: Vasya not enough sum trunsaction 2433540 have sum 38958
13:04:36.118 [pool-1-thread-17] WARN  s.MoneyTransfer - pool-1-thread-17 Account ID: 6397 Name: John not enough sum trunsaction 7607028 have sum 869226
13:04:36.118 [pool-1-thread-17] WARN  s.MoneyTransfer - pool-1-thread-17 Account ID: 4114 Name: Vasya not enough sum trunsaction 7464617 have sum 5996736
13:04:36.118 [pool-1-thread-17] WARN  s.MoneyTransfer - pool-1-thread-17 Account ID: 4406 Name: Vova not enough sum trunsaction 8813278 have sum 2820145
13:04:36.176 [pool-1-thread-14] INFO  s.Transaction - Transaction complete with params: fromAccount Account{accountName='Vasya', id=7665, balance=419809} toAccount Account{accountName='John', id=8231, balance=4192777} sum 3868305
13:04:36.176 [pool-1-thread-14] WARN  s.MoneyTransfer - pool-1-thread-14 Account ID: 4114 Name: Vasya not enough sum trunsaction 4508147 have sum 2167122
13:04:36.297 [pool-1-thread-12] INFO  s.Transaction - Transaction complete with params: fromAccount Account{accountName='Arnold', id=9385, balance=2373045} toAccount Account{accountName='John', id=8231, balance=8620561} sum 8164890
13:04:36.297 [pool-1-thread-12] WARN  s.MoneyTransfer - pool-1-thread-12 Account ID: 7665 Name: Vasya not enough sum trunsaction 9112870 have sum 6711644
13:04:36.302 [pool-1-thread-2] INFO  s.Transaction - Transaction complete with params: fromAccount Account{accountName='John', id=8231, balance=6305835} toAccount Account{accountName='Vasya', id=4114, balance=4421993} sum 3386119
13:04:36.339 [pool-1-thread-4] INFO  s.Transaction - Transaction complete with params: fromAccount Account{accountName='John', id=4026, balance=1057539} toAccount Account{accountName='Vasya', id=3944, balance=4278234} sum 226676
13:04:36.339 [pool-1-thread-4] WARN  s.MoneyTransfer - pool-1-thread-4 Accounts from & to are equals. Account ID: 4406
13:04:36.339 [pool-1-thread-4] WARN  s.MoneyTransfer - pool-1-thread-4 Account ID: 4026 Name: John not enough sum trunsaction 1950461 have sum 1057539
13:04:36.339 [pool-1-thread-4] WARN  s.MoneyTransfer - pool-1-thread-4 Account ID: 6397 Name: John not enough sum trunsaction 9271369 have sum 5030666
13:04:36.339 [pool-1-thread-4] WARN  s.MoneyTransfer - pool-1-thread-4 Account ID: 9385 Name: Arnold not enough sum trunsaction 9645336 have sum 278866
13:04:36.339 [pool-1-thread-4] WARN  s.MoneyTransfer - pool-1-thread-4 Account ID: 4026 Name: John not enough sum trunsaction 2205150 have sum 1057539
13:04:36.393 [pool-1-thread-19] INFO  s.Transaction - Transaction complete with params: fromAccount Account{accountName='Arnold', id=8996, balance=1317160} toAccount Account{accountName='Vasya', id=7665, balance=11624300} sum 4066333
13:04:36.393 [pool-1-thread-19] WARN  s.MoneyTransfer - pool-1-thread-19 Account ID: 3944 Name: Vasya not enough sum trunsaction 3318973 have sum 1588645
13:04:36.393 [pool-1-thread-19] WARN  s.MoneyTransfer - pool-1-thread-19 Account ID: 4406 Name: Vova not enough sum trunsaction 4863829 have sum 842072
13:04:36.393 [pool-1-thread-19] WARN  s.MoneyTransfer - pool-1-thread-19 Account ID: 4026 Name: John not enough sum trunsaction 6697417 have sum 1949192
13:04:36.406 [pool-1-thread-7] INFO  s.Transaction - Transaction complete with params: fromAccount Account{accountName='Vasya', id=7665, balance=5056596} toAccount Account{accountName='John', id=6397, balance=2245814} sum 1444305
13:04:36.433 [pool-1-thread-18] INFO  s.Transaction - Transaction complete with params: fromAccount Account{accountName='Vasya', id=7665, balance=780131} toAccount Account{accountName='Vasya', id=4114, balance=1502893} sum 255276
13:04:36.433 [pool-1-thread-18] WARN  s.MoneyTransfer - pool-1-thread-18 Account ID: 8996 Name: Arnold not enough sum trunsaction 8914997 have sum 787893
13:04:36.433 [pool-1-thread-18] WARN  s.MoneyTransfer - pool-1-thread-18 Account ID: 3944 Name: Vasya not enough sum trunsaction 9217577 have sum 1599187
13:04:36.433 [pool-1-thread-18] WARN  s.MoneyTransfer - pool-1-thread-18 Account ID: 4026 Name: John not enough sum trunsaction 5367391 have sum 3338019
13:04:36.456 [pool-1-thread-3] INFO  s.Transaction - Transaction complete with params: fromAccount Account{accountName='John', id=4026, balance=394703} toAccount Account{accountName='Vova', id=4406, balance=2205926} sum 1275383
13:04:36.456 [pool-1-thread-3] WARN  s.MoneyTransfer - pool-1-thread-3 Account ID: 9385 Name: Arnold not enough sum trunsaction 8902096 have sum 827124
13:04:36.456 [pool-1-thread-3] WARN  s.MoneyTransfer - pool-1-thread-3 Account ID: 6397 Name: John not enough sum trunsaction 8076023 have sum 3742760
13:04:36.493 [pool-1-thread-15] INFO  s.Transaction - Transaction complete with params: fromAccount Account{accountName='John', id=6397, balance=2651895} toAccount Account{accountName='John', id=6716, balance=12198546} sum 3518193
13:04:36.600 [pool-1-thread-1] INFO  s.Transaction - Transaction complete with params: fromAccount Account{accountName='Arnold', id=9385, balance=230776} toAccount Account{accountName='Vova', id=4406, balance=7509706} sum 1830490
13:04:36.616 [pool-1-thread-11] INFO  s.Transaction - Transaction complete with params: fromAccount Account{accountName='John', id=6716, balance=3247854} toAccount Account{accountName='Arnold', id=8996, balance=7847214} sum 4177730
13:04:36.616 [pool-1-thread-11] WARN  s.MoneyTransfer - pool-1-thread-11 Account ID: 6397 Name: John not enough sum trunsaction 1946849 have sum 1389802
13:04:36.616 [pool-1-thread-11] WARN  s.MoneyTransfer - pool-1-thread-11 Account ID: 4026 Name: John not enough sum trunsaction 7691035 have sum 6614722
13:04:36.616 [pool-1-thread-11] WARN  s.MoneyTransfer - pool-1-thread-11 Account ID: 4406 Name: Vova not enough sum trunsaction 9495581 have sum 1729771
13:04:36.616 [pool-1-thread-11] WARN  s.MoneyTransfer - pool-1-thread-11 Account ID: 4114 Name: Vasya not enough sum trunsaction 6280867 have sum 1483243
13:04:36.616 [pool-1-thread-11] WARN  s.MoneyTransfer - pool-1-thread-11 Account ID: 6716 Name: John not enough sum trunsaction 6666745 have sum 3247854
13:04:36.616 [pool-1-thread-11] WARN  s.MoneyTransfer - pool-1-thread-11 Account ID: 4114 Name: Vasya not enough sum trunsaction 8525537 have sum 1483243
13:04:36.665 [pool-1-thread-17] INFO  s.Transaction - Transaction complete with params: fromAccount Account{accountName='Arnold', id=8996, balance=764874} toAccount Account{accountName='John', id=6397, balance=8614517} sum 7745291
13:04:36.665 [pool-1-thread-17] WARN  s.MoneyTransfer - pool-1-thread-17 Accounts from & to are equals. Account ID: 9385
13:04:36.665 [pool-1-thread-17] WARN  s.MoneyTransfer - pool-1-thread-17 Account ID: 8996 Name: Arnold not enough sum trunsaction 2493187 have sum 764874
13:04:36.689 [pool-1-thread-10] INFO  s.Transaction - Transaction complete with params: fromAccount Account{accountName='John', id=6716, balance=1634898} toAccount Account{accountName='Vasya', id=3944, balance=2698151} sum 1955491
13:04:36.689 [pool-1-thread-10] WARN  s.MoneyTransfer - pool-1-thread-10 Account ID: 8231 Name: John not enough sum trunsaction 7184806 have sum 4839701
13:04:36.689 [pool-1-thread-10] WARN  s.MoneyTransfer - pool-1-thread-10 Account ID: 9385 Name: Arnold not enough sum trunsaction 6139202 have sum 1059788
13:04:36.689 [pool-1-thread-10] WARN  s.MoneyTransfer - pool-1-thread-10 Account ID: 3944 Name: Vasya not enough sum trunsaction 4954551 have sum 2698151
13:04:36.689 [pool-1-thread-10] WARN  s.MoneyTransfer - pool-1-thread-10 Account ID: 4406 Name: Vova not enough sum trunsaction 9792785 have sum 481012
13:04:36.689 [pool-1-thread-10] WARN  s.MoneyTransfer - pool-1-thread-10 Account ID: 6716 Name: John not enough sum trunsaction 9181997 have sum 1634898
13:04:36.689 [pool-1-thread-10] WARN  s.MoneyTransfer - pool-1-thread-10 Account ID: 8996 Name: Arnold not enough sum trunsaction 7470476 have sum 4049492
13:04:36.733 [pool-1-thread-9] INFO  s.Transaction - Transaction complete with params: fromAccount Account{accountName='Vasya', id=4114, balance=3675431} toAccount Account{accountName='John', id=4026, balance=16860225} sum 6238897
13:04:36.733 [pool-1-thread-9] WARN  s.MoneyTransfer - pool-1-thread-9 Account ID: 6716 Name: John not enough sum trunsaction 6263575 have sum 3398377
13:04:36.735 [pool-1-thread-5] INFO  s.Transaction - Transaction complete with params: fromAccount Account{accountName='John', id=6397, balance=174037} toAccount Account{accountName='John', id=6716, balance=9279034} sum 7399220
13:04:36.735 [pool-1-thread-5] WARN  s.MoneyTransfer - pool-1-thread-5 Account ID: 4114 Name: Vasya not enough sum trunsaction 9252044 have sum 1583483
13:04:36.735 [pool-1-thread-5] WARN  s.MoneyTransfer - pool-1-thread-5 Account ID: 4114 Name: Vasya not enough sum trunsaction 3486933 have sum 1583483
13:04:36.735 [pool-1-thread-5] WARN  s.MoneyTransfer - pool-1-thread-5 Account ID: 9385 Name: Arnold not enough sum trunsaction 9754321 have sum 1281582
13:04:36.735 [pool-1-thread-5] WARN  s.MoneyTransfer - pool-1-thread-5 Account ID: 3944 Name: Vasya not enough sum trunsaction 9078939 have sum 1730494
13:04:36.735 [pool-1-thread-5] WARN  s.MoneyTransfer - pool-1-thread-5 Account ID: 9385 Name: Arnold not enough sum trunsaction 9202975 have sum 1281582
13:04:36.737 [pool-1-thread-6] INFO  s.Transaction - Transaction complete with params: fromAccount Account{accountName='Arnold', id=9385, balance=9655776} toAccount Account{accountName='Arnold', id=8996, balance=1858423} sum 124685
13:04:36.737 [pool-1-thread-6] WARN  s.MoneyTransfer - pool-1-thread-6 Account ID: 6716 Name: John not enough sum trunsaction 9882075 have sum 1968523
13:04:36.737 [pool-1-thread-6] WARN  s.MoneyTransfer - pool-1-thread-6 Account ID: 6397 Name: John not enough sum trunsaction 2562054 have sum 307323
13:04:36.743 [pool-1-thread-8] INFO  s.Transaction - Transaction complete with params: fromAccount Account{accountName='John', id=6716, balance=700101} toAccount Account{accountName='John', id=8231, balance=7610635} sum 3100690
13:04:36.743 [pool-1-thread-8] WARN  s.MoneyTransfer - pool-1-thread-8 Account ID: 4026 Name: John not enough sum trunsaction 6647467 have sum 5338676
13:04:36.743 [pool-1-thread-8] WARN  s.MoneyTransfer - pool-1-thread-8 Account ID: 4114 Name: Vasya not enough sum trunsaction 3425722 have sum 2388403
13:04:36.743 [pool-1-thread-8] WARN  s.MoneyTransfer - pool-1-thread-8 Account ID: 8996 Name: Arnold not enough sum trunsaction 7055639 have sum 3850798
13:04:36.743 [pool-1-thread-8] WARN  s.MoneyTransfer - pool-1-thread-8 Account ID: 8996 Name: Arnold not enough sum trunsaction 4332496 have sum 3850798
13:04:36.743 [pool-1-thread-8] WARN  s.MoneyTransfer - pool-1-thread-8 Account ID: 9385 Name: Arnold not enough sum trunsaction 4731671 have sum 4083489
13:04:36.745 [pool-1-thread-13] INFO  s.Transaction - Transaction complete with params: fromAccount Account{accountName='Vasya', id=3944, balance=646179} toAccount Account{accountName='Vasya', id=4114, balance=5566126} sum 979292
13:04:36.745 [pool-1-thread-13] WARN  s.MoneyTransfer - pool-1-thread-13 Account ID: 9385 Name: Arnold not enough sum trunsaction 2599172 have sum 954290
13:04:36.745 [pool-1-thread-13] WARN  s.MoneyTransfer - pool-1-thread-13 Account ID: 8231 Name: John not enough sum trunsaction 123689 have sum 1583
13:04:36.745 [pool-1-thread-13] WARN  s.MoneyTransfer - pool-1-thread-13 Account ID: 3944 Name: Vasya not enough sum trunsaction 6496379 have sum 646179
13:04:36.977 [pool-1-thread-4] INFO  s.Transaction - Transaction complete with params: fromAccount Account{accountName='Vova', id=4406, balance=2550085} toAccount Account{accountName='John', id=6716, balance=7331832} sum 5587064
13:04:36.977 [pool-1-thread-4] WARN  s.MoneyTransfer - pool-1-thread-4 Account ID: 8996 Name: Arnold not enough sum trunsaction 3846490 have sum 2199258
13:04:36.977 [pool-1-thread-4] WARN  s.MoneyTransfer - pool-1-thread-4 Account ID: 4406 Name: Vova not enough sum trunsaction 4600311 have sum 2550085
13:04:36.989 [pool-1-thread-3] INFO  s.Transaction - Transaction complete with params: fromAccount Account{accountName='John', id=6397, balance=3711922} toAccount Account{accountName='Vasya', id=7665, balance=5691852} sum 30838
13:04:36.989 [pool-1-thread-3] WARN  s.MoneyTransfer - pool-1-thread-3 Account ID: 4114 Name: Vasya not enough sum trunsaction 7675356 have sum 6684184
13:04:36.989 [pool-1-thread-3] WARN  s.MoneyTransfer - pool-1-thread-3 Account ID: 6716 Name: John not enough sum trunsaction 9843556 have sum 4821796
13:04:37.026 [pool-1-thread-16] INFO  s.Transaction - Transaction complete with params: fromAccount Account{accountName='John', id=8231, balance=6632431} toAccount Account{accountName='John', id=4026, balance=8494589} sum 416161
13:04:37.065 [pool-1-thread-7] INFO  s.Transaction - Transaction complete with params: fromAccount Account{accountName='Vova', id=4406, balance=3974679} toAccount Account{accountName='Vasya', id=7665, balance=9517141} sum 4460545
13:04:37.066 [pool-1-thread-7] WARN  s.MoneyTransfer - pool-1-thread-7 Account ID: 3944 Name: Vasya not enough sum trunsaction 9914402 have sum 443188
13:04:37.066 [pool-1-thread-7] WARN  s.MoneyTransfer - pool-1-thread-7 Account ID: 4114 Name: Vasya not enough sum trunsaction 8833846 have sum 42218
13:04:37.066 [pool-1-thread-7] WARN  s.MoneyTransfer - pool-1-thread-7 Account ID: 6716 Name: John not enough sum trunsaction 9503298 have sum 8547721
13:04:37.066 [pool-1-thread-7] WARN  s.MoneyTransfer - pool-1-thread-7 Account ID: 3944 Name: Vasya not enough sum trunsaction 1460256 have sum 443188
13:04:37.066 [pool-1-thread-7] WARN  s.MoneyTransfer - pool-1-thread-7 Account ID: 4026 Name: John not enough sum trunsaction 4548657 have sum 607176
13:04:37.072 [pool-1-thread-14] INFO  s.Transaction - Transaction complete with params: fromAccount Account{accountName='John', id=4026, balance=3979929} toAccount Account{accountName='Vasya', id=4114, balance=4403245} sum 2236123
13:04:37.141 [pool-1-thread-12] INFO  s.Transaction - Transaction complete with params: fromAccount Account{accountName='Vova', id=4406, balance=3222866} toAccount Account{accountName='John', id=6397, balance=845458} sum 639320
13:04:37.141 [pool-1-thread-12] WARN  s.MoneyTransfer - pool-1-thread-12 Account ID: 8996 Name: Arnold not enough sum trunsaction 7708543 have sum 5787305
13:04:37.141 [pool-1-thread-12] WARN  s.MoneyTransfer - pool-1-thread-12 Account ID: 4406 Name: Vova not enough sum trunsaction 8794847 have sum 3222866
13:04:37.141 [pool-1-thread-12] WARN  s.MoneyTransfer - pool-1-thread-12 Account ID: 3944 Name: Vasya not enough sum trunsaction 8656813 have sum 1258936
13:04:37.141 [pool-1-thread-12] WARN  s.MoneyTransfer - pool-1-thread-12 Account ID: 9385 Name: Arnold not enough sum trunsaction 8717804 have sum 2373045
13:04:37.141 [pool-1-thread-12] WARN  s.MoneyTransfer - pool-1-thread-12 Account ID: 4406 Name: Vova not enough sum trunsaction 4676599 have sum 3222866
13:04:37.141 [pool-1-thread-12] WARN  s.MoneyTransfer - pool-1-thread-12 Account ID: 8996 Name: Arnold not enough sum trunsaction 9934076 have sum 5787305
13:04:37.141 [pool-1-thread-12] WARN  s.MoneyTransfer - pool-1-thread-12 Account ID: 9385 Name: Arnold not enough sum trunsaction 3769496 have sum 2373045
13:04:37.141 [pool-1-thread-12] WARN  s.MoneyTransfer - pool-1-thread-12 Account ID: 7665 Name: Vasya not enough sum trunsaction 8246120 have sum 6711644
13:04:37.141 [pool-1-thread-12] WARN  s.MoneyTransfer - pool-1-thread-12 Account ID: 6716 Name: John not enough sum trunsaction 8610123 have sum 1487754
13:04:37.141 [pool-1-thread-12] WARN  s.MoneyTransfer - pool-1-thread-12 Account ID: 4406 Name: Vova not enough sum trunsaction 7724764 have sum 3222866
13:04:37.141 [pool-1-thread-12] WARN  s.MoneyTransfer - pool-1-thread-12 Account ID: 6397 Name: John not enough sum trunsaction 6982757 have sum 845458
13:04:37.141 [pool-1-thread-12] WARN  s.MoneyTransfer - pool-1-thread-12 Account ID: 9385 Name: Arnold not enough sum trunsaction 3171594 have sum 2373045
13:04:37.141 [pool-1-thread-12] WARN  s.MoneyTransfer - pool-1-thread-12 Account ID: 4406 Name: Vova not enough sum trunsaction 8937548 have sum 3222866
13:04:37.141 [pool-1-thread-12] WARN  s.MoneyTransfer - pool-1-thread-12 Account ID: 8996 Name: Arnold not enough sum trunsaction 6154651 have sum 5787305
13:04:37.148 [pool-1-thread-2] INFO  s.Transaction - Transaction complete with params: fromAccount Account{accountName='John', id=8231, balance=2071393} toAccount Account{accountName='John', id=6397, balance=7635166} sum 4234442
13:04:37.148 [pool-1-thread-2] WARN  s.MoneyTransfer - pool-1-thread-2 Account ID: 6716 Name: John not enough sum trunsaction 6723548 have sum 5178225
13:04:37.197 [pool-1-thread-10] INFO  s.Transaction - Transaction complete with params: fromAccount Account{accountName='John', id=4026, balance=10952673} toAccount Account{accountName='Arnold', id=8996, balance=7265296} sum 3215804
13:04:37.197 [pool-1-thread-10] WARN  s.MoneyTransfer - pool-1-thread-10 Account ID: 4406 Name: Vova not enough sum trunsaction 9219693 have sum 481012
13:04:37.231 [pool-1-thread-1] INFO  s.Transaction - Transaction complete with params: fromAccount Account{accountName='Vova', id=4406, balance=3319427} toAccount Account{accountName='Vasya', id=3944, balance=5443774} sum 4190279
13:04:37.231 [pool-1-thread-1] WARN  s.MoneyTransfer - pool-1-thread-1 Account ID: 6716 Name: John not enough sum trunsaction 6052916 have sum 2521329
13:04:37.231 [pool-1-thread-1] WARN  s.MoneyTransfer - pool-1-thread-1 Account ID: 8996 Name: Arnold not enough sum trunsaction 3596461 have sum 493427
13:04:37.231 [pool-1-thread-1] WARN  s.MoneyTransfer - pool-1-thread-1 Account ID: 8231 Name: John not enough sum trunsaction 7849276 have sum 4801848
13:04:37.282 [pool-1-thread-15] INFO  s.Transaction - Transaction complete with params: fromAccount Account{accountName='Arnold', id=9385, balance=2324529} toAccount Account{accountName='Vova', id=4406, balance=5537167} sum 5103427
13:04:37.282 [pool-1-thread-15] WARN  s.MoneyTransfer - pool-1-thread-15 Account ID: 4406 Name: Vova not enough sum trunsaction 8323875 have sum 5537167
13:04:37.336 [pool-1-thread-11] INFO  s.Transaction - Transaction complete with params: fromAccount Account{accountName='John', id=6716, balance=2642104} toAccount Account{accountName='Vasya', id=3944, balance=893980} sum 605750
13:04:37.336 [pool-1-thread-11] WARN  s.MoneyTransfer - pool-1-thread-11 Account ID: 7665 Name: Vasya not enough sum trunsaction 2841343 have sum 1001205
13:04:37.336 [pool-1-thread-11] WARN  s.MoneyTransfer - pool-1-thread-11 Account ID: 3944 Name: Vasya not enough sum trunsaction 6034934 have sum 893980
13:04:37.336 [pool-1-thread-11] WARN  s.MoneyTransfer - pool-1-thread-11 Account ID: 8231 Name: John not enough sum trunsaction 7545773 have sum 4523639
13:04:37.351 [pool-1-thread-5] INFO  s.Transaction - Transaction complete with params: fromAccount Account{accountName='Vasya', id=7665, balance=6411206} toAccount Account{accountName='Vova', id=4406, balance=4637342} sum 1417277
13:04:37.356 [pool-1-thread-13] INFO  s.Transaction - Transaction complete with params: fromAccount Account{accountName='John', id=4026, balance=896858} toAccount Account{accountName='Vasya', id=4114, balance=5602774} sum 36648
13:04:37.384 [pool-1-thread-19] INFO  s.Transaction - Transaction complete with params: fromAccount Account{accountName='Arnold', id=8996, balance=357379} toAccount Account{accountName='Vova', id=4406, balance=1801853} sum 959781
13:04:37.384 [pool-1-thread-19] WARN  s.MoneyTransfer - pool-1-thread-19 Account ID: 6716 Name: John not enough sum trunsaction 6711074 have sum 1530996
13:04:37.384 [pool-1-thread-19] WARN  s.MoneyTransfer - pool-1-thread-19 Account ID: 9385 Name: Arnold not enough sum trunsaction 9399523 have sum 5158371
13:04:37.384 [pool-1-thread-19] WARN  s.MoneyTransfer - pool-1-thread-19 Account ID: 4026 Name: John not enough sum trunsaction 5858604 have sum 1949192
13:04:37.384 [pool-1-thread-19] WARN  s.MoneyTransfer - pool-1-thread-19 Account ID: 6716 Name: John not enough sum trunsaction 5490110 have sum 1530996
13:04:37.384 [pool-1-thread-19] WARN  s.MoneyTransfer - pool-1-thread-19 Account ID: 6397 Name: John not enough sum trunsaction 9580454 have sum 889782
13:04:37.384 [pool-1-thread-19] WARN  s.MoneyTransfer - pool-1-thread-19 Account ID: 8231 Name: John not enough sum trunsaction 2310258 have sum 2173403
13:04:37.384 [pool-1-thread-19] WARN  s.MoneyTransfer - pool-1-thread-19 Account ID: 4406 Name: Vova not enough sum trunsaction 7678431 have sum 1801853
13:04:37.384 [pool-1-thread-19] WARN  s.MoneyTransfer - pool-1-thread-19 Account ID: 6397 Name: John not enough sum trunsaction 3059994 have sum 889782
13:04:37.384 [pool-1-thread-19] WARN  s.MoneyTransfer - pool-1-thread-19 Account ID: 9385 Name: Arnold not enough sum trunsaction 6544067 have sum 5158371
13:04:37.422 [pool-1-thread-9] INFO  s.Transaction - Transaction complete with params: fromAccount Account{accountName='Vasya', id=4114, balance=2374089} toAccount Account{accountName='Arnold', id=9385, balance=2585178} sum 1301342
13:04:37.422 [pool-1-thread-9] WARN  s.MoneyTransfer - pool-1-thread-9 Account ID: 9385 Name: Arnold not enough sum trunsaction 7156253 have sum 2585178
13:04:37.423 [pool-1-thread-18] INFO  s.Transaction - Transaction complete with params: fromAccount Account{accountName='Vasya', id=7665, balance=447416} toAccount Account{accountName='Vova', id=4406, balance=9952213} sum 332715
13:04:37.423 [pool-1-thread-18] WARN  s.MoneyTransfer - pool-1-thread-18 Account ID: 8231 Name: John not enough sum trunsaction 9388380 have sum 3728048
13:04:37.423 [pool-1-thread-18] WARN  s.MoneyTransfer - pool-1-thread-18 Account ID: 4114 Name: Vasya not enough sum trunsaction 9850793 have sum 1502893
13:04:37.442 [pool-1-thread-17] INFO  s.Transaction - Transaction complete with params: fromAccount Account{accountName='John', id=4026, balance=1300804} toAccount Account{accountName='Vasya', id=4114, balance=6094027} sum 97291
13:04:37.477 [pool-1-thread-6] INFO  s.Transaction - Transaction complete with params: fromAccount Account{accountName='John', id=4026, balance=6816821} toAccount Account{accountName='Arnold', id=8996, balance=3601874} sum 1743451
13:04:37.569 [pool-1-thread-3] INFO  s.Transaction - Transaction complete with params: fromAccount Account{accountName='Vasya', id=7665, balance=5502617} toAccount Account{accountName='Vova', id=4406, balance=2395161} sum 189235
13:04:37.569 [pool-1-thread-3] WARN  s.MoneyTransfer - pool-1-thread-3 Account ID: 3944 Name: Vasya not enough sum trunsaction 5386325 have sum 3562722
13:04:37.569 [pool-1-thread-3] WARN  s.MoneyTransfer - pool-1-thread-3 Account ID: 4406 Name: Vova not enough sum trunsaction 5055397 have sum 2395161
13:04:37.569 [pool-1-thread-3] WARN  s.MoneyTransfer - pool-1-thread-3 Account ID: 3944 Name: Vasya not enough sum trunsaction 4140087 have sum 3562722
13:04:37.581 [pool-1-thread-8] INFO  s.Transaction - Transaction complete with params: fromAccount Account{accountName='Arnold', id=9385, balance=92363} toAccount Account{accountName='John', id=8231, balance=11601761} sum 3991126
13:04:37.625 [pool-1-thread-16] INFO  s.Transaction - Transaction complete with params: fromAccount Account{accountName='Vasya', id=4114, balance=2279789} toAccount Account{accountName='John', id=8231, balance=7912129} sum 1279698
13:04:37.625 [pool-1-thread-16] WARN  s.MoneyTransfer - pool-1-thread-16 Account ID: 6716 Name: John not enough sum trunsaction 5179350 have sum 1470656
13:04:37.625 [pool-1-thread-16] WARN  s.MoneyTransfer - pool-1-thread-16 Account ID: 8996 Name: Arnold not enough sum trunsaction 8143273 have sum 3659792
13:04:37.709 [pool-1-thread-12] INFO  s.Transaction - Transaction complete with params: fromAccount Account{accountName='Vasya', id=4114, balance=1964272} toAccount Account{accountName='John', id=6397, balance=1105400} sum 259942
13:04:37.709 [pool-1-thread-12] WARN  s.MoneyTransfer - pool-1-thread-12 Account ID: 6716 Name: John not enough sum trunsaction 2613289 have sum 1487754
13:04:37.759 [pool-1-thread-14] INFO  s.Transaction - Transaction complete with params: fromAccount Account{accountName='John', id=6397, balance=2342046} toAccount Account{accountName='Arnold', id=8996, balance=7257131} sum 4824752
13:04:37.821 [pool-1-thread-2] INFO  s.Transaction - Transaction complete with params: fromAccount Account{accountName='John', id=8231, balance=2019399} toAccount Account{accountName='Vasya', id=7665, balance=3818054} sum 51994
13:04:37.827 [pool-1-thread-4] INFO  s.Transaction - Transaction complete with params: fromAccount Account{accountName='Vasya', id=3944, balance=1710283} toAccount Account{accountName='Vasya', id=7665, balance=2944399} sum 2567951
13:04:37.827 [pool-1-thread-4] WARN  s.MoneyTransfer - pool-1-thread-4 Account ID: 9385 Name: Arnold not enough sum trunsaction 1672847 have sum 278866
13:04:37.865 [pool-1-thread-7] INFO  s.Transaction - Transaction complete with params: fromAccount Account{accountName='Vasya', id=7665, balance=2848804} toAccount Account{accountName='Arnold', id=9385, balance=6703740} sum 6668337
13:04:37.911 [pool-1-thread-10] INFO  s.Transaction - Transaction complete with params: fromAccount Account{accountName='Arnold', id=8996, balance=2097200} toAccount Account{accountName='Vasya', id=7665, balance=6453459} sum 5168096
13:04:37.978 [pool-1-thread-15] INFO  s.Transaction - Transaction complete with params: fromAccount Account{accountName='John', id=6716, balance=7657392} toAccount Account{accountName='Vasya', id=4114, balance=9309903} sum 4541154
13:04:37.981 [pool-1-thread-13] INFO  s.Transaction - Transaction complete with params: fromAccount Account{accountName='John', id=4026, balance=80392} toAccount Account{accountName='John', id=8231, balance=818049} sum 816466
13:04:37.997 [pool-1-thread-5] INFO  s.Transaction - Transaction complete with params: fromAccount Account{accountName='Vasya', id=7665, balance=4683544} toAccount Account{accountName='John', id=8231, balance=9630196} sum 1727662
13:04:37.998 [pool-1-thread-18] INFO  s.Transaction - Transaction complete with params: fromAccount Account{accountName='Vasya', id=4114, balance=858456} toAccount Account{accountName='John', id=8231, balance=4372485} sum 644437
13:04:37.998 [pool-1-thread-18] WARN  s.MoneyTransfer - pool-1-thread-18 Account ID: 7665 Name: Vasya not enough sum trunsaction 7361940 have sum 447416
13:04:37.998 [pool-1-thread-18] WARN  s.MoneyTransfer - pool-1-thread-18 Account ID: 4114 Name: Vasya not enough sum trunsaction 2017165 have sum 858456
13:04:37.998 [pool-1-thread-18] WARN  s.MoneyTransfer - pool-1-thread-18 Account ID: 8231 Name: John not enough sum trunsaction 9145639 have sum 4372485
13:04:37.998 [pool-1-thread-18] WARN  s.MoneyTransfer - pool-1-thread-18 Account ID: 9385 Name: Arnold not enough sum trunsaction 7653771 have sum 5896155
13:04:38.030 [pool-1-thread-1] INFO  s.Transaction - Transaction complete with params: fromAccount Account{accountName='Arnold', id=8996, balance=39770} toAccount Account{accountName='John', id=4026, balance=14792371} sum 453657
13:04:38.030 [pool-1-thread-1] WARN  s.MoneyTransfer - pool-1-thread-1 Account ID: 4114 Name: Vasya not enough sum trunsaction 5910008 have sum 1145495
13:04:38.030 [pool-1-thread-1] WARN  s.MoneyTransfer - pool-1-thread-1 Account ID: 7665 Name: Vasya not enough sum trunsaction 3282197 have sum 2173424
13:04:38.030 [pool-1-thread-1] WARN  s.MoneyTransfer - pool-1-thread-1 Account ID: 6397 Name: John not enough sum trunsaction 2432128 have sum 1260798
13:04:38.030 [pool-1-thread-1] WARN  s.MoneyTransfer - pool-1-thread-1 Account ID: 4114 Name: Vasya not enough sum trunsaction 2342714 have sum 1145495
13:04:38.030 [pool-1-thread-1] WARN  s.MoneyTransfer - pool-1-thread-1 Account ID: 8996 Name: Arnold not enough sum trunsaction 2437322 have sum 39770
13:04:38.269 [pool-1-thread-19] INFO  s.Transaction - Transaction complete with params: fromAccount Account{accountName='Arnold', id=9385, balance=3240988} toAccount Account{accountName='John', id=6397, balance=2807165} sum 1917383
13:04:38.269 [pool-1-thread-19] WARN  s.MoneyTransfer - pool-1-thread-19 Account ID: 9385 Name: Arnold not enough sum trunsaction 9275198 have sum 3240988
13:04:38.293 [pool-1-thread-11] INFO  s.Transaction - Transaction complete with params: fromAccount Account{accountName='Vasya', id=3944, balance=761159} toAccount Account{accountName='Vasya', id=7665, balance=1134026} sum 132821
13:04:38.315 [pool-1-thread-12] INFO  s.Transaction - Transaction complete with params: fromAccount Account{accountName='John', id=8231, balance=6410838} toAccount Account{accountName='Vasya', id=7665, balance=8921367} sum 2209723
13:04:38.315 [pool-1-thread-12] WARN  s.MoneyTransfer - pool-1-thread-12 Account ID: 3944 Name: Vasya not enough sum trunsaction 8079394 have sum 1258936
13:04:38.342 [pool-1-thread-6] INFO  s.Transaction - Transaction complete with params: fromAccount Account{accountName='Arnold', id=9385, balance=9144895} toAccount Account{accountName='Vasya', id=3944, balance=4807814} sum 510881
13:04:38.342 [pool-1-thread-6] WARN  s.MoneyTransfer - pool-1-thread-6 Account ID: 6716 Name: John not enough sum trunsaction 3914948 have sum 1968523
13:04:38.342 [pool-1-thread-6] WARN  s.MoneyTransfer - pool-1-thread-6 Account ID: 6397 Name: John not enough sum trunsaction 5238661 have sum 307323
13:04:38.348 [pool-1-thread-2] INFO  s.Transaction - Transaction complete with params: fromAccount Account{accountName='John', id=6716, balance=1651055} toAccount Account{accountName='John', id=8231, balance=5546569} sum 3527170
13:04:38.416 [pool-1-thread-9] INFO  s.Transaction - Transaction complete with params: fromAccount Account{accountName='John', id=4026, balance=7647021} toAccount Account{accountName='Vasya', id=4114, balance=11587293} sum 9213204
13:04:38.416 [pool-1-thread-9] WARN  s.MoneyTransfer - pool-1-thread-9 Account ID: 9385 Name: Arnold not enough sum trunsaction 8799146 have sum 2585178
13:04:38.423 [pool-1-thread-17] INFO  s.Transaction - Transaction complete with params: fromAccount Account{accountName='Vasya', id=3944, balance=7969129} toAccount Account{accountName='John', id=6716, balance=3871352} sum 1855374
13:04:38.423 [pool-1-thread-17] WARN  s.MoneyTransfer - pool-1-thread-17 Account ID: 8996 Name: Arnold not enough sum trunsaction 8838006 have sum 764874
13:04:38.423 [pool-1-thread-17] WARN  s.MoneyTransfer - pool-1-thread-17 Account ID: 4114 Name: Vasya not enough sum trunsaction 8781195 have sum 6094027
13:04:38.423 [pool-1-thread-17] WARN  s.MoneyTransfer - pool-1-thread-17 Account ID: 4114 Name: Vasya not enough sum trunsaction 6232572 have sum 6094027
13:04:38.423 [pool-1-thread-17] WARN  s.MoneyTransfer - pool-1-thread-17 Account ID: 4026 Name: John not enough sum trunsaction 9258856 have sum 1300804
13:04:38.423 [pool-1-thread-17] WARN  s.MoneyTransfer - pool-1-thread-17 Account ID: 4026 Name: John not enough sum trunsaction 9861851 have sum 1300804
13:04:38.423 [pool-1-thread-17] WARN  s.MoneyTransfer - pool-1-thread-17 Account ID: 6716 Name: John not enough sum trunsaction 5815291 have sum 3871352
13:04:38.482 [pool-1-thread-3] INFO  s.Transaction - Transaction complete with params: fromAccount Account{accountName='John', id=6397, balance=561581} toAccount Account{accountName='Vasya', id=4114, balance=9834525} sum 3150341
13:04:38.482 [pool-1-thread-3] WARN  s.MoneyTransfer - pool-1-thread-3 Account ID: 6397 Name: John not enough sum trunsaction 9245748 have sum 561581
13:04:38.487 [pool-1-thread-8] INFO  s.Transaction - Transaction complete with params: fromAccount Account{accountName='Vasya', id=3944, balance=2816845} toAccount Account{accountName='John', id=8231, balance=12578647} sum 976886
13:04:38.487 [pool-1-thread-8] WARN  s.MoneyTransfer - pool-1-thread-8 Account ID: 6397 Name: John not enough sum trunsaction 6009025 have sum 2738223
13:04:38.487 [pool-1-thread-16] INFO  s.Transaction - Transaction complete with params: fromAccount Account{accountName='Arnold', id=9385, balance=2716904} toAccount Account{accountName='Vasya', id=4114, balance=2818008} sum 538219
13:04:38.487 [pool-1-thread-16] WARN  s.MoneyTransfer - pool-1-thread-16 Account ID: 6716 Name: John not enough sum trunsaction 7999562 have sum 1470656
13:04:38.612 [pool-1-thread-7] INFO  s.Transaction - Transaction complete with params: fromAccount Account{accountName='John', id=8231, balance=4743519} toAccount Account{accountName='Vova', id=4406, balance=5491464} sum 1516785
13:04:38.612 [pool-1-thread-7] WARN  s.MoneyTransfer - pool-1-thread-7 Account ID: 4114 Name: Vasya not enough sum trunsaction 6411715 have sum 42218
13:04:38.625 [pool-1-thread-4] INFO  s.Transaction - Transaction complete with params: fromAccount Account{accountName='John', id=6716, balance=232243} toAccount Account{accountName='Arnold', id=9385, balance=7378455} sum 7099589
13:04:38.625 [pool-1-thread-4] WARN  s.MoneyTransfer - pool-1-thread-4 Account ID: 4026 Name: John not enough sum trunsaction 8747764 have sum 1057539
13:04:38.656 [pool-1-thread-18] INFO  s.Transaction - Transaction complete with params: fromAccount Account{accountName='John', id=6397, balance=3943357} toAccount Account{accountName='Arnold', id=9385, balance=7868683} sum 1972528
13:04:38.656 [pool-1-thread-18] WARN  s.MoneyTransfer - pool-1-thread-18 Account ID: 6716 Name: John not enough sum trunsaction 3519297 have sum 2561303
13:04:38.676 [pool-1-thread-5] INFO  s.Transaction - Transaction complete with params: fromAccount Account{accountName='John', id=6716, balance=4866384} toAccount Account{accountName='Vasya', id=3944, balance=6143144} sum 4412650
13:04:38.676 [pool-1-thread-5] WARN  s.MoneyTransfer - pool-1-thread-5 Account ID: 8996 Name: Arnold not enough sum trunsaction 4086798 have sum 791437
13:04:38.676 [pool-1-thread-5] WARN  s.MoneyTransfer - pool-1-thread-5 Account ID: 3944 Name: Vasya not enough sum trunsaction 6306535 have sum 6143144
13:04:38.701 [pool-1-thread-1] INFO  s.Transaction - Transaction complete with params: fromAccount Account{accountName='John', id=8231, balance=4735003} toAccount Account{accountName='John', id=6397, balance=1327643} sum 66845
13:04:38.701 [pool-1-thread-1] WARN  s.MoneyTransfer - pool-1-thread-1 Account ID: 4114 Name: Vasya not enough sum trunsaction 3827730 have sum 1145495
13:04:38.701 [pool-1-thread-1] WARN  s.MoneyTransfer - pool-1-thread-1 Accounts from & to are equals. Account ID: 4026
13:04:38.701 [pool-1-thread-1] WARN  s.MoneyTransfer - pool-1-thread-1 Account ID: 4114 Name: Vasya not enough sum trunsaction 1329492 have sum 1145495
13:04:38.701 [pool-1-thread-1] WARN  s.MoneyTransfer - pool-1-thread-1 Account ID: 6397 Name: John not enough sum trunsaction 6935324 have sum 1327643
13:04:38.701 [pool-1-thread-1] WARN  s.MoneyTransfer - pool-1-thread-1 Account ID: 9385 Name: Arnold not enough sum trunsaction 1786921 have sum 230776
13:04:38.742 [pool-1-thread-14] INFO  s.Transaction - Transaction complete with params: fromAccount Account{accountName='Arnold', id=8996, balance=288571} toAccount Account{accountName='Vasya', id=4114, balance=11371805} sum 6968560
13:04:38.818 [pool-1-thread-15] INFO  s.Transaction - Transaction complete with params: fromAccount Account{accountName='Vasya', id=4114, balance=3292671} toAccount Account{accountName='Vasya', id=3944, balance=6912478} sum 6017232
13:04:38.818 [pool-1-thread-15] WARN  s.MoneyTransfer - pool-1-thread-15 Account ID: 4026 Name: John not enough sum trunsaction 3876438 have sum 1623225
13:04:38.849 [pool-1-thread-12] INFO  s.Transaction - Transaction complete with params: fromAccount Account{accountName='Arnold', id=8996, balance=1623496} toAccount Account{accountName='Vova', id=4406, balance=7386675} sum 4163809
13:04:38.849 [pool-1-thread-12] WARN  s.MoneyTransfer - pool-1-thread-12 Account ID: 8231 Name: John not enough sum trunsaction 7322161 have sum 6410838
13:04:38.849 [pool-1-thread-12] WARN  s.MoneyTransfer - pool-1-thread-12 Accounts from & to are equals. Account ID: 4406
13:04:38.849 [pool-1-thread-12] WARN  s.MoneyTransfer - pool-1-thread-12 Account ID: 8996 Name: Arnold not enough sum trunsaction 4670375 have sum 1623496
13:04:38.863 [pool-1-thread-10] INFO  s.Transaction - Transaction complete with params: fromAccount Account{accountName='John', id=4026, balance=2737156} toAccount Account{accountName='Arnold', id=9385, balance=9275305} sum 8215517
13:04:38.900 [pool-1-thread-2] INFO  s.Transaction - Transaction complete with params: fromAccount Account{accountName='John', id=8231, balance=3940533} toAccount Account{accountName='Vasya', id=7665, balance=5424090} sum 1606036
13:04:38.900 [pool-1-thread-2] WARN  s.MoneyTransfer - pool-1-thread-2 Account ID: 6716 Name: John not enough sum trunsaction 3495044 have sum 1651055
13:04:38.900 [pool-1-thread-2] WARN  s.MoneyTransfer - pool-1-thread-2 Account ID: 6716 Name: John not enough sum trunsaction 5433315 have sum 1651055
13:04:38.943 [pool-1-thread-13] INFO  s.Transaction - Transaction complete with params: fromAccount Account{accountName='Vasya', id=7665, balance=1866964} toAccount Account{accountName='Arnold', id=9385, balance=4195903} sum 3241613
13:04:39.080 [pool-1-thread-11] INFO  s.Transaction - Transaction complete with params: fromAccount Account{accountName='Vasya', id=7665, balance=71012} toAccount Account{accountName='John', id=6716, balance=3705118} sum 1063014
13:04:39.182 [pool-1-thread-19] INFO  s.Transaction - Transaction complete with params: fromAccount Account{accountName='Vasya', id=3944, balance=539121} toAccount Account{accountName='John', id=6397, balance=3856689} sum 1049524
13:04:39.182 [pool-1-thread-19] WARN  s.MoneyTransfer - pool-1-thread-19 Account ID: 8231 Name: John not enough sum trunsaction 2327487 have sum 2173403
13:04:39.182 [pool-1-thread-19] WARN  s.MoneyTransfer - pool-1-thread-19 Account ID: 4026 Name: John not enough sum trunsaction 9836839 have sum 1949192
13:04:39.182 [pool-1-thread-19] WARN  s.MoneyTransfer - pool-1-thread-19 Account ID: 9385 Name: Arnold not enough sum trunsaction 5582167 have sum 3240988
13:04:39.182 [pool-1-thread-19] WARN  s.MoneyTransfer - pool-1-thread-19 Account ID: 4026 Name: John not enough sum trunsaction 4306534 have sum 1949192
13:04:39.182 [pool-1-thread-19] WARN  s.MoneyTransfer - pool-1-thread-19 Account ID: 8231 Name: John not enough sum trunsaction 5860768 have sum 2173403
13:04:39.182 [pool-1-thread-19] WARN  s.MoneyTransfer - pool-1-thread-19 Account ID: 4026 Name: John not enough sum trunsaction 5064386 have sum 1949192
13:04:39.182 [pool-1-thread-19] WARN  s.MoneyTransfer - pool-1-thread-19 Account ID: 6397 Name: John not enough sum trunsaction 7341068 have sum 3856689
13:04:39.182 [pool-1-thread-19] WARN  s.MoneyTransfer - pool-1-thread-19 Account ID: 6716 Name: John not enough sum trunsaction 2967656 have sum 1530996
13:04:39.182 [pool-1-thread-19] WARN  s.MoneyTransfer - pool-1-thread-19 Account ID: 3944 Name: Vasya not enough sum trunsaction 3886987 have sum 539121
13:04:39.182 [pool-1-thread-19] WARN  s.MoneyTransfer - pool-1-thread-19 Account ID: 6716 Name: John not enough sum trunsaction 9669835 have sum 1530996
13:04:39.182 [pool-1-thread-19] WARN  s.MoneyTransfer - pool-1-thread-19 Account ID: 8231 Name: John not enough sum trunsaction 9856765 have sum 2173403
13:04:39.182 [pool-1-thread-19] WARN  s.MoneyTransfer - pool-1-thread-19 Account ID: 4406 Name: Vova not enough sum trunsaction 6161228 have sum 1801853
13:04:39.182 [pool-1-thread-19] WARN  s.MoneyTransfer - pool-1-thread-19 Account ID: 9385 Name: Arnold not enough sum trunsaction 9110501 have sum 3240988
13:04:39.182 [pool-1-thread-19] WARN  s.MoneyTransfer - pool-1-thread-19 Account ID: 9385 Name: Arnold not enough sum trunsaction 3549184 have sum 3240988
13:04:39.246 [pool-1-thread-6] INFO  s.Transaction - Transaction complete with params: fromAccount Account{accountName='Arnold', id=9385, balance=101173} toAccount Account{accountName='Vasya', id=4114, balance=11620277} sum 9043722
13:04:39.246 [pool-1-thread-6] WARN  s.MoneyTransfer - pool-1-thread-6 Account ID: 9385 Name: Arnold not enough sum trunsaction 3792938 have sum 101173
13:04:39.246 [pool-1-thread-6] WARN  s.MoneyTransfer - pool-1-thread-6 Account ID: 6716 Name: John not enough sum trunsaction 9408297 have sum 1968523
13:04:39.247 [pool-1-thread-14] INFO  s.Transaction - Transaction complete with params: fromAccount Account{accountName='Arnold', id=9385, balance=6126084} toAccount Account{accountName='John', id=4026, balance=6378080} sum 2398151
13:04:39.247 [pool-1-thread-14] WARN  s.MoneyTransfer - pool-1-thread-14 Account ID: 6397 Name: John not enough sum trunsaction 4895156 have sum 2342046
13:04:39.263 [pool-1-thread-3] INFO  s.Transaction - Transaction complete with params: fromAccount Account{accountName='Vasya', id=4114, balance=2378589} toAccount Account{accountName='Vasya', id=3944, balance=11018658} sum 7455936
13:04:39.263 [pool-1-thread-3] WARN  s.MoneyTransfer - pool-1-thread-3 Account ID: 6397 Name: John not enough sum trunsaction 9605216 have sum 561581
13:04:39.263 [pool-1-thread-3] WARN  s.MoneyTransfer - pool-1-thread-3 Account ID: 9385 Name: Arnold not enough sum trunsaction 2183245 have sum 827124
13:04:39.274 [pool-1-thread-8] INFO  s.Transaction - Transaction complete with params: fromAccount Account{accountName='John', id=8231, balance=9141800} toAccount Account{accountName='Arnold', id=8996, balance=7287645} sum 3436847
13:04:39.365 [pool-1-thread-18] INFO  s.Transaction - Transaction complete with params: fromAccount Account{accountName='Vasya', id=4114, balance=806429} toAccount Account{accountName='Vova', id=4406, balance=10004240} sum 52027
13:04:39.365 [pool-1-thread-18] WARN  s.MoneyTransfer - pool-1-thread-18 Account ID: 8996 Name: Arnold not enough sum trunsaction 1472589 have sum 787893
13:04:39.365 [pool-1-thread-18] WARN  s.MoneyTransfer - pool-1-thread-18 Account ID: 4026 Name: John not enough sum trunsaction 9105865 have sum 3338019
13:04:39.365 [pool-1-thread-18] WARN  s.MoneyTransfer - pool-1-thread-18 Account ID: 4026 Name: John not enough sum trunsaction 5443619 have sum 3338019
13:04:39.365 [pool-1-thread-18] WARN  s.MoneyTransfer - pool-1-thread-18 Account ID: 4114 Name: Vasya not enough sum trunsaction 2647706 have sum 806429
13:04:39.365 [pool-1-thread-18] WARN  s.MoneyTransfer - pool-1-thread-18 Account ID: 6716 Name: John not enough sum trunsaction 4667905 have sum 2561303
13:04:39.365 [pool-1-thread-18] WARN  s.MoneyTransfer - pool-1-thread-18 Account ID: 8996 Name: Arnold not enough sum trunsaction 3974894 have sum 787893
13:04:39.396 [pool-1-thread-17] INFO  s.Transaction - Transaction complete with params: fromAccount Account{accountName='Arnold', id=9385, balance=3001604} toAccount Account{accountName='Vova', id=4406, balance=3179146} sum 359001
13:04:39.396 [pool-1-thread-17] WARN  s.MoneyTransfer - pool-1-thread-17 Account ID: 8231 Name: John not enough sum trunsaction 9190579 have sum 894601
13:04:39.396 [pool-1-thread-17] WARN  s.MoneyTransfer - pool-1-thread-17 Account ID: 9385 Name: Arnold not enough sum trunsaction 5092843 have sum 3001604
13:04:39.396 [pool-1-thread-17] WARN  s.MoneyTransfer - pool-1-thread-17 Account ID: 8996 Name: Arnold not enough sum trunsaction 6604178 have sum 764874
13:04:39.396 [pool-1-thread-17] WARN  s.MoneyTransfer - pool-1-thread-17 Account ID: 9385 Name: Arnold not enough sum trunsaction 8331314 have sum 3001604
13:04:39.396 [pool-1-thread-17] WARN  s.MoneyTransfer - pool-1-thread-17 Account ID: 4406 Name: Vova not enough sum trunsaction 9526440 have sum 3179146
13:04:39.396 [pool-1-thread-17] WARN  s.MoneyTransfer - pool-1-thread-17 Account ID: 3944 Name: Vasya not enough sum trunsaction 8719314 have sum 7969129
13:04:39.396 [pool-1-thread-17] WARN  s.MoneyTransfer - pool-1-thread-17 Account ID: 6716 Name: John not enough sum trunsaction 8398749 have sum 3871352
13:04:39.396 [pool-1-thread-17] WARN  s.MoneyTransfer - pool-1-thread-17 Account ID: 6397 Name: John not enough sum trunsaction 9782625 have sum 8614517
13:04:39.397 [pool-1-thread-9] INFO  s.Transaction - Transaction complete with params: fromAccount Account{accountName='Vasya', id=4114, balance=3426130} toAccount Account{accountName='Arnold', id=8996, balance=11783059} sum 8161163
13:04:39.398 [pool-1-thread-1] INFO  s.Transaction - Transaction complete with params: fromAccount Account{accountName='Vasya', id=3944, balance=32151} toAccount Account{accountName='Arnold', id=9385, balance=5642399} sum 5411623
13:04:39.429 [pool-1-thread-2] INFO  s.Transaction - Transaction complete with params: fromAccount Account{accountName='Vasya', id=4114, balance=502127} toAccount Account{accountName='John', id=6716, balance=5570921} sum 3919866
13:04:39.432 [pool-1-thread-16] INFO  s.Transaction - Transaction complete with params: fromAccount Account{accountName='Vasya', id=4114, balance=1066577} toAccount Account{accountName='Arnold', id=9385, balance=4468335} sum 1751431
13:04:39.432 [pool-1-thread-16] WARN  s.MoneyTransfer - pool-1-thread-16 Account ID: 4114 Name: Vasya not enough sum trunsaction 9476474 have sum 1066577
13:04:39.432 [pool-1-thread-16] WARN  s.MoneyTransfer - pool-1-thread-16 Account ID: 6716 Name: John not enough sum trunsaction 7720178 have sum 1470656
13:04:39.432 [pool-1-thread-16] WARN  s.MoneyTransfer - pool-1-thread-16 Account ID: 8231 Name: John not enough sum trunsaction 9924016 have sum 7912129
13:04:39.432 [pool-1-thread-16] WARN  s.MoneyTransfer - pool-1-thread-16 Accounts from & to are equals. Account ID: 6397
13:04:39.432 [pool-1-thread-16] WARN  s.MoneyTransfer - pool-1-thread-16 Account ID: 9385 Name: Arnold not enough sum trunsaction 6353687 have sum 4468335
13:04:39.434 [pool-1-thread-12] INFO  s.Transaction - Transaction complete with params: fromAccount Account{accountName='John', id=8231, balance=5879452} toAccount Account{accountName='Arnold', id=9385, balance=2904431} sum 531386
13:04:39.434 [pool-1-thread-12] WARN  s.MoneyTransfer - pool-1-thread-12 Account ID: 6716 Name: John not enough sum trunsaction 8823921 have sum 1487754
13:04:39.434 [pool-1-thread-12] WARN  s.MoneyTransfer - pool-1-thread-12 Account ID: 4026 Name: John not enough sum trunsaction 9827327 have sum 3197229
13:04:39.447 [pool-1-thread-5] INFO  s.Transaction - Transaction complete with params: fromAccount Account{accountName='John', id=6716, balance=3794608} toAccount Account{accountName='Vasya', id=3944, balance=7214920} sum 1071776
13:04:39.447 [pool-1-thread-5] WARN  s.MoneyTransfer - pool-1-thread-5 Accounts from & to are equals. Account ID: 3944
13:04:39.447 [pool-1-thread-5] WARN  s.MoneyTransfer - pool-1-thread-5 Accounts from & to are equals. Account ID: 8231
13:04:39.447 [pool-1-thread-5] WARN  s.MoneyTransfer - pool-1-thread-5 Account ID: 6397 Name: John not enough sum trunsaction 7984564 have sum 174037
13:04:39.447 [pool-1-thread-5] WARN  s.MoneyTransfer - pool-1-thread-5 Accounts from & to are equals. Account ID: 7665
13:04:39.447 [pool-1-thread-5] WARN  s.MoneyTransfer - pool-1-thread-5 Account ID: 4114 Name: Vasya not enough sum trunsaction 9751173 have sum 1583483
13:04:39.447 [pool-1-thread-5] WARN  s.MoneyTransfer - pool-1-thread-5 Account ID: 8996 Name: Arnold not enough sum trunsaction 6679619 have sum 791437
13:04:39.447 [pool-1-thread-5] WARN  s.MoneyTransfer - pool-1-thread-5 Account ID: 4114 Name: Vasya not enough sum trunsaction 2542552 have sum 1583483
13:04:39.447 [pool-1-thread-5] WARN  s.MoneyTransfer - pool-1-thread-5 Account ID: 8996 Name: Arnold not enough sum trunsaction 2521091 have sum 791437
13:04:39.456 [pool-1-thread-7] INFO  s.Transaction - Transaction complete with params: fromAccount Account{accountName='Vasya', id=7665, balance=614778} toAccount Account{accountName='John', id=6397, balance=4479840} sum 2234026
13:04:39.456 [pool-1-thread-7] WARN  s.MoneyTransfer - pool-1-thread-7 Account ID: 4026 Name: John not enough sum trunsaction 6940319 have sum 607176
13:04:39.463 [pool-1-thread-10] INFO  s.Transaction - Transaction complete with params: fromAccount Account{accountName='John', id=4026, balance=1934473} toAccount Account{accountName='Vasya', id=7665, balance=7256142} sum 802683
13:04:39.463 [pool-1-thread-10] WARN  s.MoneyTransfer - pool-1-thread-10 Account ID: 8996 Name: Arnold not enough sum trunsaction 3090622 have sum 2097200
13:04:39.531 [pool-1-thread-4] INFO  s.Transaction - Transaction complete with params: fromAccount Account{accountName='John', id=6397, balance=4710080} toAccount Account{accountName='Vasya', id=7665, balance=3264985} sum 320586
13:04:39.817 [pool-1-thread-15] INFO  s.Transaction - Transaction complete with params: fromAccount Account{accountName='Vasya', id=3944, balance=3451150} toAccount Account{accountName='Vasya', id=4114, balance=6753999} sum 3461328
13:04:39.817 [pool-1-thread-15] WARN  s.MoneyTransfer - pool-1-thread-15 Account ID: 4406 Name: Vova not enough sum trunsaction 7674092 have sum 5537167
13:04:39.817 [pool-1-thread-15] WARN  s.MoneyTransfer - pool-1-thread-15 Account ID: 3944 Name: Vasya not enough sum trunsaction 9041165 have sum 3451150
13:04:39.817 [pool-1-thread-15] WARN  s.MoneyTransfer - pool-1-thread-15 Account ID: 9385 Name: Arnold not enough sum trunsaction 4922575 have sum 2324529
13:04:39.817 [pool-1-thread-15] WARN  s.MoneyTransfer - pool-1-thread-15 Account ID: 8231 Name: John not enough sum trunsaction 3037593 have sum 19625
13:04:39.866 [pool-1-thread-8] INFO  s.Transaction - Transaction complete with params: fromAccount Account{accountName='Arnold', id=8996, balance=2294158} toAccount Account{accountName='Vasya', id=3944, balance=7810332} sum 4993487
13:04:39.912 [pool-1-thread-13] INFO  s.Transaction - Transaction complete with params: fromAccount Account{accountName='Vasya', id=4114, balance=1300257} toAccount Account{accountName='John', id=8231, balance=5120566} sum 4302517
13:04:39.912 [pool-1-thread-13] WARN  s.MoneyTransfer - pool-1-thread-13 Account ID: 6397 Name: John not enough sum trunsaction 6302923 have sum 4847582
13:04:39.912 [pool-1-thread-13] WARN  s.MoneyTransfer - pool-1-thread-13 Account ID: 6397 Name: John not enough sum trunsaction 9296520 have sum 4847582
13:04:39.961 [pool-1-thread-5] INFO  s.Transaction - Transaction complete with params: fromAccount Account{accountName='Vasya', id=7665, balance=3891320} toAccount Account{accountName='Arnold', id=9385, balance=2073806} sum 792224
13:04:39.961 [pool-1-thread-5] WARN  s.MoneyTransfer - pool-1-thread-5 Account ID: 6716 Name: John not enough sum trunsaction 9780418 have sum 3794608
13:04:39.961 [pool-1-thread-5] WARN  s.MoneyTransfer - pool-1-thread-5 Accounts from & to are equals. Account ID: 3944
13:04:39.961 [pool-1-thread-5] WARN  s.MoneyTransfer - pool-1-thread-5 Account ID: 4026 Name: John not enough sum trunsaction 5959820 have sum 1937863
13:04:40.005 [pool-1-thread-19] INFO  s.Transaction - Transaction complete with params: fromAccount Account{accountName='John', id=6397, balance=2764317} toAccount Account{accountName='Vasya', id=7665, balance=12716672} sum 1092372
13:04:40.011 [pool-1-thread-3] INFO  s.Transaction - Transaction complete with params: fromAccount Account{accountName='John', id=8231, balance=2890241} toAccount Account{accountName='Vasya', id=7665, balance=6390257} sum 887640
13:04:40.011 [pool-1-thread-3] WARN  s.MoneyTransfer - pool-1-thread-3 Account ID: 6397 Name: John not enough sum trunsaction 6838669 have sum 561581
13:04:40.011 [pool-1-thread-3] WARN  s.MoneyTransfer - pool-1-thread-3 Account ID: 4406 Name: Vova not enough sum trunsaction 9390075 have sum 2395161
13:04:40.011 [pool-1-thread-3] WARN  s.MoneyTransfer - pool-1-thread-3 Account ID: 4026 Name: John not enough sum trunsaction 9954033 have sum 394703
13:04:40.011 [pool-1-thread-3] WARN  s.MoneyTransfer - pool-1-thread-3 Account ID: 4406 Name: Vova not enough sum trunsaction 6578650 have sum 2395161
13:04:40.011 [pool-1-thread-3] WARN  s.MoneyTransfer - pool-1-thread-3 Account ID: 4114 Name: Vasya not enough sum trunsaction 9274453 have sum 2378589
13:04:40.011 [pool-1-thread-3] WARN  s.MoneyTransfer - pool-1-thread-3 Account ID: 6716 Name: John not enough sum trunsaction 9955357 have sum 4821796
13:04:40.020 [pool-1-thread-18] INFO  s.Transaction - Transaction complete with params: fromAccount Account{accountName='Vova', id=4406, balance=8259254} toAccount Account{accountName='Vasya', id=4114, balance=2551415} sum 1744986
13:04:40.020 [pool-1-thread-18] WARN  s.MoneyTransfer - pool-1-thread-18 Account ID: 8996 Name: Arnold not enough sum trunsaction 3748603 have sum 787893
13:04:40.020 [pool-1-thread-18] WARN  s.MoneyTransfer - pool-1-thread-18 Account ID: 6397 Name: John not enough sum trunsaction 6384195 have sum 3943357
13:04:40.020 [pool-1-thread-18] WARN  s.MoneyTransfer - pool-1-thread-18 Account ID: 8231 Name: John not enough sum trunsaction 6746135 have sum 4372485
13:04:40.040 [pool-1-thread-6] INFO  s.Transaction - Transaction complete with params: fromAccount Account{accountName='John', id=8231, balance=1085951} toAccount Account{accountName='Vasya', id=3944, balance=6535600} sum 1727786
13:04:40.040 [pool-1-thread-6] WARN  s.MoneyTransfer - pool-1-thread-6 Account ID: 9385 Name: Arnold not enough sum trunsaction 753926 have sum 101173
13:04:40.040 [pool-1-thread-6] WARN  s.MoneyTransfer - pool-1-thread-6 Account ID: 6397 Name: John not enough sum trunsaction 6955939 have sum 307323
13:04:40.045 [pool-1-thread-14] INFO  s.Transaction - Transaction complete with params: fromAccount Account{accountName='Vova', id=4406, balance=1131213} toAccount Account{accountName='John', id=6397, balance=5377820} sum 3035774
13:04:40.069 [pool-1-thread-11] INFO  s.Transaction - Transaction complete with params: fromAccount Account{accountName='John', id=8231, balance=3096695} toAccount Account{accountName='Vasya', id=3944, balance=2188103} sum 1426944
13:04:40.135 [pool-1-thread-4] INFO  s.Transaction - Transaction complete with params: fromAccount Account{accountName='Vasya', id=4114, balance=7566400} toAccount Account{accountName='Vasya', id=7665, balance=4910225} sum 1645240
13:04:40.135 [pool-1-thread-4] WARN  s.MoneyTransfer - pool-1-thread-4 Account ID: 4026 Name: John not enough sum trunsaction 2023554 have sum 1057539
13:04:40.135 [pool-1-thread-4] WARN  s.MoneyTransfer - pool-1-thread-4 Account ID: 8996 Name: Arnold not enough sum trunsaction 3084028 have sum 2199258
13:04:40.135 [pool-1-thread-4] WARN  s.MoneyTransfer - pool-1-thread-4 Account ID: 7665 Name: Vasya not enough sum trunsaction 5017485 have sum 4910225
13:04:40.159 [pool-1-thread-2] INFO  s.Transaction - Transaction complete with params: fromAccount Account{accountName='John', id=6716, balance=5354125} toAccount Account{accountName='Vova', id=4406, balance=6162758} sum 216796
13:04:40.159 [pool-1-thread-2] WARN  s.MoneyTransfer - pool-1-thread-2 Account ID: 9385 Name: Arnold not enough sum trunsaction 5147997 have sum 847988
13:04:40.159 [pool-1-thread-2] WARN  s.MoneyTransfer - pool-1-thread-2 Account ID: 6397 Name: John not enough sum trunsaction 7812742 have sum 7635166
13:04:40.159 [pool-1-thread-2] WARN  s.MoneyTransfer - pool-1-thread-2 Account ID: 9385 Name: Arnold not enough sum trunsaction 6582607 have sum 847988
13:04:40.159 [pool-1-thread-2] WARN  s.MoneyTransfer - pool-1-thread-2 Account ID: 4114 Name: Vasya not enough sum trunsaction 2964650 have sum 502127
13:04:40.159 [pool-1-thread-2] WARN  s.MoneyTransfer - pool-1-thread-2 Account ID: 3944 Name: Vasya not enough sum trunsaction 5879281 have sum 22403
13:04:40.159 [pool-1-thread-2] WARN  s.MoneyTransfer - pool-1-thread-2 Account ID: 6397 Name: John not enough sum trunsaction 8599497 have sum 7635166
13:04:40.181 [pool-1-thread-16] INFO  s.Transaction - Transaction complete with params: fromAccount Account{accountName='John', id=6397, balance=407403} toAccount Account{accountName='Vasya', id=4114, balance=4323472} sum 3256895
13:04:40.181 [pool-1-thread-16] WARN  s.MoneyTransfer - pool-1-thread-16 Account ID: 6397 Name: John not enough sum trunsaction 7418564 have sum 407403
13:04:40.181 [pool-1-thread-16] WARN  s.MoneyTransfer - pool-1-thread-16 Account ID: 6397 Name: John not enough sum trunsaction 8687054 have sum 407403
13:04:40.181 [pool-1-thread-16] WARN  s.MoneyTransfer - pool-1-thread-16 Account ID: 6397 Name: John not enough sum trunsaction 8752667 have sum 407403
13:04:40.181 [pool-1-thread-16] WARN  s.MoneyTransfer - pool-1-thread-16 Account ID: 9385 Name: Arnold not enough sum trunsaction 5209057 have sum 4468335
13:04:40.181 [pool-1-thread-16] WARN  s.MoneyTransfer - pool-1-thread-16 Account ID: 6716 Name: John not enough sum trunsaction 7970030 have sum 1470656
13:04:40.181 [pool-1-thread-16] WARN  s.MoneyTransfer - pool-1-thread-16 Account ID: 6397 Name: John not enough sum trunsaction 9657451 have sum 407403
13:04:40.181 [pool-1-thread-16] WARN  s.MoneyTransfer - pool-1-thread-16 Account ID: 7665 Name: Vasya not enough sum trunsaction 4572885 have sum 1429184
13:04:40.181 [pool-1-thread-16] WARN  s.MoneyTransfer - pool-1-thread-16 Account ID: 6716 Name: John not enough sum trunsaction 1998134 have sum 1470656
13:04:40.181 [pool-1-thread-16] WARN  s.MoneyTransfer - pool-1-thread-16 Account ID: 4406 Name: Vova not enough sum trunsaction 5594966 have sum 3499998
13:04:40.333 [pool-1-thread-7] INFO  s.Transaction - Transaction complete with params: fromAccount Account{accountName='John', id=6397, balance=2702593} toAccount Account{accountName='Vasya', id=7665, balance=2392025} sum 1777247
13:04:40.365 [pool-1-thread-1] INFO  s.Transaction - Transaction complete with params: fromAccount Account{accountName='John', id=4026, balance=14328116} toAccount Account{accountName='John', id=6716, balance=2985584} sum 464255
13:04:40.365 [pool-1-thread-1] WARN  s.MoneyTransfer - pool-1-thread-1 Account ID: 8996 Name: Arnold not enough sum trunsaction 548500 have sum 39770
13:04:40.375 [pool-1-thread-9] INFO  s.Transaction - Transaction complete with params: fromAccount Account{accountName='Arnold', id=8996, balance=3465185} toAccount Account{accountName='John', id=6716, balance=11716251} sum 8317874
13:04:40.375 [pool-1-thread-9] WARN  s.MoneyTransfer - pool-1-thread-9 Account ID: 4026 Name: John not enough sum trunsaction 9652351 have sum 7647021
13:04:40.390 [pool-1-thread-17] INFO  s.Transaction - Transaction complete with params: fromAccount Account{accountName='John', id=6397, balance=1894356} toAccount Account{accountName='John', id=6716, balance=10591513} sum 6720161
13:04:40.427 [pool-1-thread-10] INFO  s.Transaction - Transaction complete with params: fromAccount Account{accountName='Arnold', id=9385, balance=2855967} toAccount Account{accountName='Vasya', id=7665, balance=13675480} sum 6419338
13:04:40.431 [pool-1-thread-12] INFO  s.Transaction - Transaction complete with params: fromAccount Account{accountName='Vasya', id=7665, balance=1574491} toAccount Account{accountName='John', id=4026, balance=10544105} sum 7346876
13:04:40.452 [pool-1-thread-8] INFO  s.Transaction - Transaction complete with params: fromAccount Account{accountName='Vasya', id=7665, balance=4104609} toAccount Account{accountName='John', id=6716, balance=1397734} sum 697633
13:04:40.452 [pool-1-thread-8] WARN  s.MoneyTransfer - pool-1-thread-8 Account ID: 8996 Name: Arnold not enough sum trunsaction 3710670 have sum 2294158
13:04:40.492 [pool-1-thread-15] INFO  s.Transaction - Transaction complete with params: fromAccount Account{accountName='John', id=6397, balance=2372826} toAccount Account{accountName='Vasya', id=7665, balance=5129342} sum 279069
13:04:40.492 [pool-1-thread-15] WARN  s.MoneyTransfer - pool-1-thread-15 Account ID: 8996 Name: Arnold not enough sum trunsaction 897844 have sum 859757
13:04:40.492 [pool-1-thread-15] WARN  s.MoneyTransfer - pool-1-thread-15 Account ID: 4406 Name: Vova not enough sum trunsaction 6937294 have sum 5537167
13:04:40.492 [pool-1-thread-15] WARN  s.MoneyTransfer - pool-1-thread-15 Account ID: 9385 Name: Arnold not enough sum trunsaction 4115691 have sum 2324529
13:04:40.607 [pool-1-thread-18] INFO  s.Transaction - Transaction complete with params: fromAccount Account{accountName='Arnold', id=9385, balance=4692578} toAccount Account{accountName='John', id=6397, balance=7119462} sum 3176105
13:04:40.607 [pool-1-thread-18] WARN  s.MoneyTransfer - pool-1-thread-18 Account ID: 3944 Name: Vasya not enough sum trunsaction 9606379 have sum 1599187
13:04:40.615 [pool-1-thread-11] INFO  s.Transaction - Transaction complete with params: fromAccount Account{accountName='Arnold', id=9385, balance=4127373} toAccount Account{accountName='Arnold', id=8996, balance=11323173} sum 3475959
13:04:40.615 [pool-1-thread-11] WARN  s.MoneyTransfer - pool-1-thread-11 Account ID: 6397 Name: John not enough sum trunsaction 7253388 have sum 1389802
13:04:40.615 [pool-1-thread-11] WARN  s.MoneyTransfer - pool-1-thread-11 Account ID: 3944 Name: Vasya not enough sum trunsaction 9922654 have sum 2188103
13:04:40.615 [pool-1-thread-11] WARN  s.MoneyTransfer - pool-1-thread-11 Account ID: 7665 Name: Vasya not enough sum trunsaction 8353100 have sum 71012
13:04:40.615 [pool-1-thread-11] WARN  s.MoneyTransfer - pool-1-thread-11 Account ID: 6716 Name: John not enough sum trunsaction 9968166 have sum 3705118
13:04:40.615 [pool-1-thread-11] WARN  s.MoneyTransfer - pool-1-thread-11 Account ID: 7665 Name: Vasya not enough sum trunsaction 6856200 have sum 71012
13:04:40.615 [pool-1-thread-11] WARN  s.MoneyTransfer - pool-1-thread-11 Account ID: 6397 Name: John not enough sum trunsaction 7340321 have sum 1389802
13:04:40.615 [pool-1-thread-11] WARN  s.MoneyTransfer - pool-1-thread-11 Account ID: 8231 Name: John not enough sum trunsaction 5188541 have sum 3096695
13:04:40.615 [pool-1-thread-11] WARN  s.MoneyTransfer - pool-1-thread-11 Account ID: 6397 Name: John not enough sum trunsaction 9372469 have sum 1389802
13:04:40.640 [pool-1-thread-14] INFO  s.Transaction - Transaction complete with params: fromAccount Account{accountName='John', id=8231, balance=3136099} toAccount Account{accountName='John', id=6716, balance=1367028} sum 1056678
13:04:40.640 [pool-1-thread-14] WARN  s.MoneyTransfer - pool-1-thread-14 Account ID: 3944 Name: Vasya not enough sum trunsaction 1523558 have sum 132503
13:04:40.699 [pool-1-thread-19] INFO  s.Transaction - Transaction complete with params: fromAccount Account{accountName='John', id=4026, balance=1709528} toAccount Account{accountName='John', id=6716, balance=1770660} sum 239664
13:04:40.699 [pool-1-thread-19] WARN  s.MoneyTransfer - pool-1-thread-19 Account ID: 6716 Name: John not enough sum trunsaction 9326240 have sum 1770660
13:04:40.713 [pool-1-thread-5] INFO  s.Transaction - Transaction complete with params: fromAccount Account{accountName='John', id=8231, balance=2110624} toAccount Account{accountName='Vasya', id=3944, balance=14734492} sum 7519572
13:04:40.713 [pool-1-thread-5] WARN  s.MoneyTransfer - pool-1-thread-5 Account ID: 9385 Name: Arnold not enough sum trunsaction 5528599 have sum 2073806
13:04:40.713 [pool-1-thread-5] WARN  s.MoneyTransfer - pool-1-thread-5 Account ID: 6397 Name: John not enough sum trunsaction 4136137 have sum 174037
13:04:40.713 [pool-1-thread-5] WARN  s.MoneyTransfer - pool-1-thread-5 Account ID: 6397 Name: John not enough sum trunsaction 4109489 have sum 174037
13:04:40.778 [pool-1-thread-3] INFO  s.Transaction - Transaction complete with params: fromAccount Account{accountName='Vasya', id=3944, balance=8761509} toAccount Account{accountName='Arnold', id=8996, balance=6308051} sum 2257149
13:04:40.778 [pool-1-thread-3] WARN  s.MoneyTransfer - pool-1-thread-3 Account ID: 9385 Name: Arnold not enough sum trunsaction 4082254 have sum 827124
13:04:40.835 [pool-1-thread-2] INFO  s.Transaction - Transaction complete with params: fromAccount Account{accountName='John', id=6397, balance=24860} toAccount Account{accountName='Vasya', id=3944, balance=7632709} sum 7610306
13:04:40.835 [pool-1-thread-2] WARN  s.MoneyTransfer - pool-1-thread-2 Account ID: 6716 Name: John not enough sum trunsaction 6826854 have sum 5354125
13:04:40.896 [pool-1-thread-13] INFO  s.Transaction - Transaction complete with params: fromAccount Account{accountName='Arnold', id=8996, balance=7051351} toAccount Account{accountName='Vova', id=4406, balance=2180496} sum 1292628
13:04:40.896 [pool-1-thread-13] WARN  s.MoneyTransfer - pool-1-thread-13 Account ID: 4026 Name: John not enough sum trunsaction 4397089 have sum 80392
13:04:40.966 [pool-1-thread-4] INFO  s.Transaction - Transaction complete with params: fromAccount Account{accountName='John', id=8231, balance=2509423} toAccount Account{accountName='Vasya', id=7665, balance=5815246} sum 905021
13:04:40.966 [pool-1-thread-4] WARN  s.MoneyTransfer - pool-1-thread-4 Account ID: 7665 Name: Vasya not enough sum trunsaction 6285077 have sum 5815246
13:04:40.966 [pool-1-thread-4] WARN  s.MoneyTransfer - pool-1-thread-4 Account ID: 4026 Name: John not enough sum trunsaction 5414479 have sum 1057539
13:04:40.966 [pool-1-thread-4] WARN  s.MoneyTransfer - pool-1-thread-4 Account ID: 6716 Name: John not enough sum trunsaction 4592831 have sum 232243
13:04:40.966 [pool-1-thread-4] WARN  s.MoneyTransfer - pool-1-thread-4 Accounts from & to are equals. Account ID: 4406
13:04:40.966 [pool-1-thread-4] WARN  s.MoneyTransfer - pool-1-thread-4 Account ID: 6716 Name: John not enough sum trunsaction 3720477 have sum 232243
13:04:41.000 [pool-1-thread-1] INFO  s.Transaction - Transaction complete with params: fromAccount Account{accountName='John', id=6397, balance=933417} toAccount Account{accountName='Arnold', id=9385, balance=6036625} sum 394226
13:04:41.019 [pool-1-thread-6] INFO  s.Transaction - Transaction complete with params: fromAccount Account{accountName='John', id=4026, balance=6703974} toAccount Account{accountName='Arnold', id=8996, balance=3714721} sum 112847
13:04:41.019 [pool-1-thread-6] WARN  s.MoneyTransfer - pool-1-thread-6 Account ID: 9385 Name: Arnold not enough sum trunsaction 8577434 have sum 101173
13:04:41.093 [pool-1-thread-10] INFO  s.Transaction - Transaction complete with params: fromAccount Account{accountName='Arnold', id=9385, balance=1048783} toAccount Account{accountName='John', id=8231, balance=6646885} sum 1807184
13:04:41.093 [pool-1-thread-10] WARN  s.MoneyTransfer - pool-1-thread-10 Account ID: 4114 Name: Vasya not enough sum trunsaction 1752100 have sum 1650488
13:04:41.112 [pool-1-thread-9] INFO  s.Transaction - Transaction complete with params: fromAccount Account{accountName='John', id=6716, balance=10918964} toAccount Account{accountName='Vova', id=4406, balance=1559953} sum 797287
13:04:41.112 [pool-1-thread-9] WARN  s.MoneyTransfer - pool-1-thread-9 Account ID: 9385 Name: Arnold not enough sum trunsaction 8784449 have sum 2585178
13:04:41.112 [pool-1-thread-9] WARN  s.MoneyTransfer - pool-1-thread-9 Account ID: 9385 Name: Arnold not enough sum trunsaction 5212757 have sum 2585178
13:04:41.125 [pool-1-thread-16] INFO  s.Transaction - Transaction complete with params: fromAccount Account{accountName='Vasya', id=7665, balance=353033} toAccount Account{accountName='Vasya', id=3944, balance=1139605} sum 1076151
13:04:41.161 [pool-1-thread-8] INFO  s.Transaction - Transaction complete with params: fromAccount Account{accountName='Vasya', id=7665, balance=2104026} toAccount Account{accountName='Vasya', id=4114, balance=4388986} sum 2000583
13:04:41.161 [pool-1-thread-8] WARN  s.MoneyTransfer - pool-1-thread-8 Account ID: 4026 Name: John not enough sum trunsaction 6474872 have sum 5338676
13:04:41.181 [pool-1-thread-7] INFO  s.Transaction - Transaction complete with params: fromAccount Account{accountName='John', id=6716, balance=2462014} toAccount Account{accountName='Arnold', id=9385, balance=12789447} sum 6085707
13:04:41.181 [pool-1-thread-7] WARN  s.MoneyTransfer - pool-1-thread-7 Account ID: 4406 Name: Vova not enough sum trunsaction 5682260 have sum 5491464
13:04:41.205 [pool-1-thread-12] INFO  s.Transaction - Transaction complete with params: fromAccount Account{accountName='John', id=4026, balance=2958496} toAccount Account{accountName='Vova', id=4406, balance=14972284} sum 7585609
13:04:41.205 [pool-1-thread-12] WARN  s.MoneyTransfer - pool-1-thread-12 Account ID: 9385 Name: Arnold not enough sum trunsaction 4680356 have sum 2904431
13:04:41.331 [pool-1-thread-17] INFO  s.Transaction - Transaction complete with params: fromAccount Account{accountName='Vasya', id=3944, balance=3838351} toAccount Account{accountName='John', id=6397, balance=6025134} sum 4130778
13:04:41.331 [pool-1-thread-17] WARN  s.MoneyTransfer - pool-1-thread-17 Account ID: 4114 Name: Vasya not enough sum trunsaction 6655544 have sum 6094027
13:04:41.331 [pool-1-thread-17] WARN  s.MoneyTransfer - pool-1-thread-17 Account ID: 7665 Name: Vasya not enough sum trunsaction 1329647 have sum 38958
13:04:41.332 [pool-1-thread-15] INFO  s.Transaction - Transaction complete with params: fromAccount Account{accountName='Vasya', id=4114, balance=386481} toAccount Account{accountName='Arnold', id=8996, balance=7227275} sum 6367518
13:04:41.332 [pool-1-thread-15] WARN  s.MoneyTransfer - pool-1-thread-15 Account ID: 8996 Name: Arnold not enough sum trunsaction 7737309 have sum 7227275
13:04:41.332 [pool-1-thread-15] WARN  s.MoneyTransfer - pool-1-thread-15 Account ID: 4114 Name: Vasya not enough sum trunsaction 4420403 have sum 386481
13:04:41.332 [pool-1-thread-15] WARN  s.MoneyTransfer - pool-1-thread-15 Account ID: 8231 Name: John not enough sum trunsaction 2144219 have sum 19625
13:04:41.332 [pool-1-thread-15] WARN  s.MoneyTransfer - pool-1-thread-15 Account ID: 4114 Name: Vasya not enough sum trunsaction 6944591 have sum 386481
13:04:41.332 [pool-1-thread-15] WARN  s.MoneyTransfer - pool-1-thread-15 Account ID: 6397 Name: John not enough sum trunsaction 4257324 have sum 2372826
13:04:41.332 [pool-1-thread-15] WARN  s.MoneyTransfer - pool-1-thread-15 Account ID: 4114 Name: Vasya not enough sum trunsaction 9684052 have sum 386481
13:04:41.332 [pool-1-thread-15] WARN  s.MoneyTransfer - pool-1-thread-15 Account ID: 4114 Name: Vasya not enough sum trunsaction 4163715 have sum 386481
13:04:41.332 [pool-1-thread-15] WARN  s.MoneyTransfer - pool-1-thread-15 Account ID: 4114 Name: Vasya not enough sum trunsaction 8138659 have sum 386481
13:04:41.416 [pool-1-thread-18] INFO  s.Transaction - Transaction complete with params: fromAccount Account{accountName='John', id=6397, balance=278820} toAccount Account{accountName='John', id=4026, balance=10178661} sum 6840642
13:04:41.416 [pool-1-thread-18] WARN  s.MoneyTransfer - pool-1-thread-18 Account ID: 6397 Name: John not enough sum trunsaction 7408485 have sum 278820
13:04:41.417 [pool-1-thread-3] INFO  s.Transaction - Transaction complete with params: fromAccount Account{accountName='Vasya', id=7665, balance=3303485} toAccount Account{accountName='Vasya', id=3944, balance=11848281} sum 3086772
13:04:41.431 [pool-1-thread-13] INFO  s.Transaction - Transaction complete with params: fromAccount Account{accountName='Arnold', id=8996, balance=3202507} toAccount Account{accountName='John', id=8231, balance=8969410} sum 3848844
13:04:41.431 [pool-1-thread-13] WARN  s.MoneyTransfer - pool-1-thread-13 Accounts from & to are equals. Account ID: 8231
13:04:41.431 [pool-1-thread-13] WARN  s.MoneyTransfer - pool-1-thread-13 Account ID: 8996 Name: Arnold not enough sum trunsaction 9715042 have sum 3202507
13:04:41.431 [pool-1-thread-13] WARN  s.MoneyTransfer - pool-1-thread-13 Account ID: 4026 Name: John not enough sum trunsaction 3321622 have sum 80392
13:04:41.431 [pool-1-thread-13] WARN  s.MoneyTransfer - pool-1-thread-13 Account ID: 4026 Name: John not enough sum trunsaction 5203972 have sum 80392
13:04:41.431 [pool-1-thread-13] WARN  s.MoneyTransfer - pool-1-thread-13 Account ID: 4026 Name: John not enough sum trunsaction 1898277 have sum 80392
13:04:41.526 [pool-1-thread-11] INFO  s.Transaction - Transaction complete with params: fromAccount Account{accountName='John', id=8231, balance=318573} toAccount Account{accountName='John', id=6716, balance=6483240} sum 2778122
13:04:41.526 [pool-1-thread-11] WARN  s.MoneyTransfer - pool-1-thread-11 Account ID: 6716 Name: John not enough sum trunsaction 7105841 have sum 6483240
13:04:41.526 [pool-1-thread-11] WARN  s.MoneyTransfer - pool-1-thread-11 Account ID: 3944 Name: Vasya not enough sum trunsaction 6092005 have sum 2188103
13:04:41.526 [pool-1-thread-11] WARN  s.MoneyTransfer - pool-1-thread-11 Account ID: 8231 Name: John not enough sum trunsaction 3316087 have sum 318573
13:04:41.526 [pool-1-thread-11] WARN  s.MoneyTransfer - pool-1-thread-11 Account ID: 9385 Name: Arnold not enough sum trunsaction 4784675 have sum 4127373
13:04:41.526 [pool-1-thread-11] WARN  s.MoneyTransfer - pool-1-thread-11 Account ID: 9385 Name: Arnold not enough sum trunsaction 6906408 have sum 4127373
13:04:41.526 [pool-1-thread-11] WARN  s.MoneyTransfer - pool-1-thread-11 Account ID: 4114 Name: Vasya not enough sum trunsaction 5883734 have sum 1483243
13:04:41.565 [pool-1-thread-4] INFO  s.Transaction - Transaction complete with params: fromAccount Account{accountName='Vova', id=4406, balance=2190051} toAccount Account{accountName='Arnold', id=8996, balance=2559292} sum 360034
13:04:41.565 [pool-1-thread-4] WARN  s.MoneyTransfer - pool-1-thread-4 Account ID: 3944 Name: Vasya not enough sum trunsaction 6572680 have sum 1710283
13:04:41.565 [pool-1-thread-4] WARN  s.MoneyTransfer - pool-1-thread-4 Account ID: 4406 Name: Vova not enough sum trunsaction 5895210 have sum 2190051
13:04:41.565 [pool-1-thread-4] WARN  s.MoneyTransfer - pool-1-thread-4 Account ID: 4114 Name: Vasya not enough sum trunsaction 8680214 have sum 7566400
13:04:41.565 [pool-1-thread-4] WARN  s.MoneyTransfer - pool-1-thread-4 Account ID: 9385 Name: Arnold not enough sum trunsaction 9489028 have sum 7378455
13:04:41.565 [pool-1-thread-4] WARN  s.MoneyTransfer - pool-1-thread-4 Account ID: 6397 Name: John not enough sum trunsaction 7439737 have sum 4710080
13:04:41.594 [pool-1-thread-14] INFO  s.Transaction - Transaction complete with params: fromAccount Account{accountName='Vasya', id=4114, balance=4569355} toAccount Account{accountName='Arnold', id=9385, balance=12928534} sum 6802450
13:04:41.594 [pool-1-thread-14] WARN  s.MoneyTransfer - pool-1-thread-14 Account ID: 4406 Name: Vova not enough sum trunsaction 8195095 have sum 1131213
13:04:41.594 [pool-1-thread-14] WARN  s.MoneyTransfer - pool-1-thread-14 Account ID: 7665 Name: Vasya not enough sum trunsaction 9091050 have sum 419809
13:04:41.600 [pool-1-thread-2] INFO  s.Transaction - Transaction complete with params: fromAccount Account{accountName='Vova', id=4406, balance=6110899} toAccount Account{accountName='John', id=6397, balance=76719} sum 51859
13:04:41.600 [pool-1-thread-2] WARN  s.MoneyTransfer - pool-1-thread-2 Account ID: 7665 Name: Vasya not enough sum trunsaction 8264018 have sum 5424090
13:04:41.600 [pool-1-thread-2] WARN  s.MoneyTransfer - pool-1-thread-2 Account ID: 7665 Name: Vasya not enough sum trunsaction 6846515 have sum 5424090
13:04:41.600 [pool-1-thread-2] WARN  s.MoneyTransfer - pool-1-thread-2 Account ID: 7665 Name: Vasya not enough sum trunsaction 9959679 have sum 5424090
13:04:41.600 [pool-1-thread-2] WARN  s.MoneyTransfer - pool-1-thread-2 Account ID: 4026 Name: John not enough sum trunsaction 5552006 have sum 2338257
13:04:41.600 [pool-1-thread-2] WARN  s.MoneyTransfer - pool-1-thread-2 Account ID: 4114 Name: Vasya not enough sum trunsaction 6311631 have sum 502127
13:04:41.605 [pool-1-thread-5] INFO  s.Transaction - Transaction complete with params: fromAccount Account{accountName='Vasya', id=3944, balance=8966358} toAccount Account{accountName='John', id=4026, balance=7705997} sum 5768134
13:04:41.646 [pool-1-thread-19] INFO  s.Transaction - Transaction complete with params: fromAccount Account{accountName='Vasya', id=7665, balance=6262282} toAccount Account{accountName='John', id=6397, balance=9218707} sum 6454390
13:04:41.646 [pool-1-thread-19] WARN  s.MoneyTransfer - pool-1-thread-19 Account ID: 4026 Name: John not enough sum trunsaction 5921431 have sum 1709528
13:04:41.646 [pool-1-thread-19] WARN  s.MoneyTransfer - pool-1-thread-19 Accounts from & to are equals. Account ID: 4026
13:04:41.663 [pool-1-thread-6] INFO  s.Transaction - Transaction complete with params: fromAccount Account{accountName='Vasya', id=4114, balance=8881697} toAccount Account{accountName='Vova', id=4406, balance=2911516} sum 2738580
13:04:41.663 [pool-1-thread-6] WARN  s.MoneyTransfer - pool-1-thread-6 Account ID: 7665 Name: Vasya not enough sum trunsaction 7552759 have sum 3518534
13:04:41.663 [pool-1-thread-6] WARN  s.MoneyTransfer - pool-1-thread-6 Account ID: 8996 Name: Arnold not enough sum trunsaction 4710387 have sum 3714721
13:04:41.718 [pool-1-thread-8] INFO  s.Transaction - Transaction complete with params: fromAccount Account{accountName='Vasya', id=4114, balance=1302935} toAccount Account{accountName='Vasya', id=7665, balance=5190077} sum 3086051
13:04:41.718 [pool-1-thread-8] WARN  s.MoneyTransfer - pool-1-thread-8 Account ID: 4026 Name: John not enough sum trunsaction 8335134 have sum 5338676
13:04:41.718 [pool-1-thread-8] WARN  s.MoneyTransfer - pool-1-thread-8 Account ID: 6397 Name: John not enough sum trunsaction 3219989 have sum 2738223
13:04:41.718 [pool-1-thread-8] WARN  s.MoneyTransfer - pool-1-thread-8 Account ID: 6716 Name: John not enough sum trunsaction 5307001 have sum 1397734
13:04:41.718 [pool-1-thread-8] WARN  s.MoneyTransfer - pool-1-thread-8 Account ID: 6716 Name: John not enough sum trunsaction 5178633 have sum 1397734
13:04:41.718 [pool-1-thread-8] WARN  s.MoneyTransfer - pool-1-thread-8 Account ID: 6716 Name: John not enough sum trunsaction 7343184 have sum 1397734
13:04:41.718 [pool-1-thread-8] WARN  s.MoneyTransfer - pool-1-thread-8 Account ID: 4114 Name: Vasya not enough sum trunsaction 4878931 have sum 1302935
13:04:41.718 [pool-1-thread-8] WARN  s.MoneyTransfer - pool-1-thread-8 Account ID: 9385 Name: Arnold not enough sum trunsaction 979857 have sum 92363
13:04:41.718 [pool-1-thread-8] WARN  s.MoneyTransfer - pool-1-thread-8 Account ID: 6716 Name: John not enough sum trunsaction 3502966 have sum 1397734
13:04:41.734 [pool-1-thread-10] INFO  s.Transaction - Transaction complete with params: fromAccount Account{accountName='Vasya', id=7665, balance=6238001} toAccount Account{accountName='Vasya', id=3944, balance=10135630} sum 7437479
13:04:41.734 [pool-1-thread-10] WARN  s.MoneyTransfer - pool-1-thread-10 Account ID: 9385 Name: Arnold not enough sum trunsaction 5070489 have sum 1048783
13:04:41.734 [pool-1-thread-10] WARN  s.MoneyTransfer - pool-1-thread-10 Account ID: 6397 Name: John not enough sum trunsaction 6809521 have sum 3861642
13:04:41.872 [pool-1-thread-16] INFO  s.Transaction - Transaction complete with params: fromAccount Account{accountName='John', id=6397, balance=365651} toAccount Account{accountName='Arnold', id=8996, balance=3701544} sum 41752
13:04:41.872 [pool-1-thread-16] WARN  s.MoneyTransfer - pool-1-thread-16 Account ID: 7665 Name: Vasya not enough sum trunsaction 5958791 have sum 353033
13:04:41.872 [pool-1-thread-16] WARN  s.MoneyTransfer - pool-1-thread-16 Account ID: 6716 Name: John not enough sum trunsaction 3420887 have sum 1470656
13:04:41.872 [pool-1-thread-16] WARN  s.MoneyTransfer - pool-1-thread-16 Account ID: 6397 Name: John not enough sum trunsaction 5316306 have sum 365651
13:04:41.872 [pool-1-thread-16] WARN  s.MoneyTransfer - pool-1-thread-16 Account ID: 9385 Name: Arnold not enough sum trunsaction 6671441 have sum 4468335
13:04:41.872 [pool-1-thread-16] WARN  s.MoneyTransfer - pool-1-thread-16 Account ID: 7665 Name: Vasya not enough sum trunsaction 3913608 have sum 353033
13:04:41.940 [pool-1-thread-1] INFO  s.Transaction - Transaction complete with params: fromAccount Account{accountName='John', id=4026, balance=4879725} toAccount Account{accountName='John', id=6716, balance=12433975} sum 9448391
13:04:41.950 [pool-1-thread-9] INFO  s.Transaction - Transaction complete with params: fromAccount Account{accountName='Arnold', id=8996, balance=1886878} toAccount Account{accountName='Vasya', id=7665, balance=3396200} sum 1578307
13:04:41.950 [pool-1-thread-9] WARN  s.MoneyTransfer - pool-1-thread-9 Account ID: 4026 Name: John not enough sum trunsaction 8896726 have sum 7647021
13:04:41.950 [pool-1-thread-9] WARN  s.MoneyTransfer - pool-1-thread-9 Account ID: 4114 Name: Vasya not enough sum trunsaction 4004111 have sum 3426130
13:04:41.950 [pool-1-thread-9] WARN  s.MoneyTransfer - pool-1-thread-9 Account ID: 9385 Name: Arnold not enough sum trunsaction 8704024 have sum 2585178
13:04:41.950 [pool-1-thread-9] WARN  s.MoneyTransfer - pool-1-thread-9 Account ID: 8231 Name: John not enough sum trunsaction 3426316 have sum 547874
13:04:41.986 [pool-1-thread-15] INFO  s.Transaction - Transaction complete with params: fromAccount Account{accountName='John', id=6716, balance=1421531} toAccount Account{accountName='Vasya', id=7665, balance=11365203} sum 6235861
13:04:41.986 [pool-1-thread-15] WARN  s.MoneyTransfer - pool-1-thread-15 Account ID: 9385 Name: Arnold not enough sum trunsaction 7769237 have sum 2324529
13:04:41.993 [pool-1-thread-7] INFO  s.Transaction - Transaction complete with params: fromAccount Account{accountName='Vova', id=4406, balance=1302495} toAccount Account{accountName='John', id=6716, balance=6650983} sum 4188969
13:04:41.993 [pool-1-thread-7] WARN  s.MoneyTransfer - pool-1-thread-7 Account ID: 4026 Name: John not enough sum trunsaction 3267608 have sum 607176
13:04:41.993 [pool-1-thread-7] WARN  s.MoneyTransfer - pool-1-thread-7 Account ID: 3944 Name: Vasya not enough sum trunsaction 3536286 have sum 443188
13:04:42.089 [pool-1-thread-3] INFO  s.Transaction - Transaction complete with params: fromAccount Account{accountName='John', id=8231, balance=2138519} toAccount Account{accountName='Arnold', id=8996, balance=7059773} sum 751722
13:04:42.089 [pool-1-thread-3] WARN  s.MoneyTransfer - pool-1-thread-3 Account ID: 7665 Name: Vasya not enough sum trunsaction 6278281 have sum 3303485
13:04:42.089 [pool-1-thread-3] WARN  s.MoneyTransfer - pool-1-thread-3 Account ID: 6397 Name: John not enough sum trunsaction 7360950 have sum 561581
13:04:42.089 [pool-1-thread-3] WARN  s.MoneyTransfer - pool-1-thread-3 Account ID: 9385 Name: Arnold not enough sum trunsaction 1592673 have sum 827124
13:04:42.089 [pool-1-thread-3] WARN  s.MoneyTransfer - pool-1-thread-3 Account ID: 4114 Name: Vasya not enough sum trunsaction 8293185 have sum 2378589
13:04:42.117 [pool-1-thread-17] INFO  s.Transaction - Transaction complete with params: fromAccount Account{accountName='John', id=4026, balance=722122} toAccount Account{accountName='Arnold', id=9385, balance=3580286} sum 578682
13:04:42.117 [pool-1-thread-17] WARN  s.MoneyTransfer - pool-1-thread-17 Account ID: 8996 Name: Arnold not enough sum trunsaction 959375 have sum 764874
13:04:42.117 [pool-1-thread-17] WARN  s.MoneyTransfer - pool-1-thread-17 Account ID: 8996 Name: Arnold not enough sum trunsaction 6110522 have sum 764874
13:04:42.134 [pool-1-thread-11] INFO  s.Transaction - Transaction complete with params: fromAccount Account{accountName='Arnold', id=9385, balance=2897820} toAccount Account{accountName='John', id=6397, balance=2619355} sum 1229553
13:04:42.134 [pool-1-thread-11] WARN  s.MoneyTransfer - pool-1-thread-11 Account ID: 6397 Name: John not enough sum trunsaction 5737700 have sum 2619355
13:04:42.134 [pool-1-thread-11] WARN  s.MoneyTransfer - pool-1-thread-11 Account ID: 6716 Name: John not enough sum trunsaction 7632614 have sum 6483240
13:04:42.134 [pool-1-thread-11] WARN  s.MoneyTransfer - pool-1-thread-11 Account ID: 4114 Name: Vasya not enough sum trunsaction 5021113 have sum 1483243
13:04:42.196 [pool-1-thread-12] INFO  s.Transaction - Transaction complete with params: fromAccount Account{accountName='John', id=6397, balance=75304} toAccount Account{accountName='Vasya', id=7665, balance=2604587} sum 1030096
13:04:42.196 [pool-1-thread-12] WARN  s.MoneyTransfer - pool-1-thread-12 Account ID: 4114 Name: Vasya not enough sum trunsaction 2392521 have sum 1964272
13:04:42.196 [pool-1-thread-12] WARN  s.MoneyTransfer - pool-1-thread-12 Account ID: 3944 Name: Vasya not enough sum trunsaction 3296481 have sum 1258936
13:04:42.208 [pool-1-thread-13] INFO  s.Transaction - Transaction complete with params: fromAccount Account{accountName='John', id=6397, balance=4616737} toAccount Account{accountName='Vasya', id=7665, balance=2097809} sum 230845
13:04:42.208 [pool-1-thread-13] WARN  s.MoneyTransfer - pool-1-thread-13 Account ID: 4114 Name: Vasya not enough sum trunsaction 7200416 have sum 1300257
13:04:42.208 [pool-1-thread-13] WARN  s.MoneyTransfer - pool-1-thread-13 Account ID: 4114 Name: Vasya not enough sum trunsaction 2504255 have sum 1300257
13:04:42.208 [pool-1-thread-13] WARN  s.MoneyTransfer - pool-1-thread-13 Accounts from & to are equals. Account ID: 6716
13:04:42.218 [pool-1-thread-19] INFO  s.Transaction - Transaction complete with params: fromAccount Account{accountName='Vasya', id=3944, balance=465658} toAccount Account{accountName='John', id=6397, balance=9292170} sum 73463
13:04:42.218 [pool-1-thread-19] WARN  s.MoneyTransfer - pool-1-thread-19 Account ID: 7665 Name: Vasya not enough sum trunsaction 9577956 have sum 6262282
13:04:42.218 [pool-1-thread-19] WARN  s.MoneyTransfer - pool-1-thread-19 Account ID: 3944 Name: Vasya not enough sum trunsaction 3497351 have sum 465658
13:04:42.218 [pool-1-thread-19] WARN  s.MoneyTransfer - pool-1-thread-19 Account ID: 4114 Name: Vasya not enough sum trunsaction 8868590 have sum 8655091
13:04:42.218 [pool-1-thread-19] WARN  s.MoneyTransfer - pool-1-thread-19 Account ID: 8231 Name: John not enough sum trunsaction 4604510 have sum 2173403
13:04:42.218 [pool-1-thread-19] WARN  s.MoneyTransfer - pool-1-thread-19 Account ID: 8996 Name: Arnold not enough sum trunsaction 5033956 have sum 357379
13:04:42.218 [pool-1-thread-19] WARN  s.MoneyTransfer - pool-1-thread-19 Account ID: 4406 Name: Vova not enough sum trunsaction 9602545 have sum 1801853
13:04:42.218 [pool-1-thread-19] WARN  s.MoneyTransfer - pool-1-thread-19 Accounts from & to are equals. Account ID: 7665
13:04:42.218 [pool-1-thread-19] WARN  s.MoneyTransfer - pool-1-thread-19 Account ID: 3944 Name: Vasya not enough sum trunsaction 9201570 have sum 465658
13:04:42.258 [pool-1-thread-14] INFO  s.Transaction - Transaction complete with params: fromAccount Account{accountName='John', id=6397, balance=4617633} toAccount Account{accountName='Arnold', id=9385, balance=13688721} sum 760187
13:04:42.259 [pool-1-thread-14] WARN  s.MoneyTransfer - pool-1-thread-14 Account ID: 3944 Name: Vasya not enough sum trunsaction 7484627 have sum 132503
13:04:42.259 [pool-1-thread-14] WARN  s.MoneyTransfer - pool-1-thread-14 Account ID: 3944 Name: Vasya not enough sum trunsaction 2387871 have sum 132503
13:04:42.259 [pool-1-thread-14] WARN  s.MoneyTransfer - pool-1-thread-14 Account ID: 8996 Name: Arnold not enough sum trunsaction 7124358 have sum 288571
13:04:42.259 [pool-1-thread-14] WARN  s.MoneyTransfer - pool-1-thread-14 Account ID: 8996 Name: Arnold not enough sum trunsaction 8870766 have sum 288571
13:04:42.289 [pool-1-thread-18] INFO  s.Transaction - Transaction complete with params: fromAccount Account{accountName='John', id=6716, balance=1870803} toAccount Account{accountName='Vova', id=4406, balance=8949754} sum 690500
13:04:42.289 [pool-1-thread-18] WARN  s.MoneyTransfer - pool-1-thread-18 Account ID: 4114 Name: Vasya not enough sum trunsaction 6520334 have sum 2551415
13:04:42.289 [pool-1-thread-18] WARN  s.MoneyTransfer - pool-1-thread-18 Account ID: 8996 Name: Arnold not enough sum trunsaction 2372389 have sum 787893
13:04:42.289 [pool-1-thread-18] WARN  s.MoneyTransfer - pool-1-thread-18 Account ID: 3944 Name: Vasya not enough sum trunsaction 9383273 have sum 1599187
13:04:42.289 [pool-1-thread-18] WARN  s.MoneyTransfer - pool-1-thread-18 Account ID: 6716 Name: John not enough sum trunsaction 5821763 have sum 1870803
13:04:42.289 [pool-1-thread-18] WARN  s.MoneyTransfer - pool-1-thread-18 Account ID: 7665 Name: Vasya not enough sum trunsaction 2694215 have sum 447416
13:04:42.289 [pool-1-thread-18] WARN  s.MoneyTransfer - pool-1-thread-18 Account ID: 9385 Name: Arnold not enough sum trunsaction 4991589 have sum 4692578
13:04:42.289 [pool-1-thread-18] WARN  s.MoneyTransfer - pool-1-thread-18 Account ID: 9385 Name: Arnold not enough sum trunsaction 5550207 have sum 4692578
13:04:42.289 [pool-1-thread-18] WARN  s.MoneyTransfer - pool-1-thread-18 Account ID: 6397 Name: John not enough sum trunsaction 5802326 have sum 278820
13:04:42.289 [pool-1-thread-18] WARN  s.MoneyTransfer - pool-1-thread-18 Account ID: 8231 Name: John not enough sum trunsaction 8154436 have sum 4372485
13:04:42.289 [pool-1-thread-18] WARN  s.MoneyTransfer - pool-1-thread-18 Account ID: 8996 Name: Arnold not enough sum trunsaction 4015687 have sum 787893
13:04:42.297 [pool-1-thread-6] INFO  s.Transaction - Transaction complete with params: fromAccount Account{accountName='John', id=8231, balance=580761} toAccount Account{accountName='Vasya', id=3944, balance=7040790} sum 505190
13:04:42.297 [pool-1-thread-6] WARN  s.MoneyTransfer - pool-1-thread-6 Account ID: 6397 Name: John not enough sum trunsaction 6645859 have sum 307323
13:04:42.297 [pool-1-thread-6] WARN  s.MoneyTransfer - pool-1-thread-6 Account ID: 6716 Name: John not enough sum trunsaction 4271827 have sum 1968523
13:04:42.319 [pool-1-thread-5] INFO  s.Transaction - Transaction complete with params: fromAccount Account{accountName='Vova', id=4406, balance=1539795} toAccount Account{accountName='Vasya', id=3944, balance=12063905} sum 3097547
13:04:42.319 [pool-1-thread-5] WARN  s.MoneyTransfer - pool-1-thread-5 Account ID: 8996 Name: Arnold not enough sum trunsaction 2564252 have sum 791437
13:04:42.319 [pool-1-thread-5] WARN  s.MoneyTransfer - pool-1-thread-5 Account ID: 6397 Name: John not enough sum trunsaction 6841337 have sum 174037
13:04:42.319 [pool-1-thread-5] WARN  s.MoneyTransfer - pool-1-thread-5 Account ID: 8996 Name: Arnold not enough sum trunsaction 8734760 have sum 791437
13:04:42.319 [pool-1-thread-5] WARN  s.MoneyTransfer - pool-1-thread-5 Account ID: 6716 Name: John not enough sum trunsaction 4129561 have sum 3794608
13:04:42.319 [pool-1-thread-5] WARN  s.MoneyTransfer - pool-1-thread-5 Account ID: 6397 Name: John not enough sum trunsaction 5707146 have sum 174037
13:04:42.399 [pool-1-thread-10] INFO  s.Transaction - Transaction complete with params: fromAccount Account{accountName='John', id=8231, balance=4294014} toAccount Account{accountName='Vova', id=4406, balance=2833883} sum 2352871
13:04:42.469 [pool-1-thread-2] INFO  s.Transaction - Transaction complete with params: fromAccount Account{accountName='Arnold', id=8996, balance=2588641} toAccount Account{accountName='John', id=6397, balance=989643} sum 912924
13:04:42.472 [pool-1-thread-16] INFO  s.Transaction - Transaction complete with params: fromAccount Account{accountName='John', id=8231, balance=65996} toAccount Account{accountName='John', id=6716, balance=9316789} sum 7846133
13:04:42.472 [pool-1-thread-16] WARN  s.MoneyTransfer - pool-1-thread-16 Account ID: 4406 Name: Vova not enough sum trunsaction 3529898 have sum 3499998
13:04:42.472 [pool-1-thread-4] INFO  s.Transaction - Transaction complete with params: fromAccount Account{accountName='John', id=6397, balance=2440197} toAccount Account{accountName='Vova', id=4406, balance=4459934} sum 2269883
13:04:42.495 [pool-1-thread-8] INFO  s.Transaction - Transaction complete with params: fromAccount Account{accountName='Vasya', id=7665, balance=2812350} toAccount Account{accountName='John', id=6716, balance=3775461} sum 2377727
13:04:42.495 [pool-1-thread-8] WARN  s.MoneyTransfer - pool-1-thread-8 Account ID: 6716 Name: John not enough sum trunsaction 7614304 have sum 3775461
13:04:42.678 [pool-1-thread-1] INFO  s.Transaction - Transaction complete with params: fromAccount Account{accountName='John', id=6716, balance=9212901} toAccount Account{accountName='Vova', id=4406, balance=6540501} sum 3221074
13:04:42.678 [pool-1-thread-1] WARN  s.MoneyTransfer - pool-1-thread-1 Account ID: 6397 Name: John not enough sum trunsaction 9823033 have sum 933417
13:04:42.678 [pool-1-thread-1] WARN  s.MoneyTransfer - pool-1-thread-1 Account ID: 4114 Name: Vasya not enough sum trunsaction 3890654 have sum 1145495
13:04:42.678 [pool-1-thread-1] WARN  s.MoneyTransfer - pool-1-thread-1 Account ID: 8996 Name: Arnold not enough sum trunsaction 4011043 have sum 39770
13:04:42.678 [pool-1-thread-1] WARN  s.MoneyTransfer - pool-1-thread-1 Account ID: 6397 Name: John not enough sum trunsaction 8276466 have sum 933417
13:04:42.678 [pool-1-thread-1] WARN  s.MoneyTransfer - pool-1-thread-1 Account ID: 6397 Name: John not enough sum trunsaction 2067391 have sum 933417
13:04:42.678 [pool-1-thread-1] WARN  s.MoneyTransfer - pool-1-thread-1 Account ID: 4026 Name: John not enough sum trunsaction 7734379 have sum 4879725
13:04:42.827 [pool-1-thread-7] INFO  s.Transaction - Transaction complete with params: fromAccount Account{accountName='Vasya', id=7665, balance=286243} toAccount Account{accountName='John', id=6397, balance=4808375} sum 2105782
13:04:42.827 [pool-1-thread-7] WARN  s.MoneyTransfer - pool-1-thread-7 Account ID: 8231 Name: John not enough sum trunsaction 4903205 have sum 4743519
13:04:42.827 [pool-1-thread-7] WARN  s.MoneyTransfer - pool-1-thread-7 Account ID: 3944 Name: Vasya not enough sum trunsaction 849791 have sum 443188
13:04:42.827 [pool-1-thread-7] WARN  s.MoneyTransfer - pool-1-thread-7 Accounts from & to are equals. Account ID: 9385
13:04:42.827 [pool-1-thread-7] WARN  s.MoneyTransfer - pool-1-thread-7 Accounts from & to are equals. Account ID: 8996
13:04:42.827 [pool-1-thread-7] WARN  s.MoneyTransfer - pool-1-thread-7 Account ID: 4406 Name: Vova not enough sum trunsaction 5711814 have sum 1302495
13:04:42.837 [pool-1-thread-9] INFO  s.Transaction - Transaction complete with params: fromAccount Account{accountName='Vasya', id=3944, balance=1735588} toAccount Account{accountName='Vasya', id=7665, balance=3804451} sum 408251
13:04:42.837 [pool-1-thread-9] WARN  s.MoneyTransfer - pool-1-thread-9 Account ID: 9385 Name: Arnold not enough sum trunsaction 7378052 have sum 2585178
13:04:42.848 [pool-1-thread-15] INFO  s.Transaction - Transaction complete with params: fromAccount Account{accountName='Arnold', id=9385, balance=1916356} toAccount Account{accountName='Vova', id=4406, balance=5945340} sum 408173
13:04:42.848 [pool-1-thread-15] WARN  s.MoneyTransfer - pool-1-thread-15 Account ID: 9385 Name: Arnold not enough sum trunsaction 5172914 have sum 1916356
13:04:42.848 [pool-1-thread-15] WARN  s.MoneyTransfer - pool-1-thread-15 Account ID: 4406 Name: Vova not enough sum trunsaction 8597640 have sum 5945340
13:04:42.848 [pool-1-thread-15] WARN  s.MoneyTransfer - pool-1-thread-15 Account ID: 4114 Name: Vasya not enough sum trunsaction 7599414 have sum 386481
13:04:42.848 [pool-1-thread-15] WARN  s.MoneyTransfer - pool-1-thread-15 Account ID: 6716 Name: John not enough sum trunsaction 1839733 have sum 1421531
13:04:42.858 [pool-1-thread-6] INFO  s.Transaction - Transaction complete with params: fromAccount Account{accountName='Vasya', id=4114, balance=5573706} toAccount Account{accountName='John', id=6716, balance=5276514} sum 3307991
13:04:42.858 [pool-1-thread-6] WARN  s.MoneyTransfer - pool-1-thread-6 Account ID: 9385 Name: Arnold not enough sum trunsaction 8920848 have sum 101173
13:04:42.984 [pool-1-thread-12] INFO  s.Transaction - Transaction complete with params: fromAccount Account{accountName='John', id=8231, balance=3029603} toAccount Account{accountName='Arnold', id=9385, balance=5754280} sum 2849849
13:04:42.984 [pool-1-thread-12] WARN  s.MoneyTransfer - pool-1-thread-12 Account ID: 4026 Name: John not enough sum trunsaction 6420304 have sum 2958496
13:04:42.984 [pool-1-thread-12] WARN  s.MoneyTransfer - pool-1-thread-12 Account ID: 4026 Name: John not enough sum trunsaction 7755221 have sum 2958496
13:04:42.984 [pool-1-thread-12] WARN  s.MoneyTransfer - pool-1-thread-12 Account ID: 6397 Name: John not enough sum trunsaction 3716590 have sum 75304
13:04:43.054 [pool-1-thread-5] INFO  s.Transaction - Transaction complete with params: fromAccount Account{accountName='John', id=4026, balance=2571732} toAccount Account{accountName='John', id=8231, balance=7244889} sum 5134265
13:04:43.054 [pool-1-thread-17] INFO  s.Transaction - Transaction complete with params: fromAccount Account{accountName='Arnold', id=9385, balance=918511} toAccount Account{accountName='Vasya', id=4114, balance=8755802} sum 2661775
13:04:43.054 [pool-1-thread-5] WARN  s.MoneyTransfer - pool-1-thread-5 Account ID: 6716 Name: John not enough sum trunsaction 8619296 have sum 3794608
13:04:43.054 [pool-1-thread-17] WARN  s.MoneyTransfer - pool-1-thread-17 Account ID: 3944 Name: Vasya not enough sum trunsaction 4135322 have sum 3838351
13:04:43.054 [pool-1-thread-5] WARN  s.MoneyTransfer - pool-1-thread-5 Account ID: 8996 Name: Arnold not enough sum trunsaction 9048596 have sum 791437
13:04:43.054 [pool-1-thread-17] WARN  s.MoneyTransfer - pool-1-thread-17 Account ID: 8996 Name: Arnold not enough sum trunsaction 9278920 have sum 764874
13:04:43.054 [pool-1-thread-5] WARN  s.MoneyTransfer - pool-1-thread-5 Account ID: 4406 Name: Vova not enough sum trunsaction 4238029 have sum 1539795
13:04:43.054 [pool-1-thread-5] WARN  s.MoneyTransfer - pool-1-thread-5 Account ID: 6397 Name: John not enough sum trunsaction 1999142 have sum 174037
13:04:43.054 [pool-1-thread-5] WARN  s.MoneyTransfer - pool-1-thread-5 Account ID: 7665 Name: Vasya not enough sum trunsaction 5592989 have sum 3891320
13:04:43.054 [pool-1-thread-5] WARN  s.MoneyTransfer - pool-1-thread-5 Account ID: 6716 Name: John not enough sum trunsaction 7519062 have sum 3794608
13:04:43.054 [pool-1-thread-5] WARN  s.MoneyTransfer - pool-1-thread-5 Account ID: 4026 Name: John not enough sum trunsaction 3814163 have sum 2571732
13:04:43.054 [pool-1-thread-5] WARN  s.MoneyTransfer - pool-1-thread-5 Account ID: 6397 Name: John not enough sum trunsaction 224134 have sum 174037
13:04:43.054 [pool-1-thread-5] WARN  s.MoneyTransfer - pool-1-thread-5 Account ID: 9385 Name: Arnold not enough sum trunsaction 5594678 have sum 2073806
13:04:43.067 [pool-1-thread-11] INFO  s.Transaction - Transaction complete with params: fromAccount Account{accountName='John', id=4026, balance=1704081} toAccount Account{accountName='John', id=6397, balance=7529996} sum 4910641
13:04:43.077 [pool-1-thread-3] INFO  s.Transaction - Transaction complete with params: fromAccount Account{accountName='John', id=8231, balance=665369} toAccount Account{accountName='John', id=6397, balance=2034731} sum 1473150
13:04:43.098 [pool-1-thread-19] INFO  s.Transaction - Transaction complete with params: fromAccount Account{accountName='Vasya', id=4114, balance=8103823} toAccount Account{accountName='John', id=6397, balance=9843438} sum 551268
13:04:43.098 [pool-1-thread-19] WARN  s.MoneyTransfer - pool-1-thread-19 Account ID: 8231 Name: John not enough sum trunsaction 2569596 have sum 2173403
13:04:43.101 [pool-1-thread-18] INFO  s.Transaction - Transaction complete with params: fromAccount Account{accountName='Arnold', id=8996, balance=225677} toAccount Account{accountName='Vasya', id=4114, balance=3113631} sum 562216
13:04:43.171 [pool-1-thread-10] INFO  s.Transaction - Transaction complete with params: fromAccount Account{accountName='Vasya', id=3944, balance=5319418} toAccount Account{accountName='Vasya', id=7665, balance=11054213} sum 4816212
13:04:43.171 [pool-1-thread-10] WARN  s.MoneyTransfer - pool-1-thread-10 Account ID: 4406 Name: Vova not enough sum trunsaction 4083855 have sum 2833883
13:04:43.171 [pool-1-thread-10] WARN  s.MoneyTransfer - pool-1-thread-10 Account ID: 8996 Name: Arnold not enough sum trunsaction 9535952 have sum 2097200
13:04:43.171 [pool-1-thread-10] WARN  s.MoneyTransfer - pool-1-thread-10 Account ID: 4026 Name: John not enough sum trunsaction 5444062 have sum 1934473
13:04:43.171 [pool-1-thread-10] WARN  s.MoneyTransfer - pool-1-thread-10 Account ID: 4026 Name: John not enough sum trunsaction 6478683 have sum 1934473
13:04:43.188 [pool-1-thread-14] INFO  s.Transaction - Transaction complete with params: fromAccount Account{accountName='Arnold', id=9385, balance=9536845} toAccount Account{accountName='Vasya', id=3944, balance=4284379} sum 4151876
13:04:43.188 [pool-1-thread-14] WARN  s.MoneyTransfer - pool-1-thread-14 Account ID: 7665 Name: Vasya not enough sum trunsaction 1559702 have sum 419809
13:04:43.188 [pool-1-thread-14] WARN  s.MoneyTransfer - pool-1-thread-14 Account ID: 8996 Name: Arnold not enough sum trunsaction 6804743 have sum 288571
13:04:43.188 [pool-1-thread-14] WARN  s.MoneyTransfer - pool-1-thread-14 Account ID: 6716 Name: John not enough sum trunsaction 6852944 have sum 1367028
13:04:43.188 [pool-1-thread-14] WARN  s.MoneyTransfer - pool-1-thread-14 Account ID: 4114 Name: Vasya not enough sum trunsaction 8080911 have sum 4569355
13:04:43.188 [pool-1-thread-14] WARN  s.MoneyTransfer - pool-1-thread-14 Account ID: 4026 Name: John not enough sum trunsaction 8338177 have sum 6378080
13:04:43.188 [pool-1-thread-14] WARN  s.MoneyTransfer - pool-1-thread-14 Account ID: 6716 Name: John not enough sum trunsaction 4879019 have sum 1367028
13:04:43.188 [pool-1-thread-14] WARN  s.MoneyTransfer - pool-1-thread-14 Account ID: 6397 Name: John not enough sum trunsaction 4871023 have sum 4617633
13:04:43.188 [pool-1-thread-14] WARN  s.MoneyTransfer - pool-1-thread-14 Account ID: 6397 Name: John not enough sum trunsaction 6849585 have sum 4617633
13:04:43.188 [pool-1-thread-14] WARN  s.MoneyTransfer - pool-1-thread-14 Account ID: 7665 Name: Vasya not enough sum trunsaction 2301520 have sum 419809
13:04:43.188 [pool-1-thread-14] WARN  s.MoneyTransfer - pool-1-thread-14 Account ID: 4406 Name: Vova not enough sum trunsaction 4220869 have sum 1131213
13:04:43.188 [pool-1-thread-14] WARN  s.MoneyTransfer - pool-1-thread-14 Account ID: 3944 Name: Vasya not enough sum trunsaction 9115417 have sum 4284379
13:04:43.201 [pool-1-thread-13] INFO  s.Transaction - Transaction complete with params: fromAccount Account{accountName='John', id=6716, balance=4260193} toAccount Account{accountName='John', id=4026, balance=4259521} sum 4179129
13:04:43.201 [pool-1-thread-13] WARN  s.MoneyTransfer - pool-1-thread-13 Account ID: 8996 Name: Arnold not enough sum trunsaction 4131677 have sum 3202507
13:04:43.201 [pool-1-thread-13] WARN  s.MoneyTransfer - pool-1-thread-13 Account ID: 4406 Name: Vova not enough sum trunsaction 5327326 have sum 2180496
13:04:43.201 [pool-1-thread-4] INFO  s.Transaction - Transaction complete with params: fromAccount Account{accountName='John', id=6397, balance=1730469} toAccount Account{accountName='John', id=6716, balance=941971} sum 709728
13:04:43.215 [pool-1-thread-2] INFO  s.Transaction - Transaction complete with params: fromAccount Account{accountName='John', id=8231, balance=202259} toAccount Account{accountName='Vasya', id=4114, balance=4240401} sum 3738274
13:04:43.365 [pool-1-thread-16] INFO  s.Transaction - Transaction complete with params: fromAccount Account{accountName='John', id=6716, balance=3119392} toAccount Account{accountName='Vasya', id=3944, balance=7337002} sum 6197397
13:04:43.365 [pool-1-thread-15] INFO  s.Transaction - Transaction complete with params: fromAccount Account{accountName='John', id=4026, balance=1491671} toAccount Account{accountName='Arnold', id=9385, balance=2047910} sum 131554
13:04:43.388 [pool-1-thread-8] INFO  s.Transaction - Transaction complete with params: fromAccount Account{accountName='John', id=8231, balance=2408277} toAccount Account{accountName='Vasya', id=3944, balance=14543855} sum 6733523
13:04:43.388 [pool-1-thread-8] WARN  s.MoneyTransfer - pool-1-thread-8 Account ID: 9385 Name: Arnold not enough sum trunsaction 3839762 have sum 92363
13:04:43.388 [pool-1-thread-8] WARN  s.MoneyTransfer - pool-1-thread-8 Account ID: 6716 Name: John not enough sum trunsaction 8592096 have sum 3775461
13:04:43.388 [pool-1-thread-8] WARN  s.MoneyTransfer - pool-1-thread-8 Account ID: 4406 Name: Vova not enough sum trunsaction 8171170 have sum 422714
13:04:43.388 [pool-1-thread-8] WARN  s.MoneyTransfer - pool-1-thread-8 Account ID: 4406 Name: Vova not enough sum trunsaction 4945665 have sum 422714
13:04:43.432 [pool-1-thread-9] INFO  s.Transaction - Transaction complete with params: fromAccount Account{accountName='Vasya', id=4114, balance=2775313} toAccount Account{accountName='John', id=4026, balance=8297838} sum 650817
13:04:43.432 [pool-1-thread-9] WARN  s.MoneyTransfer - pool-1-thread-9 Account ID: 8231 Name: John not enough sum trunsaction 5853989 have sum 547874
13:04:43.482 [pool-1-thread-1] INFO  s.Transaction - Transaction complete with params: fromAccount Account{accountName='John', id=4026, balance=1433189} toAccount Account{accountName='Arnold', id=8996, balance=3486306} sum 3446536
13:04:43.598 [pool-1-thread-3] INFO  s.Transaction - Transaction complete with params: fromAccount Account{accountName='John', id=8231, balance=578820} toAccount Account{accountName='Vasya', id=3944, balance=11934830} sum 86549
13:04:43.598 [pool-1-thread-3] WARN  s.MoneyTransfer - pool-1-thread-3 Account ID: 4026 Name: John not enough sum trunsaction 7029264 have sum 394703
13:04:43.598 [pool-1-thread-3] WARN  s.MoneyTransfer - pool-1-thread-3 Account ID: 4026 Name: John not enough sum trunsaction 8738895 have sum 394703
13:04:43.598 [pool-1-thread-3] WARN  s.MoneyTransfer - pool-1-thread-3 Account ID: 4406 Name: Vova not enough sum trunsaction 4510556 have sum 2395161
13:04:43.598 [pool-1-thread-3] WARN  s.MoneyTransfer - pool-1-thread-3 Account ID: 8231 Name: John not enough sum trunsaction 9745718 have sum 578820
13:04:43.652 [pool-1-thread-6] INFO  s.Transaction - Transaction complete with params: fromAccount Account{accountName='Vasya', id=3944, balance=1084085} toAccount Account{accountName='John', id=4026, balance=12660679} sum 5956705
13:04:43.652 [pool-1-thread-6] WARN  s.MoneyTransfer - pool-1-thread-6 Account ID: 9385 Name: Arnold not enough sum trunsaction 8140768 have sum 101173
13:04:43.652 [pool-1-thread-6] WARN  s.MoneyTransfer - pool-1-thread-6 Account ID: 9385 Name: Arnold not enough sum trunsaction 7366558 have sum 101173
13:04:43.669 [pool-1-thread-17] INFO  s.Transaction - Transaction complete with params: fromAccount Account{accountName='John', id=6397, balance=4719025} toAccount Account{accountName='Arnold', id=9385, balance=2224620} sum 1306109
13:04:43.733 [pool-1-thread-18] INFO  s.Transaction - Transaction complete with params: fromAccount Account{accountName='John', id=4026, balance=5805562} toAccount Account{accountName='John', id=8231, balance=8745584} sum 4373099
13:04:43.733 [pool-1-thread-18] WARN  s.MoneyTransfer - pool-1-thread-18 Account ID: 9385 Name: Arnold not enough sum trunsaction 5170991 have sum 4692578
13:04:43.733 [pool-1-thread-18] WARN  s.MoneyTransfer - pool-1-thread-18 Account ID: 6716 Name: John not enough sum trunsaction 3132596 have sum 1870803
13:04:43.744 [pool-1-thread-7] INFO  s.Transaction - Transaction complete with params: fromAccount Account{accountName='Vova', id=4406, balance=908335} toAccount Account{accountName='John', id=8231, balance=5137679} sum 394160
13:04:43.779 [pool-1-thread-13] INFO  s.Transaction - Transaction complete with params: fromAccount Account{accountName='John', id=6716, balance=3100690} toAccount Account{accountName='Arnold', id=9385, balance=5355406} sum 1159503
13:04:43.797 [pool-1-thread-5] INFO  s.Transaction - Transaction complete with params: fromAccount Account{accountName='Vasya', id=3944, balance=9713569} toAccount Account{accountName='Vova', id=4406, balance=3890131} sum 2350336
13:04:43.813 [pool-1-thread-12] INFO  s.Transaction - Transaction complete with params: fromAccount Account{accountName='Vasya', id=7665, balance=463207} toAccount Account{accountName='John', id=6397, balance=2216684} sum 2141380
13:04:43.833 [pool-1-thread-11] INFO  s.Transaction - Transaction complete with params: fromAccount Account{accountName='John', id=6397, balance=2876796} toAccount Account{accountName='Arnold', id=9385, balance=7551020} sum 4653200
13:04:43.898 [pool-1-thread-14] INFO  s.Transaction - Transaction complete with params: fromAccount Account{accountName='John', id=8231, balance=2314191} toAccount Account{accountName='Arnold', id=8996, balance=1110479} sum 821908
13:04:43.959 [pool-1-thread-4] INFO  s.Transaction - Transaction complete with params: fromAccount Account{accountName='Vasya', id=4114, balance=4497674} toAccount Account{accountName='Arnold', id=8996, balance=5628018} sum 3068726
13:04:43.960 [pool-1-thread-10] INFO  s.Transaction - Transaction complete with params: fromAccount Account{accountName='Arnold', id=8996, balance=1614873} toAccount Account{accountName='John', id=4026, balance=2416800} sum 482327
13:04:43.961 [pool-1-thread-8] INFO  s.Transaction - Transaction complete with params: fromAccount Account{accountName='Vasya', id=7665, balance=780259} toAccount Account{accountName='John', id=6716, balance=5807552} sum 2032091
13:04:43.965 [pool-1-thread-19] INFO  s.Transaction - Transaction complete with params: fromAccount Account{accountName='Vasya', id=4114, balance=5875330} toAccount Account{accountName='Vasya', id=3944, balance=2694151} sum 2228493
13:04:43.997 [pool-1-thread-9] INFO  s.Transaction - Transaction complete with params: fromAccount Account{accountName='John', id=4026, balance=7471511} toAccount Account{accountName='Vasya', id=7665, balance=4630778} sum 826327
13:04:44.126 [pool-1-thread-3] INFO  s.Transaction - Transaction complete with params: fromAccount Account{accountName='Arnold', id=8996, balance=4407676} toAccount Account{accountName='John', id=8231, balance=3230917} sum 2652097
13:04:44.176 [pool-1-thread-2] INFO  s.Transaction - Transaction complete with params: fromAccount Account{accountName='Vova', id=4406, balance=1549384} toAccount Account{accountName='Arnold', id=8996, balance=7150156} sum 4561515
13:04:44.278 [pool-1-thread-15] INFO  s.Transaction - Transaction complete with params: fromAccount Account{accountName='Vasya', id=7665, balance=4609572} toAccount Account{accountName='John', id=8231, balance=6775256} sum 6755631
13:04:44.287 [pool-1-thread-6] INFO  s.Transaction - Transaction complete with params: fromAccount Account{accountName='Vasya', id=4114, balance=3578039} toAccount Account{accountName='Vova', id=4406, balance=4907183} sum 1995667
13:04:44.297 [pool-1-thread-16] INFO  s.Transaction - Transaction complete with params: fromAccount Account{accountName='Vova', id=4406, balance=2315811} toAccount Account{accountName='John', id=6397, balance=1549838} sum 1184187
13:04:44.306 [pool-1-thread-18] INFO  s.Transaction - Transaction complete with params: fromAccount Account{accountName='John', id=6716, balance=712839} toAccount Account{accountName='Vasya', id=7665, balance=1605380} sum 1157964
13:04:44.334 [pool-1-thread-17] INFO  s.Transaction - Transaction complete with params: fromAccount Account{accountName='Vasya', id=4114, balance=1283864} toAccount Account{accountName='John', id=8231, balance=8366539} sum 7471938
13:04:44.450 [pool-1-thread-1] INFO  s.Transaction - Transaction complete with params: fromAccount Account{accountName='Vasya', id=7665, balance=67422} toAccount Account{accountName='John', id=6716, balance=11318903} sum 2106002
13:04:44.452 [main] INFO  s.ManageAccounts - Started method getTransactionPerSecond with params: Duration 40 (sec), MAX_Transactions: 1000
13:04:44.452 [main] INFO  s.ManageAccounts - Transactions per second 0.04. Started at: 2018-12-07T13:04:04.194 Ended at: 2018-12-07T13:04:44.450
13:04:44.459 [main] INFO  s.ManageAccounts - Total sum of all accounts: 35729012
